Reading timing models for corner nom_tt_025C_1v80…
Reading timing library for the 'nom_tt_025C_1v80' corner at '/home/hiepthai/.volare/volare/sky130/versions/0fe599b2afb6708d281543108caf8310912f54af/sky130A/libs.ref/sky130_fd_sc_hd/lib/sky130_fd_sc_hd__tt_025C_1v80.lib'…
Reading timing models for corner nom_ff_n40C_1v95…
Reading timing library for the 'nom_ff_n40C_1v95' corner at '/home/hiepthai/.volare/volare/sky130/versions/0fe599b2afb6708d281543108caf8310912f54af/sky130A/libs.ref/sky130_fd_sc_hd/lib/sky130_fd_sc_hd__ff_n40C_1v95.lib'…
Reading timing models for corner nom_ss_100C_1v60…
Reading timing library for the 'nom_ss_100C_1v60' corner at '/home/hiepthai/.volare/volare/sky130/versions/0fe599b2afb6708d281543108caf8310912f54af/sky130A/libs.ref/sky130_fd_sc_hd/lib/sky130_fd_sc_hd__ss_100C_1v60.lib'…
Reading OpenROAD database at '/home/hiepthai/Desktop/uart-fifo-rfid-asic/rdm6300_asic_fpga_modular/runs/RUN_2026-08-25_11-50-18/27-openroad-globalplacement/top_basys3_rdm6300.odb'…
Reading design constraints file at '/nix/store/ss2cw3sxbrwwx9jl0rrppbw4kgcmgi2n-python3-3.11.9-env/lib/python3.11/site-packages/openlane/scripts/base.sdc'…
[INFO] Using clock clk…
[INFO] Setting output delay to: 2.0
[INFO] Setting input delay to: 2.0
[INFO] Setting load to: 0.033442
[INFO] Setting clock uncertainty to: 0.25
[INFO] Setting clock transition to: 0.1499999999999999944488848768742172978818416595458984375
[INFO] Setting timing derate to: 5%
[INFO] Setting RC values…
[INFO RSZ-0027] Inserted 1 input buffers.
[INFO RSZ-0028] Inserted 1 output buffers.
[INFO RSZ-0058] Using max wire length 6335um.
Iteration | Resized | Buffers | Nets repaired | Remaining
---------------------------------------------------------
        0 |       0 |       0 |             0 |      2257
      100 |      75 |       0 |             0 |      2157
      200 |      99 |       0 |             0 |      2057
      300 |     181 |       2 |             1 |      1957
      400 |     228 |       3 |             2 |      1857
      500 |     288 |      12 |             4 |      1757
      600 |     320 |      12 |             4 |      1657
      700 |     348 |      12 |             4 |      1557
      800 |     349 |      12 |             4 |      1457
      900 |     410 |      12 |             4 |      1357
     1000 |     510 |      26 |            10 |      1257
     1100 |     596 |      32 |            13 |      1157
     1200 |     696 |      42 |            20 |      1057
     1300 |     769 |      46 |            24 |       957
     1400 |     836 |      48 |            25 |       857
     1500 |     926 |      55 |            26 |       757
     1600 |     997 |      56 |            27 |       657
     1700 |    1174 |     142 |            41 |       557
     1800 |    1282 |     152 |            44 |       457
     1900 |    1378 |     152 |            44 |       357
     2000 |    1473 |     152 |            44 |       257
     2100 |    1571 |     153 |            45 |       157
     2200 |    1671 |     153 |            45 |        57
    final |    1724 |     153 |            45 |         0
---------------------------------------------------------
[INFO RSZ-0034] Found 5 slew violations.
[INFO RSZ-0035] Found 40 fanout violations.
[INFO RSZ-0038] Inserted 153 buffers in 45 nets.
[INFO RSZ-0039] Resized 1724 instances.
[INFO RSZ-0042] Inserted 1 tie sky130_fd_sc_hd__conb_1 instances.
Placement Analysis
---------------------------------
total displacement       8250.7 u
average displacement        2.4 u
max displacement           12.4 u
original HPWL           43753.3 u
legalized HPWL          52752.4 u
delta HPWL                   21 %

[INFO DPL-0020] Mirrored 789 instances
[INFO DPL-0021] HPWL before           52752.4 u
[INFO DPL-0022] HPWL after            51020.6 u
[INFO DPL-0023] HPWL delta               -3.3 %
[INFO] Setting RC values…
Setting global connections for newly added cells…
[INFO] Setting global connections...
Updating metrics…
Cell type report:                       Count       Area
  Fill cell                               188     705.68
  Tap cell                                912    1141.09
  Timing Repair Buffer                    155     925.89
  Inverter                                 44     165.16
  Sequential cell                         664   15411.03
  Multi-Input combinational cell         1544   15253.38
  Total                                  3507   33602.23
Writing OpenROAD database to '/home/hiepthai/Desktop/uart-fifo-rfid-asic/rdm6300_asic_fpga_modular/runs/RUN_2026-08-25_11-50-18/31-openroad-repairdesignpostgpl/top_basys3_rdm6300.odb'…
Writing netlist to '/home/hiepthai/Desktop/uart-fifo-rfid-asic/rdm6300_asic_fpga_modular/runs/RUN_2026-08-25_11-50-18/31-openroad-repairdesignpostgpl/top_basys3_rdm6300.nl.v'…
Writing powered netlist to '/home/hiepthai/Desktop/uart-fifo-rfid-asic/rdm6300_asic_fpga_modular/runs/RUN_2026-08-25_11-50-18/31-openroad-repairdesignpostgpl/top_basys3_rdm6300.pnl.v'…
Writing layout to '/home/hiepthai/Desktop/uart-fifo-rfid-asic/rdm6300_asic_fpga_modular/runs/RUN_2026-08-25_11-50-18/31-openroad-repairdesignpostgpl/top_basys3_rdm6300.def'…
Writing timing constraints to '/home/hiepthai/Desktop/uart-fifo-rfid-asic/rdm6300_asic_fpga_modular/runs/RUN_2026-08-25_11-50-18/31-openroad-repairdesignpostgpl/top_basys3_rdm6300.sdc'…
