Clock: clk
Sources: clk 
Generated: no
Virtual: yes
Propagated: no
Period: 10.000000

===========================================================================
report_clock_properties
============================================================================
Clock                   Period          Waveform
----------------------------------------------------
clk                  10.000000    0.000000  5.000000

===========================================================================
report_clock_latency
============================================================================
Clock clk
rise -> rise
    min     max
0.000000 0.000000 source latency
4.922304         network latency _3251_/CLK
        4.950953 network latency _3713_/CLK
---------------
4.922304 4.950953 latency
        0.028650 skew

fall -> fall
    min     max
0.000000 0.000000 source latency
2.437978         network latency _3251_/CLK
        2.464805 network latency _3714_/CLK
---------------
2.437978 2.464805 latency
        0.026827 skew



===========================================================================
report_clock_min_period
============================================================================
clk period_min = 7.27 fmax = 137.48
