                                                                        Cells by Master                                                                         
┏━━━━━━━━━━━━━━━━━━━━━━━━━━━━━━━━━━━━━━━━━━━━━━━━━━━━━━━━━━━━━━━━━━━━━━━━━━━━━━━━━━━━━━━━━━━━━━━━━━━━━━━━━━━━━━━━━━━━━━━━━━━━━━━━━━┳━━━━━━━━━━━━━━━━━━━━━━━━━━━┓
┃ Cell                                                                                                                             ┃ Count                     ┃
┡━━━━━━━━━━━━━━━━━━━━━━━━━━━━━━━━━━━━━━━━━━━━━━━━━━━━━━━━━━━━━━━━━━━━━━━━━━━━━━━━━━━━━━━━━━━━━━━━━━━━━━━━━━━━━━━━━━━━━━━━━━━━━━━━━━╇━━━━━━━━━━━━━━━━━━━━━━━━━━━┩
│ sky130_ef_sc_hd__decap_12                                                                                                        │ 972                       │
│ sky130_fd_sc_hd__a2111o_1                                                                                                        │ 5                         │
│ sky130_fd_sc_hd__a2111oi_1                                                                                                       │ 4                         │
│ sky130_fd_sc_hd__a211o_1                                                                                                         │ 17                        │
│ sky130_fd_sc_hd__a211oi_2                                                                                                        │ 1                         │
│ sky130_fd_sc_hd__a21bo_1                                                                                                         │ 4                         │
│ sky130_fd_sc_hd__a21boi_1                                                                                                        │ 6                         │
│ sky130_fd_sc_hd__a21o_1                                                                                                          │ 28                        │
│ sky130_fd_sc_hd__a21oi_1                                                                                                         │ 28                        │
│ sky130_fd_sc_hd__a221o_1                                                                                                         │ 10                        │
│ sky130_fd_sc_hd__a22o_1                                                                                                          │ 27                        │
│ sky130_fd_sc_hd__a22o_2                                                                                                          │ 3                         │
│ sky130_fd_sc_hd__a22oi_1                                                                                                         │ 1                         │
│ sky130_fd_sc_hd__a22oi_4                                                                                                         │ 1                         │
│ sky130_fd_sc_hd__a311o_1                                                                                                         │ 1                         │
│ sky130_fd_sc_hd__a31o_1                                                                                                          │ 35                        │
│ sky130_fd_sc_hd__a31oi_1                                                                                                         │ 11                        │
│ sky130_fd_sc_hd__a32o_1                                                                                                          │ 5                         │
│ sky130_fd_sc_hd__a41o_1                                                                                                          │ 3                         │
│ sky130_fd_sc_hd__and2_1                                                                                                          │ 69                        │
│ sky130_fd_sc_hd__and2_2                                                                                                          │ 3                         │
│ sky130_fd_sc_hd__and2b_1                                                                                                         │ 5                         │
│ sky130_fd_sc_hd__and3_1                                                                                                          │ 49                        │
│ sky130_fd_sc_hd__and3_2                                                                                                          │ 1                         │
│ sky130_fd_sc_hd__and3b_1                                                                                                         │ 4                         │
│ sky130_fd_sc_hd__and4_1                                                                                                          │ 18                        │
│ sky130_fd_sc_hd__and4b_1                                                                                                         │ 2                         │
│ sky130_fd_sc_hd__and4b_4                                                                                                         │ 1                         │
│ sky130_fd_sc_hd__and4bb_1                                                                                                        │ 1                         │
│ sky130_fd_sc_hd__buf_1                                                                                                           │ 6                         │
│ sky130_fd_sc_hd__buf_2                                                                                                           │ 41                        │
│ sky130_fd_sc_hd__buf_4                                                                                                           │ 4                         │
│ sky130_fd_sc_hd__buf_6                                                                                                           │ 2                         │
│ sky130_fd_sc_hd__bufinv_16                                                                                                       │ 5                         │
│ sky130_fd_sc_hd__clkbuf_1                                                                                                        │ 4                         │
│ sky130_fd_sc_hd__clkbuf_16                                                                                                       │ 9                         │
│ sky130_fd_sc_hd__clkbuf_2                                                                                                        │ 40                        │
│ sky130_fd_sc_hd__clkbuf_4                                                                                                        │ 59                        │
│ sky130_fd_sc_hd__clkbuf_8                                                                                                        │ 69                        │
│ sky130_fd_sc_hd__clkinv_1                                                                                                        │ 2                         │
│ sky130_fd_sc_hd__clkinv_2                                                                                                        │ 3                         │
│ sky130_fd_sc_hd__clkinv_4                                                                                                        │ 9                         │
│ sky130_fd_sc_hd__clkinv_8                                                                                                        │ 7                         │
│ sky130_fd_sc_hd__clkinvlp_4                                                                                                      │ 10                        │
│ sky130_fd_sc_hd__conb_1                                                                                                          │ 1                         │
│ sky130_fd_sc_hd__decap_3                                                                                                         │ 505                       │
│ sky130_fd_sc_hd__decap_4                                                                                                         │ 375                       │
│ sky130_fd_sc_hd__decap_6                                                                                                         │ 337                       │
│ sky130_fd_sc_hd__decap_8                                                                                                         │ 297                       │
│ sky130_fd_sc_hd__dfrtp_1                                                                                                         │ 362                       │
│ sky130_fd_sc_hd__dfrtp_2                                                                                                         │ 20                        │
│ sky130_fd_sc_hd__dfrtp_4                                                                                                         │ 17                        │
│ sky130_fd_sc_hd__dfstp_1                                                                                                         │ 4                         │
│ sky130_fd_sc_hd__dfstp_2                                                                                                         │ 1                         │
│ sky130_fd_sc_hd__dfxtp_1                                                                                                         │ 259                       │
│ sky130_fd_sc_hd__dfxtp_2                                                                                                         │ 1                         │
│ sky130_fd_sc_hd__diode_2                                                                                                         │ 2                         │
│ sky130_fd_sc_hd__dlygate4sd3_1                                                                                                   │ 499                       │
│ sky130_fd_sc_hd__dlymetal6s2s_1                                                                                                  │ 1                         │
│ sky130_fd_sc_hd__fill_1                                                                                                          │ 842                       │
│ sky130_fd_sc_hd__fill_2                                                                                                          │ 373                       │
│ sky130_fd_sc_hd__inv_12                                                                                                          │ 1                         │
│ sky130_fd_sc_hd__inv_2                                                                                                           │ 44                        │
│ sky130_fd_sc_hd__inv_4                                                                                                           │ 1                         │
│ sky130_fd_sc_hd__inv_6                                                                                                           │ 14                        │
│ sky130_fd_sc_hd__inv_8                                                                                                           │ 8                         │
│ sky130_fd_sc_hd__mux2_1                                                                                                          │ 531                       │
│ sky130_fd_sc_hd__mux2_2                                                                                                          │ 1                         │
│ sky130_fd_sc_hd__mux4_1                                                                                                          │ 66                        │
│ sky130_fd_sc_hd__nand2_1                                                                                                         │ 47                        │
│ sky130_fd_sc_hd__nand2_2                                                                                                         │ 5                         │
│ sky130_fd_sc_hd__nand2_4                                                                                                         │ 3                         │
│ sky130_fd_sc_hd__nand2b_1                                                                                                        │ 10                        │
│ sky130_fd_sc_hd__nand2b_2                                                                                                        │ 9                         │
│ sky130_fd_sc_hd__nand2b_4                                                                                                        │ 2                         │
│ sky130_fd_sc_hd__nand3_1                                                                                                         │ 8                         │
│ sky130_fd_sc_hd__nand3_4                                                                                                         │ 1                         │
│ sky130_fd_sc_hd__nand3b_4                                                                                                        │ 4                         │
│ sky130_fd_sc_hd__nand4_1                                                                                                         │ 2                         │
│ sky130_fd_sc_hd__nor2_1                                                                                                          │ 63                        │
│ sky130_fd_sc_hd__nor2_2                                                                                                          │ 8                         │
│ sky130_fd_sc_hd__nor2_4                                                                                                          │ 20                        │
│ sky130_fd_sc_hd__nor3_1                                                                                                          │ 10                        │
│ sky130_fd_sc_hd__nor3_2                                                                                                          │ 1                         │
│ sky130_fd_sc_hd__nor3b_1                                                                                                         │ 2                         │
│ sky130_fd_sc_hd__nor3b_2                                                                                                         │ 1                         │
│ sky130_fd_sc_hd__nor3b_4                                                                                                         │ 1                         │
│ sky130_fd_sc_hd__nor4_1                                                                                                          │ 2                         │
│ sky130_fd_sc_hd__o2111a_1                                                                                                        │ 2                         │
│ sky130_fd_sc_hd__o211a_1                                                                                                         │ 9                         │
│ sky130_fd_sc_hd__o21a_1                                                                                                          │ 56                        │
│ sky130_fd_sc_hd__o21a_2                                                                                                          │ 1                         │
│ sky130_fd_sc_hd__o21ai_1                                                                                                         │ 32                        │
│ sky130_fd_sc_hd__o21ai_2                                                                                                         │ 1                         │
│ sky130_fd_sc_hd__o21ai_4                                                                                                         │ 1                         │
│ sky130_fd_sc_hd__o21ba_1                                                                                                         │ 10                        │
│ sky130_fd_sc_hd__o21bai_1                                                                                                        │ 1                         │
│ sky130_fd_sc_hd__o221a_1                                                                                                         │ 1                         │
│ sky130_fd_sc_hd__o22a_1                                                                                                          │ 3                         │
│ sky130_fd_sc_hd__o22a_2                                                                                                          │ 1                         │
│ sky130_fd_sc_hd__o2bb2a_1                                                                                                        │ 1                         │
│ sky130_fd_sc_hd__o311a_1                                                                                                         │ 2                         │
│ sky130_fd_sc_hd__o31a_1                                                                                                          │ 8                         │
│ sky130_fd_sc_hd__o32a_1                                                                                                          │ 4                         │
│ sky130_fd_sc_hd__o41a_1                                                                                                          │ 9                         │
│ sky130_fd_sc_hd__or2_1                                                                                                           │ 43                        │
│ sky130_fd_sc_hd__or2_2                                                                                                           │ 9                         │
│ sky130_fd_sc_hd__or2_4                                                                                                           │ 10                        │
│ sky130_fd_sc_hd__or3_1                                                                                                           │ 5                         │
│ sky130_fd_sc_hd__or3_4                                                                                                           │ 3                         │
│ sky130_fd_sc_hd__or3b_1                                                                                                          │ 9                         │
│ sky130_fd_sc_hd__or3b_2                                                                                                          │ 1                         │
│ sky130_fd_sc_hd__or3b_4                                                                                                          │ 4                         │
│ sky130_fd_sc_hd__or4_1                                                                                                           │ 9                         │
│ sky130_fd_sc_hd__or4b_1                                                                                                          │ 16                        │
│ sky130_fd_sc_hd__or4bb_1                                                                                                         │ 1                         │
│ sky130_fd_sc_hd__tapvpwrvgnd_1                                                                                                   │ 912                       │
│ sky130_fd_sc_hd__xnor2_1                                                                                                         │ 82                        │
│ sky130_fd_sc_hd__xnor2_2                                                                                                         │ 27                        │
│ sky130_fd_sc_hd__xnor2_4                                                                                                         │ 8                         │
│ sky130_fd_sc_hd__xor2_1                                                                                                          │ 27                        │
│ sky130_fd_sc_hd__xor2_2                                                                                                          │ 4                         │
│ sky130_fd_sc_hd__xor2_4                                                                                                          │ 3                         │
└──────────────────────────────────────────────────────────────────────────────────────────────────────────────────────────────────┴───────────────────────────┘
