                                                                       Cells by Function                                                                        
┏━━━━━━━━━━━━━━━━━━━━━━━━━━━━━━━━━━━━━━━━━━━━━━━━━━━━━━━━━━━━━━━━━━━━━━━━━━━━━━━━━━━━━━━━━━━━━━━━━━━━━━━━━━━━━━━━━━━━━━━━━━━━━━━━━┳━━━━━━━━━━━━━━━━━━━━━━━━━━━━┓
┃ Cell Function                                                                                                                   ┃ Count                      ┃
┡━━━━━━━━━━━━━━━━━━━━━━━━━━━━━━━━━━━━━━━━━━━━━━━━━━━━━━━━━━━━━━━━━━━━━━━━━━━━━━━━━━━━━━━━━━━━━━━━━━━━━━━━━━━━━━━━━━━━━━━━━━━━━━━━━╇━━━━━━━━━━━━━━━━━━━━━━━━━━━━┩
│ sky130_ef_sc_hd__decap                                                                                                          │ 972                        │
│ sky130_fd_sc_hd__a2111o                                                                                                         │ 5                          │
│ sky130_fd_sc_hd__a2111oi                                                                                                        │ 4                          │
│ sky130_fd_sc_hd__a211o                                                                                                          │ 17                         │
│ sky130_fd_sc_hd__a211oi                                                                                                         │ 1                          │
│ sky130_fd_sc_hd__a21bo                                                                                                          │ 4                          │
│ sky130_fd_sc_hd__a21boi                                                                                                         │ 6                          │
│ sky130_fd_sc_hd__a21o                                                                                                           │ 28                         │
│ sky130_fd_sc_hd__a21oi                                                                                                          │ 28                         │
│ sky130_fd_sc_hd__a221o                                                                                                          │ 10                         │
│ sky130_fd_sc_hd__a22o                                                                                                           │ 30                         │
│ sky130_fd_sc_hd__a22oi                                                                                                          │ 2                          │
│ sky130_fd_sc_hd__a311o                                                                                                          │ 1                          │
│ sky130_fd_sc_hd__a31o                                                                                                           │ 35                         │
│ sky130_fd_sc_hd__a31oi                                                                                                          │ 11                         │
│ sky130_fd_sc_hd__a32o                                                                                                           │ 5                          │
│ sky130_fd_sc_hd__a41o                                                                                                           │ 3                          │
│ sky130_fd_sc_hd__and2                                                                                                           │ 72                         │
│ sky130_fd_sc_hd__and2b                                                                                                          │ 5                          │
│ sky130_fd_sc_hd__and3                                                                                                           │ 50                         │
│ sky130_fd_sc_hd__and3b                                                                                                          │ 4                          │
│ sky130_fd_sc_hd__and4                                                                                                           │ 18                         │
│ sky130_fd_sc_hd__and4b                                                                                                          │ 3                          │
│ sky130_fd_sc_hd__and4bb                                                                                                         │ 1                          │
│ sky130_fd_sc_hd__buf                                                                                                            │ 53                         │
│ sky130_fd_sc_hd__bufinv                                                                                                         │ 5                          │
│ sky130_fd_sc_hd__clkbuf                                                                                                         │ 181                        │
│ sky130_fd_sc_hd__clkinv                                                                                                         │ 21                         │
│ sky130_fd_sc_hd__clkinvlp                                                                                                       │ 10                         │
│ sky130_fd_sc_hd__conb                                                                                                           │ 1                          │
│ sky130_fd_sc_hd__decap                                                                                                          │ 1514                       │
│ sky130_fd_sc_hd__dfrtp                                                                                                          │ 399                        │
│ sky130_fd_sc_hd__dfstp                                                                                                          │ 5                          │
│ sky130_fd_sc_hd__dfxtp                                                                                                          │ 260                        │
│ sky130_fd_sc_hd__diode                                                                                                          │ 2                          │
│ sky130_fd_sc_hd__dlygate4sd3                                                                                                    │ 499                        │
│ sky130_fd_sc_hd__dlymetal6s2s                                                                                                   │ 1                          │
│ sky130_fd_sc_hd__fill                                                                                                           │ 1215                       │
│ sky130_fd_sc_hd__inv                                                                                                            │ 68                         │
│ sky130_fd_sc_hd__mux2                                                                                                           │ 532                        │
│ sky130_fd_sc_hd__mux4                                                                                                           │ 66                         │
│ sky130_fd_sc_hd__nand2                                                                                                          │ 55                         │
│ sky130_fd_sc_hd__nand2b                                                                                                         │ 21                         │
│ sky130_fd_sc_hd__nand3                                                                                                          │ 9                          │
│ sky130_fd_sc_hd__nand3b                                                                                                         │ 4                          │
│ sky130_fd_sc_hd__nand4                                                                                                          │ 2                          │
│ sky130_fd_sc_hd__nor2                                                                                                           │ 91                         │
│ sky130_fd_sc_hd__nor3                                                                                                           │ 11                         │
│ sky130_fd_sc_hd__nor3b                                                                                                          │ 4                          │
│ sky130_fd_sc_hd__nor4                                                                                                           │ 2                          │
│ sky130_fd_sc_hd__o2111a                                                                                                         │ 2                          │
│ sky130_fd_sc_hd__o211a                                                                                                          │ 9                          │
│ sky130_fd_sc_hd__o21a                                                                                                           │ 57                         │
│ sky130_fd_sc_hd__o21ai                                                                                                          │ 34                         │
│ sky130_fd_sc_hd__o21ba                                                                                                          │ 10                         │
│ sky130_fd_sc_hd__o21bai                                                                                                         │ 1                          │
│ sky130_fd_sc_hd__o221a                                                                                                          │ 1                          │
│ sky130_fd_sc_hd__o22a                                                                                                           │ 4                          │
│ sky130_fd_sc_hd__o2bb2a                                                                                                         │ 1                          │
│ sky130_fd_sc_hd__o311a                                                                                                          │ 2                          │
│ sky130_fd_sc_hd__o31a                                                                                                           │ 8                          │
│ sky130_fd_sc_hd__o32a                                                                                                           │ 4                          │
│ sky130_fd_sc_hd__o41a                                                                                                           │ 9                          │
│ sky130_fd_sc_hd__or2                                                                                                            │ 62                         │
│ sky130_fd_sc_hd__or3                                                                                                            │ 8                          │
│ sky130_fd_sc_hd__or3b                                                                                                           │ 14                         │
│ sky130_fd_sc_hd__or4                                                                                                            │ 9                          │
│ sky130_fd_sc_hd__or4b                                                                                                           │ 16                         │
│ sky130_fd_sc_hd__or4bb                                                                                                          │ 1                          │
│ sky130_fd_sc_hd__tapvpwrvgnd                                                                                                    │ 912                        │
│ sky130_fd_sc_hd__xnor2                                                                                                          │ 117                        │
│ sky130_fd_sc_hd__xor2                                                                                                           │ 34                         │
└─────────────────────────────────────────────────────────────────────────────────────────────────────────────────────────────────┴────────────────────────────┘
