Clock: clk
Sources: clk 
Generated: no
Virtual: yes
Propagated: no
Period: 10.000000

===========================================================================
report_clock_properties
============================================================================
Clock                   Period          Waveform
----------------------------------------------------
clk                  10.000000    0.000000  5.000000

===========================================================================
report_clock_latency
============================================================================
Clock clk
rise -> rise
    min     max
0.000000 0.000000 source latency
0.349155         network latency _3373_/CLK
        0.486458 network latency _3433_/CLK
---------------
0.349155 0.486458 latency
        0.137303 skew

fall -> fall
    min     max
0.000000 0.000000 source latency
0.299473         network latency _3373_/CLK
        0.429167 network latency _3451_/CLK
---------------
0.299473 0.429167 latency
        0.129694 skew



===========================================================================
report_clock_min_period
============================================================================
clk period_min = 3.18 fmax = 314.44
