
===========================================================================
 report_power
============================================================================
======================= min_ff_n40C_1v95 Corner ===================================

Group                    Internal    Switching      Leakage        Total
                            Power        Power        Power        Power (Watts)
------------------------------------------------------------------------
Sequential           3.121471e-03 1.837847e-05 1.091090e-08 3.139861e-03  55.2%
Combinational        3.286585e-05 3.110800e-05 2.661982e-08 6.400048e-05   1.1%
Clock                1.181181e-03 1.306333e-03 1.004767e-08 2.487524e-03  43.7%
Macro                0.000000e+00 0.000000e+00 0.000000e+00 0.000000e+00   0.0%
Pad                  0.000000e+00 0.000000e+00 0.000000e+00 0.000000e+00   0.0%
------------------------------------------------------------------------
Total                4.335518e-03 1.355820e-03 4.757788e-08 5.691385e-03 100.0%
                            76.2%        23.8%         0.0%

