Reading timing models for corner nom_tt_025C_1v80…
Reading timing library for the 'nom_tt_025C_1v80' corner at '/home/hiepthai/.volare/volare/sky130/versions/0fe599b2afb6708d281543108caf8310912f54af/sky130A/libs.ref/sky130_fd_sc_hd/lib/sky130_fd_sc_hd__tt_025C_1v80.lib'…
Reading timing models for corner nom_ff_n40C_1v95…
Reading timing library for the 'nom_ff_n40C_1v95' corner at '/home/hiepthai/.volare/volare/sky130/versions/0fe599b2afb6708d281543108caf8310912f54af/sky130A/libs.ref/sky130_fd_sc_hd/lib/sky130_fd_sc_hd__ff_n40C_1v95.lib'…
Reading timing models for corner nom_ss_100C_1v60…
Reading timing library for the 'nom_ss_100C_1v60' corner at '/home/hiepthai/.volare/volare/sky130/versions/0fe599b2afb6708d281543108caf8310912f54af/sky130A/libs.ref/sky130_fd_sc_hd/lib/sky130_fd_sc_hd__ss_100C_1v60.lib'…
Reading OpenROAD database at '/home/hiepthai/Desktop/uart-fifo-rfid-asic/rdm6300_asic_fpga_modular/runs/RUN_2026-08-25_11-50-18/34-openroad-cts/top_basys3_rdm6300.odb'…
Reading design constraints file at '/nix/store/ss2cw3sxbrwwx9jl0rrppbw4kgcmgi2n-python3-3.11.9-env/lib/python3.11/site-packages/openlane/scripts/base.sdc'…
[INFO] Using clock clk…
[INFO] Setting output delay to: 2.0
[INFO] Setting input delay to: 2.0
[INFO] Setting load to: 0.033442
[INFO] Setting clock uncertainty to: 0.25
[INFO] Setting clock transition to: 0.1499999999999999944488848768742172978818416595458984375
[INFO] Setting timing derate to: 5%
[INFO] Setting RC values…
[INFO RSZ-0094] Found 5 endpoints with setup violations.
[INFO RSZ-0099] Repairing 5 out of 5 (100.00%) violating endpoints...
   Iter   | Removed | Resized | Inserted | Cloned |  Pin  |    WNS   |   TNS      |  Viol  | Worst
          | Buffers |  Gates  | Buffers  |  Gates | Swaps |          |            | Endpts | Endpt
---------------------------------------------------------------------------------------------------
        0 |       0 |       0 |        0 |      0 |     0 |   -0.111 |       -0.4 |      5 | _3552_/D
        6 |       0 |       5 |        0 |      0 |     0 |    0.070 |        0.0 |      3 | _3552_/D
        7 |       0 |       5 |        0 |      0 |     0 |    0.070 |        0.0 |      2 | _3552_/D
        8 |       0 |       5 |        0 |      0 |     0 |    0.070 |        0.0 |      1 | _3552_/D
        9 |       0 |       5 |        0 |      0 |     0 |    0.070 |        0.0 |      0 | _3552_/D
       10 |       0 |       5 |        0 |      0 |     0 |    0.070 |        0.0 |      0 | _3552_/D
       10 |       0 |       5 |        0 |      0 |     0 |    0.070 |        0.0 |      0 | _3552_/D
    final |       0 |       5 |        0 |      0 |     0 |    0.070 |        0.0 |      0 | _3552_/D
---------------------------------------------------------------------------------------------------
[INFO RSZ-0041] Resized 5 instances.
[INFO RSZ-0046] Found 637 endpoints with hold violations.
Iteration | Resized | Buffers | Cloned Gates |   WNS   |   TNS   | Endpoint
---------------------------------------------------------------------------
        0 |       0 |       0 |            0 |   0.052 |  -0.249 | _3549_/D
    final |       0 |     499 |            0 |   0.101 |   0.000 | _3499_/D
---------------------------------------------------------------------------
[INFO RSZ-0032] Inserted 499 hold buffers.
Placement Analysis
---------------------------------
total displacement       3402.9 u
average displacement        0.8 u
max displacement           16.8 u
original HPWL           57745.2 u
legalized HPWL          63372.2 u
delta HPWL                   10 %

[INFO DPL-0020] Mirrored 1215 instances
[INFO DPL-0021] HPWL before           63372.2 u
[INFO DPL-0022] HPWL after            60424.4 u
[INFO DPL-0023] HPWL delta               -4.7 %
[INFO] Setting RC values…
Setting global connections for newly added cells…
[INFO] Setting global connections...
Updating metrics…
Cell type report:                       Count       Area
  Fill cell                               188     705.68
  Tap cell                                912    1141.09
  Clock buffer                             80    1189.89
  Timing Repair Buffer                    654    5930.69
  Inverter                                 44     165.16
  Clock inverter                           60     675.65
  Sequential cell                         664   15411.03
  Multi-Input combinational cell         1544   15253.38
  Total                                  4146   40472.57
Writing OpenROAD database to '/home/hiepthai/Desktop/uart-fifo-rfid-asic/rdm6300_asic_fpga_modular/runs/RUN_2026-08-25_11-50-18/36-openroad-resizertimingpostcts/top_basys3_rdm6300.odb'…
Writing netlist to '/home/hiepthai/Desktop/uart-fifo-rfid-asic/rdm6300_asic_fpga_modular/runs/RUN_2026-08-25_11-50-18/36-openroad-resizertimingpostcts/top_basys3_rdm6300.nl.v'…
Writing powered netlist to '/home/hiepthai/Desktop/uart-fifo-rfid-asic/rdm6300_asic_fpga_modular/runs/RUN_2026-08-25_11-50-18/36-openroad-resizertimingpostcts/top_basys3_rdm6300.pnl.v'…
Writing layout to '/home/hiepthai/Desktop/uart-fifo-rfid-asic/rdm6300_asic_fpga_modular/runs/RUN_2026-08-25_11-50-18/36-openroad-resizertimingpostcts/top_basys3_rdm6300.def'…
Writing timing constraints to '/home/hiepthai/Desktop/uart-fifo-rfid-asic/rdm6300_asic_fpga_modular/runs/RUN_2026-08-25_11-50-18/36-openroad-resizertimingpostcts/top_basys3_rdm6300.sdc'…
