
===========================================================================
report_checks -unconstrained
===========================================================================
======================= nom_ss_100C_1v60 Corner ===================================

Startpoint: _3748_ (rising edge-triggered flip-flop clocked by clk)
Endpoint: _3175_ (recovery check against rising-edge clock clk)
Path Group: asynchronous
Path Type: max

Fanout         Cap        Slew       Delay        Time   Description
---------------------------------------------------------------------------------------------
                      0.150000    0.000000    0.000000   clock clk (rise edge)
                                  0.000000    0.000000   clock network delay (ideal)
                      0.150000    0.000000    0.000000 ^ _3748_/CLK (sky130_fd_sc_hd__dfxtp_2)
   404    1.318295   10.199714    7.911603    7.911603 ^ _3748_/Q (sky130_fd_sc_hd__dfxtp_2)
                                                         rst_n (net)
                     10.199714    0.000000    7.911603 ^ _3175_/RESET_B (sky130_fd_sc_hd__dfrtp_2)
                                              7.911603   data arrival time

                      0.150000   10.000000   10.000000   clock clk (rise edge)
                                  0.000000   10.000000   clock network delay (ideal)
                                 -0.250000    9.750000   clock uncertainty
                                  0.000000    9.750000   clock reconvergence pessimism
                                              9.750000 ^ _3175_/CLK (sky130_fd_sc_hd__dfrtp_2)
                                 -4.063668    5.686332   library recovery time
                                              5.686332   data required time
---------------------------------------------------------------------------------------------
                                              5.686332   data required time
                                             -7.911603   data arrival time
---------------------------------------------------------------------------------------------
                                             -2.225271   slack (VIOLATED)


Startpoint: _3662_ (rising edge-triggered flip-flop clocked by clk)
Endpoint: _3517_ (rising edge-triggered flip-flop clocked by clk)
Path Group: clk
Path Type: max

Fanout         Cap        Slew       Delay        Time   Description
---------------------------------------------------------------------------------------------
                      0.150000    0.000000    0.000000   clock clk (rise edge)
                                  0.000000    0.000000   clock network delay (ideal)
                      0.150000    0.000000    0.000000 ^ _3662_/CLK (sky130_fd_sc_hd__dfrtp_2)
    35    0.191661    1.414263    1.721402    1.721402 ^ _3662_/Q (sky130_fd_sc_hd__dfrtp_2)
                                                         u_rx_fifo.rd_ptr[0] (net)
                      1.414263    0.000000    1.721402 ^ _1674_/S0 (sky130_fd_sc_hd__mux4_2)
     1    0.001763    0.136158    1.427594    3.148997 v _1674_/X (sky130_fd_sc_hd__mux4_2)
                                                         _0741_ (net)
                      0.136158    0.000000    3.148997 v _1675_/A1 (sky130_fd_sc_hd__mux2_1)
     2    0.006360    0.149901    0.726330    3.875326 v _1675_/X (sky130_fd_sc_hd__mux2_1)
                                                         _0742_ (net)
                      0.149901    0.000000    3.875326 v _1677_/B1 (sky130_fd_sc_hd__a22o_2)
    14    0.025530    0.167334    0.530068    4.405394 v _1677_/X (sky130_fd_sc_hd__a22o_2)
                                                         _0744_ (net)
                      0.167334    0.000000    4.405394 v _1728_/A (sky130_fd_sc_hd__or4b_2)
     2    0.005460    0.245665    1.637084    6.042478 v _1728_/X (sky130_fd_sc_hd__or4b_2)
                                                         _0795_ (net)
                      0.245665    0.000000    6.042478 v _1750_/B (sky130_fd_sc_hd__or4b_2)
     2    0.003563    0.223875    1.556319    7.598796 v _1750_/X (sky130_fd_sc_hd__or4b_2)
                                                         _0815_ (net)
                      0.223875    0.000000    7.598796 v _1789_/B (sky130_fd_sc_hd__or2_2)
     4    0.013051    0.168157    0.763706    8.362502 v _1789_/X (sky130_fd_sc_hd__or2_2)
                                                         _0846_ (net)
                      0.168157    0.000000    8.362502 v _2468_/B (sky130_fd_sc_hd__nor2_2)
    58    0.193720    3.248053    2.491522   10.854024 ^ _2468_/Y (sky130_fd_sc_hd__nor2_2)
                                                         _1191_ (net)
                      3.248053    0.000000   10.854024 ^ _2478_/S (sky130_fd_sc_hd__mux2_1)
     1    0.001838    0.102699    1.159873   12.013897 v _2478_/X (sky130_fd_sc_hd__mux2_1)
                                                         _0344_ (net)
                      0.102699    0.000000   12.013897 v _3517_/D (sky130_fd_sc_hd__dfrtp_2)
                                             12.013897   data arrival time

                      0.150000   10.000000   10.000000   clock clk (rise edge)
                                  0.000000   10.000000   clock network delay (ideal)
                                 -0.250000    9.750000   clock uncertainty
                                  0.000000    9.750000   clock reconvergence pessimism
                                              9.750000 ^ _3517_/CLK (sky130_fd_sc_hd__dfrtp_2)
                                 -0.268930    9.481071   library setup time
                                              9.481071   data required time
---------------------------------------------------------------------------------------------
                                              9.481071   data required time
                                            -12.013897   data arrival time
---------------------------------------------------------------------------------------------
                                             -2.532826   slack (VIOLATED)




===========================================================================
report_checks --slack_max -0.01
============================================================================
======================= nom_ss_100C_1v60 Corner ===================================

Startpoint: _3748_ (rising edge-triggered flip-flop clocked by clk)
Endpoint: _3175_ (recovery check against rising-edge clock clk)
Path Group: asynchronous
Path Type: max

Fanout         Cap        Slew       Delay        Time   Description
---------------------------------------------------------------------------------------------
                      0.150000    0.000000    0.000000   clock clk (rise edge)
                                  0.000000    0.000000   clock network delay (ideal)
                      0.150000    0.000000    0.000000 ^ _3748_/CLK (sky130_fd_sc_hd__dfxtp_2)
   404    1.318295   10.199714    7.911603    7.911603 ^ _3748_/Q (sky130_fd_sc_hd__dfxtp_2)
                                                         rst_n (net)
                     10.199714    0.000000    7.911603 ^ _3175_/RESET_B (sky130_fd_sc_hd__dfrtp_2)
                                              7.911603   data arrival time

                      0.150000   10.000000   10.000000   clock clk (rise edge)
                                  0.000000   10.000000   clock network delay (ideal)
                                 -0.250000    9.750000   clock uncertainty
                                  0.000000    9.750000   clock reconvergence pessimism
                                              9.750000 ^ _3175_/CLK (sky130_fd_sc_hd__dfrtp_2)
                                 -4.063668    5.686332   library recovery time
                                              5.686332   data required time
---------------------------------------------------------------------------------------------
                                              5.686332   data required time
                                             -7.911603   data arrival time
---------------------------------------------------------------------------------------------
                                             -2.225271   slack (VIOLATED)


Startpoint: _3662_ (rising edge-triggered flip-flop clocked by clk)
Endpoint: _3517_ (rising edge-triggered flip-flop clocked by clk)
Path Group: clk
Path Type: max

Fanout         Cap        Slew       Delay        Time   Description
---------------------------------------------------------------------------------------------
                      0.150000    0.000000    0.000000   clock clk (rise edge)
                                  0.000000    0.000000   clock network delay (ideal)
                      0.150000    0.000000    0.000000 ^ _3662_/CLK (sky130_fd_sc_hd__dfrtp_2)
    35    0.191661    1.414263    1.721402    1.721402 ^ _3662_/Q (sky130_fd_sc_hd__dfrtp_2)
                                                         u_rx_fifo.rd_ptr[0] (net)
                      1.414263    0.000000    1.721402 ^ _1674_/S0 (sky130_fd_sc_hd__mux4_2)
     1    0.001763    0.136158    1.427594    3.148997 v _1674_/X (sky130_fd_sc_hd__mux4_2)
                                                         _0741_ (net)
                      0.136158    0.000000    3.148997 v _1675_/A1 (sky130_fd_sc_hd__mux2_1)
     2    0.006360    0.149901    0.726330    3.875326 v _1675_/X (sky130_fd_sc_hd__mux2_1)
                                                         _0742_ (net)
                      0.149901    0.000000    3.875326 v _1677_/B1 (sky130_fd_sc_hd__a22o_2)
    14    0.025530    0.167334    0.530068    4.405394 v _1677_/X (sky130_fd_sc_hd__a22o_2)
                                                         _0744_ (net)
                      0.167334    0.000000    4.405394 v _1728_/A (sky130_fd_sc_hd__or4b_2)
     2    0.005460    0.245665    1.637084    6.042478 v _1728_/X (sky130_fd_sc_hd__or4b_2)
                                                         _0795_ (net)
                      0.245665    0.000000    6.042478 v _1750_/B (sky130_fd_sc_hd__or4b_2)
     2    0.003563    0.223875    1.556319    7.598796 v _1750_/X (sky130_fd_sc_hd__or4b_2)
                                                         _0815_ (net)
                      0.223875    0.000000    7.598796 v _1789_/B (sky130_fd_sc_hd__or2_2)
     4    0.013051    0.168157    0.763706    8.362502 v _1789_/X (sky130_fd_sc_hd__or2_2)
                                                         _0846_ (net)
                      0.168157    0.000000    8.362502 v _2468_/B (sky130_fd_sc_hd__nor2_2)
    58    0.193720    3.248053    2.491522   10.854024 ^ _2468_/Y (sky130_fd_sc_hd__nor2_2)
                                                         _1191_ (net)
                      3.248053    0.000000   10.854024 ^ _2478_/S (sky130_fd_sc_hd__mux2_1)
     1    0.001838    0.102699    1.159873   12.013897 v _2478_/X (sky130_fd_sc_hd__mux2_1)
                                                         _0344_ (net)
                      0.102699    0.000000   12.013897 v _3517_/D (sky130_fd_sc_hd__dfrtp_2)
                                             12.013897   data arrival time

                      0.150000   10.000000   10.000000   clock clk (rise edge)
                                  0.000000   10.000000   clock network delay (ideal)
                                 -0.250000    9.750000   clock uncertainty
                                  0.000000    9.750000   clock reconvergence pessimism
                                              9.750000 ^ _3517_/CLK (sky130_fd_sc_hd__dfrtp_2)
                                 -0.268930    9.481071   library setup time
                                              9.481071   data required time
---------------------------------------------------------------------------------------------
                                              9.481071   data required time
                                            -12.013897   data arrival time
---------------------------------------------------------------------------------------------
                                             -2.532826   slack (VIOLATED)




===========================================================================
 report_check_types -max_slew -max_cap -max_fanout -violators
============================================================================
======================= nom_ss_100C_1v60 Corner ===================================

max slew

Pin                                        Limit        Slew       Slack
------------------------------------------------------------------------
_3175_/RESET_B                          0.750000   10.199714   -9.449714 (VIOLATED)
_3176_/RESET_B                          0.750000   10.199714   -9.449714 (VIOLATED)
_3177_/RESET_B                          0.750000   10.199714   -9.449714 (VIOLATED)
_3178_/RESET_B                          0.750000   10.199714   -9.449714 (VIOLATED)
_3179_/RESET_B                          0.750000   10.199714   -9.449714 (VIOLATED)
_3180_/RESET_B                          0.750000   10.199714   -9.449714 (VIOLATED)
_3181_/RESET_B                          0.750000   10.199714   -9.449714 (VIOLATED)
_3182_/RESET_B                          0.750000   10.199714   -9.449714 (VIOLATED)
_3183_/RESET_B                          0.750000   10.199714   -9.449714 (VIOLATED)
_3184_/RESET_B                          0.750000   10.199714   -9.449714 (VIOLATED)
_3329_/SET_B                            0.750000   10.199714   -9.449714 (VIOLATED)
_3330_/RESET_B                          0.750000   10.199714   -9.449714 (VIOLATED)
_3331_/RESET_B                          0.750000   10.199714   -9.449714 (VIOLATED)
_3348_/RESET_B                          0.750000   10.199714   -9.449714 (VIOLATED)
_3349_/RESET_B                          0.750000   10.199714   -9.449714 (VIOLATED)
_3350_/RESET_B                          0.750000   10.199714   -9.449714 (VIOLATED)
_3351_/RESET_B                          0.750000   10.199714   -9.449714 (VIOLATED)
_3352_/RESET_B                          0.750000   10.199714   -9.449714 (VIOLATED)
_3353_/RESET_B                          0.750000   10.199714   -9.449714 (VIOLATED)
_3354_/RESET_B                          0.750000   10.199714   -9.449714 (VIOLATED)
_3355_/RESET_B                          0.750000   10.199714   -9.449714 (VIOLATED)
_3356_/RESET_B                          0.750000   10.199714   -9.449714 (VIOLATED)
_3357_/RESET_B                          0.750000   10.199714   -9.449714 (VIOLATED)
_3358_/RESET_B                          0.750000   10.199714   -9.449714 (VIOLATED)
_3359_/RESET_B                          0.750000   10.199714   -9.449714 (VIOLATED)
_3360_/RESET_B                          0.750000   10.199714   -9.449714 (VIOLATED)
_3361_/RESET_B                          0.750000   10.199714   -9.449714 (VIOLATED)
_3362_/RESET_B                          0.750000   10.199714   -9.449714 (VIOLATED)
_3363_/RESET_B                          0.750000   10.199714   -9.449714 (VIOLATED)
_3364_/RESET_B                          0.750000   10.199714   -9.449714 (VIOLATED)
_3365_/RESET_B                          0.750000   10.199714   -9.449714 (VIOLATED)
_3366_/RESET_B                          0.750000   10.199714   -9.449714 (VIOLATED)
_3367_/RESET_B                          0.750000   10.199714   -9.449714 (VIOLATED)
_3368_/RESET_B                          0.750000   10.199714   -9.449714 (VIOLATED)
_3369_/RESET_B                          0.750000   10.199714   -9.449714 (VIOLATED)
_3370_/RESET_B                          0.750000   10.199714   -9.449714 (VIOLATED)
_3371_/RESET_B                          0.750000   10.199714   -9.449714 (VIOLATED)
_3372_/RESET_B                          0.750000   10.199714   -9.449714 (VIOLATED)
_3373_/RESET_B                          0.750000   10.199714   -9.449714 (VIOLATED)
_3374_/RESET_B                          0.750000   10.199714   -9.449714 (VIOLATED)
_3375_/RESET_B                          0.750000   10.199714   -9.449714 (VIOLATED)
_3376_/RESET_B                          0.750000   10.199714   -9.449714 (VIOLATED)
_3377_/RESET_B                          0.750000   10.199714   -9.449714 (VIOLATED)
_3378_/RESET_B                          0.750000   10.199714   -9.449714 (VIOLATED)
_3379_/RESET_B                          0.750000   10.199714   -9.449714 (VIOLATED)
_3380_/RESET_B                          0.750000   10.199714   -9.449714 (VIOLATED)
_3381_/RESET_B                          0.750000   10.199714   -9.449714 (VIOLATED)
_3382_/RESET_B                          0.750000   10.199714   -9.449714 (VIOLATED)
_3383_/RESET_B                          0.750000   10.199714   -9.449714 (VIOLATED)
_3384_/RESET_B                          0.750000   10.199714   -9.449714 (VIOLATED)
_3385_/RESET_B                          0.750000   10.199714   -9.449714 (VIOLATED)
_3386_/RESET_B                          0.750000   10.199714   -9.449714 (VIOLATED)
_3387_/RESET_B                          0.750000   10.199714   -9.449714 (VIOLATED)
_3388_/RESET_B                          0.750000   10.199714   -9.449714 (VIOLATED)
_3389_/RESET_B                          0.750000   10.199714   -9.449714 (VIOLATED)
_3390_/RESET_B                          0.750000   10.199714   -9.449714 (VIOLATED)
_3391_/RESET_B                          0.750000   10.199714   -9.449714 (VIOLATED)
_3392_/RESET_B                          0.750000   10.199714   -9.449714 (VIOLATED)
_3393_/RESET_B                          0.750000   10.199714   -9.449714 (VIOLATED)
_3394_/RESET_B                          0.750000   10.199714   -9.449714 (VIOLATED)
_3395_/RESET_B                          0.750000   10.199714   -9.449714 (VIOLATED)
_3396_/RESET_B                          0.750000   10.199714   -9.449714 (VIOLATED)
_3397_/RESET_B                          0.750000   10.199714   -9.449714 (VIOLATED)
_3398_/RESET_B                          0.750000   10.199714   -9.449714 (VIOLATED)
_3399_/RESET_B                          0.750000   10.199714   -9.449714 (VIOLATED)
_3400_/RESET_B                          0.750000   10.199714   -9.449714 (VIOLATED)
_3401_/RESET_B                          0.750000   10.199714   -9.449714 (VIOLATED)
_3402_/RESET_B                          0.750000   10.199714   -9.449714 (VIOLATED)
_3403_/RESET_B                          0.750000   10.199714   -9.449714 (VIOLATED)
_3404_/RESET_B                          0.750000   10.199714   -9.449714 (VIOLATED)
_3405_/RESET_B                          0.750000   10.199714   -9.449714 (VIOLATED)
_3406_/RESET_B                          0.750000   10.199714   -9.449714 (VIOLATED)
_3407_/RESET_B                          0.750000   10.199714   -9.449714 (VIOLATED)
_3424_/RESET_B                          0.750000   10.199714   -9.449714 (VIOLATED)
_3425_/RESET_B                          0.750000   10.199714   -9.449714 (VIOLATED)
_3426_/RESET_B                          0.750000   10.199714   -9.449714 (VIOLATED)
_3427_/RESET_B                          0.750000   10.199714   -9.449714 (VIOLATED)
_3428_/RESET_B                          0.750000   10.199714   -9.449714 (VIOLATED)
_3429_/RESET_B                          0.750000   10.199714   -9.449714 (VIOLATED)
_3430_/RESET_B                          0.750000   10.199714   -9.449714 (VIOLATED)
_3431_/RESET_B                          0.750000   10.199714   -9.449714 (VIOLATED)
_3440_/SET_B                            0.750000   10.199714   -9.449714 (VIOLATED)
_3441_/RESET_B                          0.750000   10.199714   -9.449714 (VIOLATED)
_3442_/RESET_B                          0.750000   10.199714   -9.449714 (VIOLATED)
_3443_/RESET_B                          0.750000   10.199714   -9.449714 (VIOLATED)
_3444_/RESET_B                          0.750000   10.199714   -9.449714 (VIOLATED)
_3445_/RESET_B                          0.750000   10.199714   -9.449714 (VIOLATED)
_3446_/RESET_B                          0.750000   10.199714   -9.449714 (VIOLATED)
_3447_/RESET_B                          0.750000   10.199714   -9.449714 (VIOLATED)
_3448_/RESET_B                          0.750000   10.199714   -9.449714 (VIOLATED)
_3449_/RESET_B                          0.750000   10.199714   -9.449714 (VIOLATED)
_3450_/RESET_B                          0.750000   10.199714   -9.449714 (VIOLATED)
_3451_/RESET_B                          0.750000   10.199714   -9.449714 (VIOLATED)
_3452_/RESET_B                          0.750000   10.199714   -9.449714 (VIOLATED)
_3453_/RESET_B                          0.750000   10.199714   -9.449714 (VIOLATED)
_3454_/RESET_B                          0.750000   10.199714   -9.449714 (VIOLATED)
_3455_/RESET_B                          0.750000   10.199714   -9.449714 (VIOLATED)
_3456_/RESET_B                          0.750000   10.199714   -9.449714 (VIOLATED)
_3457_/RESET_B                          0.750000   10.199714   -9.449714 (VIOLATED)
_3458_/RESET_B                          0.750000   10.199714   -9.449714 (VIOLATED)
_3459_/RESET_B                          0.750000   10.199714   -9.449714 (VIOLATED)
_3460_/RESET_B                          0.750000   10.199714   -9.449714 (VIOLATED)
_3461_/RESET_B                          0.750000   10.199714   -9.449714 (VIOLATED)
_3462_/RESET_B                          0.750000   10.199714   -9.449714 (VIOLATED)
_3463_/RESET_B                          0.750000   10.199714   -9.449714 (VIOLATED)
_3464_/RESET_B                          0.750000   10.199714   -9.449714 (VIOLATED)
_3465_/RESET_B                          0.750000   10.199714   -9.449714 (VIOLATED)
_3466_/RESET_B                          0.750000   10.199714   -9.449714 (VIOLATED)
_3467_/RESET_B                          0.750000   10.199714   -9.449714 (VIOLATED)
_3468_/RESET_B                          0.750000   10.199714   -9.449714 (VIOLATED)
_3469_/RESET_B                          0.750000   10.199714   -9.449714 (VIOLATED)
_3470_/RESET_B                          0.750000   10.199714   -9.449714 (VIOLATED)
_3471_/RESET_B                          0.750000   10.199714   -9.449714 (VIOLATED)
_3472_/RESET_B                          0.750000   10.199714   -9.449714 (VIOLATED)
_3473_/RESET_B                          0.750000   10.199714   -9.449714 (VIOLATED)
_3474_/RESET_B                          0.750000   10.199714   -9.449714 (VIOLATED)
_3475_/RESET_B                          0.750000   10.199714   -9.449714 (VIOLATED)
_3476_/RESET_B                          0.750000   10.199714   -9.449714 (VIOLATED)
_3477_/RESET_B                          0.750000   10.199714   -9.449714 (VIOLATED)
_3478_/RESET_B                          0.750000   10.199714   -9.449714 (VIOLATED)
_3479_/RESET_B                          0.750000   10.199714   -9.449714 (VIOLATED)
_3480_/RESET_B                          0.750000   10.199714   -9.449714 (VIOLATED)
_3481_/RESET_B                          0.750000   10.199714   -9.449714 (VIOLATED)
_3482_/RESET_B                          0.750000   10.199714   -9.449714 (VIOLATED)
_3483_/RESET_B                          0.750000   10.199714   -9.449714 (VIOLATED)
_3484_/RESET_B                          0.750000   10.199714   -9.449714 (VIOLATED)
_3485_/RESET_B                          0.750000   10.199714   -9.449714 (VIOLATED)
_3486_/RESET_B                          0.750000   10.199714   -9.449714 (VIOLATED)
_3487_/RESET_B                          0.750000   10.199714   -9.449714 (VIOLATED)
_3488_/RESET_B                          0.750000   10.199714   -9.449714 (VIOLATED)
_3489_/RESET_B                          0.750000   10.199714   -9.449714 (VIOLATED)
_3490_/RESET_B                          0.750000   10.199714   -9.449714 (VIOLATED)
_3491_/RESET_B                          0.750000   10.199714   -9.449714 (VIOLATED)
_3492_/RESET_B                          0.750000   10.199714   -9.449714 (VIOLATED)
_3493_/RESET_B                          0.750000   10.199714   -9.449714 (VIOLATED)
_3494_/RESET_B                          0.750000   10.199714   -9.449714 (VIOLATED)
_3495_/RESET_B                          0.750000   10.199714   -9.449714 (VIOLATED)
_3496_/RESET_B                          0.750000   10.199714   -9.449714 (VIOLATED)
_3497_/RESET_B                          0.750000   10.199714   -9.449714 (VIOLATED)
_3498_/RESET_B                          0.750000   10.199714   -9.449714 (VIOLATED)
_3499_/RESET_B                          0.750000   10.199714   -9.449714 (VIOLATED)
_3500_/RESET_B                          0.750000   10.199714   -9.449714 (VIOLATED)
_3501_/RESET_B                          0.750000   10.199714   -9.449714 (VIOLATED)
_3502_/RESET_B                          0.750000   10.199714   -9.449714 (VIOLATED)
_3503_/RESET_B                          0.750000   10.199714   -9.449714 (VIOLATED)
_3504_/RESET_B                          0.750000   10.199714   -9.449714 (VIOLATED)
_3505_/RESET_B                          0.750000   10.199714   -9.449714 (VIOLATED)
_3506_/RESET_B                          0.750000   10.199714   -9.449714 (VIOLATED)
_3507_/RESET_B                          0.750000   10.199714   -9.449714 (VIOLATED)
_3508_/RESET_B                          0.750000   10.199714   -9.449714 (VIOLATED)
_3509_/RESET_B                          0.750000   10.199714   -9.449714 (VIOLATED)
_3510_/RESET_B                          0.750000   10.199714   -9.449714 (VIOLATED)
_3511_/RESET_B                          0.750000   10.199714   -9.449714 (VIOLATED)
_3512_/RESET_B                          0.750000   10.199714   -9.449714 (VIOLATED)
_3513_/RESET_B                          0.750000   10.199714   -9.449714 (VIOLATED)
_3514_/RESET_B                          0.750000   10.199714   -9.449714 (VIOLATED)
_3515_/RESET_B                          0.750000   10.199714   -9.449714 (VIOLATED)
_3516_/RESET_B                          0.750000   10.199714   -9.449714 (VIOLATED)
_3517_/RESET_B                          0.750000   10.199714   -9.449714 (VIOLATED)
_3518_/RESET_B                          0.750000   10.199714   -9.449714 (VIOLATED)
_3519_/RESET_B                          0.750000   10.199714   -9.449714 (VIOLATED)
_3520_/RESET_B                          0.750000   10.199714   -9.449714 (VIOLATED)
_3521_/RESET_B                          0.750000   10.199714   -9.449714 (VIOLATED)
_3522_/RESET_B                          0.750000   10.199714   -9.449714 (VIOLATED)
_3523_/RESET_B                          0.750000   10.199714   -9.449714 (VIOLATED)
_3524_/RESET_B                          0.750000   10.199714   -9.449714 (VIOLATED)
_3525_/RESET_B                          0.750000   10.199714   -9.449714 (VIOLATED)
_3526_/RESET_B                          0.750000   10.199714   -9.449714 (VIOLATED)
_3527_/RESET_B                          0.750000   10.199714   -9.449714 (VIOLATED)
_3528_/RESET_B                          0.750000   10.199714   -9.449714 (VIOLATED)
_3529_/RESET_B                          0.750000   10.199714   -9.449714 (VIOLATED)
_3530_/RESET_B                          0.750000   10.199714   -9.449714 (VIOLATED)
_3531_/RESET_B                          0.750000   10.199714   -9.449714 (VIOLATED)
_3532_/RESET_B                          0.750000   10.199714   -9.449714 (VIOLATED)
_3533_/RESET_B                          0.750000   10.199714   -9.449714 (VIOLATED)
_3534_/RESET_B                          0.750000   10.199714   -9.449714 (VIOLATED)
_3535_/RESET_B                          0.750000   10.199714   -9.449714 (VIOLATED)
_3536_/RESET_B                          0.750000   10.199714   -9.449714 (VIOLATED)
_3537_/RESET_B                          0.750000   10.199714   -9.449714 (VIOLATED)
_3538_/RESET_B                          0.750000   10.199714   -9.449714 (VIOLATED)
_3539_/RESET_B                          0.750000   10.199714   -9.449714 (VIOLATED)
_3540_/RESET_B                          0.750000   10.199714   -9.449714 (VIOLATED)
_3541_/RESET_B                          0.750000   10.199714   -9.449714 (VIOLATED)
_3542_/RESET_B                          0.750000   10.199714   -9.449714 (VIOLATED)
_3543_/RESET_B                          0.750000   10.199714   -9.449714 (VIOLATED)
_3544_/RESET_B                          0.750000   10.199714   -9.449714 (VIOLATED)
_3545_/RESET_B                          0.750000   10.199714   -9.449714 (VIOLATED)
_3546_/RESET_B                          0.750000   10.199714   -9.449714 (VIOLATED)
_3547_/RESET_B                          0.750000   10.199714   -9.449714 (VIOLATED)
_3548_/RESET_B                          0.750000   10.199714   -9.449714 (VIOLATED)
_3549_/RESET_B                          0.750000   10.199714   -9.449714 (VIOLATED)
_3550_/RESET_B                          0.750000   10.199714   -9.449714 (VIOLATED)
_3551_/RESET_B                          0.750000   10.199714   -9.449714 (VIOLATED)
_3552_/RESET_B                          0.750000   10.199714   -9.449714 (VIOLATED)
_3553_/RESET_B                          0.750000   10.199714   -9.449714 (VIOLATED)
_3554_/RESET_B                          0.750000   10.199714   -9.449714 (VIOLATED)
_3555_/RESET_B                          0.750000   10.199714   -9.449714 (VIOLATED)
_3556_/RESET_B                          0.750000   10.199714   -9.449714 (VIOLATED)
_3557_/RESET_B                          0.750000   10.199714   -9.449714 (VIOLATED)
_3558_/RESET_B                          0.750000   10.199714   -9.449714 (VIOLATED)
_3559_/RESET_B                          0.750000   10.199714   -9.449714 (VIOLATED)
_3560_/RESET_B                          0.750000   10.199714   -9.449714 (VIOLATED)
_3561_/RESET_B                          0.750000   10.199714   -9.449714 (VIOLATED)
_3562_/RESET_B                          0.750000   10.199714   -9.449714 (VIOLATED)
_3563_/RESET_B                          0.750000   10.199714   -9.449714 (VIOLATED)
_3564_/RESET_B                          0.750000   10.199714   -9.449714 (VIOLATED)
_3565_/RESET_B                          0.750000   10.199714   -9.449714 (VIOLATED)
_3566_/RESET_B                          0.750000   10.199714   -9.449714 (VIOLATED)
_3567_/RESET_B                          0.750000   10.199714   -9.449714 (VIOLATED)
_3568_/RESET_B                          0.750000   10.199714   -9.449714 (VIOLATED)
_3569_/RESET_B                          0.750000   10.199714   -9.449714 (VIOLATED)
_3570_/RESET_B                          0.750000   10.199714   -9.449714 (VIOLATED)
_3571_/RESET_B                          0.750000   10.199714   -9.449714 (VIOLATED)
_3572_/RESET_B                          0.750000   10.199714   -9.449714 (VIOLATED)
_3573_/RESET_B                          0.750000   10.199714   -9.449714 (VIOLATED)
_3574_/RESET_B                          0.750000   10.199714   -9.449714 (VIOLATED)
_3575_/RESET_B                          0.750000   10.199714   -9.449714 (VIOLATED)
_3576_/RESET_B                          0.750000   10.199714   -9.449714 (VIOLATED)
_3577_/RESET_B                          0.750000   10.199714   -9.449714 (VIOLATED)
_3578_/RESET_B                          0.750000   10.199714   -9.449714 (VIOLATED)
_3579_/RESET_B                          0.750000   10.199714   -9.449714 (VIOLATED)
_3580_/RESET_B                          0.750000   10.199714   -9.449714 (VIOLATED)
_3581_/RESET_B                          0.750000   10.199714   -9.449714 (VIOLATED)
_3582_/RESET_B                          0.750000   10.199714   -9.449714 (VIOLATED)
_3583_/RESET_B                          0.750000   10.199714   -9.449714 (VIOLATED)
_3584_/RESET_B                          0.750000   10.199714   -9.449714 (VIOLATED)
_3585_/RESET_B                          0.750000   10.199714   -9.449714 (VIOLATED)
_3586_/RESET_B                          0.750000   10.199714   -9.449714 (VIOLATED)
_3587_/RESET_B                          0.750000   10.199714   -9.449714 (VIOLATED)
_3588_/RESET_B                          0.750000   10.199714   -9.449714 (VIOLATED)
_3589_/RESET_B                          0.750000   10.199714   -9.449714 (VIOLATED)
_3590_/RESET_B                          0.750000   10.199714   -9.449714 (VIOLATED)
_3591_/RESET_B                          0.750000   10.199714   -9.449714 (VIOLATED)
_3592_/RESET_B                          0.750000   10.199714   -9.449714 (VIOLATED)
_3593_/RESET_B                          0.750000   10.199714   -9.449714 (VIOLATED)
_3594_/RESET_B                          0.750000   10.199714   -9.449714 (VIOLATED)
_3595_/RESET_B                          0.750000   10.199714   -9.449714 (VIOLATED)
_3596_/RESET_B                          0.750000   10.199714   -9.449714 (VIOLATED)
_3597_/RESET_B                          0.750000   10.199714   -9.449714 (VIOLATED)
_3598_/RESET_B                          0.750000   10.199714   -9.449714 (VIOLATED)
_3599_/RESET_B                          0.750000   10.199714   -9.449714 (VIOLATED)
_3600_/RESET_B                          0.750000   10.199714   -9.449714 (VIOLATED)
_3601_/RESET_B                          0.750000   10.199714   -9.449714 (VIOLATED)
_3602_/RESET_B                          0.750000   10.199714   -9.449714 (VIOLATED)
_3603_/RESET_B                          0.750000   10.199714   -9.449714 (VIOLATED)
_3604_/RESET_B                          0.750000   10.199714   -9.449714 (VIOLATED)
_3605_/RESET_B                          0.750000   10.199714   -9.449714 (VIOLATED)
_3606_/RESET_B                          0.750000   10.199714   -9.449714 (VIOLATED)
_3607_/RESET_B                          0.750000   10.199714   -9.449714 (VIOLATED)
_3608_/RESET_B                          0.750000   10.199714   -9.449714 (VIOLATED)
_3609_/RESET_B                          0.750000   10.199714   -9.449714 (VIOLATED)
_3610_/RESET_B                          0.750000   10.199714   -9.449714 (VIOLATED)
_3611_/RESET_B                          0.750000   10.199714   -9.449714 (VIOLATED)
_3612_/RESET_B                          0.750000   10.199714   -9.449714 (VIOLATED)
_3613_/RESET_B                          0.750000   10.199714   -9.449714 (VIOLATED)
_3614_/RESET_B                          0.750000   10.199714   -9.449714 (VIOLATED)
_3615_/RESET_B                          0.750000   10.199714   -9.449714 (VIOLATED)
_3616_/RESET_B                          0.750000   10.199714   -9.449714 (VIOLATED)
_3617_/RESET_B                          0.750000   10.199714   -9.449714 (VIOLATED)
_3618_/RESET_B                          0.750000   10.199714   -9.449714 (VIOLATED)
_3619_/RESET_B                          0.750000   10.199714   -9.449714 (VIOLATED)
_3620_/RESET_B                          0.750000   10.199714   -9.449714 (VIOLATED)
_3621_/RESET_B                          0.750000   10.199714   -9.449714 (VIOLATED)
_3622_/RESET_B                          0.750000   10.199714   -9.449714 (VIOLATED)
_3623_/RESET_B                          0.750000   10.199714   -9.449714 (VIOLATED)
_3624_/RESET_B                          0.750000   10.199714   -9.449714 (VIOLATED)
_3625_/RESET_B                          0.750000   10.199714   -9.449714 (VIOLATED)
_3626_/RESET_B                          0.750000   10.199714   -9.449714 (VIOLATED)
_3627_/RESET_B                          0.750000   10.199714   -9.449714 (VIOLATED)
_3628_/RESET_B                          0.750000   10.199714   -9.449714 (VIOLATED)
_3629_/RESET_B                          0.750000   10.199714   -9.449714 (VIOLATED)
_3630_/RESET_B                          0.750000   10.199714   -9.449714 (VIOLATED)
_3631_/RESET_B                          0.750000   10.199714   -9.449714 (VIOLATED)
_3632_/RESET_B                          0.750000   10.199714   -9.449714 (VIOLATED)
_3633_/RESET_B                          0.750000   10.199714   -9.449714 (VIOLATED)
_3634_/RESET_B                          0.750000   10.199714   -9.449714 (VIOLATED)
_3635_/RESET_B                          0.750000   10.199714   -9.449714 (VIOLATED)
_3636_/RESET_B                          0.750000   10.199714   -9.449714 (VIOLATED)
_3637_/RESET_B                          0.750000   10.199714   -9.449714 (VIOLATED)
_3638_/RESET_B                          0.750000   10.199714   -9.449714 (VIOLATED)
_3639_/RESET_B                          0.750000   10.199714   -9.449714 (VIOLATED)
_3640_/RESET_B                          0.750000   10.199714   -9.449714 (VIOLATED)
_3641_/RESET_B                          0.750000   10.199714   -9.449714 (VIOLATED)
_3642_/RESET_B                          0.750000   10.199714   -9.449714 (VIOLATED)
_3643_/RESET_B                          0.750000   10.199714   -9.449714 (VIOLATED)
_3644_/RESET_B                          0.750000   10.199714   -9.449714 (VIOLATED)
_3645_/RESET_B                          0.750000   10.199714   -9.449714 (VIOLATED)
_3646_/RESET_B                          0.750000   10.199714   -9.449714 (VIOLATED)
_3647_/RESET_B                          0.750000   10.199714   -9.449714 (VIOLATED)
_3648_/RESET_B                          0.750000   10.199714   -9.449714 (VIOLATED)
_3649_/RESET_B                          0.750000   10.199714   -9.449714 (VIOLATED)
_3650_/RESET_B                          0.750000   10.199714   -9.449714 (VIOLATED)
_3651_/RESET_B                          0.750000   10.199714   -9.449714 (VIOLATED)
_3652_/RESET_B                          0.750000   10.199714   -9.449714 (VIOLATED)
_3653_/RESET_B                          0.750000   10.199714   -9.449714 (VIOLATED)
_3654_/RESET_B                          0.750000   10.199714   -9.449714 (VIOLATED)
_3655_/RESET_B                          0.750000   10.199714   -9.449714 (VIOLATED)
_3656_/RESET_B                          0.750000   10.199714   -9.449714 (VIOLATED)
_3657_/RESET_B                          0.750000   10.199714   -9.449714 (VIOLATED)
_3658_/RESET_B                          0.750000   10.199714   -9.449714 (VIOLATED)
_3659_/RESET_B                          0.750000   10.199714   -9.449714 (VIOLATED)
_3660_/RESET_B                          0.750000   10.199714   -9.449714 (VIOLATED)
_3661_/RESET_B                          0.750000   10.199714   -9.449714 (VIOLATED)
_3662_/RESET_B                          0.750000   10.199714   -9.449714 (VIOLATED)
_3663_/RESET_B                          0.750000   10.199714   -9.449714 (VIOLATED)
_3664_/RESET_B                          0.750000   10.199714   -9.449714 (VIOLATED)
_3665_/RESET_B                          0.750000   10.199714   -9.449714 (VIOLATED)
_3690_/RESET_B                          0.750000   10.199714   -9.449714 (VIOLATED)
_3691_/RESET_B                          0.750000   10.199714   -9.449714 (VIOLATED)
_3692_/RESET_B                          0.750000   10.199714   -9.449714 (VIOLATED)
_3693_/RESET_B                          0.750000   10.199714   -9.449714 (VIOLATED)
_3694_/RESET_B                          0.750000   10.199714   -9.449714 (VIOLATED)
_3695_/RESET_B                          0.750000   10.199714   -9.449714 (VIOLATED)
_3696_/RESET_B                          0.750000   10.199714   -9.449714 (VIOLATED)
_3697_/RESET_B                          0.750000   10.199714   -9.449714 (VIOLATED)
_3698_/RESET_B                          0.750000   10.199714   -9.449714 (VIOLATED)
_3699_/RESET_B                          0.750000   10.199714   -9.449714 (VIOLATED)
_3700_/RESET_B                          0.750000   10.199714   -9.449714 (VIOLATED)
_3701_/RESET_B                          0.750000   10.199714   -9.449714 (VIOLATED)
_3702_/RESET_B                          0.750000   10.199714   -9.449714 (VIOLATED)
_3703_/RESET_B                          0.750000   10.199714   -9.449714 (VIOLATED)
_3704_/RESET_B                          0.750000   10.199714   -9.449714 (VIOLATED)
_3705_/RESET_B                          0.750000   10.199714   -9.449714 (VIOLATED)
_3706_/RESET_B                          0.750000   10.199714   -9.449714 (VIOLATED)
_3707_/RESET_B                          0.750000   10.199714   -9.449714 (VIOLATED)
_3708_/RESET_B                          0.750000   10.199714   -9.449714 (VIOLATED)
_3709_/SET_B                            0.750000   10.199714   -9.449714 (VIOLATED)
_3710_/RESET_B                          0.750000   10.199714   -9.449714 (VIOLATED)
_3711_/RESET_B                          0.750000   10.199714   -9.449714 (VIOLATED)
_3712_/RESET_B                          0.750000   10.199714   -9.449714 (VIOLATED)
_3713_/RESET_B                          0.750000   10.199714   -9.449714 (VIOLATED)
_3714_/RESET_B                          0.750000   10.199714   -9.449714 (VIOLATED)
_3715_/RESET_B                          0.750000   10.199714   -9.449714 (VIOLATED)
_3716_/RESET_B                          0.750000   10.199714   -9.449714 (VIOLATED)
_3717_/RESET_B                          0.750000   10.199714   -9.449714 (VIOLATED)
_3718_/RESET_B                          0.750000   10.199714   -9.449714 (VIOLATED)
_3719_/RESET_B                          0.750000   10.199714   -9.449714 (VIOLATED)
_3720_/RESET_B                          0.750000   10.199714   -9.449714 (VIOLATED)
_3721_/RESET_B                          0.750000   10.199714   -9.449714 (VIOLATED)
_3722_/RESET_B                          0.750000   10.199714   -9.449714 (VIOLATED)
_3723_/RESET_B                          0.750000   10.199714   -9.449714 (VIOLATED)
_3724_/RESET_B                          0.750000   10.199714   -9.449714 (VIOLATED)
_3725_/RESET_B                          0.750000   10.199714   -9.449714 (VIOLATED)
_3726_/RESET_B                          0.750000   10.199714   -9.449714 (VIOLATED)
_3727_/RESET_B                          0.750000   10.199714   -9.449714 (VIOLATED)
_3728_/RESET_B                          0.750000   10.199714   -9.449714 (VIOLATED)
_3729_/RESET_B                          0.750000   10.199714   -9.449714 (VIOLATED)
_3730_/RESET_B                          0.750000   10.199714   -9.449714 (VIOLATED)
_3731_/RESET_B                          0.750000   10.199714   -9.449714 (VIOLATED)
_3732_/RESET_B                          0.750000   10.199714   -9.449714 (VIOLATED)
_3733_/RESET_B                          0.750000   10.199714   -9.449714 (VIOLATED)
_3734_/RESET_B                          0.750000   10.199714   -9.449714 (VIOLATED)
_3735_/RESET_B                          0.750000   10.199714   -9.449714 (VIOLATED)
_3736_/RESET_B                          0.750000   10.199714   -9.449714 (VIOLATED)
_3748_/Q                                0.750000   10.199714   -9.449714 (VIOLATED)
_3749_/SET_B                            0.750000   10.199714   -9.449714 (VIOLATED)
_3750_/SET_B                            0.750000   10.199714   -9.449714 (VIOLATED)
_3775_/RESET_B                          0.750000   10.199714   -9.449714 (VIOLATED)
_3776_/RESET_B                          0.750000   10.199714   -9.449714 (VIOLATED)
_3777_/RESET_B                          0.750000   10.199714   -9.449714 (VIOLATED)
_3778_/RESET_B                          0.750000   10.199714   -9.449714 (VIOLATED)
_3779_/RESET_B                          0.750000   10.199714   -9.449714 (VIOLATED)
_3780_/RESET_B                          0.750000   10.199714   -9.449714 (VIOLATED)
_3781_/RESET_B                          0.750000   10.199714   -9.449714 (VIOLATED)
_3782_/RESET_B                          0.750000   10.199714   -9.449714 (VIOLATED)
_3783_/RESET_B                          0.750000   10.199714   -9.449714 (VIOLATED)
_3784_/RESET_B                          0.750000   10.199714   -9.449714 (VIOLATED)
_3785_/RESET_B                          0.750000   10.199714   -9.449714 (VIOLATED)
_3786_/RESET_B                          0.750000   10.199714   -9.449714 (VIOLATED)
_3787_/RESET_B                          0.750000   10.199714   -9.449714 (VIOLATED)
_3788_/RESET_B                          0.750000   10.199714   -9.449714 (VIOLATED)
_3789_/RESET_B                          0.750000   10.199714   -9.449714 (VIOLATED)
_3790_/RESET_B                          0.750000   10.199714   -9.449714 (VIOLATED)
_3791_/RESET_B                          0.750000   10.199714   -9.449714 (VIOLATED)
_3792_/RESET_B                          0.750000   10.199714   -9.449714 (VIOLATED)
_3793_/RESET_B                          0.750000   10.199714   -9.449714 (VIOLATED)
_3794_/RESET_B                          0.750000   10.199714   -9.449714 (VIOLATED)
_3795_/RESET_B                          0.750000   10.199714   -9.449714 (VIOLATED)
_3796_/RESET_B                          0.750000   10.199714   -9.449714 (VIOLATED)
_3797_/RESET_B                          0.750000   10.199714   -9.449714 (VIOLATED)
_3798_/RESET_B                          0.750000   10.199714   -9.449714 (VIOLATED)
_3799_/RESET_B                          0.750000   10.199714   -9.449714 (VIOLATED)
_3800_/RESET_B                          0.750000   10.199714   -9.449714 (VIOLATED)
_3801_/RESET_B                          0.750000   10.199714   -9.449714 (VIOLATED)
_3802_/RESET_B                          0.750000   10.199714   -9.449714 (VIOLATED)
_3803_/RESET_B                          0.750000   10.199714   -9.449714 (VIOLATED)
_3804_/RESET_B                          0.750000   10.199714   -9.449714 (VIOLATED)
_3805_/RESET_B                          0.750000   10.199714   -9.449714 (VIOLATED)
_3806_/RESET_B                          0.750000   10.199714   -9.449714 (VIOLATED)
_3807_/RESET_B                          0.750000   10.199714   -9.449714 (VIOLATED)
_3808_/RESET_B                          0.750000   10.199714   -9.449714 (VIOLATED)
_3809_/RESET_B                          0.750000   10.199714   -9.449714 (VIOLATED)
_3810_/RESET_B                          0.750000   10.199714   -9.449714 (VIOLATED)
_3811_/RESET_B                          0.750000   10.199714   -9.449714 (VIOLATED)
_3812_/RESET_B                          0.750000   10.199714   -9.449714 (VIOLATED)
_3813_/RESET_B                          0.750000   10.199714   -9.449714 (VIOLATED)
_3814_/RESET_B                          0.750000   10.199714   -9.449714 (VIOLATED)
_3815_/RESET_B                          0.750000   10.199714   -9.449714 (VIOLATED)
_3816_/RESET_B                          0.750000   10.199714   -9.449714 (VIOLATED)
_3817_/RESET_B                          0.750000   10.199714   -9.449714 (VIOLATED)
_3818_/RESET_B                          0.750000   10.199714   -9.449714 (VIOLATED)
_3819_/RESET_B                          0.750000   10.199714   -9.449714 (VIOLATED)
_3820_/RESET_B                          0.750000   10.199714   -9.449714 (VIOLATED)
_3821_/RESET_B                          0.750000   10.199714   -9.449714 (VIOLATED)
_3822_/RESET_B                          0.750000   10.199714   -9.449714 (VIOLATED)
_2468_/Y                                0.750000    3.248053   -2.498053 (VIOLATED)
_2478_/S                                0.750000    3.248053   -2.498053 (VIOLATED)
_2482_/S                                0.750000    3.248053   -2.498053 (VIOLATED)
_2485_/S                                0.750000    3.248053   -2.498053 (VIOLATED)
_2487_/S                                0.750000    3.248053   -2.498053 (VIOLATED)
_2497_/S                                0.750000    3.248053   -2.498053 (VIOLATED)
_2501_/S                                0.750000    3.248053   -2.498053 (VIOLATED)
_2504_/S                                0.750000    3.248053   -2.498053 (VIOLATED)
_2506_/S                                0.750000    3.248053   -2.498053 (VIOLATED)
_2516_/S                                0.750000    3.248053   -2.498053 (VIOLATED)
_2520_/S                                0.750000    3.248053   -2.498053 (VIOLATED)
_2523_/S                                0.750000    3.248053   -2.498053 (VIOLATED)
_2525_/S                                0.750000    3.248053   -2.498053 (VIOLATED)
_2534_/S                                0.750000    3.248053   -2.498053 (VIOLATED)
_2539_/S                                0.750000    3.248053   -2.498053 (VIOLATED)
_2541_/S                                0.750000    3.248053   -2.498053 (VIOLATED)
_2543_/S                                0.750000    3.248053   -2.498053 (VIOLATED)
_2551_/S                                0.750000    3.248053   -2.498053 (VIOLATED)
_2557_/S                                0.750000    3.248053   -2.498053 (VIOLATED)
_2559_/S                                0.750000    3.248053   -2.498053 (VIOLATED)
_2561_/S                                0.750000    3.248053   -2.498053 (VIOLATED)
_2571_/S                                0.750000    3.248053   -2.498053 (VIOLATED)
_2575_/S                                0.750000    3.248053   -2.498053 (VIOLATED)
_2578_/S                                0.750000    3.248053   -2.498053 (VIOLATED)
_2580_/S                                0.750000    3.248053   -2.498053 (VIOLATED)
_2588_/S                                0.750000    3.248053   -2.498053 (VIOLATED)
_2594_/S                                0.750000    3.248053   -2.498053 (VIOLATED)
_2596_/S                                0.750000    3.248053   -2.498053 (VIOLATED)
_2598_/S                                0.750000    3.248053   -2.498053 (VIOLATED)
_2606_/S                                0.750000    3.248053   -2.498053 (VIOLATED)
_2612_/S                                0.750000    3.248053   -2.498053 (VIOLATED)
_2614_/S                                0.750000    3.248053   -2.498053 (VIOLATED)
_2616_/S                                0.750000    3.248053   -2.498053 (VIOLATED)
_2627_/S                                0.750000    3.248053   -2.498053 (VIOLATED)
_2631_/S                                0.750000    3.248053   -2.498053 (VIOLATED)
_2634_/S                                0.750000    3.248053   -2.498053 (VIOLATED)
_2636_/S                                0.750000    3.248053   -2.498053 (VIOLATED)
_2646_/S                                0.750000    3.248053   -2.498053 (VIOLATED)
_2650_/S                                0.750000    3.248053   -2.498053 (VIOLATED)
_2653_/S                                0.750000    3.248053   -2.498053 (VIOLATED)
_2655_/S                                0.750000    3.248053   -2.498053 (VIOLATED)
_2660_/S                                0.750000    3.248053   -2.498053 (VIOLATED)
_2665_/S                                0.750000    3.248053   -2.498053 (VIOLATED)
_2670_/S                                0.750000    3.248053   -2.498053 (VIOLATED)
_2675_/S                                0.750000    3.248053   -2.498053 (VIOLATED)
_2680_/S                                0.750000    3.248053   -2.498053 (VIOLATED)
_2685_/S                                0.750000    3.248053   -2.498053 (VIOLATED)
_2690_/S                                0.750000    3.248053   -2.498053 (VIOLATED)
_2695_/S                                0.750000    3.248053   -2.498053 (VIOLATED)
_2751_/S                                0.750000    3.248053   -2.498053 (VIOLATED)
_2752_/B                                0.750000    3.248053   -2.498053 (VIOLATED)
_2755_/A1                               0.750000    3.248053   -2.498053 (VIOLATED)
_2756_/B                                0.750000    3.248053   -2.498053 (VIOLATED)
_2758_/A1                               0.750000    3.248053   -2.498053 (VIOLATED)
_2760_/S                                0.750000    3.248053   -2.498053 (VIOLATED)
_2770_/S                                0.750000    3.248053   -2.498053 (VIOLATED)
_2774_/A1                               0.750000    3.248053   -2.498053 (VIOLATED)
_2777_/A1                               0.750000    3.248053   -2.498053 (VIOLATED)
_2779_/S                                0.750000    3.248053   -2.498053 (VIOLATED)
_1644_/S0                               0.750000    1.414263   -0.664263 (VIOLATED)
_1646_/S0                               0.750000    1.414263   -0.664263 (VIOLATED)
_1648_/S0                               0.750000    1.414263   -0.664263 (VIOLATED)
_1649_/S0                               0.750000    1.414263   -0.664263 (VIOLATED)
_1652_/S0                               0.750000    1.414263   -0.664263 (VIOLATED)
_1653_/S0                               0.750000    1.414263   -0.664263 (VIOLATED)
_1656_/S0                               0.750000    1.414263   -0.664263 (VIOLATED)
_1657_/S0                               0.750000    1.414263   -0.664263 (VIOLATED)
_1660_/S0                               0.750000    1.414263   -0.664263 (VIOLATED)
_1662_/S0                               0.750000    1.414263   -0.664263 (VIOLATED)
_1664_/S0                               0.750000    1.414263   -0.664263 (VIOLATED)
_1665_/S0                               0.750000    1.414263   -0.664263 (VIOLATED)
_1669_/S0                               0.750000    1.414263   -0.664263 (VIOLATED)
_1671_/S0                               0.750000    1.414263   -0.664263 (VIOLATED)
_1673_/S0                               0.750000    1.414263   -0.664263 (VIOLATED)
_1674_/S0                               0.750000    1.414263   -0.664263 (VIOLATED)
_1678_/S0                               0.750000    1.414263   -0.664263 (VIOLATED)
_1680_/S0                               0.750000    1.414263   -0.664263 (VIOLATED)
_1682_/S0                               0.750000    1.414263   -0.664263 (VIOLATED)
_1683_/S0                               0.750000    1.414263   -0.664263 (VIOLATED)
_1686_/S0                               0.750000    1.414263   -0.664263 (VIOLATED)
_1688_/S0                               0.750000    1.414263   -0.664263 (VIOLATED)
_1690_/S0                               0.750000    1.414263   -0.664263 (VIOLATED)
_1691_/S0                               0.750000    1.414263   -0.664263 (VIOLATED)
_1694_/S0                               0.750000    1.414263   -0.664263 (VIOLATED)
_1695_/S0                               0.750000    1.414263   -0.664263 (VIOLATED)
_1698_/S0                               0.750000    1.414263   -0.664263 (VIOLATED)
_1699_/S0                               0.750000    1.414263   -0.664263 (VIOLATED)
_1705_/S0                               0.750000    1.414263   -0.664263 (VIOLATED)
_1707_/S0                               0.750000    1.414263   -0.664263 (VIOLATED)
_1709_/S0                               0.750000    1.414263   -0.664263 (VIOLATED)
_1710_/S0                               0.750000    1.414263   -0.664263 (VIOLATED)
_2853_/A                                0.750000    1.414263   -0.664263 (VIOLATED)
_2854_/A                                0.750000    1.414263   -0.664263 (VIOLATED)
_2855_/A1                               0.750000    1.414263   -0.664263 (VIOLATED)
_3662_/Q                                0.750000    1.414263   -0.664263 (VIOLATED)
_2258_/S0                               0.750000    1.375065   -0.625065 (VIOLATED)
_2259_/S0                               0.750000    1.375065   -0.625065 (VIOLATED)
_2261_/S0                               0.750000    1.375065   -0.625065 (VIOLATED)
_2262_/S0                               0.750000    1.375065   -0.625065 (VIOLATED)
_2267_/S0                               0.750000    1.375065   -0.625065 (VIOLATED)
_2268_/S0                               0.750000    1.375065   -0.625065 (VIOLATED)
_2270_/S0                               0.750000    1.375065   -0.625065 (VIOLATED)
_2271_/S0                               0.750000    1.375065   -0.625065 (VIOLATED)
_2276_/S0                               0.750000    1.375065   -0.625065 (VIOLATED)
_2277_/S0                               0.750000    1.375065   -0.625065 (VIOLATED)
_2279_/S0                               0.750000    1.375065   -0.625065 (VIOLATED)
_2280_/S0                               0.750000    1.375065   -0.625065 (VIOLATED)
_2285_/S0                               0.750000    1.375065   -0.625065 (VIOLATED)
_2286_/S0                               0.750000    1.375065   -0.625065 (VIOLATED)
_2288_/S0                               0.750000    1.375065   -0.625065 (VIOLATED)
_2289_/S0                               0.750000    1.375065   -0.625065 (VIOLATED)
_2294_/S0                               0.750000    1.375065   -0.625065 (VIOLATED)
_2295_/S0                               0.750000    1.375065   -0.625065 (VIOLATED)
_2297_/S0                               0.750000    1.375065   -0.625065 (VIOLATED)
_2298_/S0                               0.750000    1.375065   -0.625065 (VIOLATED)
_2303_/S0                               0.750000    1.375065   -0.625065 (VIOLATED)
_2304_/S0                               0.750000    1.375065   -0.625065 (VIOLATED)
_2306_/S0                               0.750000    1.375065   -0.625065 (VIOLATED)
_2307_/S0                               0.750000    1.375065   -0.625065 (VIOLATED)
_2312_/S0                               0.750000    1.375065   -0.625065 (VIOLATED)
_2313_/S0                               0.750000    1.375065   -0.625065 (VIOLATED)
_2315_/S0                               0.750000    1.375065   -0.625065 (VIOLATED)
_2316_/S0                               0.750000    1.375065   -0.625065 (VIOLATED)
_2321_/S0                               0.750000    1.375065   -0.625065 (VIOLATED)
_2322_/S0                               0.750000    1.375065   -0.625065 (VIOLATED)
_2324_/S0                               0.750000    1.375065   -0.625065 (VIOLATED)
_2325_/S0                               0.750000    1.375065   -0.625065 (VIOLATED)
_3117_/A                                0.750000    1.375065   -0.625065 (VIOLATED)
_3118_/A                                0.750000    1.375065   -0.625065 (VIOLATED)
_3121_/A                                0.750000    1.375065   -0.625065 (VIOLATED)
_3122_/A1                               0.750000    1.375065   -0.625065 (VIOLATED)
_3808_/Q                                0.750000    1.375065   -0.625065 (VIOLATED)
_1836_/Y                                0.750000    1.315568   -0.565568 (VIOLATED)
_2152_/S                                0.750000    1.315568   -0.565568 (VIOLATED)
_2162_/B1_N                             0.750000    1.315568   -0.565568 (VIOLATED)
_2163_/A2                               0.750000    1.315568   -0.565568 (VIOLATED)
_2169_/S                                0.750000    1.315568   -0.565568 (VIOLATED)
_2176_/S                                0.750000    1.315568   -0.565568 (VIOLATED)
_2182_/S                                0.750000    1.315568   -0.565568 (VIOLATED)
_2186_/B1_N                             0.750000    1.315568   -0.565568 (VIOLATED)
_2187_/A2                               0.750000    1.315568   -0.565568 (VIOLATED)
_2190_/S                                0.750000    1.315568   -0.565568 (VIOLATED)
_2192_/S                                0.750000    1.315568   -0.565568 (VIOLATED)
_2193_/S                                0.750000    1.315568   -0.565568 (VIOLATED)
_2194_/S                                0.750000    1.315568   -0.565568 (VIOLATED)
_2195_/S                                0.750000    1.315568   -0.565568 (VIOLATED)
_2196_/S                                0.750000    1.315568   -0.565568 (VIOLATED)
_2197_/S                                0.750000    1.315568   -0.565568 (VIOLATED)
_2198_/S                                0.750000    1.315568   -0.565568 (VIOLATED)
_2199_/S                                0.750000    1.315568   -0.565568 (VIOLATED)
_2200_/S                                0.750000    1.315568   -0.565568 (VIOLATED)
_2201_/S                                0.750000    1.315568   -0.565568 (VIOLATED)
_2202_/S                                0.750000    1.315568   -0.565568 (VIOLATED)
_2203_/S                                0.750000    1.315568   -0.565568 (VIOLATED)
_2204_/S                                0.750000    1.315568   -0.565568 (VIOLATED)
_2205_/S                                0.750000    1.315568   -0.565568 (VIOLATED)
_2206_/S                                0.750000    1.315568   -0.565568 (VIOLATED)
_2207_/S                                0.750000    1.315568   -0.565568 (VIOLATED)
_2208_/S                                0.750000    1.315568   -0.565568 (VIOLATED)
_2209_/S                                0.750000    1.315568   -0.565568 (VIOLATED)
_2210_/S                                0.750000    1.315568   -0.565568 (VIOLATED)
_2211_/S                                0.750000    1.315568   -0.565568 (VIOLATED)
_2212_/S                                0.750000    1.315568   -0.565568 (VIOLATED)
_2213_/S                                0.750000    1.315568   -0.565568 (VIOLATED)
_2214_/S                                0.750000    1.315568   -0.565568 (VIOLATED)
_2215_/S                                0.750000    1.315568   -0.565568 (VIOLATED)
_2216_/S                                0.750000    1.315568   -0.565568 (VIOLATED)
_2217_/S                                0.750000    1.315568   -0.565568 (VIOLATED)
_2218_/S                                0.750000    1.315568   -0.565568 (VIOLATED)
_2219_/S                                0.750000    1.315568   -0.565568 (VIOLATED)
_2220_/S                                0.750000    1.315568   -0.565568 (VIOLATED)
_2221_/S                                0.750000    1.315568   -0.565568 (VIOLATED)
_2222_/S                                0.750000    1.315568   -0.565568 (VIOLATED)
_2223_/S                                0.750000    1.315568   -0.565568 (VIOLATED)
_2224_/S                                0.750000    1.315568   -0.565568 (VIOLATED)
_2225_/S                                0.750000    1.315568   -0.565568 (VIOLATED)
_2226_/S                                0.750000    1.315568   -0.565568 (VIOLATED)
_2227_/S                                0.750000    1.315568   -0.565568 (VIOLATED)
_2228_/S                                0.750000    1.315568   -0.565568 (VIOLATED)
_2229_/S                                0.750000    1.315568   -0.565568 (VIOLATED)
_2230_/S                                0.750000    1.315568   -0.565568 (VIOLATED)
_2231_/S                                0.750000    1.315568   -0.565568 (VIOLATED)
_2232_/S                                0.750000    1.315568   -0.565568 (VIOLATED)
_2233_/B                                0.750000    1.315568   -0.565568 (VIOLATED)
_2238_/A                                0.750000    1.315568   -0.565568 (VIOLATED)
_2239_/B1                               0.750000    1.315568   -0.565568 (VIOLATED)
_2346_/X                                0.750000    1.045814   -0.295814 (VIOLATED)
_2347_/S                                0.750000    1.045814   -0.295814 (VIOLATED)
_2348_/S                                0.750000    1.045814   -0.295814 (VIOLATED)
_2349_/S                                0.750000    1.045814   -0.295814 (VIOLATED)
_2350_/S                                0.750000    1.045814   -0.295814 (VIOLATED)
_2351_/S                                0.750000    1.045814   -0.295814 (VIOLATED)
_2352_/S                                0.750000    1.045814   -0.295814 (VIOLATED)
_2353_/S                                0.750000    1.045814   -0.295814 (VIOLATED)
_2354_/S                                0.750000    1.045814   -0.295814 (VIOLATED)
_2355_/S                                0.750000    1.045814   -0.295814 (VIOLATED)
_2356_/S                                0.750000    1.045814   -0.295814 (VIOLATED)
_2357_/S                                0.750000    1.045814   -0.295814 (VIOLATED)
_2358_/S                                0.750000    1.045814   -0.295814 (VIOLATED)
_2359_/S                                0.750000    1.045814   -0.295814 (VIOLATED)
_2360_/S                                0.750000    1.045814   -0.295814 (VIOLATED)
_2361_/S                                0.750000    1.045814   -0.295814 (VIOLATED)
_2362_/S                                0.750000    1.045814   -0.295814 (VIOLATED)
_2363_/S                                0.750000    1.045814   -0.295814 (VIOLATED)
_2364_/S                                0.750000    1.045814   -0.295814 (VIOLATED)
_2365_/S                                0.750000    1.045814   -0.295814 (VIOLATED)
_2366_/S                                0.750000    1.045814   -0.295814 (VIOLATED)
_2367_/S                                0.750000    1.045814   -0.295814 (VIOLATED)
_2368_/S                                0.750000    1.045814   -0.295814 (VIOLATED)
_2369_/S                                0.750000    1.045814   -0.295814 (VIOLATED)
_2370_/S                                0.750000    1.045814   -0.295814 (VIOLATED)
_2371_/S                                0.750000    1.045814   -0.295814 (VIOLATED)
_2372_/S                                0.750000    1.045814   -0.295814 (VIOLATED)
_2373_/S                                0.750000    1.045814   -0.295814 (VIOLATED)
_2374_/S                                0.750000    1.045814   -0.295814 (VIOLATED)
_2375_/S                                0.750000    1.045814   -0.295814 (VIOLATED)
_2376_/S                                0.750000    1.045814   -0.295814 (VIOLATED)
_2377_/S                                0.750000    1.045814   -0.295814 (VIOLATED)
_2378_/S                                0.750000    1.045814   -0.295814 (VIOLATED)
_2379_/S                                0.750000    1.045814   -0.295814 (VIOLATED)
_2380_/S                                0.750000    1.045814   -0.295814 (VIOLATED)
_2381_/S                                0.750000    1.045814   -0.295814 (VIOLATED)
_2382_/S                                0.750000    1.045814   -0.295814 (VIOLATED)
_2383_/S                                0.750000    1.045814   -0.295814 (VIOLATED)
_2384_/S                                0.750000    1.045814   -0.295814 (VIOLATED)
_2385_/S                                0.750000    1.045814   -0.295814 (VIOLATED)
_2386_/S                                0.750000    1.045814   -0.295814 (VIOLATED)
_2258_/S1                               0.750000    0.859661   -0.109661 (VIOLATED)
_2259_/S1                               0.750000    0.859661   -0.109661 (VIOLATED)
_2261_/S1                               0.750000    0.859661   -0.109661 (VIOLATED)
_2262_/S1                               0.750000    0.859661   -0.109661 (VIOLATED)
_2267_/S1                               0.750000    0.859661   -0.109661 (VIOLATED)
_2268_/S1                               0.750000    0.859661   -0.109661 (VIOLATED)
_2270_/S1                               0.750000    0.859661   -0.109661 (VIOLATED)
_2271_/S1                               0.750000    0.859661   -0.109661 (VIOLATED)
_2276_/S1                               0.750000    0.859661   -0.109661 (VIOLATED)
_2277_/S1                               0.750000    0.859661   -0.109661 (VIOLATED)
_2279_/S1                               0.750000    0.859661   -0.109661 (VIOLATED)
_2280_/S1                               0.750000    0.859661   -0.109661 (VIOLATED)
_2285_/S1                               0.750000    0.859661   -0.109661 (VIOLATED)
_2286_/S1                               0.750000    0.859661   -0.109661 (VIOLATED)
_2288_/S1                               0.750000    0.859661   -0.109661 (VIOLATED)
_2289_/S1                               0.750000    0.859661   -0.109661 (VIOLATED)
_2294_/S1                               0.750000    0.859661   -0.109661 (VIOLATED)
_2295_/S1                               0.750000    0.859661   -0.109661 (VIOLATED)
_2297_/S1                               0.750000    0.859661   -0.109661 (VIOLATED)
_2298_/S1                               0.750000    0.859661   -0.109661 (VIOLATED)
_2303_/S1                               0.750000    0.859661   -0.109661 (VIOLATED)
_2304_/S1                               0.750000    0.859661   -0.109661 (VIOLATED)
_2306_/S1                               0.750000    0.859661   -0.109661 (VIOLATED)
_2307_/S1                               0.750000    0.859661   -0.109661 (VIOLATED)
_2312_/S1                               0.750000    0.859661   -0.109661 (VIOLATED)
_2313_/S1                               0.750000    0.859661   -0.109661 (VIOLATED)
_2315_/S1                               0.750000    0.859661   -0.109661 (VIOLATED)
_2316_/S1                               0.750000    0.859661   -0.109661 (VIOLATED)
_2321_/S1                               0.750000    0.859661   -0.109661 (VIOLATED)
_2322_/S1                               0.750000    0.859661   -0.109661 (VIOLATED)
_2324_/S1                               0.750000    0.859661   -0.109661 (VIOLATED)
_2325_/S1                               0.750000    0.859661   -0.109661 (VIOLATED)
_3120_/A                                0.750000    0.859661   -0.109661 (VIOLATED)
_3121_/C                                0.750000    0.859661   -0.109661 (VIOLATED)
_3122_/A2                               0.750000    0.859661   -0.109661 (VIOLATED)
_3809_/Q                                0.750000    0.859661   -0.109661 (VIOLATED)
_1644_/S1                               0.750000    0.810208   -0.060208 (VIOLATED)
_1646_/S1                               0.750000    0.810208   -0.060208 (VIOLATED)
_1648_/S1                               0.750000    0.810208   -0.060208 (VIOLATED)
_1649_/S1                               0.750000    0.810208   -0.060208 (VIOLATED)
_1652_/S1                               0.750000    0.810208   -0.060208 (VIOLATED)
_1653_/S1                               0.750000    0.810208   -0.060208 (VIOLATED)
_1656_/S1                               0.750000    0.810208   -0.060208 (VIOLATED)
_1657_/S1                               0.750000    0.810208   -0.060208 (VIOLATED)
_1660_/S1                               0.750000    0.810208   -0.060208 (VIOLATED)
_1662_/S1                               0.750000    0.810208   -0.060208 (VIOLATED)
_1664_/S1                               0.750000    0.810208   -0.060208 (VIOLATED)
_1665_/S1                               0.750000    0.810208   -0.060208 (VIOLATED)
_1669_/S1                               0.750000    0.810208   -0.060208 (VIOLATED)
_1671_/S1                               0.750000    0.810208   -0.060208 (VIOLATED)
_1673_/S1                               0.750000    0.810208   -0.060208 (VIOLATED)
_1674_/S1                               0.750000    0.810208   -0.060208 (VIOLATED)
_1678_/S1                               0.750000    0.810208   -0.060208 (VIOLATED)
_1680_/S1                               0.750000    0.810208   -0.060208 (VIOLATED)
_1682_/S1                               0.750000    0.810208   -0.060208 (VIOLATED)
_1683_/S1                               0.750000    0.810208   -0.060208 (VIOLATED)
_1686_/S1                               0.750000    0.810208   -0.060208 (VIOLATED)
_1688_/S1                               0.750000    0.810208   -0.060208 (VIOLATED)
_1690_/S1                               0.750000    0.810208   -0.060208 (VIOLATED)
_1691_/S1                               0.750000    0.810208   -0.060208 (VIOLATED)
_1694_/S1                               0.750000    0.810208   -0.060208 (VIOLATED)
_1695_/S1                               0.750000    0.810208   -0.060208 (VIOLATED)
_1698_/S1                               0.750000    0.810208   -0.060208 (VIOLATED)
_1699_/S1                               0.750000    0.810208   -0.060208 (VIOLATED)
_1705_/S1                               0.750000    0.810208   -0.060208 (VIOLATED)
_1707_/S1                               0.750000    0.810208   -0.060208 (VIOLATED)
_1709_/S1                               0.750000    0.810208   -0.060208 (VIOLATED)
_1710_/S1                               0.750000    0.810208   -0.060208 (VIOLATED)
_2854_/B                                0.750000    0.810208   -0.060208 (VIOLATED)
_2855_/B1                               0.750000    0.810208   -0.060208 (VIOLATED)
_3663_/Q                                0.750000    0.810208   -0.060208 (VIOLATED)

max fanout

Pin                                   Limit Fanout  Slack
---------------------------------------------------------
_3748_/Q                                 10    404   -394 (VIOLATED)
_2468_/Y                                 10     58    -48 (VIOLATED)
_1836_/Y                                 10     53    -43 (VIOLATED)
_2346_/X                                 10     40    -30 (VIOLATED)
_3808_/Q                                 10     36    -26 (VIOLATED)
_3662_/Q                                 10     35    -25 (VIOLATED)
_3809_/Q                                 10     35    -25 (VIOLATED)
_3663_/Q                                 10     34    -24 (VIOLATED)
_3749_/Q                                 10     20    -10 (VIOLATED)
_3810_/Q                                 10     19     -9 (VIOLATED)
_3799_/Q                                 10     17     -7 (VIOLATED)
_3800_/Q                                 10     17     -7 (VIOLATED)
_3801_/Q                                 10     17     -7 (VIOLATED)
_3802_/Q                                 10     17     -7 (VIOLATED)
_3803_/Q                                 10     17     -7 (VIOLATED)
_3804_/Q                                 10     17     -7 (VIOLATED)
_3805_/Q                                 10     17     -7 (VIOLATED)
_3806_/Q                                 10     17     -7 (VIOLATED)
_1685_/X                                 10     16     -6 (VIOLATED)
_1771_/X                                 10     16     -6 (VIOLATED)
_1878_/X                                 10     16     -6 (VIOLATED)
_1884_/X                                 10     16     -6 (VIOLATED)
_1891_/X                                 10     16     -6 (VIOLATED)
_1896_/X                                 10     16     -6 (VIOLATED)
_1901_/X                                 10     16     -6 (VIOLATED)
_1907_/X                                 10     16     -6 (VIOLATED)
_1912_/X                                 10     16     -6 (VIOLATED)
_1917_/X                                 10     16     -6 (VIOLATED)
_3664_/Q                                 10     16     -6 (VIOLATED)
_1693_/X                                 10     15     -5 (VIOLATED)
_1701_/X                                 10     15     -5 (VIOLATED)
_2415_/Y                                 10     15     -5 (VIOLATED)
_1651_/X                                 10     14     -4 (VIOLATED)
_1677_/X                                 10     14     -4 (VIOLATED)
_1712_/X                                 10     14     -4 (VIOLATED)
_1676_/Y                                 10     13     -3 (VIOLATED)
_2892_/X                                 10     13     -3 (VIOLATED)
_3813_/Q                                 10     13     -3 (VIOLATED)
_1600_/Y                                 10     11        (VIOLATED)
_3330_/Q                                 10     11        (VIOLATED)

max capacitance

Pin                                        Limit         Cap       Slack
------------------------------------------------------------------------
_3748_/Q                                0.191355    1.369910   -1.178555 (VIOLATED)
_2468_/Y                                0.086070    0.193720   -0.107650 (VIOLATED)



===========================================================================
report_parasitic_annotation -report_unannotated
============================================================================
Found 2255 unannotated drivers.
 clk
 rdm6300_rx_i
 _1588_/Y
 _1589_/Y
 _1590_/Y
 _1591_/Y
 _1592_/Y
 _1593_/Y
 _1594_/Y
 _1595_/Y
 _1596_/Y
 _1597_/Y
 _1598_/Y
 _1599_/Y
 _1600_/Y
 _1601_/Y
 _1602_/Y
 _1603_/Y
 _1604_/Y
 _1605_/Y
 _1606_/Y
 _1607_/Y
 _1608_/Y
 _1609_/Y
 _1610_/Y
 _1611_/Y
 _1612_/Y
 _1613_/Y
 _1614_/Y
 _1615_/Y
 _1616_/Y
 _1617_/Y
 _1618_/Y
 _1619_/X
 _1620_/X
 _1621_/Y
 _1622_/X
 _1623_/X
 _1624_/X
 _1625_/X
 _1626_/X
 _1627_/Y
 _1628_/Y
 _1629_/Y
 _1630_/Y
 _1631_/X
 _1632_/Y
 _1633_/X
 _1634_/X
 _1635_/X
 _1636_/X
 _1637_/Y
 _1638_/X
 _1639_/X
 _1640_/X
 _1641_/Y
 _1642_/X
 _1643_/Y
 _1644_/X
 _1645_/X
 _1646_/X
 _1647_/X
 _1648_/X
 _1649_/X
 _1650_/X
 _1651_/X
 _1652_/X
 _1653_/X
 _1654_/X
 _1655_/X
 _1656_/X
 _1657_/X
 _1658_/X
 _1659_/X
 _1660_/X
 _1661_/Y
 _1662_/X
 _1663_/Y
 _1664_/X
 _1665_/X
 _1666_/X
 _1667_/X
 _1668_/X
 _1669_/X
 _1670_/X
 _1671_/X
 _1672_/X
 _1673_/X
 _1674_/X
 _1675_/X
 _1676_/Y
 _1677_/X
 _1678_/X
 _1679_/X
 _1680_/X
 _1681_/X
 _1682_/X
 _1683_/X
 _1684_/X
 _1685_/X
 _1686_/X
 _1687_/X
 _1688_/X
 _1689_/X
 _1690_/X
 _1691_/X
 _1692_/X
 _1693_/X
 _1694_/X
 _1695_/X
 _1696_/X
 _1697_/X
 _1698_/X
 _1699_/X
 _1700_/X
 _1701_/X
 _1702_/X
 _1703_/X
 _1704_/Y
 _1705_/X
 _1706_/X
 _1707_/X
 _1708_/X
 _1709_/X
 _1710_/X
 _1711_/X
 _1712_/X
 _1713_/X
 _1714_/X
 _1715_/X
 _1716_/X
 _1717_/Y
 _1718_/Y
 _1719_/X
 _1720_/X
 _1721_/X
 _1722_/X
 _1723_/X
 _1724_/X
 _1725_/Y
 _1726_/Y
 _1727_/Y
 _1728_/X
 _1729_/Y
 _1730_/X
 _1731_/X
 _1732_/Y
 _1733_/Y
 _1734_/X
 _1735_/X
 _1736_/Y
 _1737_/Y
 _1738_/X
 _1739_/Y
 _1740_/Y
 _1741_/Y
 _1742_/Y
 _1743_/Y
 _1744_/X
 _1745_/X
 _1746_/X
 _1747_/Y
 _1748_/X
 _1749_/X
 _1750_/X
 _1751_/X
 _1752_/Y
 _1753_/Y
 _1754_/Y
 _1755_/X
 _1756_/X
 _1757_/X
 _1758_/X
 _1759_/X
 _1760_/X
 _1761_/X
 _1762_/Y
 _1763_/Y
 _1764_/X
 _1765_/X
 _1766_/Y
 _1767_/X
 _1768_/X
 _1769_/X
 _1770_/X
 _1771_/X
 _1772_/X
 _1773_/X
 _1774_/X
 _1775_/Y
 _1776_/Y
 _1777_/X
 _1778_/X
 _1779_/X
 _1780_/X
 _1781_/X
 _1782_/X
 _1783_/X
 _1784_/Y
 _1785_/Y
 _1786_/X
 _1787_/Y
 _1788_/Y
 _1789_/X
 _1790_/Y
 _1791_/X
 _1792_/X
 _1793_/Y
 _1794_/X
 _1795_/Y
 _1796_/X
 _1797_/X
 _1798_/X
 _1799_/Y
 _1800_/Y
 _1801_/X
 _1802_/Y
 _1803_/X
 _1804_/Y
 _1805_/Y
 _1806_/Y
 _1807_/X
 _1808_/X
 _1809_/X
 _1810_/Y
 _1811_/X
 _1812_/Y
 _1813_/Y
 _1814_/Y
 _1815_/Y
 _1816_/X
 _1817_/X
 _1818_/X
 _1819_/Y
 _1820_/Y
 _1821_/X
 _1822_/X
 _1823_/Y
 _1824_/Y
 _1825_/Y
 _1826_/Y
 _1827_/Y
 _1828_/Y
 _1829_/X
 _1830_/X
 _1831_/Y
 _1832_/X
 _1833_/X
 _1834_/X
 _1835_/Y
 _1836_/Y
 _1837_/X
 _1838_/X
 _1839_/Y
 _1840_/X
 _1841_/X
 _1842_/X
 _1843_/X
 _1844_/X
 _1845_/X
 _1846_/X
 _1847_/X
 _1848_/X
 _1849_/X
 _1850_/Y
 _1851_/X
 _1852_/X
 _1853_/X
 _1854_/X
 _1855_/X
 _1856_/X
 _1857_/X
 _1858_/X
 _1859_/X
 _1860_/Y
 _1861_/Y
 _1862_/X
 _1863_/Y
 _1864_/X
 _1865_/X
 _1866_/Y
 _1867_/X
 _1868_/Y
 _1869_/Y
 _1870_/Y
 _1871_/X
 _1872_/Y
 _1873_/X
 _1874_/Y
 _1875_/X
 _1876_/Y
 _1877_/X
 _1878_/X
 _1879_/X
 _1880_/X
 _1881_/X
 _1882_/Y
 _1883_/X
 _1884_/X
 _1885_/X
 _1886_/X
 _1887_/X
 _1888_/Y
 _1889_/Y
 _1890_/X
 _1891_/X
 _1892_/X
 _1893_/X
 _1894_/X
 _1895_/X
 _1896_/X
 _1897_/X
 _1898_/X
 _1899_/X
 _1900_/X
 _1901_/X
 _1902_/X
 _1903_/X
 _1904_/Y
 _1905_/X
 _1906_/X
 _1907_/X
 _1908_/X
 _1909_/X
 _1910_/X
 _1911_/X
 _1912_/X
 _1913_/X
 _1914_/X
 _1915_/X
 _1916_/X
 _1917_/X
 _1918_/X
 _1919_/Y
 _1920_/X
 _1921_/X
 _1922_/X
 _1923_/X
 _1924_/X
 _1925_/X
 _1926_/X
 _1927_/X
 _1928_/X
 _1929_/X
 _1930_/X
 _1931_/X
 _1932_/X
 _1933_/X
 _1934_/X
 _1935_/X
 _1936_/Y
 _1937_/Y
 _1938_/X
 _1939_/X
 _1940_/X
 _1941_/X
 _1942_/X
 _1943_/X
 _1944_/X
 _1945_/X
 _1946_/X
 _1947_/X
 _1948_/X
 _1949_/X
 _1950_/X
 _1951_/X
 _1952_/X
 _1953_/X
 _1954_/X
 _1955_/Y
 _1956_/X
 _1957_/X
 _1958_/X
 _1959_/X
 _1960_/X
 _1961_/X
 _1962_/X
 _1963_/X
 _1964_/X
 _1965_/Y
 _1966_/X
 _1967_/X
 _1968_/X
 _1969_/X
 _1970_/X
 _1971_/X
 _1972_/X
 _1973_/X
 _1974_/X
 _1975_/X
 _1976_/X
 _1977_/X
 _1978_/X
 _1979_/X
 _1980_/X
 _1981_/X
 _1982_/X
 _1983_/Y
 _1984_/X
 _1985_/X
 _1986_/X
 _1987_/X
 _1988_/X
 _1989_/X
 _1990_/X
 _1991_/X
 _1992_/X
 _1993_/Y
 _1994_/Y
 _1995_/X
 _1996_/X
 _1997_/X
 _1998_/X
 _1999_/X
 _2000_/X
 _2001_/X
 _2002_/X
 _2003_/Y
 _2004_/X
 _2005_/X
 _2006_/X
 _2007_/X
 _2008_/X
 _2009_/X
 _2010_/X
 _2011_/X
 _2012_/X
 _2013_/X
 _2014_/X
 _2015_/X
 _2016_/X
 _2017_/X
 _2018_/X
 _2019_/X
 _2020_/X
 _2021_/X
 _2022_/Y
 _2023_/X
 _2024_/X
 _2025_/X
 _2026_/X
 _2027_/X
 _2028_/X
 _2029_/X
 _2030_/X
 _2031_/X
 _2032_/X
 _2033_/X
 _2034_/X
 _2035_/X
 _2036_/X
 _2037_/X
 _2038_/X
 _2039_/X
 _2040_/Y
 _2041_/X
 _2042_/X
 _2043_/X
 _2044_/X
 _2045_/X
 _2046_/X
 _2047_/X
 _2048_/X
 _2049_/Y
 _2050_/X
 _2051_/X
 _2052_/X
 _2053_/X
 _2054_/X
 _2055_/X
 _2056_/X
 _2057_/X
 _2058_/Y
 _2059_/X
 _2060_/X
 _2061_/X
 _2062_/X
 _2063_/X
 _2064_/X
 _2065_/X
 _2066_/X
 _2067_/X
 _2068_/X
 _2069_/X
 _2070_/X
 _2071_/X
 _2072_/X
 _2073_/X
 _2074_/X
 _2075_/X
 _2076_/X
 _2077_/X
 _2078_/Y
 _2079_/X
 _2080_/Y
 _2081_/Y
 _2082_/X
 _2083_/X
 _2084_/X
 _2085_/X
 _2086_/X
 _2087_/X
 _2088_/X
 _2089_/X
 _2090_/Y
 _2091_/X
 _2092_/Y
 _2093_/X
 _2094_/X
 _2095_/Y
 _2096_/Y
 _2097_/Y
 _2098_/Y
 _2099_/Y
 _2100_/Y
 _2101_/Y
 _2102_/Y
 _2103_/X
 _2104_/Y
 _2105_/Y
 _2106_/Y
 _2107_/X
 _2108_/Y
 _2109_/Y
 _2110_/Y
 _2111_/X
 _2112_/Y
 _2113_/Y
 _2114_/Y
 _2115_/X
 _2116_/Y
 _2117_/X
 _2118_/Y
 _2119_/Y
 _2120_/X
 _2121_/Y
 _2122_/X
 _2123_/Y
 _2124_/Y
 _2125_/Y
 _2126_/Y
 _2127_/Y
 _2128_/Y
 _2129_/X
 _2130_/X
 _2131_/Y
 _2132_/Y
 _2133_/Y
 _2134_/X
 _2135_/Y
 _2136_/Y
 _2137_/Y
 _2138_/Y
 _2139_/Y
 _2140_/Y
 _2141_/Y
 _2142_/Y
 _2143_/Y
 _2144_/Y
 _2145_/X
 _2146_/Y
 _2147_/Y
 _2148_/Y
 _2149_/Y
 _2150_/Y
 _2151_/Y
 _2152_/X
 _2153_/Y
 _2154_/Y
 _2155_/Y
 _2156_/Y
 _2157_/Y
 _2158_/Y
 _2159_/X
 _2160_/X
 _2161_/Y
 _2162_/X
 _2163_/X
 _2164_/X
 _2165_/Y
 _2166_/Y
 _2167_/Y
 _2168_/X
 _2169_/X
 _2170_/X
 _2171_/Y
 _2172_/Y
 _2173_/Y
 _2174_/Y
 _2175_/Y
 _2176_/X
 _2177_/Y
 _2178_/Y
 _2179_/Y
 _2180_/Y
 _2181_/Y
 _2182_/X
 _2183_/Y
 _2184_/Y
 _2185_/Y
 _2186_/X
 _2187_/X
 _2188_/Y
 _2189_/Y
 _2190_/X
 _2191_/X
 _2192_/X
 _2193_/X
 _2194_/X
 _2195_/X
 _2196_/X
 _2197_/X
 _2198_/X
 _2199_/X
 _2200_/X
 _2201_/X
 _2202_/X
 _2203_/X
 _2204_/X
 _2205_/X
 _2206_/X
 _2207_/X
 _2208_/X
 _2209_/X
 _2210_/X
 _2211_/X
 _2212_/X
 _2213_/X
 _2214_/X
 _2215_/X
 _2216_/X
 _2217_/X
 _2218_/X
 _2219_/X
 _2220_/X
 _2221_/X
 _2222_/X
 _2223_/X
 _2224_/X
 _2225_/X
 _2226_/X
 _2227_/X
 _2228_/X
 _2229_/X
 _2230_/X
 _2231_/X
 _2232_/X
 _2233_/X
 _2234_/X
 _2235_/X
 _2236_/X
 _2237_/Y
 _2238_/X
 _2239_/X
 _2240_/X
 _2241_/Y
 _2242_/X
 _2243_/X
 _2244_/X
 _2245_/X
 _2246_/X
 _2247_/X
 _2248_/X
 _2249_/X
 _2250_/X
 _2251_/X
 _2252_/X
 _2253_/X
 _2254_/X
 _2255_/X
 _2256_/X
 _2257_/X
 _2258_/X
 _2259_/X
 _2260_/X
 _2261_/X
 _2262_/X
 _2263_/X
 _2264_/X
 _2265_/X
 _2266_/X
 _2267_/X
 _2268_/X
 _2269_/X
 _2270_/X
 _2271_/X
 _2272_/X
 _2273_/X
 _2274_/X
 _2275_/X
 _2276_/X
 _2277_/X
 _2278_/X
 _2279_/X
 _2280_/X
 _2281_/X
 _2282_/X
 _2283_/X
 _2284_/X
 _2285_/X
 _2286_/X
 _2287_/X
 _2288_/X
 _2289_/X
 _2290_/X
 _2291_/X
 _2292_/X
 _2293_/X
 _2294_/X
 _2295_/X
 _2296_/X
 _2297_/X
 _2298_/X
 _2299_/X
 _2300_/X
 _2301_/X
 _2302_/X
 _2303_/X
 _2304_/X
 _2305_/X
 _2306_/X
 _2307_/X
 _2308_/X
 _2309_/X
 _2310_/X
 _2311_/X
 _2312_/X
 _2313_/X
 _2314_/X
 _2315_/X
 _2316_/X
 _2317_/X
 _2318_/X
 _2319_/X
 _2320_/X
 _2321_/X
 _2322_/X
 _2323_/X
 _2324_/X
 _2325_/X
 _2326_/X
 _2327_/X
 _2328_/X
 _2329_/X
 _2330_/X
 _2331_/X
 _2332_/X
 _2333_/X
 _2334_/X
 _2335_/X
 _2336_/X
 _2337_/X
 _2338_/X
 _2339_/X
 _2340_/Y
 _2341_/X
 _2342_/X
 _2343_/Y
 _2344_/X
 _2345_/X
 _2346_/X
 _2347_/X
 _2348_/X
 _2349_/X
 _2350_/X
 _2351_/X
 _2352_/X
 _2353_/X
 _2354_/X
 _2355_/X
 _2356_/X
 _2357_/X
 _2358_/X
 _2359_/X
 _2360_/X
 _2361_/X
 _2362_/X
 _2363_/X
 _2364_/X
 _2365_/X
 _2366_/X
 _2367_/X
 _2368_/X
 _2369_/X
 _2370_/X
 _2371_/X
 _2372_/X
 _2373_/X
 _2374_/X
 _2375_/X
 _2376_/X
 _2377_/X
 _2378_/X
 _2379_/X
 _2380_/X
 _2381_/X
 _2382_/X
 _2383_/X
 _2384_/X
 _2385_/X
 _2386_/X
 _2387_/Y
 _2388_/X
 _2389_/Y
 _2390_/Y
 _2391_/X
 _2392_/X
 _2393_/X
 _2394_/X
 _2395_/X
 _2396_/X
 _2397_/X
 _2398_/X
 _2399_/X
 _2400_/Y
 _2401_/X
 _2402_/X
 _2403_/X
 _2404_/X
 _2405_/X
 _2406_/X
 _2407_/X
 _2408_/X
 _2409_/Y
 _2410_/X
 _2411_/X
 _2412_/Y
 _2413_/X
 _2414_/X
 _2415_/Y
 _2416_/Y
 _2417_/Y
 _2418_/X
 _2419_/X
 _2420_/Y
 _2421_/X
 _2422_/Y
 _2423_/Y
 _2424_/X
 _2425_/X
 _2426_/X
 _2427_/X
 _2428_/X
 _2429_/Y
 _2430_/Y
 _2431_/Y
 _2432_/X
 _2433_/X
 _2434_/Y
 _2435_/X
 _2436_/Y
 _2437_/Y
 _2438_/X
 _2439_/X
 _2440_/Y
 _2441_/X
 _2442_/X
 _2443_/Y
 _2444_/Y
 _2445_/Y
 _2446_/Y
 _2447_/X
 _2448_/Y
 _2449_/X
 _2450_/X
 _2451_/X
 _2452_/X
 _2453_/X
 _2454_/Y
 _2455_/X
 _2456_/X
 _2457_/Y
 _2458_/X
 _2459_/Y
 _2460_/X
 _2461_/X
 _2462_/Y
 _2463_/X
 _2464_/X
 _2465_/Y
 _2466_/Y
 _2467_/X
 _2468_/Y
 _2469_/X
 _2470_/Y
 _2471_/Y
 _2472_/X
 _2473_/Y
 _2474_/X
 _2475_/Y
 _2476_/X
 _2477_/X
 _2478_/X
 _2479_/X
 _2480_/Y
 _2481_/X
 _2482_/X
 _2483_/X
 _2484_/X
 _2485_/X
 _2486_/X
 _2487_/X
 _2488_/X
 _2489_/Y
 _2490_/Y
 _2491_/X
 _2492_/Y
 _2493_/X
 _2494_/Y
 _2495_/X
 _2496_/X
 _2497_/X
 _2498_/X
 _2499_/Y
 _2500_/X
 _2501_/X
 _2502_/X
 _2503_/X
 _2504_/X
 _2505_/X
 _2506_/X
 _2507_/X
 _2508_/Y
 _2509_/X
 _2510_/Y
 _2511_/Y
 _2512_/X
 _2513_/Y
 _2514_/X
 _2515_/X
 _2516_/X
 _2517_/X
 _2518_/Y
 _2519_/X
 _2520_/X
 _2521_/X
 _2522_/X
 _2523_/X
 _2524_/X
 _2525_/X
 _2526_/Y
 _2527_/Y
 _2528_/X
 _2529_/Y
 _2530_/X
 _2531_/Y
 _2532_/X
 _2533_/X
 _2534_/X
 _2535_/X
 _2536_/X
 _2537_/Y
 _2538_/X
 _2539_/X
 _2540_/X
 _2541_/X
 _2542_/X
 _2543_/X
 _2544_/Y
 _2545_/Y
 _2546_/X
 _2547_/X
 _2548_/Y
 _2549_/X
 _2550_/X
 _2551_/X
 _2552_/X
 _2553_/X
 _2554_/X
 _2555_/Y
 _2556_/X
 _2557_/X
 _2558_/X
 _2559_/X
 _2560_/X
 _2561_/X
 _2562_/X
 _2563_/Y
 _2564_/Y
 _2565_/X
 _2566_/Y
 _2567_/X
 _2568_/Y
 _2569_/X
 _2570_/X
 _2571_/X
 _2572_/X
 _2573_/Y
 _2574_/X
 _2575_/X
 _2576_/X
 _2577_/X
 _2578_/X
 _2579_/X
 _2580_/X
 _2581_/Y
 _2582_/Y
 _2583_/X
 _2584_/X
 _2585_/Y
 _2586_/X
 _2587_/X
 _2588_/X
 _2589_/X
 _2590_/X
 _2591_/X
 _2592_/Y
 _2593_/X
 _2594_/X
 _2595_/X
 _2596_/X
 _2597_/X
 _2598_/X
 _2599_/Y
 _2600_/Y
 _2601_/X
 _2602_/X
 _2603_/Y
 _2604_/X
 _2605_/X
 _2606_/X
 _2607_/X
 _2608_/X
 _2609_/X
 _2610_/Y
 _2611_/X
 _2612_/X
 _2613_/X
 _2614_/X
 _2615_/X
 _2616_/X
 _2617_/Y
 _2618_/X
 _2619_/Y
 _2620_/Y
 _2621_/Y
 _2622_/X
 _2623_/X
 _2624_/Y
 _2625_/X
 _2626_/X
 _2627_/X
 _2628_/X
 _2629_/Y
 _2630_/X
 _2631_/X
 _2632_/X
 _2633_/X
 _2634_/X
 _2635_/X
 _2636_/X
 _2637_/X
 _2638_/Y
 _2639_/Y
 _2640_/X
 _2641_/Y
 _2642_/X
 _2643_/Y
 _2644_/X
 _2645_/X
 _2646_/X
 _2647_/X
 _2648_/Y
 _2649_/X
 _2650_/X
 _2651_/X
 _2652_/X
 _2653_/X
 _2654_/X
 _2655_/X
 _2656_/Y
 _2657_/Y
 _2658_/Y
 _2659_/Y
 _2660_/X
 _2661_/X
 _2662_/X
 _2663_/Y
 _2664_/Y
 _2665_/X
 _2666_/X
 _2667_/X
 _2668_/Y
 _2669_/Y
 _2670_/X
 _2671_/Y
 _2672_/Y
 _2673_/Y
 _2674_/Y
 _2675_/X
 _2676_/Y
 _2677_/Y
 _2678_/Y
 _2679_/Y
 _2680_/X
 _2681_/Y
 _2682_/Y
 _2683_/Y
 _2684_/Y
 _2685_/X
 _2686_/X
 _2687_/X
 _2688_/Y
 _2689_/Y
 _2690_/X
 _2691_/X
 _2692_/Y
 _2693_/X
 _2694_/Y
 _2695_/X
 _2696_/Y
 _2697_/Y
 _2698_/X
 _2699_/X
 _2700_/X
 _2701_/X
 _2702_/X
 _2703_/X
 _2704_/X
 _2705_/X
 _2706_/Y
 _2707_/X
 _2708_/X
 _2709_/X
 _2710_/X
 _2711_/X
 _2712_/X
 _2713_/X
 _2714_/X
 _2715_/Y
 _2716_/X
 _2717_/X
 _2718_/X
 _2719_/X
 _2720_/X
 _2721_/X
 _2722_/X
 _2723_/X
 _2724_/Y
 _2725_/X
 _2726_/X
 _2727_/X
 _2728_/X
 _2729_/X
 _2730_/X
 _2731_/X
 _2732_/X
 _2733_/Y
 _2734_/X
 _2735_/X
 _2736_/X
 _2737_/X
 _2738_/X
 _2739_/X
 _2740_/X
 _2741_/X
 _2742_/X
 _2743_/Y
 _2744_/X
 _2745_/X
 _2746_/Y
 _2747_/Y
 _2748_/X
 _2749_/X
 _2750_/X
 _2751_/X
 _2752_/Y
 _2753_/X
 _2754_/X
 _2755_/X
 _2756_/Y
 _2757_/X
 _2758_/X
 _2759_/X
 _2760_/X
 _2761_/X
 _2762_/Y
 _2763_/X
 _2764_/X
 _2765_/Y
 _2766_/Y
 _2767_/X
 _2768_/X
 _2769_/X
 _2770_/X
 _2771_/X
 _2772_/X
 _2773_/X
 _2774_/X
 _2775_/X
 _2776_/X
 _2777_/X
 _2778_/X
 _2779_/X
 _2780_/X
 _2781_/Y
 _2782_/X
 _2783_/X
 _2784_/X
 _2785_/X
 _2786_/X
 _2787_/X
 _2788_/X
 _2789_/X
 _2790_/Y
 _2791_/X
 _2792_/X
 _2793_/X
 _2794_/X
 _2795_/X
 _2796_/X
 _2797_/X
 _2798_/Y
 _2799_/Y
 _2800_/X
 _2801_/X
 _2802_/X
 _2803_/X
 _2804_/X
 _2805_/X
 _2806_/X
 _2807_/X
 _2808_/Y
 _2809_/X
 _2810_/X
 _2811_/X
 _2812_/X
 _2813_/X
 _2814_/X
 _2815_/X
 _2816_/X
 _2817_/Y
 _2818_/X
 _2819_/X
 _2820_/X
 _2821_/X
 _2822_/X
 _2823_/X
 _2824_/X
 _2825_/X
 _2826_/X
 _2827_/Y
 _2828_/X
 _2829_/X
 _2830_/X
 _2831_/Y
 _2832_/Y
 _2833_/X
 _2834_/Y
 _2835_/X
 _2836_/X
 _2837_/Y
 _2838_/Y
 _2839_/X
 _2840_/X
 _2841_/X
 _2842_/Y
 _2843_/X
 _2844_/X
 _2845_/Y
 _2846_/Y
 _2847_/X
 _2848_/Y
 _2849_/X
 _2850_/X
 _2851_/Y
 _2852_/Y
 _2853_/X
 _2854_/X
 _2855_/Y
 _2856_/Y
 _2857_/Y
 _2858_/X
 _2859_/X
 _2860_/Y
 _2861_/Y
 _2862_/X
 _2863_/X
 _2864_/X
 _2865_/X
 _2866_/X
 _2867_/X
 _2868_/X
 _2869_/X
 _2870_/X
 _2871_/Y
 _2872_/X
 _2873_/X
 _2874_/X
 _2875_/X
 _2876_/X
 _2877_/X
 _2878_/X
 _2879_/X
 _2880_/X
 _2881_/X
 _2882_/X
 _2883_/X
 _2884_/X
 _2885_/X
 _2886_/X
 _2887_/X
 _2888_/X
 _2889_/X
 _2890_/X
 _2891_/X
 _2892_/X
 _2893_/X
 _2894_/Y
 _2895_/Y
 _2896_/X
 _2897_/Y
 _2898_/Y
 _2899_/X
 _2900_/Y
 _2901_/Y
 _2902_/X
 _2903_/Y
 _2904_/Y
 _2905_/X
 _2906_/Y
 _2907_/Y
 _2908_/X
 _2909_/Y
 _2910_/Y
 _2911_/X
 _2912_/Y
 _2913_/Y
 _2914_/X
 _2915_/Y
 _2916_/Y
 _2917_/X
 _2918_/Y
 _2919_/Y
 _2920_/X
 _2921_/Y
 _2922_/Y
 _2923_/X
 _2924_/Y
 _2925_/Y
 _2926_/X
 _2927_/Y
 _2928_/X
 _2929_/Y
 _2930_/X
 _2931_/X
 _2932_/X
 _2933_/X
 _2934_/X
 _2935_/X
 _2936_/X
 _2937_/Y
 _2938_/X
 _2939_/Y
 _2940_/X
 _2941_/Y
 _2942_/Y
 _2943_/X
 _2944_/Y
 _2945_/X
 _2946_/Y
 _2947_/X
 _2948_/Y
 _2949_/X
 _2950_/Y
 _2951_/X
 _2952_/Y
 _2953_/X
 _2954_/Y
 _2955_/Y
 _2956_/X
 _2957_/Y
 _2958_/X
 _2959_/Y
 _2960_/Y
 _2961_/X
 _2962_/Y
 _2963_/X
 _2964_/Y
 _2965_/X
 _2966_/Y
 _2967_/X
 _2968_/Y
 _2969_/X
 _2970_/X
 _2971_/X
 _2972_/X
 _2973_/X
 _2974_/X
 _2975_/Y
 _2976_/Y
 _2977_/X
 _2978_/Y
 _2979_/Y
 _2980_/Y
 _2981_/Y
 _2982_/Y
 _2983_/X
 _2984_/X
 _2985_/X
 _2986_/X
 _2987_/X
 _2988_/X
 _2989_/X
 _2990_/Y
 _2991_/Y
 _2992_/X
 _2993_/X
 _2994_/Y
 _2995_/X
 _2996_/X
 _2997_/X
 _2998_/Y
 _2999_/X
 _3000_/X
 _3001_/X
 _3002_/X
 _3003_/X
 _3004_/X
 _3005_/X
 _3006_/X
 _3007_/Y
 _3008_/X
 _3009_/X
 _3010_/X
 _3011_/X
 _3012_/X
 _3013_/X
 _3014_/X
 _3015_/X
 _3016_/X
 _3017_/X
 _3018_/X
 _3019_/X
 _3020_/X
 _3021_/X
 _3022_/X
 _3023_/X
 _3024_/X
 _3025_/Y
 _3026_/X
 _3027_/X
 _3028_/X
 _3029_/X
 _3030_/X
 _3031_/X
 _3032_/X
 _3033_/X
 _3034_/Y
 _3035_/Y
 _3036_/Y
 _3037_/X
 _3038_/Y
 _3039_/Y
 _3040_/Y
 _3041_/X
 _3042_/X
 _3043_/X
 _3044_/X
 _3045_/Y
 _3046_/X
 _3047_/X
 _3048_/X
 _3049_/X
 _3050_/X
 _3051_/X
 _3052_/X
 _3053_/Y
 _3054_/X
 _3055_/Y
 _3056_/X
 _3057_/X
 _3058_/X
 _3059_/Y
 _3060_/Y
 _3061_/X
 _3062_/Y
 _3063_/X
 _3064_/X
 _3065_/X
 _3066_/Y
 _3067_/Y
 _3068_/X
 _3069_/X
 _3070_/Y
 _3071_/X
 _3072_/Y
 _3073_/X
 _3074_/X
 _3075_/Y
 _3076_/X
 _3077_/X
 _3078_/Y
 _3079_/X
 _3080_/X
 _3081_/Y
 _3082_/Y
 _3083_/X
 _3084_/X
 _3085_/Y
 _3086_/X
 _3087_/X
 _3088_/X
 _3089_/X
 _3090_/Y
 _3091_/X
 _3092_/X
 _3093_/X
 _3094_/X
 _3095_/X
 _3096_/Y
 _3097_/Y
 _3098_/Y
 _3099_/X
 _3100_/Y
 _3101_/X
 _3102_/X
 _3103_/Y
 _3104_/X
 _3105_/X
 _3106_/Y
 _3107_/X
 _3108_/X
 _3109_/X
 _3110_/X
 _3111_/X
 _3112_/X
 _3113_/X
 _3114_/X
 _3115_/X
 _3116_/X
 _3117_/Y
 _3118_/X
 _3119_/X
 _3120_/Y
 _3121_/X
 _3122_/X
 _3123_/X
 _3124_/Y
 _3125_/Y
 _3126_/X
 _3127_/Y
 _3128_/X
 _3129_/X
 _3130_/X
 _3131_/Y
 _3132_/Y
 _3133_/Y
 _3134_/X
 _3135_/X
 _3136_/X
 _3137_/Y
 _3138_/Y
 _3139_/Y
 _3140_/X
 _3141_/X
 _3142_/X
 _3143_/X
 _3144_/Y
 _3145_/X
 _3146_/X
 _3147_/X
 _3148_/X
 _3149_/Y
 _3150_/X
 _3151_/Y
 _3152_/Y
 _3153_/X
 _3154_/X
 _3155_/X
 _3156_/X
 _3157_/Y
 _3158_/X
 _3159_/X
 _3160_/X
 _3161_/X
 _3162_/X
 _3163_/X
 _3164_/X
 _3165_/X
 _3166_/Y
 _3167_/X
 _3168_/X
 _3169_/X
 _3170_/X
 _3171_/X
 _3172_/X
 _3173_/X
 _3174_/X
 _3175_/Q
 _3176_/Q
 _3177_/Q
 _3178_/Q
 _3179_/Q
 _3180_/Q
 _3181_/Q
 _3182_/Q
 _3183_/Q
 _3184_/Q
 _3185_/Q
 _3186_/Q
 _3187_/Q
 _3188_/Q
 _3189_/Q
 _3190_/Q
 _3191_/Q
 _3192_/Q
 _3193_/Q
 _3194_/Q
 _3195_/Q
 _3196_/Q
 _3197_/Q
 _3198_/Q
 _3199_/Q
 _3200_/Q
 _3201_/Q
 _3202_/Q
 _3203_/Q
 _3204_/Q
 _3205_/Q
 _3206_/Q
 _3207_/Q
 _3208_/Q
 _3209_/Q
 _3210_/Q
 _3211_/Q
 _3212_/Q
 _3213_/Q
 _3214_/Q
 _3215_/Q
 _3216_/Q
 _3217_/Q
 _3218_/Q
 _3219_/Q
 _3220_/Q
 _3221_/Q
 _3222_/Q
 _3223_/Q
 _3224_/Q
 _3225_/Q
 _3226_/Q
 _3227_/Q
 _3228_/Q
 _3229_/Q
 _3230_/Q
 _3231_/Q
 _3232_/Q
 _3233_/Q
 _3234_/Q
 _3235_/Q
 _3236_/Q
 _3237_/Q
 _3238_/Q
 _3239_/Q
 _3240_/Q
 _3241_/Q
 _3242_/Q
 _3243_/Q
 _3244_/Q
 _3245_/Q
 _3246_/Q
 _3247_/Q
 _3248_/Q
 _3249_/Q
 _3250_/Q
 _3251_/Q
 _3252_/Q
 _3253_/Q
 _3254_/Q
 _3255_/Q
 _3256_/Q
 _3257_/Q
 _3258_/Q
 _3259_/Q
 _3260_/Q
 _3261_/Q
 _3262_/Q
 _3263_/Q
 _3264_/Q
 _3265_/Q
 _3266_/Q
 _3267_/Q
 _3268_/Q
 _3269_/Q
 _3270_/Q
 _3271_/Q
 _3272_/Q
 _3273_/Q
 _3274_/Q
 _3275_/Q
 _3276_/Q
 _3277_/Q
 _3278_/Q
 _3279_/Q
 _3280_/Q
 _3281_/Q
 _3282_/Q
 _3283_/Q
 _3284_/Q
 _3285_/Q
 _3286_/Q
 _3287_/Q
 _3288_/Q
 _3289_/Q
 _3290_/Q
 _3291_/Q
 _3292_/Q
 _3293_/Q
 _3294_/Q
 _3295_/Q
 _3296_/Q
 _3297_/Q
 _3298_/Q
 _3299_/Q
 _3300_/Q
 _3301_/Q
 _3302_/Q
 _3303_/Q
 _3304_/Q
 _3305_/Q
 _3306_/Q
 _3307_/Q
 _3308_/Q
 _3309_/Q
 _3310_/Q
 _3311_/Q
 _3312_/Q
 _3313_/Q
 _3314_/Q
 _3315_/Q
 _3316_/Q
 _3317_/Q
 _3318_/Q
 _3319_/Q
 _3320_/Q
 _3321_/Q
 _3322_/Q
 _3323_/Q
 _3324_/Q
 _3325_/Q
 _3326_/Q
 _3327_/Q
 _3328_/Q
 _3329_/Q
 _3330_/Q
 _3331_/Q
 _3332_/Q
 _3333_/Q
 _3334_/Q
 _3335_/Q
 _3336_/Q
 _3337_/Q
 _3338_/Q
 _3339_/Q
 _3340_/Q
 _3341_/Q
 _3342_/Q
 _3343_/Q
 _3344_/Q
 _3345_/Q
 _3346_/Q
 _3347_/Q
 _3348_/Q
 _3349_/Q
 _3350_/Q
 _3351_/Q
 _3352_/Q
 _3353_/Q
 _3354_/Q
 _3355_/Q
 _3356_/Q
 _3357_/Q
 _3358_/Q
 _3359_/Q
 _3360_/Q
 _3361_/Q
 _3362_/Q
 _3363_/Q
 _3364_/Q
 _3365_/Q
 _3366_/Q
 _3367_/Q
 _3368_/Q
 _3369_/Q
 _3370_/Q
 _3371_/Q
 _3372_/Q
 _3373_/Q
 _3374_/Q
 _3375_/Q
 _3376_/Q
 _3377_/Q
 _3378_/Q
 _3379_/Q
 _3380_/Q
 _3381_/Q
 _3382_/Q
 _3383_/Q
 _3384_/Q
 _3385_/Q
 _3386_/Q
 _3387_/Q
 _3388_/Q
 _3389_/Q
 _3390_/Q
 _3391_/Q
 _3392_/Q
 _3393_/Q
 _3394_/Q
 _3395_/Q
 _3396_/Q
 _3397_/Q
 _3398_/Q
 _3399_/Q
 _3400_/Q
 _3401_/Q
 _3402_/Q
 _3403_/Q
 _3404_/Q
 _3405_/Q
 _3406_/Q
 _3407_/Q
 _3408_/Q
 _3409_/Q
 _3410_/Q
 _3411_/Q
 _3412_/Q
 _3413_/Q
 _3414_/Q
 _3415_/Q
 _3416_/Q
 _3417_/Q
 _3418_/Q
 _3419_/Q
 _3420_/Q
 _3421_/Q
 _3422_/Q
 _3423_/Q
 _3424_/Q
 _3425_/Q
 _3426_/Q
 _3427_/Q
 _3428_/Q
 _3429_/Q
 _3430_/Q
 _3431_/Q
 _3432_/Q
 _3433_/Q
 _3434_/Q
 _3435_/Q
 _3436_/Q
 _3437_/Q
 _3438_/Q
 _3439_/Q
 _3440_/Q
 _3441_/Q
 _3442_/Q
 _3443_/Q
 _3444_/Q
 _3445_/Q
 _3446_/Q
 _3447_/Q
 _3448_/Q
 _3449_/Q
 _3450_/Q
 _3451_/Q
 _3452_/Q
 _3453_/Q
 _3454_/Q
 _3455_/Q
 _3456_/Q
 _3457_/Q
 _3458_/Q
 _3459_/Q
 _3460_/Q
 _3461_/Q
 _3462_/Q
 _3463_/Q
 _3464_/Q
 _3465_/Q
 _3466_/Q
 _3467_/Q
 _3468_/Q
 _3469_/Q
 _3470_/Q
 _3471_/Q
 _3472_/Q
 _3473_/Q
 _3474_/Q
 _3475_/Q
 _3476_/Q
 _3477_/Q
 _3478_/Q
 _3479_/Q
 _3480_/Q
 _3481_/Q
 _3482_/Q
 _3483_/Q
 _3484_/Q
 _3485_/Q
 _3486_/Q
 _3487_/Q
 _3488_/Q
 _3489_/Q
 _3490_/Q
 _3491_/Q
 _3492_/Q
 _3493_/Q
 _3494_/Q
 _3495_/Q
 _3496_/Q
 _3497_/Q
 _3498_/Q
 _3499_/Q
 _3500_/Q
 _3501_/Q
 _3502_/Q
 _3503_/Q
 _3504_/Q
 _3505_/Q
 _3506_/Q
 _3507_/Q
 _3508_/Q
 _3509_/Q
 _3510_/Q
 _3511_/Q
 _3512_/Q
 _3513_/Q
 _3514_/Q
 _3515_/Q
 _3516_/Q
 _3517_/Q
 _3518_/Q
 _3519_/Q
 _3520_/Q
 _3521_/Q
 _3522_/Q
 _3523_/Q
 _3524_/Q
 _3525_/Q
 _3526_/Q
 _3527_/Q
 _3528_/Q
 _3529_/Q
 _3530_/Q
 _3531_/Q
 _3532_/Q
 _3533_/Q
 _3534_/Q
 _3535_/Q
 _3536_/Q
 _3537_/Q
 _3538_/Q
 _3539_/Q
 _3540_/Q
 _3541_/Q
 _3542_/Q
 _3543_/Q
 _3544_/Q
 _3545_/Q
 _3546_/Q
 _3547_/Q
 _3548_/Q
 _3549_/Q
 _3550_/Q
 _3551_/Q
 _3552_/Q
 _3553_/Q
 _3554_/Q
 _3555_/Q
 _3556_/Q
 _3557_/Q
 _3558_/Q
 _3559_/Q
 _3560_/Q
 _3561_/Q
 _3562_/Q
 _3563_/Q
 _3564_/Q
 _3565_/Q
 _3566_/Q
 _3567_/Q
 _3568_/Q
 _3569_/Q
 _3570_/Q
 _3571_/Q
 _3572_/Q
 _3573_/Q
 _3574_/Q
 _3575_/Q
 _3576_/Q
 _3577_/Q
 _3578_/Q
 _3579_/Q
 _3580_/Q
 _3581_/Q
 _3582_/Q
 _3583_/Q
 _3584_/Q
 _3585_/Q
 _3586_/Q
 _3587_/Q
 _3588_/Q
 _3589_/Q
 _3590_/Q
 _3591_/Q
 _3592_/Q
 _3593_/Q
 _3594_/Q
 _3595_/Q
 _3596_/Q
 _3597_/Q
 _3598_/Q
 _3599_/Q
 _3600_/Q
 _3601_/Q
 _3602_/Q
 _3603_/Q
 _3604_/Q
 _3605_/Q
 _3606_/Q
 _3607_/Q
 _3608_/Q
 _3609_/Q
 _3610_/Q
 _3611_/Q
 _3612_/Q
 _3613_/Q
 _3614_/Q
 _3615_/Q
 _3616_/Q
 _3617_/Q
 _3618_/Q
 _3619_/Q
 _3620_/Q
 _3621_/Q
 _3622_/Q
 _3623_/Q
 _3624_/Q
 _3625_/Q
 _3626_/Q
 _3627_/Q
 _3628_/Q
 _3629_/Q
 _3630_/Q
 _3631_/Q
 _3632_/Q
 _3633_/Q
 _3634_/Q
 _3635_/Q
 _3636_/Q
 _3637_/Q
 _3638_/Q
 _3639_/Q
 _3640_/Q
 _3641_/Q
 _3642_/Q
 _3643_/Q
 _3644_/Q
 _3645_/Q
 _3646_/Q
 _3647_/Q
 _3648_/Q
 _3649_/Q
 _3650_/Q
 _3651_/Q
 _3652_/Q
 _3653_/Q
 _3654_/Q
 _3655_/Q
 _3656_/Q
 _3657_/Q
 _3658_/Q
 _3659_/Q
 _3660_/Q
 _3661_/Q
 _3662_/Q
 _3663_/Q
 _3664_/Q
 _3665_/Q
 _3666_/Q
 _3667_/Q
 _3668_/Q
 _3669_/Q
 _3670_/Q
 _3671_/Q
 _3672_/Q
 _3673_/Q
 _3674_/Q
 _3675_/Q
 _3676_/Q
 _3677_/Q
 _3678_/Q
 _3679_/Q
 _3680_/Q
 _3681_/Q
 _3682_/Q
 _3683_/Q
 _3684_/Q
 _3685_/Q
 _3686_/Q
 _3687_/Q
 _3688_/Q
 _3689_/Q
 _3690_/Q
 _3691_/Q
 _3692_/Q
 _3693_/Q
 _3694_/Q
 _3695_/Q
 _3696_/Q
 _3697_/Q
 _3698_/Q
 _3699_/Q
 _3700_/Q
 _3701_/Q
 _3702_/Q
 _3703_/Q
 _3704_/Q
 _3705_/Q
 _3706_/Q
 _3707_/Q
 _3708_/Q
 _3709_/Q
 _3710_/Q
 _3711_/Q
 _3712_/Q
 _3713_/Q
 _3714_/Q
 _3715_/Q
 _3716_/Q
 _3717_/Q
 _3718_/Q
 _3719_/Q
 _3720_/Q
 _3721_/Q
 _3722_/Q
 _3723_/Q
 _3724_/Q
 _3725_/Q
 _3726_/Q
 _3727_/Q
 _3728_/Q
 _3729_/Q
 _3730_/Q
 _3731_/Q
 _3732_/Q
 _3733_/Q
 _3734_/Q
 _3735_/Q
 _3736_/Q
 _3737_/Q
 _3738_/Q
 _3739_/Q
 _3740_/Q
 _3741_/Q
 _3742_/Q
 _3743_/Q
 _3744_/Q
 _3745_/Q
 _3746_/Q
 _3747_/Q
 _3748_/Q
 _3749_/Q
 _3750_/Q
 _3751_/Q
 _3752_/Q
 _3753_/Q
 _3754_/Q
 _3755_/Q
 _3756_/Q
 _3757_/Q
 _3758_/Q
 _3759_/Q
 _3760_/Q
 _3761_/Q
 _3762_/Q
 _3763_/Q
 _3764_/Q
 _3765_/Q
 _3766_/Q
 _3767_/Q
 _3768_/Q
 _3769_/Q
 _3770_/Q
 _3771_/Q
 _3772_/Q
 _3773_/Q
 _3774_/Q
 _3775_/Q
 _3776_/Q
 _3777_/Q
 _3778_/Q
 _3779_/Q
 _3780_/Q
 _3781_/Q
 _3782_/Q
 _3783_/Q
 _3784_/Q
 _3785_/Q
 _3786_/Q
 _3787_/Q
 _3788_/Q
 _3789_/Q
 _3790_/Q
 _3791_/Q
 _3792_/Q
 _3793_/Q
 _3794_/Q
 _3795_/Q
 _3796_/Q
 _3797_/Q
 _3798_/Q
 _3799_/Q
 _3800_/Q
 _3801_/Q
 _3802_/Q
 _3803_/Q
 _3804_/Q
 _3805_/Q
 _3806_/Q
 _3807_/Q
 _3808_/Q
 _3809_/Q
 _3810_/Q
 _3811_/Q
 _3812_/Q
 _3813_/Q
 _3814_/Q
 _3815_/Q
 _3816_/Q
 _3817_/Q
 _3818_/Q
 _3819_/Q
 _3820_/Q
 _3821_/Q
 _3822_/Q
 _3823_/Q
 _3824_/Q
 _3825_/Q
 _3826_/Q
 _3827_/Q
 _3828_/Q
 _3829_/Q
 _3830_/Q
 _3831_/Q
 _3832_/Q
 _3833_/Q
 _3834_/Q
 _3835_/Q
 _3836_/Q
 _3837_/Q
 _3838_/Q
 _3839_/HI
 _3839_/LO
Found 0 partially unannotated drivers.

===========================================================================
max slew violation count 703
max fanout violation count 40
max cap violation count 2
============================================================================

===========================================================================
check_setup -verbose -unconstrained_endpoints -multiple_clock -no_clock -no_input_delay -loops -generated_clocks
===========================================================================
Warning: There is 1 unconstrained endpoint.
  _3745_/D
