Clock: clk
Sources: clk 
Generated: no
Virtual: yes
Propagated: no
Period: 10.000000

===========================================================================
report_clock_properties
============================================================================
Clock                   Period          Waveform
----------------------------------------------------
clk                  10.000000    0.000000  5.000000

===========================================================================
report_clock_latency
============================================================================
Clock clk
rise -> rise
    min     max
0.000000 0.000000 source latency
0.360147         network latency _3373_/CLK
        0.501770 network latency _3433_/CLK
---------------
0.360147 0.501770 latency
        0.141623 skew

fall -> fall
    min     max
0.000000 0.000000 source latency
0.307598         network latency _3373_/CLK
        0.440478 network latency _3433_/CLK
---------------
0.307598 0.440478 latency
        0.132880 skew



===========================================================================
report_clock_min_period
============================================================================
clk period_min = 3.23 fmax = 309.45
