
===========================================================================
 report_power
============================================================================
======================= nom_ff_n40C_1v95 Corner ===================================

Group                    Internal    Switching      Leakage        Total
                            Power        Power        Power        Power (Watts)
------------------------------------------------------------------------
Sequential           3.121187e-03 1.894160e-05 1.091090e-08 3.140139e-03  54.8%
Combinational        3.289865e-05 3.226252e-05 2.661982e-08 6.518779e-05   1.1%
Clock                1.181655e-03 1.348045e-03 1.004767e-08 2.529710e-03  44.1%
Macro                0.000000e+00 0.000000e+00 0.000000e+00 0.000000e+00   0.0%
Pad                  0.000000e+00 0.000000e+00 0.000000e+00 0.000000e+00   0.0%
------------------------------------------------------------------------
Total                4.335737e-03 1.399250e-03 4.757788e-08 5.735034e-03 100.0%
                            75.6%        24.4%         0.0%

