
===========================================================================
report_checks -unconstrained
===========================================================================
======================= min_ss_100C_1v60 Corner ===================================

Startpoint: _3748_ (rising edge-triggered flip-flop clocked by clk)
Endpoint: _3622_ (recovery check against rising-edge clock clk)
Path Group: asynchronous
Path Type: max

Fanout         Cap        Slew       Delay        Time   Description
---------------------------------------------------------------------------------------------
                                  0.000000    0.000000   clock clk (rise edge)
                                  0.000000    0.000000   clock source latency
     1    0.023234    0.172463    0.118063    0.118063 ^ clk (in)
                                                         clk (net)
                      0.172464    0.000000    0.118063 ^ clkbuf_0_clk/A (sky130_fd_sc_hd__clkbuf_16)
     8    0.120109    0.204255    0.382974    0.501037 ^ clkbuf_0_clk/X (sky130_fd_sc_hd__clkbuf_16)
                                                         clknet_0_clk (net)
                      0.204342    0.003942    0.504978 ^ clkbuf_3_1__f_clk/A (sky130_fd_sc_hd__clkbuf_16)
    10    0.071163    0.135855    0.345649    0.850627 ^ clkbuf_3_1__f_clk/X (sky130_fd_sc_hd__clkbuf_16)
                                                         clknet_3_1__leaf_clk (net)
                      0.135872    0.001540    0.852167 ^ clkbuf_leaf_4_clk/A (sky130_fd_sc_hd__clkbuf_8)
     8    0.036774    0.121991    0.301933    1.154100 ^ clkbuf_leaf_4_clk/X (sky130_fd_sc_hd__clkbuf_8)
                                                         clknet_leaf_4_clk (net)
                      0.121991    0.000294    1.154394 ^ _3748_/CLK (sky130_fd_sc_hd__dfxtp_2)
     1    0.002540    0.051247    0.655628    1.810022 ^ _3748_/Q (sky130_fd_sc_hd__dfxtp_2)
                                                         rst_n (net)
                      0.051247    0.000030    1.810052 ^ hold1/A (sky130_fd_sc_hd__dlygate4sd3_1)
     4    0.034826    0.538959    1.390492    3.200544 ^ hold1/X (sky130_fd_sc_hd__dlygate4sd3_1)
                                                         net157 (net)
                      0.538959    0.000083    3.200627 ^ fanout114/A (sky130_fd_sc_hd__buf_2)
     5    0.044551    0.349566    0.592344    3.792971 ^ fanout114/X (sky130_fd_sc_hd__buf_2)
                                                         net114 (net)
                      0.349566    0.000338    3.793308 ^ fanout113/A (sky130_fd_sc_hd__buf_2)
     6    0.043342    0.340594    0.511128    4.304436 ^ fanout113/X (sky130_fd_sc_hd__buf_2)
                                                         net113 (net)
                      0.340594    0.000143    4.304579 ^ fanout108/A (sky130_fd_sc_hd__clkbuf_2)
     5    0.029397    0.256212    0.440423    4.745002 ^ fanout108/X (sky130_fd_sc_hd__clkbuf_2)
                                                         net108 (net)
                      0.256212    0.000105    4.745108 ^ fanout107/A (sky130_fd_sc_hd__clkbuf_4)
    10    0.045261    0.227850    0.448783    5.193891 ^ fanout107/X (sky130_fd_sc_hd__clkbuf_4)
                                                         net107 (net)
                      0.227850    0.000611    5.194501 ^ fanout106/A (sky130_fd_sc_hd__clkbuf_4)
    10    0.042578    0.215787    0.428219    5.622720 ^ fanout106/X (sky130_fd_sc_hd__clkbuf_4)
                                                         net106 (net)
                      0.215787    0.000932    5.623652 ^ _3622_/RESET_B (sky130_fd_sc_hd__dfrtp_2)
                                              5.623652   data arrival time

                                 10.000000   10.000000   clock clk (rise edge)
                                  0.000000   10.000000   clock source latency
     1    0.023234    0.172463    0.118063   10.118063 ^ clk (in)
                                                         clk (net)
                      0.172464    0.000000   10.118063 ^ clkbuf_0_clk/A (sky130_fd_sc_hd__clkbuf_16)
     8    0.120109    0.204255    0.382974   10.501037 ^ clkbuf_0_clk/X (sky130_fd_sc_hd__clkbuf_16)
                                                         clknet_0_clk (net)
                      0.204288    0.002657   10.503695 ^ clkbuf_3_3__f_clk/A (sky130_fd_sc_hd__clkbuf_16)
     9    0.072377    0.137516    0.346814   10.850509 ^ clkbuf_3_3__f_clk/X (sky130_fd_sc_hd__clkbuf_16)
                                                         clknet_3_3__leaf_clk (net)
                      0.137526    0.001353   10.851861 ^ clkbuf_leaf_40_clk/A (sky130_fd_sc_hd__clkbuf_8)
     9    0.030727    0.108807    0.291196   11.143057 ^ clkbuf_leaf_40_clk/X (sky130_fd_sc_hd__clkbuf_8)
                                                         clknet_leaf_40_clk (net)
                      0.108807    0.000071   11.143127 ^ _3622_/CLK (sky130_fd_sc_hd__dfrtp_2)
                                 -0.250000   10.893127   clock uncertainty
                                  0.000000   10.893127   clock reconvergence pessimism
                                  0.395379   11.288507   library recovery time
                                             11.288507   data required time
---------------------------------------------------------------------------------------------
                                             11.288507   data required time
                                             -5.623652   data arrival time
---------------------------------------------------------------------------------------------
                                              5.664854   slack (MET)


Startpoint: _3662_ (rising edge-triggered flip-flop clocked by clk)
Endpoint: _3552_ (rising edge-triggered flip-flop clocked by clk)
Path Group: clk
Path Type: max

Fanout         Cap        Slew       Delay        Time   Description
---------------------------------------------------------------------------------------------
                                  0.000000    0.000000   clock clk (rise edge)
                                  0.000000    0.000000   clock source latency
     1    0.023234    0.172463    0.118063    0.118063 ^ clk (in)
                                                         clk (net)
                      0.172464    0.000000    0.118063 ^ clkbuf_0_clk/A (sky130_fd_sc_hd__clkbuf_16)
     8    0.120109    0.204255    0.382974    0.501037 ^ clkbuf_0_clk/X (sky130_fd_sc_hd__clkbuf_16)
                                                         clknet_0_clk (net)
                      0.204350    0.004089    0.505126 ^ clkbuf_3_5__f_clk/A (sky130_fd_sc_hd__clkbuf_16)
     9    0.073375    0.138903    0.348010    0.853137 ^ clkbuf_3_5__f_clk/X (sky130_fd_sc_hd__clkbuf_16)
                                                         clknet_3_5__leaf_clk (net)
                      0.138916    0.001425    0.854561 ^ clkbuf_leaf_19_clk/A (sky130_fd_sc_hd__clkbuf_8)
     9    0.044978    0.141705    0.318607    1.173169 ^ clkbuf_leaf_19_clk/X (sky130_fd_sc_hd__clkbuf_8)
                                                         clknet_leaf_19_clk (net)
                      0.141705    0.000293    1.173461 ^ _3662_/CLK (sky130_fd_sc_hd__dfrtp_2)
     4    0.027567    0.235437    0.870501    2.043963 ^ _3662_/Q (sky130_fd_sc_hd__dfrtp_2)
                                                         u_rx_fifo.rd_ptr[0] (net)
                      0.235437    0.000158    2.044121 ^ fanout154/A (sky130_fd_sc_hd__clkbuf_4)
     8    0.044492    0.224223    0.437623    2.481743 ^ fanout154/X (sky130_fd_sc_hd__clkbuf_4)
                                                         net154 (net)
                      0.224225    0.001217    2.482960 ^ _1674_/S0 (sky130_fd_sc_hd__mux4_1)
     1    0.003421    0.165213    1.286007    3.768967 v _1674_/X (sky130_fd_sc_hd__mux4_1)
                                                         _0741_ (net)
                      0.165213    0.000044    3.769011 v _1675_/A1 (sky130_fd_sc_hd__mux2_2)
     2    0.018161    0.163738    0.688977    4.457989 v _1675_/X (sky130_fd_sc_hd__mux2_2)
                                                         _0742_ (net)
                      0.163738    0.000708    4.458697 v _1677_/B1 (sky130_fd_sc_hd__a22o_2)
     5    0.046202    0.246147    0.610904    5.069602 v _1677_/X (sky130_fd_sc_hd__a22o_2)
                                                         _0744_ (net)
                      0.246147    0.000688    5.070289 v fanout42/A (sky130_fd_sc_hd__clkbuf_4)
    10    0.055558    0.206948    0.461157    5.531446 v fanout42/X (sky130_fd_sc_hd__clkbuf_4)
                                                         net42 (net)
                      0.206949    0.000950    5.532396 v _1728_/A (sky130_fd_sc_hd__or4b_1)
     2    0.004355    0.204371    1.285500    6.817896 v _1728_/X (sky130_fd_sc_hd__or4b_1)
                                                         _0795_ (net)
                      0.204371    0.000025    6.817922 v _1750_/B (sky130_fd_sc_hd__or4b_1)
     2    0.005169    0.214113    1.263456    8.081378 v _1750_/X (sky130_fd_sc_hd__or4b_1)
                                                         _0815_ (net)
                      0.214113    0.000017    8.081394 v _1789_/B (sky130_fd_sc_hd__or2_2)
     4    0.020317    0.195644    0.807432    8.888826 v _1789_/X (sky130_fd_sc_hd__or2_2)
                                                         _0846_ (net)
                      0.195726    0.000419    8.889246 v _2468_/B (sky130_fd_sc_hd__nor2_1)
     2    0.008528    0.285588    0.310094    9.199340 ^ _2468_/Y (sky130_fd_sc_hd__nor2_1)
                                                         _1191_ (net)
                      0.285588    0.000135    9.199475 ^ fanout14/A (sky130_fd_sc_hd__buf_4)
     5    0.034578    0.167372    0.377263    9.576738 ^ fanout14/X (sky130_fd_sc_hd__buf_4)
                                                         net14 (net)
                      0.167372    0.000063    9.576801 ^ fanout13/A (sky130_fd_sc_hd__clkbuf_4)
     9    0.042978    0.217572    0.401382    9.978183 ^ fanout13/X (sky130_fd_sc_hd__clkbuf_4)
                                                         net13 (net)
                      0.217572    0.000200    9.978383 ^ fanout12/A (sky130_fd_sc_hd__buf_4)
    10    0.044949    0.209326    0.381624   10.360006 ^ fanout12/X (sky130_fd_sc_hd__buf_4)
                                                         net12 (net)
                      0.209326    0.000727   10.360733 ^ _2636_/S (sky130_fd_sc_hd__mux2_1)
     1    0.003076    0.112844    0.754258   11.114991 v _2636_/X (sky130_fd_sc_hd__mux2_1)
                                                         _0379_ (net)
                      0.112844    0.000036   11.115026 v _3552_/D (sky130_fd_sc_hd__dfrtp_1)
                                             11.115026   data arrival time

                                 10.000000   10.000000   clock clk (rise edge)
                                  0.000000   10.000000   clock source latency
     1    0.023234    0.172463    0.118063   10.118063 ^ clk (in)
                                                         clk (net)
                      0.172464    0.000000   10.118063 ^ clkbuf_0_clk/A (sky130_fd_sc_hd__clkbuf_16)
     8    0.120109    0.204255    0.382974   10.501037 ^ clkbuf_0_clk/X (sky130_fd_sc_hd__clkbuf_16)
                                                         clknet_0_clk (net)
                      0.204288    0.002657   10.503695 ^ clkbuf_3_3__f_clk/A (sky130_fd_sc_hd__clkbuf_16)
     9    0.072377    0.137516    0.346814   10.850509 ^ clkbuf_3_3__f_clk/X (sky130_fd_sc_hd__clkbuf_16)
                                                         clknet_3_3__leaf_clk (net)
                      0.137526    0.001353   10.851861 ^ clkbuf_leaf_40_clk/A (sky130_fd_sc_hd__clkbuf_8)
     9    0.030727    0.108807    0.291196   11.143057 ^ clkbuf_leaf_40_clk/X (sky130_fd_sc_hd__clkbuf_8)
                                                         clknet_leaf_40_clk (net)
                      0.108807    0.000146   11.143202 ^ _3552_/CLK (sky130_fd_sc_hd__dfrtp_1)
                                 -0.250000   10.893202   clock uncertainty
                                  0.000000   10.893202   clock reconvergence pessimism
                                 -0.284078   10.609124   library setup time
                                             10.609124   data required time
---------------------------------------------------------------------------------------------
                                             10.609124   data required time
                                            -11.115026   data arrival time
---------------------------------------------------------------------------------------------
                                             -0.505902   slack (VIOLATED)




===========================================================================
report_checks --slack_max -0.01
============================================================================
======================= min_ss_100C_1v60 Corner ===================================

Startpoint: _3662_ (rising edge-triggered flip-flop clocked by clk)
Endpoint: _3552_ (rising edge-triggered flip-flop clocked by clk)
Path Group: clk
Path Type: max

Fanout         Cap        Slew       Delay        Time   Description
---------------------------------------------------------------------------------------------
                                  0.000000    0.000000   clock clk (rise edge)
                                  0.000000    0.000000   clock source latency
     1    0.023234    0.172463    0.118063    0.118063 ^ clk (in)
                                                         clk (net)
                      0.172464    0.000000    0.118063 ^ clkbuf_0_clk/A (sky130_fd_sc_hd__clkbuf_16)
     8    0.120109    0.204255    0.382974    0.501037 ^ clkbuf_0_clk/X (sky130_fd_sc_hd__clkbuf_16)
                                                         clknet_0_clk (net)
                      0.204350    0.004089    0.505126 ^ clkbuf_3_5__f_clk/A (sky130_fd_sc_hd__clkbuf_16)
     9    0.073375    0.138903    0.348010    0.853137 ^ clkbuf_3_5__f_clk/X (sky130_fd_sc_hd__clkbuf_16)
                                                         clknet_3_5__leaf_clk (net)
                      0.138916    0.001425    0.854561 ^ clkbuf_leaf_19_clk/A (sky130_fd_sc_hd__clkbuf_8)
     9    0.044978    0.141705    0.318607    1.173169 ^ clkbuf_leaf_19_clk/X (sky130_fd_sc_hd__clkbuf_8)
                                                         clknet_leaf_19_clk (net)
                      0.141705    0.000293    1.173461 ^ _3662_/CLK (sky130_fd_sc_hd__dfrtp_2)
     4    0.027567    0.235437    0.870501    2.043963 ^ _3662_/Q (sky130_fd_sc_hd__dfrtp_2)
                                                         u_rx_fifo.rd_ptr[0] (net)
                      0.235437    0.000158    2.044121 ^ fanout154/A (sky130_fd_sc_hd__clkbuf_4)
     8    0.044492    0.224223    0.437623    2.481743 ^ fanout154/X (sky130_fd_sc_hd__clkbuf_4)
                                                         net154 (net)
                      0.224225    0.001217    2.482960 ^ _1674_/S0 (sky130_fd_sc_hd__mux4_1)
     1    0.003421    0.165213    1.286007    3.768967 v _1674_/X (sky130_fd_sc_hd__mux4_1)
                                                         _0741_ (net)
                      0.165213    0.000044    3.769011 v _1675_/A1 (sky130_fd_sc_hd__mux2_2)
     2    0.018161    0.163738    0.688977    4.457989 v _1675_/X (sky130_fd_sc_hd__mux2_2)
                                                         _0742_ (net)
                      0.163738    0.000708    4.458697 v _1677_/B1 (sky130_fd_sc_hd__a22o_2)
     5    0.046202    0.246147    0.610904    5.069602 v _1677_/X (sky130_fd_sc_hd__a22o_2)
                                                         _0744_ (net)
                      0.246147    0.000688    5.070289 v fanout42/A (sky130_fd_sc_hd__clkbuf_4)
    10    0.055558    0.206948    0.461157    5.531446 v fanout42/X (sky130_fd_sc_hd__clkbuf_4)
                                                         net42 (net)
                      0.206949    0.000950    5.532396 v _1728_/A (sky130_fd_sc_hd__or4b_1)
     2    0.004355    0.204371    1.285500    6.817896 v _1728_/X (sky130_fd_sc_hd__or4b_1)
                                                         _0795_ (net)
                      0.204371    0.000025    6.817922 v _1750_/B (sky130_fd_sc_hd__or4b_1)
     2    0.005169    0.214113    1.263456    8.081378 v _1750_/X (sky130_fd_sc_hd__or4b_1)
                                                         _0815_ (net)
                      0.214113    0.000017    8.081394 v _1789_/B (sky130_fd_sc_hd__or2_2)
     4    0.020317    0.195644    0.807432    8.888826 v _1789_/X (sky130_fd_sc_hd__or2_2)
                                                         _0846_ (net)
                      0.195726    0.000419    8.889246 v _2468_/B (sky130_fd_sc_hd__nor2_1)
     2    0.008528    0.285588    0.310094    9.199340 ^ _2468_/Y (sky130_fd_sc_hd__nor2_1)
                                                         _1191_ (net)
                      0.285588    0.000135    9.199475 ^ fanout14/A (sky130_fd_sc_hd__buf_4)
     5    0.034578    0.167372    0.377263    9.576738 ^ fanout14/X (sky130_fd_sc_hd__buf_4)
                                                         net14 (net)
                      0.167372    0.000063    9.576801 ^ fanout13/A (sky130_fd_sc_hd__clkbuf_4)
     9    0.042978    0.217572    0.401382    9.978183 ^ fanout13/X (sky130_fd_sc_hd__clkbuf_4)
                                                         net13 (net)
                      0.217572    0.000200    9.978383 ^ fanout12/A (sky130_fd_sc_hd__buf_4)
    10    0.044949    0.209326    0.381624   10.360006 ^ fanout12/X (sky130_fd_sc_hd__buf_4)
                                                         net12 (net)
                      0.209326    0.000727   10.360733 ^ _2636_/S (sky130_fd_sc_hd__mux2_1)
     1    0.003076    0.112844    0.754258   11.114991 v _2636_/X (sky130_fd_sc_hd__mux2_1)
                                                         _0379_ (net)
                      0.112844    0.000036   11.115026 v _3552_/D (sky130_fd_sc_hd__dfrtp_1)
                                             11.115026   data arrival time

                                 10.000000   10.000000   clock clk (rise edge)
                                  0.000000   10.000000   clock source latency
     1    0.023234    0.172463    0.118063   10.118063 ^ clk (in)
                                                         clk (net)
                      0.172464    0.000000   10.118063 ^ clkbuf_0_clk/A (sky130_fd_sc_hd__clkbuf_16)
     8    0.120109    0.204255    0.382974   10.501037 ^ clkbuf_0_clk/X (sky130_fd_sc_hd__clkbuf_16)
                                                         clknet_0_clk (net)
                      0.204288    0.002657   10.503695 ^ clkbuf_3_3__f_clk/A (sky130_fd_sc_hd__clkbuf_16)
     9    0.072377    0.137516    0.346814   10.850509 ^ clkbuf_3_3__f_clk/X (sky130_fd_sc_hd__clkbuf_16)
                                                         clknet_3_3__leaf_clk (net)
                      0.137526    0.001353   10.851861 ^ clkbuf_leaf_40_clk/A (sky130_fd_sc_hd__clkbuf_8)
     9    0.030727    0.108807    0.291196   11.143057 ^ clkbuf_leaf_40_clk/X (sky130_fd_sc_hd__clkbuf_8)
                                                         clknet_leaf_40_clk (net)
                      0.108807    0.000146   11.143202 ^ _3552_/CLK (sky130_fd_sc_hd__dfrtp_1)
                                 -0.250000   10.893202   clock uncertainty
                                  0.000000   10.893202   clock reconvergence pessimism
                                 -0.284078   10.609124   library setup time
                                             10.609124   data required time
---------------------------------------------------------------------------------------------
                                             10.609124   data required time
                                            -11.115026   data arrival time
---------------------------------------------------------------------------------------------
                                             -0.505902   slack (VIOLATED)




===========================================================================
 report_check_types -max_slew -max_cap -max_fanout -violators
============================================================================
======================= min_ss_100C_1v60 Corner ===================================

max slew

Pin                                        Limit        Slew       Slack
------------------------------------------------------------------------
_2747_/Y                                0.750000    0.830272   -0.080272 (VIOLATED)
_2753_/C1                               0.750000    0.830272   -0.080272 (VIOLATED)
_2759_/A2                               0.750000    0.830272   -0.080272 (VIOLATED)
_2471_/Y                                0.750000    0.817872   -0.067872 (VIOLATED)
_2486_/A2                               0.750000    0.817872   -0.067872 (VIOLATED)
max_cap48/A                             0.750000    0.817872   -0.067872 (VIOLATED)
_2564_/Y                                0.750000    0.792649   -0.042649 (VIOLATED)
_2579_/A2                               0.750000    0.792649   -0.042649 (VIOLATED)
max_cap46/A                             0.750000    0.792649   -0.042649 (VIOLATED)
_2490_/Y                                0.750000    0.789989   -0.039989 (VIOLATED)
_2505_/A2                               0.750000    0.789989   -0.039989 (VIOLATED)
max_cap47/A                             0.750000    0.789989   -0.039989 (VIOLATED)
_2639_/Y                                0.750000    0.766746   -0.016746 (VIOLATED)
_2647_/C1                               0.750000    0.766746   -0.016746 (VIOLATED)
max_cap45/A                             0.750000    0.766746   -0.016746 (VIOLATED)

max fanout

Pin                                   Limit Fanout  Slack
---------------------------------------------------------
clkbuf_leaf_17_clk/X                     10     19     -9 (VIOLATED)
clkbuf_leaf_21_clk/X                     10     18     -8 (VIOLATED)
clkbuf_leaf_33_clk/X                     10     17     -7 (VIOLATED)
clkbuf_leaf_18_clk/X                     10     16     -6 (VIOLATED)
clkbuf_leaf_1_clk/X                      10     16     -6 (VIOLATED)
clkbuf_leaf_59_clk/X                     10     16     -6 (VIOLATED)
clkbuf_leaf_60_clk/X                     10     16     -6 (VIOLATED)
clkbuf_leaf_7_clk/X                      10     16     -6 (VIOLATED)
clkbuf_leaf_13_clk/X                     10     15     -5 (VIOLATED)
clkbuf_leaf_14_clk/X                     10     15     -5 (VIOLATED)
clkbuf_leaf_38_clk/X                     10     15     -5 (VIOLATED)
clkbuf_leaf_58_clk/X                     10     15     -5 (VIOLATED)
clkbuf_leaf_63_clk/X                     10     15     -5 (VIOLATED)
clkbuf_leaf_16_clk/X                     10     14     -4 (VIOLATED)
clkbuf_leaf_26_clk/X                     10     14     -4 (VIOLATED)
clkbuf_leaf_46_clk/X                     10     14     -4 (VIOLATED)
clkbuf_leaf_56_clk/X                     10     14     -4 (VIOLATED)
clkbuf_leaf_62_clk/X                     10     14     -4 (VIOLATED)
clkbuf_leaf_8_clk/X                      10     14     -4 (VIOLATED)
clkbuf_leaf_10_clk/X                     10     13     -3 (VIOLATED)
clkbuf_leaf_11_clk/X                     10     13     -3 (VIOLATED)
clkbuf_leaf_27_clk/X                     10     13     -3 (VIOLATED)
clkbuf_leaf_28_clk/X                     10     13     -3 (VIOLATED)
clkbuf_leaf_36_clk/X                     10     13     -3 (VIOLATED)
clkbuf_leaf_45_clk/X                     10     13     -3 (VIOLATED)
clkbuf_leaf_65_clk/X                     10     13     -3 (VIOLATED)
clkbuf_leaf_12_clk/X                     10     12     -2 (VIOLATED)
clkbuf_leaf_15_clk/X                     10     12     -2 (VIOLATED)
clkbuf_leaf_35_clk/X                     10     12     -2 (VIOLATED)
clkbuf_leaf_43_clk/X                     10     12     -2 (VIOLATED)
clkbuf_leaf_24_clk/X                     10     11        (VIOLATED)
clkbuf_leaf_57_clk/X                     10     11        (VIOLATED)
clkbuf_leaf_61_clk/X                     10     11        (VIOLATED)
fanout43/X                               10     11        (VIOLATED)



===========================================================================
report_parasitic_annotation -report_unannotated
============================================================================
Found 66 unannotated drivers.
 _3745__156/LO
 clkload0/X
 clkload1/Y
 clkload10/Y
 clkload11/Y
 clkload12/Y
 clkload13/Y
 clkload14/Y
 clkload15/Y
 clkload16/Y
 clkload17/Y
 clkload18/Y
 clkload19/Y
 clkload2/Y
 clkload20/Y
 clkload21/X
 clkload22/Y
 clkload23/Y
 clkload24/Y
 clkload25/Y
 clkload26/Y
 clkload27/Y
 clkload28/Y
 clkload29/Y
 clkload3/Y
 clkload30/Y
 clkload31/Y
 clkload32/Y
 clkload33/Y
 clkload34/Y
 clkload35/X
 clkload36/Y
 clkload37/Y
 clkload38/Y
 clkload39/Y
 clkload4/Y
 clkload40/Y
 clkload41/Y
 clkload42/Y
 clkload43/Y
 clkload44/Y
 clkload45/Y
 clkload46/Y
 clkload47/Y
 clkload48/Y
 clkload49/Y
 clkload5/Y
 clkload50/Y
 clkload51/Y
 clkload52/Y
 clkload53/Y
 clkload54/Y
 clkload55/Y
 clkload56/Y
 clkload57/Y
 clkload58/Y
 clkload59/Y
 clkload6/X
 clkload60/Y
 clkload61/Y
 clkload62/Y
 clkload63/Y
 clkload64/Y
 clkload7/Y
 clkload8/Y
 clkload9/X
Found 0 partially unannotated drivers.

===========================================================================
max slew violation count 15
max fanout violation count 34
max cap violation count 0
============================================================================

===========================================================================
check_setup -verbose -unconstrained_endpoints -multiple_clock -no_clock -no_input_delay -loops -generated_clocks
===========================================================================
Warning: There is 1 unconstrained endpoint.
  _3745_/D
