Clock: clk
Sources: clk 
Generated: no
Virtual: yes
Propagated: no
Period: 10.000000

===========================================================================
report_clock_properties
============================================================================
Clock                   Period          Waveform
----------------------------------------------------
clk                  10.000000    0.000000  5.000000

===========================================================================
report_clock_latency
============================================================================
Clock clk
rise -> rise
    min     max
0.000000 0.000000 source latency
0.851352         network latency _3373_/CLK
        1.194888 network latency _3308_/CLK
---------------
0.851352 1.194888 latency
        0.343536 skew

fall -> fall
    min     max
0.000000 0.000000 source latency
0.763565         network latency _3373_/CLK
        1.090741 network latency _3308_/CLK
---------------
0.763565 1.090741 latency
        0.327176 skew



===========================================================================
report_clock_min_period
============================================================================
clk period_min = 10.51 fmax = 95.18
