
===========================================================================
Violator List
============================================================================
[setup reg-reg] _3662_/Q -> _3517_/D : -2.532826
[setup reg-reg] _3662_/Q -> _3518_/D : -2.532826
[setup reg-reg] _3662_/Q -> _3519_/D : -2.532826
[setup reg-reg] _3662_/Q -> _3520_/D : -2.532826
[setup reg-reg] _3662_/Q -> _3521_/D : -2.532826
[setup reg-reg] _3662_/Q -> _3522_/D : -2.532826
[setup reg-reg] _3662_/Q -> _3523_/D : -2.532826
[setup reg-reg] _3662_/Q -> _3524_/D : -2.532826
[setup reg-reg] _3662_/Q -> _3525_/D : -2.532826
[setup reg-reg] _3662_/Q -> _3526_/D : -2.532826
[setup reg-reg] _3662_/Q -> _3527_/D : -2.532826
[setup reg-reg] _3662_/Q -> _3528_/D : -2.532826
[setup reg-reg] _3662_/Q -> _3529_/D : -2.532826
[setup reg-reg] _3662_/Q -> _3530_/D : -2.532826
[setup reg-reg] _3662_/Q -> _3531_/D : -2.532826
[setup reg-reg] _3662_/Q -> _3532_/D : -2.532826
[setup reg-reg] _3662_/Q -> _3533_/D : -2.532826
[setup reg-reg] _3662_/Q -> _3534_/D : -2.532826
[setup reg-reg] _3662_/Q -> _3535_/D : -2.532826
[setup reg-reg] _3662_/Q -> _3536_/D : -2.532826
[setup reg-reg] _3662_/Q -> _3537_/D : -2.532826
[setup reg-reg] _3662_/Q -> _3538_/D : -2.532826
[setup reg-reg] _3662_/Q -> _3539_/D : -2.532826
[setup reg-reg] _3662_/Q -> _3540_/D : -2.532826
[setup reg-reg] _3662_/Q -> _3541_/D : -2.532826
[setup reg-reg] _3662_/Q -> _3542_/D : -2.532826
[setup reg-reg] _3662_/Q -> _3543_/D : -2.532826
[setup reg-reg] _3662_/Q -> _3544_/D : -2.532826
[setup reg-reg] _3662_/Q -> _3545_/D : -2.532826
[setup reg-reg] _3662_/Q -> _3546_/D : -2.532826
[setup reg-reg] _3662_/Q -> _3547_/D : -2.532826
[setup reg-reg] _3662_/Q -> _3548_/D : -2.532826
[setup reg-reg] _3662_/Q -> _3549_/D : -2.532826
[setup reg-reg] _3662_/Q -> _3550_/D : -2.532826
[setup reg-reg] _3662_/Q -> _3551_/D : -2.532826
[setup reg-reg] _3662_/Q -> _3552_/D : -2.532826
[setup reg-reg] _3662_/Q -> _3553_/D : -2.532826
[setup reg-reg] _3662_/Q -> _3554_/D : -2.532826
[setup reg-reg] _3662_/Q -> _3555_/D : -2.532826
[setup reg-reg] _3662_/Q -> _3556_/D : -2.532826
[setup reg-reg] _3662_/Q -> _3557_/D : -2.532826
[setup reg-reg] _3662_/Q -> _3558_/D : -2.532826
[setup reg-reg] _3662_/Q -> _3559_/D : -2.532826
[setup reg-reg] _3662_/Q -> _3560_/D : -2.532826
[setup reg-reg] _3662_/Q -> _3561_/D : -2.532826
[setup reg-reg] _3662_/Q -> _3562_/D : -2.532826
[setup reg-reg] _3662_/Q -> _3563_/D : -2.532826
[setup reg-reg] _3662_/Q -> _3564_/D : -2.532826
[setup reg-reg] _3662_/Q -> _3605_/D : -2.532826
[setup reg-reg] _3662_/Q -> _3608_/D : -2.532826
[setup reg-reg] _3662_/Q -> _3609_/D : -2.532826
[setup reg-reg] _3662_/Q -> _3612_/D : -2.532826
[setup reg-reg] _3748_/Q -> _3175_/RESET_B : -2.225271
[setup reg-reg] _3748_/Q -> _3176_/RESET_B : -2.225271
[setup reg-reg] _3748_/Q -> _3177_/RESET_B : -2.225271
[setup reg-reg] _3748_/Q -> _3178_/RESET_B : -2.225271
[setup reg-reg] _3748_/Q -> _3179_/RESET_B : -2.225271
[setup reg-reg] _3748_/Q -> _3180_/RESET_B : -2.225271
[setup reg-reg] _3748_/Q -> _3181_/RESET_B : -2.225271
[setup reg-reg] _3748_/Q -> _3182_/RESET_B : -2.225271
[setup reg-reg] _3748_/Q -> _3183_/RESET_B : -2.225271
[setup reg-reg] _3748_/Q -> _3184_/RESET_B : -2.225271
[setup reg-reg] _3748_/Q -> _3330_/RESET_B : -2.225271
[setup reg-reg] _3748_/Q -> _3331_/RESET_B : -2.225271
[setup reg-reg] _3748_/Q -> _3348_/RESET_B : -2.225271
[setup reg-reg] _3748_/Q -> _3349_/RESET_B : -2.225271
[setup reg-reg] _3748_/Q -> _3350_/RESET_B : -2.225271
[setup reg-reg] _3748_/Q -> _3351_/RESET_B : -2.225271
[setup reg-reg] _3748_/Q -> _3352_/RESET_B : -2.225271
[setup reg-reg] _3748_/Q -> _3353_/RESET_B : -2.225271
[setup reg-reg] _3748_/Q -> _3354_/RESET_B : -2.225271
[setup reg-reg] _3748_/Q -> _3355_/RESET_B : -2.225271
[setup reg-reg] _3748_/Q -> _3356_/RESET_B : -2.225271
[setup reg-reg] _3748_/Q -> _3357_/RESET_B : -2.225271
[setup reg-reg] _3748_/Q -> _3358_/RESET_B : -2.225271
[setup reg-reg] _3748_/Q -> _3359_/RESET_B : -2.225271
[setup reg-reg] _3748_/Q -> _3360_/RESET_B : -2.225271
[setup reg-reg] _3748_/Q -> _3361_/RESET_B : -2.225271
[setup reg-reg] _3748_/Q -> _3362_/RESET_B : -2.225271
[setup reg-reg] _3748_/Q -> _3363_/RESET_B : -2.225271
[setup reg-reg] _3748_/Q -> _3364_/RESET_B : -2.225271
[setup reg-reg] _3748_/Q -> _3365_/RESET_B : -2.225271
[setup reg-reg] _3748_/Q -> _3366_/RESET_B : -2.225271
[setup reg-reg] _3748_/Q -> _3367_/RESET_B : -2.225271
[setup reg-reg] _3748_/Q -> _3368_/RESET_B : -2.225271
[setup reg-reg] _3748_/Q -> _3369_/RESET_B : -2.225271
[setup reg-reg] _3748_/Q -> _3370_/RESET_B : -2.225271
[setup reg-reg] _3748_/Q -> _3371_/RESET_B : -2.225271
[setup reg-reg] _3748_/Q -> _3372_/RESET_B : -2.225271
[setup reg-reg] _3748_/Q -> _3373_/RESET_B : -2.225271
[setup reg-reg] _3748_/Q -> _3374_/RESET_B : -2.225271
[setup reg-reg] _3748_/Q -> _3375_/RESET_B : -2.225271
[setup reg-reg] _3748_/Q -> _3376_/RESET_B : -2.225271
[setup reg-reg] _3748_/Q -> _3377_/RESET_B : -2.225271
[setup reg-reg] _3748_/Q -> _3378_/RESET_B : -2.225271
[setup reg-reg] _3748_/Q -> _3379_/RESET_B : -2.225271
[setup reg-reg] _3748_/Q -> _3380_/RESET_B : -2.225271
[setup reg-reg] _3748_/Q -> _3381_/RESET_B : -2.225271
[setup reg-reg] _3748_/Q -> _3382_/RESET_B : -2.225271
[setup reg-reg] _3748_/Q -> _3383_/RESET_B : -2.225271
[setup reg-reg] _3748_/Q -> _3384_/RESET_B : -2.225271
[setup reg-reg] _3748_/Q -> _3385_/RESET_B : -2.225271
[setup reg-reg] _3748_/Q -> _3386_/RESET_B : -2.225271
[setup reg-reg] _3748_/Q -> _3387_/RESET_B : -2.225271
[setup reg-reg] _3748_/Q -> _3388_/RESET_B : -2.225271
[setup reg-reg] _3748_/Q -> _3389_/RESET_B : -2.225271
[setup reg-reg] _3748_/Q -> _3390_/RESET_B : -2.225271
[setup reg-reg] _3748_/Q -> _3391_/RESET_B : -2.225271
[setup reg-reg] _3748_/Q -> _3392_/RESET_B : -2.225271
[setup reg-reg] _3748_/Q -> _3393_/RESET_B : -2.225271
[setup reg-reg] _3748_/Q -> _3394_/RESET_B : -2.225271
[setup reg-reg] _3748_/Q -> _3395_/RESET_B : -2.225271
[setup reg-reg] _3748_/Q -> _3396_/RESET_B : -2.225271
[setup reg-reg] _3748_/Q -> _3397_/RESET_B : -2.225271
[setup reg-reg] _3748_/Q -> _3398_/RESET_B : -2.225271
[setup reg-reg] _3748_/Q -> _3399_/RESET_B : -2.225271
[setup reg-reg] _3748_/Q -> _3400_/RESET_B : -2.225271
[setup reg-reg] _3748_/Q -> _3401_/RESET_B : -2.225271
[setup reg-reg] _3748_/Q -> _3402_/RESET_B : -2.225271
[setup reg-reg] _3748_/Q -> _3403_/RESET_B : -2.225271
[setup reg-reg] _3748_/Q -> _3404_/RESET_B : -2.225271
[setup reg-reg] _3748_/Q -> _3405_/RESET_B : -2.225271
[setup reg-reg] _3748_/Q -> _3406_/RESET_B : -2.225271
[setup reg-reg] _3748_/Q -> _3407_/RESET_B : -2.225271
[setup reg-reg] _3748_/Q -> _3424_/RESET_B : -2.225271
[setup reg-reg] _3748_/Q -> _3425_/RESET_B : -2.225271
[setup reg-reg] _3748_/Q -> _3426_/RESET_B : -2.225271
[setup reg-reg] _3748_/Q -> _3427_/RESET_B : -2.225271
[setup reg-reg] _3748_/Q -> _3428_/RESET_B : -2.225271
[setup reg-reg] _3748_/Q -> _3429_/RESET_B : -2.225271
[setup reg-reg] _3748_/Q -> _3430_/RESET_B : -2.225271
[setup reg-reg] _3748_/Q -> _3431_/RESET_B : -2.225271
[setup reg-reg] _3748_/Q -> _3441_/RESET_B : -2.225271
[setup reg-reg] _3748_/Q -> _3442_/RESET_B : -2.225271
[setup reg-reg] _3748_/Q -> _3443_/RESET_B : -2.225271
[setup reg-reg] _3748_/Q -> _3444_/RESET_B : -2.225271
[setup reg-reg] _3748_/Q -> _3445_/RESET_B : -2.225271
[setup reg-reg] _3748_/Q -> _3446_/RESET_B : -2.225271
[setup reg-reg] _3748_/Q -> _3447_/RESET_B : -2.225271
[setup reg-reg] _3748_/Q -> _3448_/RESET_B : -2.225271
[setup reg-reg] _3748_/Q -> _3449_/RESET_B : -2.225271
[setup reg-reg] _3748_/Q -> _3450_/RESET_B : -2.225271
[setup reg-reg] _3748_/Q -> _3451_/RESET_B : -2.225271
[setup reg-reg] _3748_/Q -> _3452_/RESET_B : -2.225271
[setup reg-reg] _3748_/Q -> _3453_/RESET_B : -2.225271
[setup reg-reg] _3748_/Q -> _3454_/RESET_B : -2.225271
[setup reg-reg] _3748_/Q -> _3455_/RESET_B : -2.225271
[setup reg-reg] _3748_/Q -> _3456_/RESET_B : -2.225271
[setup reg-reg] _3748_/Q -> _3457_/RESET_B : -2.225271
[setup reg-reg] _3748_/Q -> _3458_/RESET_B : -2.225271
[setup reg-reg] _3748_/Q -> _3459_/RESET_B : -2.225271
[setup reg-reg] _3748_/Q -> _3460_/RESET_B : -2.225271
[setup reg-reg] _3748_/Q -> _3461_/RESET_B : -2.225271
[setup reg-reg] _3748_/Q -> _3462_/RESET_B : -2.225271
[setup reg-reg] _3748_/Q -> _3463_/RESET_B : -2.225271
[setup reg-reg] _3748_/Q -> _3464_/RESET_B : -2.225271
[setup reg-reg] _3748_/Q -> _3465_/RESET_B : -2.225271
[setup reg-reg] _3748_/Q -> _3466_/RESET_B : -2.225271
[setup reg-reg] _3748_/Q -> _3467_/RESET_B : -2.225271
[setup reg-reg] _3748_/Q -> _3468_/RESET_B : -2.225271
[setup reg-reg] _3748_/Q -> _3469_/RESET_B : -2.225271
[setup reg-reg] _3748_/Q -> _3470_/RESET_B : -2.225271
[setup reg-reg] _3748_/Q -> _3471_/RESET_B : -2.225271
[setup reg-reg] _3748_/Q -> _3472_/RESET_B : -2.225271
[setup reg-reg] _3748_/Q -> _3473_/RESET_B : -2.225271
[setup reg-reg] _3748_/Q -> _3474_/RESET_B : -2.225271
[setup reg-reg] _3748_/Q -> _3475_/RESET_B : -2.225271
[setup reg-reg] _3748_/Q -> _3476_/RESET_B : -2.225271
[setup reg-reg] _3748_/Q -> _3477_/RESET_B : -2.225271
[setup reg-reg] _3748_/Q -> _3478_/RESET_B : -2.225271
[setup reg-reg] _3748_/Q -> _3479_/RESET_B : -2.225271
[setup reg-reg] _3748_/Q -> _3480_/RESET_B : -2.225271
[setup reg-reg] _3748_/Q -> _3481_/RESET_B : -2.225271
[setup reg-reg] _3748_/Q -> _3482_/RESET_B : -2.225271
[setup reg-reg] _3748_/Q -> _3483_/RESET_B : -2.225271
[setup reg-reg] _3748_/Q -> _3484_/RESET_B : -2.225271
[setup reg-reg] _3748_/Q -> _3485_/RESET_B : -2.225271
[setup reg-reg] _3748_/Q -> _3486_/RESET_B : -2.225271
[setup reg-reg] _3748_/Q -> _3487_/RESET_B : -2.225271
[setup reg-reg] _3748_/Q -> _3488_/RESET_B : -2.225271
[setup reg-reg] _3748_/Q -> _3489_/RESET_B : -2.225271
[setup reg-reg] _3748_/Q -> _3490_/RESET_B : -2.225271
[setup reg-reg] _3748_/Q -> _3491_/RESET_B : -2.225271
[setup reg-reg] _3748_/Q -> _3492_/RESET_B : -2.225271
[setup reg-reg] _3748_/Q -> _3493_/RESET_B : -2.225271
[setup reg-reg] _3748_/Q -> _3494_/RESET_B : -2.225271
[setup reg-reg] _3748_/Q -> _3495_/RESET_B : -2.225271
[setup reg-reg] _3748_/Q -> _3496_/RESET_B : -2.225271
[setup reg-reg] _3748_/Q -> _3497_/RESET_B : -2.225271
[setup reg-reg] _3748_/Q -> _3498_/RESET_B : -2.225271
[setup reg-reg] _3748_/Q -> _3499_/RESET_B : -2.225271
[setup reg-reg] _3748_/Q -> _3500_/RESET_B : -2.225271
[setup reg-reg] _3748_/Q -> _3501_/RESET_B : -2.225271
[setup reg-reg] _3748_/Q -> _3502_/RESET_B : -2.225271
[setup reg-reg] _3748_/Q -> _3503_/RESET_B : -2.225271
[setup reg-reg] _3748_/Q -> _3504_/RESET_B : -2.225271
[setup reg-reg] _3748_/Q -> _3505_/RESET_B : -2.225271
[setup reg-reg] _3748_/Q -> _3506_/RESET_B : -2.225271
[setup reg-reg] _3748_/Q -> _3507_/RESET_B : -2.225271
[setup reg-reg] _3748_/Q -> _3508_/RESET_B : -2.225271
[setup reg-reg] _3748_/Q -> _3509_/RESET_B : -2.225271
[setup reg-reg] _3748_/Q -> _3510_/RESET_B : -2.225271
[setup reg-reg] _3748_/Q -> _3511_/RESET_B : -2.225271
[setup reg-reg] _3748_/Q -> _3512_/RESET_B : -2.225271
[setup reg-reg] _3748_/Q -> _3513_/RESET_B : -2.225271
[setup reg-reg] _3748_/Q -> _3514_/RESET_B : -2.225271
[setup reg-reg] _3748_/Q -> _3515_/RESET_B : -2.225271
[setup reg-reg] _3748_/Q -> _3516_/RESET_B : -2.225271
[setup reg-reg] _3748_/Q -> _3517_/RESET_B : -2.225271
[setup reg-reg] _3748_/Q -> _3518_/RESET_B : -2.225271
[setup reg-reg] _3748_/Q -> _3519_/RESET_B : -2.225271
[setup reg-reg] _3748_/Q -> _3520_/RESET_B : -2.225271
[setup reg-reg] _3748_/Q -> _3521_/RESET_B : -2.225271
[setup reg-reg] _3748_/Q -> _3522_/RESET_B : -2.225271
[setup reg-reg] _3748_/Q -> _3523_/RESET_B : -2.225271
[setup reg-reg] _3748_/Q -> _3524_/RESET_B : -2.225271
[setup reg-reg] _3748_/Q -> _3525_/RESET_B : -2.225271
[setup reg-reg] _3748_/Q -> _3526_/RESET_B : -2.225271
[setup reg-reg] _3748_/Q -> _3527_/RESET_B : -2.225271
[setup reg-reg] _3748_/Q -> _3528_/RESET_B : -2.225271
[setup reg-reg] _3748_/Q -> _3529_/RESET_B : -2.225271
[setup reg-reg] _3748_/Q -> _3530_/RESET_B : -2.225271
[setup reg-reg] _3748_/Q -> _3531_/RESET_B : -2.225271
[setup reg-reg] _3748_/Q -> _3532_/RESET_B : -2.225271
[setup reg-reg] _3748_/Q -> _3533_/RESET_B : -2.225271
[setup reg-reg] _3748_/Q -> _3534_/RESET_B : -2.225271
[setup reg-reg] _3748_/Q -> _3535_/RESET_B : -2.225271
[setup reg-reg] _3748_/Q -> _3536_/RESET_B : -2.225271
[setup reg-reg] _3748_/Q -> _3537_/RESET_B : -2.225271
[setup reg-reg] _3748_/Q -> _3538_/RESET_B : -2.225271
[setup reg-reg] _3748_/Q -> _3539_/RESET_B : -2.225271
[setup reg-reg] _3748_/Q -> _3540_/RESET_B : -2.225271
[setup reg-reg] _3748_/Q -> _3541_/RESET_B : -2.225271
[setup reg-reg] _3748_/Q -> _3542_/RESET_B : -2.225271
[setup reg-reg] _3748_/Q -> _3543_/RESET_B : -2.225271
[setup reg-reg] _3748_/Q -> _3544_/RESET_B : -2.225271
[setup reg-reg] _3748_/Q -> _3545_/RESET_B : -2.225271
[setup reg-reg] _3748_/Q -> _3546_/RESET_B : -2.225271
[setup reg-reg] _3748_/Q -> _3547_/RESET_B : -2.225271
[setup reg-reg] _3748_/Q -> _3548_/RESET_B : -2.225271
[setup reg-reg] _3748_/Q -> _3549_/RESET_B : -2.225271
[setup reg-reg] _3748_/Q -> _3550_/RESET_B : -2.225271
[setup reg-reg] _3748_/Q -> _3551_/RESET_B : -2.225271
[setup reg-reg] _3748_/Q -> _3552_/RESET_B : -2.225271
[setup reg-reg] _3748_/Q -> _3553_/RESET_B : -2.225271
[setup reg-reg] _3748_/Q -> _3554_/RESET_B : -2.225271
[setup reg-reg] _3748_/Q -> _3555_/RESET_B : -2.225271
[setup reg-reg] _3748_/Q -> _3556_/RESET_B : -2.225271
[setup reg-reg] _3748_/Q -> _3557_/RESET_B : -2.225271
[setup reg-reg] _3748_/Q -> _3558_/RESET_B : -2.225271
[setup reg-reg] _3748_/Q -> _3559_/RESET_B : -2.225271
[setup reg-reg] _3748_/Q -> _3560_/RESET_B : -2.225271
[setup reg-reg] _3748_/Q -> _3561_/RESET_B : -2.225271
[setup reg-reg] _3748_/Q -> _3562_/RESET_B : -2.225271
[setup reg-reg] _3748_/Q -> _3563_/RESET_B : -2.225271
[setup reg-reg] _3748_/Q -> _3564_/RESET_B : -2.225271
[setup reg-reg] _3748_/Q -> _3565_/RESET_B : -2.225271
[setup reg-reg] _3748_/Q -> _3566_/RESET_B : -2.225271
[setup reg-reg] _3748_/Q -> _3567_/RESET_B : -2.225271
[setup reg-reg] _3748_/Q -> _3568_/RESET_B : -2.225271
[setup reg-reg] _3748_/Q -> _3569_/RESET_B : -2.225271
[setup reg-reg] _3748_/Q -> _3570_/RESET_B : -2.225271
[setup reg-reg] _3748_/Q -> _3571_/RESET_B : -2.225271
[setup reg-reg] _3748_/Q -> _3572_/RESET_B : -2.225271
[setup reg-reg] _3748_/Q -> _3573_/RESET_B : -2.225271
[setup reg-reg] _3748_/Q -> _3574_/RESET_B : -2.225271
[setup reg-reg] _3748_/Q -> _3575_/RESET_B : -2.225271
[setup reg-reg] _3748_/Q -> _3576_/RESET_B : -2.225271
[setup reg-reg] _3748_/Q -> _3577_/RESET_B : -2.225271
[setup reg-reg] _3748_/Q -> _3578_/RESET_B : -2.225271
[setup reg-reg] _3748_/Q -> _3579_/RESET_B : -2.225271
[setup reg-reg] _3748_/Q -> _3580_/RESET_B : -2.225271
[setup reg-reg] _3748_/Q -> _3581_/RESET_B : -2.225271
[setup reg-reg] _3748_/Q -> _3582_/RESET_B : -2.225271
[setup reg-reg] _3748_/Q -> _3583_/RESET_B : -2.225271
[setup reg-reg] _3748_/Q -> _3584_/RESET_B : -2.225271
[setup reg-reg] _3748_/Q -> _3585_/RESET_B : -2.225271
[setup reg-reg] _3748_/Q -> _3586_/RESET_B : -2.225271
[setup reg-reg] _3748_/Q -> _3587_/RESET_B : -2.225271
[setup reg-reg] _3748_/Q -> _3588_/RESET_B : -2.225271
[setup reg-reg] _3748_/Q -> _3589_/RESET_B : -2.225271
[setup reg-reg] _3748_/Q -> _3590_/RESET_B : -2.225271
[setup reg-reg] _3748_/Q -> _3591_/RESET_B : -2.225271
[setup reg-reg] _3748_/Q -> _3592_/RESET_B : -2.225271
[setup reg-reg] _3748_/Q -> _3593_/RESET_B : -2.225271
[setup reg-reg] _3748_/Q -> _3594_/RESET_B : -2.225271
[setup reg-reg] _3748_/Q -> _3595_/RESET_B : -2.225271
[setup reg-reg] _3748_/Q -> _3596_/RESET_B : -2.225271
[setup reg-reg] _3748_/Q -> _3597_/RESET_B : -2.225271
[setup reg-reg] _3748_/Q -> _3598_/RESET_B : -2.225271
[setup reg-reg] _3748_/Q -> _3599_/RESET_B : -2.225271
[setup reg-reg] _3748_/Q -> _3600_/RESET_B : -2.225271
[setup reg-reg] _3748_/Q -> _3601_/RESET_B : -2.225271
[setup reg-reg] _3748_/Q -> _3602_/RESET_B : -2.225271
[setup reg-reg] _3748_/Q -> _3603_/RESET_B : -2.225271
[setup reg-reg] _3748_/Q -> _3604_/RESET_B : -2.225271
[setup reg-reg] _3748_/Q -> _3605_/RESET_B : -2.225271
[setup reg-reg] _3748_/Q -> _3606_/RESET_B : -2.225271
[setup reg-reg] _3748_/Q -> _3607_/RESET_B : -2.225271
[setup reg-reg] _3748_/Q -> _3608_/RESET_B : -2.225271
[setup reg-reg] _3748_/Q -> _3609_/RESET_B : -2.225271
[setup reg-reg] _3748_/Q -> _3610_/RESET_B : -2.225271
[setup reg-reg] _3748_/Q -> _3611_/RESET_B : -2.225271
[setup reg-reg] _3748_/Q -> _3612_/RESET_B : -2.225271
[setup reg-reg] _3748_/Q -> _3613_/RESET_B : -2.225271
[setup reg-reg] _3748_/Q -> _3614_/RESET_B : -2.225271
[setup reg-reg] _3748_/Q -> _3615_/RESET_B : -2.225271
[setup reg-reg] _3748_/Q -> _3616_/RESET_B : -2.225271
[setup reg-reg] _3748_/Q -> _3617_/RESET_B : -2.225271
[setup reg-reg] _3748_/Q -> _3618_/RESET_B : -2.225271
[setup reg-reg] _3748_/Q -> _3619_/RESET_B : -2.225271
[setup reg-reg] _3748_/Q -> _3620_/RESET_B : -2.225271
[setup reg-reg] _3748_/Q -> _3621_/RESET_B : -2.225271
[setup reg-reg] _3748_/Q -> _3622_/RESET_B : -2.225271
[setup reg-reg] _3748_/Q -> _3623_/RESET_B : -2.225271
[setup reg-reg] _3748_/Q -> _3624_/RESET_B : -2.225271
[setup reg-reg] _3748_/Q -> _3625_/RESET_B : -2.225271
[setup reg-reg] _3748_/Q -> _3626_/RESET_B : -2.225271
[setup reg-reg] _3748_/Q -> _3627_/RESET_B : -2.225271
[setup reg-reg] _3748_/Q -> _3628_/RESET_B : -2.225271
[setup reg-reg] _3748_/Q -> _3629_/RESET_B : -2.225271
[setup reg-reg] _3748_/Q -> _3630_/RESET_B : -2.225271
[setup reg-reg] _3748_/Q -> _3631_/RESET_B : -2.225271
[setup reg-reg] _3748_/Q -> _3632_/RESET_B : -2.225271
[setup reg-reg] _3748_/Q -> _3633_/RESET_B : -2.225271
[setup reg-reg] _3748_/Q -> _3634_/RESET_B : -2.225271
[setup reg-reg] _3748_/Q -> _3635_/RESET_B : -2.225271
[setup reg-reg] _3748_/Q -> _3636_/RESET_B : -2.225271
[setup reg-reg] _3748_/Q -> _3637_/RESET_B : -2.225271
[setup reg-reg] _3748_/Q -> _3638_/RESET_B : -2.225271
[setup reg-reg] _3748_/Q -> _3639_/RESET_B : -2.225271
[setup reg-reg] _3748_/Q -> _3640_/RESET_B : -2.225271
[setup reg-reg] _3748_/Q -> _3641_/RESET_B : -2.225271
[setup reg-reg] _3748_/Q -> _3642_/RESET_B : -2.225271
[setup reg-reg] _3748_/Q -> _3643_/RESET_B : -2.225271
[setup reg-reg] _3748_/Q -> _3644_/RESET_B : -2.225271
[setup reg-reg] _3748_/Q -> _3645_/RESET_B : -2.225271
[setup reg-reg] _3748_/Q -> _3646_/RESET_B : -2.225271
[setup reg-reg] _3748_/Q -> _3647_/RESET_B : -2.225271
[setup reg-reg] _3748_/Q -> _3648_/RESET_B : -2.225271
[setup reg-reg] _3748_/Q -> _3649_/RESET_B : -2.225271
[setup reg-reg] _3748_/Q -> _3650_/RESET_B : -2.225271
[setup reg-reg] _3748_/Q -> _3651_/RESET_B : -2.225271
[setup reg-reg] _3748_/Q -> _3652_/RESET_B : -2.225271
[setup reg-reg] _3748_/Q -> _3653_/RESET_B : -2.225271
[setup reg-reg] _3748_/Q -> _3654_/RESET_B : -2.225271
[setup reg-reg] _3748_/Q -> _3655_/RESET_B : -2.225271
[setup reg-reg] _3748_/Q -> _3656_/RESET_B : -2.225271
[setup reg-reg] _3748_/Q -> _3657_/RESET_B : -2.225271
[setup reg-reg] _3748_/Q -> _3658_/RESET_B : -2.225271
[setup reg-reg] _3748_/Q -> _3659_/RESET_B : -2.225271
[setup reg-reg] _3748_/Q -> _3660_/RESET_B : -2.225271
[setup reg-reg] _3748_/Q -> _3661_/RESET_B : -2.225271
[setup reg-reg] _3748_/Q -> _3662_/RESET_B : -2.225271
[setup reg-reg] _3748_/Q -> _3663_/RESET_B : -2.225271
[setup reg-reg] _3748_/Q -> _3664_/RESET_B : -2.225271
[setup reg-reg] _3748_/Q -> _3665_/RESET_B : -2.225271
[setup reg-reg] _3748_/Q -> _3690_/RESET_B : -2.225271
[setup reg-reg] _3748_/Q -> _3691_/RESET_B : -2.225271
[setup reg-reg] _3748_/Q -> _3692_/RESET_B : -2.225271
[setup reg-reg] _3748_/Q -> _3693_/RESET_B : -2.225271
[setup reg-reg] _3748_/Q -> _3694_/RESET_B : -2.225271
[setup reg-reg] _3748_/Q -> _3695_/RESET_B : -2.225271
[setup reg-reg] _3748_/Q -> _3696_/RESET_B : -2.225271
[setup reg-reg] _3748_/Q -> _3697_/RESET_B : -2.225271
[setup reg-reg] _3748_/Q -> _3698_/RESET_B : -2.225271
[setup reg-reg] _3748_/Q -> _3699_/RESET_B : -2.225271
[setup reg-reg] _3748_/Q -> _3700_/RESET_B : -2.225271
[setup reg-reg] _3748_/Q -> _3701_/RESET_B : -2.225271
[setup reg-reg] _3748_/Q -> _3702_/RESET_B : -2.225271
[setup reg-reg] _3748_/Q -> _3703_/RESET_B : -2.225271
[setup reg-reg] _3748_/Q -> _3704_/RESET_B : -2.225271
[setup reg-reg] _3748_/Q -> _3705_/RESET_B : -2.225271
[setup reg-reg] _3748_/Q -> _3706_/RESET_B : -2.225271
[setup reg-reg] _3748_/Q -> _3707_/RESET_B : -2.225271
[setup reg-reg] _3748_/Q -> _3708_/RESET_B : -2.225271
[setup reg-reg] _3748_/Q -> _3710_/RESET_B : -2.225271
[setup reg-reg] _3748_/Q -> _3711_/RESET_B : -2.225271
[setup reg-reg] _3748_/Q -> _3712_/RESET_B : -2.225271
[setup reg-reg] _3748_/Q -> _3713_/RESET_B : -2.225271
[setup reg-reg] _3748_/Q -> _3714_/RESET_B : -2.225271
[setup reg-reg] _3748_/Q -> _3715_/RESET_B : -2.225271
[setup reg-reg] _3748_/Q -> _3716_/RESET_B : -2.225271
[setup reg-reg] _3748_/Q -> _3717_/RESET_B : -2.225271
[setup reg-reg] _3748_/Q -> _3718_/RESET_B : -2.225271
[setup reg-reg] _3748_/Q -> _3719_/RESET_B : -2.225271
[setup reg-reg] _3748_/Q -> _3720_/RESET_B : -2.225271
[setup reg-reg] _3748_/Q -> _3721_/RESET_B : -2.225271
[setup reg-reg] _3748_/Q -> _3722_/RESET_B : -2.225271
[setup reg-reg] _3748_/Q -> _3723_/RESET_B : -2.225271
[setup reg-reg] _3748_/Q -> _3724_/RESET_B : -2.225271
[setup reg-reg] _3748_/Q -> _3725_/RESET_B : -2.225271
[setup reg-reg] _3748_/Q -> _3726_/RESET_B : -2.225271
[setup reg-reg] _3748_/Q -> _3727_/RESET_B : -2.225271
[setup reg-reg] _3748_/Q -> _3728_/RESET_B : -2.225271
[setup reg-reg] _3748_/Q -> _3729_/RESET_B : -2.225271
[setup reg-reg] _3748_/Q -> _3730_/RESET_B : -2.225271
[setup reg-reg] _3748_/Q -> _3731_/RESET_B : -2.225271
[setup reg-reg] _3748_/Q -> _3732_/RESET_B : -2.225271
[setup reg-reg] _3748_/Q -> _3733_/RESET_B : -2.225271
[setup reg-reg] _3748_/Q -> _3734_/RESET_B : -2.225271
[setup reg-reg] _3748_/Q -> _3735_/RESET_B : -2.225271
[setup reg-reg] _3748_/Q -> _3736_/RESET_B : -2.225271
[setup reg-reg] _3748_/Q -> _3775_/RESET_B : -2.225271
[setup reg-reg] _3748_/Q -> _3776_/RESET_B : -2.225271
[setup reg-reg] _3748_/Q -> _3777_/RESET_B : -2.225271
[setup reg-reg] _3748_/Q -> _3778_/RESET_B : -2.225271
[setup reg-reg] _3748_/Q -> _3779_/RESET_B : -2.225271
[setup reg-reg] _3748_/Q -> _3780_/RESET_B : -2.225271
[setup reg-reg] _3748_/Q -> _3781_/RESET_B : -2.225271
[setup reg-reg] _3748_/Q -> _3782_/RESET_B : -2.225271
[setup reg-reg] _3748_/Q -> _3783_/RESET_B : -2.225271
[setup reg-reg] _3748_/Q -> _3784_/RESET_B : -2.225271
[setup reg-reg] _3748_/Q -> _3785_/RESET_B : -2.225271
[setup reg-reg] _3748_/Q -> _3786_/RESET_B : -2.225271
[setup reg-reg] _3748_/Q -> _3787_/RESET_B : -2.225271
[setup reg-reg] _3748_/Q -> _3788_/RESET_B : -2.225271
[setup reg-reg] _3748_/Q -> _3789_/RESET_B : -2.225271
[setup reg-reg] _3748_/Q -> _3790_/RESET_B : -2.225271
[setup reg-reg] _3748_/Q -> _3791_/RESET_B : -2.225271
[setup reg-reg] _3748_/Q -> _3792_/RESET_B : -2.225271
[setup reg-reg] _3748_/Q -> _3793_/RESET_B : -2.225271
[setup reg-reg] _3748_/Q -> _3794_/RESET_B : -2.225271
[setup reg-reg] _3748_/Q -> _3795_/RESET_B : -2.225271
[setup reg-reg] _3748_/Q -> _3796_/RESET_B : -2.225271
[setup reg-reg] _3748_/Q -> _3797_/RESET_B : -2.225271
[setup reg-reg] _3748_/Q -> _3798_/RESET_B : -2.225271
[setup reg-reg] _3748_/Q -> _3799_/RESET_B : -2.225271
[setup reg-reg] _3748_/Q -> _3800_/RESET_B : -2.225271
[setup reg-reg] _3748_/Q -> _3801_/RESET_B : -2.225271
[setup reg-reg] _3748_/Q -> _3802_/RESET_B : -2.225271
[setup reg-reg] _3748_/Q -> _3803_/RESET_B : -2.225271
[setup reg-reg] _3748_/Q -> _3804_/RESET_B : -2.225271
[setup reg-reg] _3748_/Q -> _3805_/RESET_B : -2.225271
[setup reg-reg] _3748_/Q -> _3806_/RESET_B : -2.225271
[setup reg-reg] _3748_/Q -> _3807_/RESET_B : -2.225271
[setup reg-reg] _3748_/Q -> _3808_/RESET_B : -2.225271
[setup reg-reg] _3748_/Q -> _3809_/RESET_B : -2.225271
[setup reg-reg] _3748_/Q -> _3810_/RESET_B : -2.225271
[setup reg-reg] _3748_/Q -> _3811_/RESET_B : -2.225271
[setup reg-reg] _3748_/Q -> _3812_/RESET_B : -2.225271
[setup reg-reg] _3748_/Q -> _3813_/RESET_B : -2.225271
[setup reg-reg] _3748_/Q -> _3814_/RESET_B : -2.225271
[setup reg-reg] _3748_/Q -> _3815_/RESET_B : -2.225271
[setup reg-reg] _3748_/Q -> _3816_/RESET_B : -2.225271
[setup reg-reg] _3748_/Q -> _3817_/RESET_B : -2.225271
[setup reg-reg] _3748_/Q -> _3818_/RESET_B : -2.225271
[setup reg-reg] _3748_/Q -> _3819_/RESET_B : -2.225271
[setup reg-reg] _3748_/Q -> _3820_/RESET_B : -2.225271
[setup reg-reg] _3748_/Q -> _3821_/RESET_B : -2.225271
[setup reg-reg] _3748_/Q -> _3822_/RESET_B : -2.225271
[setup reg-reg] _3662_/Q -> _3606_/D : -2.205603
[setup reg-reg] _3662_/Q -> _3607_/D : -2.205603
[setup reg-reg] _3662_/Q -> _3610_/D : -2.205603
[setup reg-reg] _3662_/Q -> _3611_/D : -2.205603
[setup reg-reg] _3662_/Q -> _3621_/D : -0.294550
[setup reg-reg] _3662_/Q -> _3622_/D : -0.294550
[setup reg-reg] _3662_/Q -> _3623_/D : -0.294550
[setup reg-reg] _3662_/Q -> _3624_/D : -0.294550
[setup reg-reg] _3662_/Q -> _3625_/D : -0.294550
[setup reg-reg] _3662_/Q -> _3626_/D : -0.294550
[setup reg-reg] _3662_/Q -> _3627_/D : -0.294550
[setup reg-reg] _3662_/Q -> _3613_/D : -0.217366
[setup reg-reg] _3662_/Q -> _3614_/D : -0.217366
[setup reg-reg] _3662_/Q -> _3615_/D : -0.217366
[setup reg-reg] _3662_/Q -> _3616_/D : -0.217366
[setup reg-reg] _3662_/Q -> _3617_/D : -0.217366
[setup reg-reg] _3662_/Q -> _3618_/D : -0.217366
[setup reg-reg] _3662_/Q -> _3619_/D : -0.217366
[setup reg-reg] _3662_/Q -> _3629_/D : -0.217366
[setup reg-reg] _3662_/Q -> _3630_/D : -0.217366
[setup reg-reg] _3662_/Q -> _3631_/D : -0.217366
[setup reg-reg] _3662_/Q -> _3632_/D : -0.217366
[setup reg-reg] _3662_/Q -> _3633_/D : -0.217366
[setup reg-reg] _3662_/Q -> _3634_/D : -0.217366
[setup reg-reg] _3662_/Q -> _3635_/D : -0.217366
[setup reg-reg] _3662_/Q -> _3637_/D : -0.217366
[setup reg-reg] _3662_/Q -> _3638_/D : -0.217366
[setup reg-reg] _3662_/Q -> _3639_/D : -0.217366
[setup reg-reg] _3662_/Q -> _3640_/D : -0.217366
[setup reg-reg] _3662_/Q -> _3641_/D : -0.217366
[setup reg-reg] _3662_/Q -> _3642_/D : -0.217366
[setup reg-reg] _3662_/Q -> _3643_/D : -0.217366
