┏━━━━━━━━━━━━━━━━━━━━━━┳━━━━━━━━━━┳━━━━━━━━━━┳━━━━━━━━━━┳━━━━━━━━━━┳━━━━━━━━━━┳━━━━━━━━━━━┳━━━━━━━━━━┳━━━━━━━━━━━┳━━━━━━━━━━┳━━━━━━━━━━━┳━━━━━━━━━━┳━━━━━━━━━━━┓
┃                      ┃ Hold     ┃ Reg to   ┃          ┃          ┃ of which ┃ Setup     ┃ Reg to   ┃           ┃ Setup    ┃ of which  ┃          ┃           ┃
┃                      ┃ Worst    ┃ Reg      ┃          ┃ Hold Vio ┃ reg to   ┃ Worst     ┃ Reg      ┃           ┃ Vio      ┃ reg to    ┃ Max Cap  ┃ Max Slew  ┃
┃ Corner/Group         ┃ Slack    ┃ Paths    ┃ Hold TNS ┃ Count    ┃ reg      ┃ Slack     ┃ Paths    ┃ Setup TNS ┃ Count    ┃ reg       ┃ Violati… ┃ Violatio… ┃
┡━━━━━━━━━━━━━━━━━━━━━━╇━━━━━━━━━━╇━━━━━━━━━━╇━━━━━━━━━━╇━━━━━━━━━━╇━━━━━━━━━━╇━━━━━━━━━━━╇━━━━━━━━━━╇━━━━━━━━━━━╇━━━━━━━━━━╇━━━━━━━━━━━╇━━━━━━━━━━╇━━━━━━━━━━━┩
│ Overall              │ -0.0245  │ -0.0245  │ -0.0819  │ 4        │ 4        │ -2.5328   │ -2.5328  │ -1035.03… │ 483      │ 483       │ 4        │ 703       │
│ nom_tt_025C_1v80     │ 0.0972   │ 0.0972   │ 0.0000   │ 0        │ 0        │ 2.2609    │ 2.2609   │ 0.0000    │ 0        │ 0         │ 2        │ 591       │
│ nom_ss_100C_1v60     │ 0.4318   │ 0.4318   │ 0.0000   │ 0        │ 0        │ -2.5328   │ -2.5328  │ -1035.03… │ 483      │ 483       │ 2        │ 703       │
│ nom_ff_n40C_1v95     │ -0.0245  │ -0.0245  │ -0.0819  │ 4        │ 4        │ 4.4191    │ 4.4191   │ 0.0000    │ 0        │ 0         │ 4        │ 464       │
└──────────────────────┴──────────┴──────────┴──────────┴──────────┴──────────┴───────────┴──────────┴───────────┴──────────┴───────────┴──────────┴───────────┘
