
===========================================================================
report_checks -unconstrained
===========================================================================
======================= max_ss_100C_1v60 Corner ===================================

Startpoint: _3748_ (rising edge-triggered flip-flop clocked by clk)
Endpoint: _3622_ (recovery check against rising-edge clock clk)
Path Group: asynchronous
Path Type: max

Fanout         Cap        Slew       Delay        Time   Description
---------------------------------------------------------------------------------------------
                                  0.000000    0.000000   clock clk (rise edge)
                                  0.000000    0.000000   clock source latency
     1    0.025328    0.187180    0.128806    0.128806 ^ clk (in)
                                                         clk (net)
                      0.187189    0.000000    0.128806 ^ clkbuf_0_clk/A (sky130_fd_sc_hd__clkbuf_16)
     8    0.132469    0.223059    0.399628    0.528434 ^ clkbuf_0_clk/X (sky130_fd_sc_hd__clkbuf_16)
                                                         clknet_0_clk (net)
                      0.223831    0.009896    0.538330 ^ clkbuf_3_1__f_clk/A (sky130_fd_sc_hd__clkbuf_16)
    10    0.077828    0.145548    0.359594    0.897923 ^ clkbuf_3_1__f_clk/X (sky130_fd_sc_hd__clkbuf_16)
                                                         clknet_3_1__leaf_clk (net)
                      0.145870    0.005918    0.903841 ^ clkbuf_leaf_4_clk/A (sky130_fd_sc_hd__clkbuf_8)
     8    0.038178    0.125201    0.308247    1.212088 ^ clkbuf_leaf_4_clk/X (sky130_fd_sc_hd__clkbuf_8)
                                                         clknet_leaf_4_clk (net)
                      0.125227    0.001779    1.213866 ^ _3748_/CLK (sky130_fd_sc_hd__dfxtp_2)
     1    0.002706    0.052118    0.658372    1.872238 ^ _3748_/Q (sky130_fd_sc_hd__dfxtp_2)
                                                         rst_n (net)
                      0.052118    0.000187    1.872424 ^ hold1/A (sky130_fd_sc_hd__dlygate4sd3_1)
     4    0.040193    0.613594    1.445157    3.317582 ^ hold1/X (sky130_fd_sc_hd__dlygate4sd3_1)
                                                         net157 (net)
                      0.613594    0.001012    3.318594 ^ fanout114/A (sky130_fd_sc_hd__buf_2)
     5    0.050217    0.391747    0.650033    3.968627 ^ fanout114/X (sky130_fd_sc_hd__buf_2)
                                                         net114 (net)
                      0.391750    0.001905    3.970532 ^ fanout113/A (sky130_fd_sc_hd__buf_2)
     6    0.049779    0.387207    0.558526    4.529058 ^ fanout113/X (sky130_fd_sc_hd__buf_2)
                                                         net113 (net)
                      0.387207    0.001373    4.530431 ^ fanout108/A (sky130_fd_sc_hd__clkbuf_2)
     5    0.032525    0.281112    0.474321    5.004753 ^ fanout108/X (sky130_fd_sc_hd__clkbuf_2)
                                                         net108 (net)
                      0.281112    0.000965    5.005718 ^ fanout107/A (sky130_fd_sc_hd__clkbuf_4)
    10    0.048197    0.240294    0.466390    5.472107 ^ fanout107/X (sky130_fd_sc_hd__clkbuf_4)
                                                         net107 (net)
                      0.240328    0.003067    5.475175 ^ fanout106/A (sky130_fd_sc_hd__clkbuf_4)
    10    0.044962    0.225925    0.439808    5.914983 ^ fanout106/X (sky130_fd_sc_hd__clkbuf_4)
                                                         net106 (net)
                      0.225994    0.003763    5.918746 ^ _3622_/RESET_B (sky130_fd_sc_hd__dfrtp_2)
                                              5.918746   data arrival time

                                 10.000000   10.000000   clock clk (rise edge)
                                  0.000000   10.000000   clock source latency
     1    0.025328    0.187180    0.128806   10.128806 ^ clk (in)
                                                         clk (net)
                      0.187189    0.000000   10.128806 ^ clkbuf_0_clk/A (sky130_fd_sc_hd__clkbuf_16)
     8    0.132469    0.223059    0.399627   10.528434 ^ clkbuf_0_clk/X (sky130_fd_sc_hd__clkbuf_16)
                                                         clknet_0_clk (net)
                      0.223537    0.007462   10.535895 ^ clkbuf_3_3__f_clk/A (sky130_fd_sc_hd__clkbuf_16)
     9    0.079059    0.147292    0.360306   10.896201 ^ clkbuf_3_3__f_clk/X (sky130_fd_sc_hd__clkbuf_16)
                                                         clknet_3_3__leaf_clk (net)
                      0.147752    0.005784   10.901985 ^ clkbuf_leaf_40_clk/A (sky130_fd_sc_hd__clkbuf_8)
     9    0.032417    0.111532    0.298995   11.200980 ^ clkbuf_leaf_40_clk/X (sky130_fd_sc_hd__clkbuf_8)
                                                         clknet_leaf_40_clk (net)
                      0.111536    0.000824   11.201804 ^ _3622_/CLK (sky130_fd_sc_hd__dfrtp_2)
                                 -0.250000   10.951804   clock uncertainty
                                  0.000000   10.951804   clock reconvergence pessimism
                                  0.391953   11.343758   library recovery time
                                             11.343758   data required time
---------------------------------------------------------------------------------------------
                                             11.343758   data required time
                                             -5.918746   data arrival time
---------------------------------------------------------------------------------------------
                                              5.425011   slack (MET)


Startpoint: _3662_ (rising edge-triggered flip-flop clocked by clk)
Endpoint: _3552_ (rising edge-triggered flip-flop clocked by clk)
Path Group: clk
Path Type: max

Fanout         Cap        Slew       Delay        Time   Description
---------------------------------------------------------------------------------------------
                                  0.000000    0.000000   clock clk (rise edge)
                                  0.000000    0.000000   clock source latency
     1    0.025328    0.187180    0.128806    0.128806 ^ clk (in)
                                                         clk (net)
                      0.187189    0.000000    0.128806 ^ clkbuf_0_clk/A (sky130_fd_sc_hd__clkbuf_16)
     8    0.132469    0.223059    0.399628    0.528434 ^ clkbuf_0_clk/X (sky130_fd_sc_hd__clkbuf_16)
                                                         clknet_0_clk (net)
                      0.223875    0.010207    0.538641 ^ clkbuf_3_5__f_clk/A (sky130_fd_sc_hd__clkbuf_16)
     9    0.080127    0.148799    0.361638    0.900279 ^ clkbuf_3_5__f_clk/X (sky130_fd_sc_hd__clkbuf_16)
                                                         clknet_3_5__leaf_clk (net)
                      0.149354    0.006564    0.906843 ^ clkbuf_leaf_19_clk/A (sky130_fd_sc_hd__clkbuf_8)
     9    0.047000    0.146467    0.326243    1.233086 ^ clkbuf_leaf_19_clk/X (sky130_fd_sc_hd__clkbuf_8)
                                                         clknet_leaf_19_clk (net)
                      0.146486    0.001739    1.234826 ^ _3662_/CLK (sky130_fd_sc_hd__dfrtp_2)
     4    0.030490    0.255905    0.887532    2.122358 ^ _3662_/Q (sky130_fd_sc_hd__dfrtp_2)
                                                         u_rx_fifo.rd_ptr[0] (net)
                      0.255925    0.002489    2.124846 ^ fanout153/A (sky130_fd_sc_hd__buf_6)
    10    0.068741    0.226011    0.373508    2.498355 ^ fanout153/X (sky130_fd_sc_hd__buf_6)
                                                         net153 (net)
                      0.226593    0.008556    2.506911 ^ _1673_/S0 (sky130_fd_sc_hd__mux4_1)
     1    0.008653    0.220390    1.373811    3.880721 v _1673_/X (sky130_fd_sc_hd__mux4_1)
                                                         _0740_ (net)
                      0.220390    0.000714    3.881435 v _1675_/A0 (sky130_fd_sc_hd__mux2_2)
     2    0.020279    0.171275    0.712309    4.593744 v _1675_/X (sky130_fd_sc_hd__mux2_2)
                                                         _0742_ (net)
                      0.171275    0.001938    4.595683 v _1677_/B1 (sky130_fd_sc_hd__a22o_2)
     5    0.053853    0.280233    0.637600    5.233283 v _1677_/X (sky130_fd_sc_hd__a22o_2)
                                                         _0744_ (net)
                      0.280304    0.004341    5.237624 v fanout42/A (sky130_fd_sc_hd__clkbuf_4)
    10    0.064107    0.234307    0.494944    5.732567 v fanout42/X (sky130_fd_sc_hd__clkbuf_4)
                                                         net42 (net)
                      0.234398    0.004386    5.736954 v _1728_/A (sky130_fd_sc_hd__or4b_1)
     2    0.004494    0.201759    1.298551    7.035504 v _1728_/X (sky130_fd_sc_hd__or4b_1)
                                                         _0795_ (net)
                      0.201759    0.000238    7.035742 v _1750_/B (sky130_fd_sc_hd__or4b_1)
     2    0.005579    0.212057    1.269232    8.304975 v _1750_/X (sky130_fd_sc_hd__or4b_1)
                                                         _0815_ (net)
                      0.212057    0.000178    8.305152 v _1789_/B (sky130_fd_sc_hd__or2_2)
     4    0.022528    0.203812    0.816169    9.121322 v _1789_/X (sky130_fd_sc_hd__or2_2)
                                                         _0846_ (net)
                      0.203821    0.001480    9.122802 v _2468_/B (sky130_fd_sc_hd__nor2_1)
     2    0.009376    0.308417    0.330541    9.453342 ^ _2468_/Y (sky130_fd_sc_hd__nor2_1)
                                                         _1191_ (net)
                      0.308419    0.000663    9.454006 ^ fanout14/A (sky130_fd_sc_hd__buf_4)
     5    0.039543    0.188288    0.399205    9.853211 ^ fanout14/X (sky130_fd_sc_hd__buf_4)
                                                         net14 (net)
                      0.188288    0.000973    9.854183 ^ fanout13/A (sky130_fd_sc_hd__clkbuf_4)
     9    0.045980    0.230239    0.419149   10.273333 ^ fanout13/X (sky130_fd_sc_hd__clkbuf_4)
                                                         net13 (net)
                      0.230241    0.001303   10.274635 ^ fanout12/A (sky130_fd_sc_hd__buf_4)
    10    0.048773    0.224835    0.397117   10.671753 ^ fanout12/X (sky130_fd_sc_hd__buf_4)
                                                         net12 (net)
                      0.224886    0.003283   10.675035 ^ _2636_/S (sky130_fd_sc_hd__mux2_1)
     1    0.003436    0.116656    0.766598   11.441634 v _2636_/X (sky130_fd_sc_hd__mux2_1)
                                                         _0379_ (net)
                      0.116656    0.000207   11.441841 v _3552_/D (sky130_fd_sc_hd__dfrtp_1)
                                             11.441841   data arrival time

                                 10.000000   10.000000   clock clk (rise edge)
                                  0.000000   10.000000   clock source latency
     1    0.025328    0.187180    0.128806   10.128806 ^ clk (in)
                                                         clk (net)
                      0.187189    0.000000   10.128806 ^ clkbuf_0_clk/A (sky130_fd_sc_hd__clkbuf_16)
     8    0.132469    0.223059    0.399627   10.528434 ^ clkbuf_0_clk/X (sky130_fd_sc_hd__clkbuf_16)
                                                         clknet_0_clk (net)
                      0.223537    0.007462   10.535895 ^ clkbuf_3_3__f_clk/A (sky130_fd_sc_hd__clkbuf_16)
     9    0.079059    0.147292    0.360306   10.896201 ^ clkbuf_3_3__f_clk/X (sky130_fd_sc_hd__clkbuf_16)
                                                         clknet_3_3__leaf_clk (net)
                      0.147752    0.005784   10.901985 ^ clkbuf_leaf_40_clk/A (sky130_fd_sc_hd__clkbuf_8)
     9    0.032417    0.111532    0.298995   11.200980 ^ clkbuf_leaf_40_clk/X (sky130_fd_sc_hd__clkbuf_8)
                                                         clknet_leaf_40_clk (net)
                      0.111541    0.001100   11.202080 ^ _3552_/CLK (sky130_fd_sc_hd__dfrtp_1)
                                 -0.250000   10.952080   clock uncertainty
                                  0.000000   10.952080   clock reconvergence pessimism
                                 -0.284937   10.667142   library setup time
                                             10.667142   data required time
---------------------------------------------------------------------------------------------
                                             10.667142   data required time
                                            -11.441841   data arrival time
---------------------------------------------------------------------------------------------
                                             -0.774699   slack (VIOLATED)




===========================================================================
report_checks --slack_max -0.01
============================================================================
======================= max_ss_100C_1v60 Corner ===================================

Startpoint: _3662_ (rising edge-triggered flip-flop clocked by clk)
Endpoint: _3552_ (rising edge-triggered flip-flop clocked by clk)
Path Group: clk
Path Type: max

Fanout         Cap        Slew       Delay        Time   Description
---------------------------------------------------------------------------------------------
                                  0.000000    0.000000   clock clk (rise edge)
                                  0.000000    0.000000   clock source latency
     1    0.025328    0.187180    0.128806    0.128806 ^ clk (in)
                                                         clk (net)
                      0.187189    0.000000    0.128806 ^ clkbuf_0_clk/A (sky130_fd_sc_hd__clkbuf_16)
     8    0.132469    0.223059    0.399628    0.528434 ^ clkbuf_0_clk/X (sky130_fd_sc_hd__clkbuf_16)
                                                         clknet_0_clk (net)
                      0.223875    0.010207    0.538641 ^ clkbuf_3_5__f_clk/A (sky130_fd_sc_hd__clkbuf_16)
     9    0.080127    0.148799    0.361638    0.900279 ^ clkbuf_3_5__f_clk/X (sky130_fd_sc_hd__clkbuf_16)
                                                         clknet_3_5__leaf_clk (net)
                      0.149354    0.006564    0.906843 ^ clkbuf_leaf_19_clk/A (sky130_fd_sc_hd__clkbuf_8)
     9    0.047000    0.146467    0.326243    1.233086 ^ clkbuf_leaf_19_clk/X (sky130_fd_sc_hd__clkbuf_8)
                                                         clknet_leaf_19_clk (net)
                      0.146486    0.001739    1.234826 ^ _3662_/CLK (sky130_fd_sc_hd__dfrtp_2)
     4    0.030490    0.255905    0.887532    2.122358 ^ _3662_/Q (sky130_fd_sc_hd__dfrtp_2)
                                                         u_rx_fifo.rd_ptr[0] (net)
                      0.255925    0.002489    2.124846 ^ fanout153/A (sky130_fd_sc_hd__buf_6)
    10    0.068741    0.226011    0.373508    2.498355 ^ fanout153/X (sky130_fd_sc_hd__buf_6)
                                                         net153 (net)
                      0.226593    0.008556    2.506911 ^ _1673_/S0 (sky130_fd_sc_hd__mux4_1)
     1    0.008653    0.220390    1.373811    3.880721 v _1673_/X (sky130_fd_sc_hd__mux4_1)
                                                         _0740_ (net)
                      0.220390    0.000714    3.881435 v _1675_/A0 (sky130_fd_sc_hd__mux2_2)
     2    0.020279    0.171275    0.712309    4.593744 v _1675_/X (sky130_fd_sc_hd__mux2_2)
                                                         _0742_ (net)
                      0.171275    0.001938    4.595683 v _1677_/B1 (sky130_fd_sc_hd__a22o_2)
     5    0.053853    0.280233    0.637600    5.233283 v _1677_/X (sky130_fd_sc_hd__a22o_2)
                                                         _0744_ (net)
                      0.280304    0.004341    5.237624 v fanout42/A (sky130_fd_sc_hd__clkbuf_4)
    10    0.064107    0.234307    0.494944    5.732567 v fanout42/X (sky130_fd_sc_hd__clkbuf_4)
                                                         net42 (net)
                      0.234398    0.004386    5.736954 v _1728_/A (sky130_fd_sc_hd__or4b_1)
     2    0.004494    0.201759    1.298551    7.035504 v _1728_/X (sky130_fd_sc_hd__or4b_1)
                                                         _0795_ (net)
                      0.201759    0.000238    7.035742 v _1750_/B (sky130_fd_sc_hd__or4b_1)
     2    0.005579    0.212057    1.269232    8.304975 v _1750_/X (sky130_fd_sc_hd__or4b_1)
                                                         _0815_ (net)
                      0.212057    0.000178    8.305152 v _1789_/B (sky130_fd_sc_hd__or2_2)
     4    0.022528    0.203812    0.816169    9.121322 v _1789_/X (sky130_fd_sc_hd__or2_2)
                                                         _0846_ (net)
                      0.203821    0.001480    9.122802 v _2468_/B (sky130_fd_sc_hd__nor2_1)
     2    0.009376    0.308417    0.330541    9.453342 ^ _2468_/Y (sky130_fd_sc_hd__nor2_1)
                                                         _1191_ (net)
                      0.308419    0.000663    9.454006 ^ fanout14/A (sky130_fd_sc_hd__buf_4)
     5    0.039543    0.188288    0.399205    9.853211 ^ fanout14/X (sky130_fd_sc_hd__buf_4)
                                                         net14 (net)
                      0.188288    0.000973    9.854183 ^ fanout13/A (sky130_fd_sc_hd__clkbuf_4)
     9    0.045980    0.230239    0.419149   10.273333 ^ fanout13/X (sky130_fd_sc_hd__clkbuf_4)
                                                         net13 (net)
                      0.230241    0.001303   10.274635 ^ fanout12/A (sky130_fd_sc_hd__buf_4)
    10    0.048773    0.224835    0.397117   10.671753 ^ fanout12/X (sky130_fd_sc_hd__buf_4)
                                                         net12 (net)
                      0.224886    0.003283   10.675035 ^ _2636_/S (sky130_fd_sc_hd__mux2_1)
     1    0.003436    0.116656    0.766598   11.441634 v _2636_/X (sky130_fd_sc_hd__mux2_1)
                                                         _0379_ (net)
                      0.116656    0.000207   11.441841 v _3552_/D (sky130_fd_sc_hd__dfrtp_1)
                                             11.441841   data arrival time

                                 10.000000   10.000000   clock clk (rise edge)
                                  0.000000   10.000000   clock source latency
     1    0.025328    0.187180    0.128806   10.128806 ^ clk (in)
                                                         clk (net)
                      0.187189    0.000000   10.128806 ^ clkbuf_0_clk/A (sky130_fd_sc_hd__clkbuf_16)
     8    0.132469    0.223059    0.399627   10.528434 ^ clkbuf_0_clk/X (sky130_fd_sc_hd__clkbuf_16)
                                                         clknet_0_clk (net)
                      0.223537    0.007462   10.535895 ^ clkbuf_3_3__f_clk/A (sky130_fd_sc_hd__clkbuf_16)
     9    0.079059    0.147292    0.360306   10.896201 ^ clkbuf_3_3__f_clk/X (sky130_fd_sc_hd__clkbuf_16)
                                                         clknet_3_3__leaf_clk (net)
                      0.147752    0.005784   10.901985 ^ clkbuf_leaf_40_clk/A (sky130_fd_sc_hd__clkbuf_8)
     9    0.032417    0.111532    0.298995   11.200980 ^ clkbuf_leaf_40_clk/X (sky130_fd_sc_hd__clkbuf_8)
                                                         clknet_leaf_40_clk (net)
                      0.111541    0.001100   11.202080 ^ _3552_/CLK (sky130_fd_sc_hd__dfrtp_1)
                                 -0.250000   10.952080   clock uncertainty
                                  0.000000   10.952080   clock reconvergence pessimism
                                 -0.284937   10.667142   library setup time
                                             10.667142   data required time
---------------------------------------------------------------------------------------------
                                             10.667142   data required time
                                            -11.441841   data arrival time
---------------------------------------------------------------------------------------------
                                             -0.774699   slack (VIOLATED)




===========================================================================
 report_check_types -max_slew -max_cap -max_fanout -violators
============================================================================
======================= max_ss_100C_1v60 Corner ===================================

max slew

Pin                                        Limit        Slew       Slack
------------------------------------------------------------------------
_2747_/Y                                0.750000    0.880772   -0.130772 (VIOLATED)
_2753_/C1                               0.750000    0.880772   -0.130772 (VIOLATED)
_2759_/A2                               0.750000    0.880772   -0.130772 (VIOLATED)
_2471_/Y                                0.750000    0.825335   -0.075335 (VIOLATED)
_2486_/A2                               0.750000    0.825335   -0.075335 (VIOLATED)
max_cap48/A                             0.750000    0.825335   -0.075335 (VIOLATED)
_2564_/Y                                0.750000    0.800108   -0.050108 (VIOLATED)
_2579_/A2                               0.750000    0.800108   -0.050108 (VIOLATED)
max_cap46/A                             0.750000    0.800108   -0.050108 (VIOLATED)
_1880_/B1                               0.750000    0.794338   -0.044338 (VIOLATED)
_1886_/B1                               0.750000    0.794337   -0.044337 (VIOLATED)
_1893_/B1                               0.750000    0.794333   -0.044333 (VIOLATED)
_1911_/B1                               0.750000    0.794331   -0.044332 (VIOLATED)
_1898_/B1                               0.750000    0.794331   -0.044331 (VIOLATED)
_1914_/B1                               0.750000    0.794328   -0.044328 (VIOLATED)
_1906_/B1                               0.750000    0.794325   -0.044325 (VIOLATED)
_1877_/A2                               0.750000    0.794323   -0.044323 (VIOLATED)
_1872_/Y                                0.750000    0.794320   -0.044320 (VIOLATED)
_2490_/Y                                0.750000    0.787690   -0.037690 (VIOLATED)
_2505_/A2                               0.750000    0.787690   -0.037690 (VIOLATED)
max_cap47/A                             0.750000    0.787690   -0.037690 (VIOLATED)
_2639_/Y                                0.750000    0.768856   -0.018856 (VIOLATED)
_2647_/C1                               0.750000    0.768856   -0.018856 (VIOLATED)
max_cap45/A                             0.750000    0.768856   -0.018856 (VIOLATED)

max fanout

Pin                                   Limit Fanout  Slack
---------------------------------------------------------
clkbuf_leaf_17_clk/X                     10     19     -9 (VIOLATED)
clkbuf_leaf_21_clk/X                     10     18     -8 (VIOLATED)
clkbuf_leaf_33_clk/X                     10     17     -7 (VIOLATED)
clkbuf_leaf_18_clk/X                     10     16     -6 (VIOLATED)
clkbuf_leaf_1_clk/X                      10     16     -6 (VIOLATED)
clkbuf_leaf_59_clk/X                     10     16     -6 (VIOLATED)
clkbuf_leaf_60_clk/X                     10     16     -6 (VIOLATED)
clkbuf_leaf_7_clk/X                      10     16     -6 (VIOLATED)
clkbuf_leaf_13_clk/X                     10     15     -5 (VIOLATED)
clkbuf_leaf_14_clk/X                     10     15     -5 (VIOLATED)
clkbuf_leaf_38_clk/X                     10     15     -5 (VIOLATED)
clkbuf_leaf_58_clk/X                     10     15     -5 (VIOLATED)
clkbuf_leaf_63_clk/X                     10     15     -5 (VIOLATED)
clkbuf_leaf_16_clk/X                     10     14     -4 (VIOLATED)
clkbuf_leaf_26_clk/X                     10     14     -4 (VIOLATED)
clkbuf_leaf_46_clk/X                     10     14     -4 (VIOLATED)
clkbuf_leaf_56_clk/X                     10     14     -4 (VIOLATED)
clkbuf_leaf_62_clk/X                     10     14     -4 (VIOLATED)
clkbuf_leaf_8_clk/X                      10     14     -4 (VIOLATED)
clkbuf_leaf_10_clk/X                     10     13     -3 (VIOLATED)
clkbuf_leaf_11_clk/X                     10     13     -3 (VIOLATED)
clkbuf_leaf_27_clk/X                     10     13     -3 (VIOLATED)
clkbuf_leaf_28_clk/X                     10     13     -3 (VIOLATED)
clkbuf_leaf_36_clk/X                     10     13     -3 (VIOLATED)
clkbuf_leaf_45_clk/X                     10     13     -3 (VIOLATED)
clkbuf_leaf_65_clk/X                     10     13     -3 (VIOLATED)
clkbuf_leaf_12_clk/X                     10     12     -2 (VIOLATED)
clkbuf_leaf_15_clk/X                     10     12     -2 (VIOLATED)
clkbuf_leaf_35_clk/X                     10     12     -2 (VIOLATED)
clkbuf_leaf_43_clk/X                     10     12     -2 (VIOLATED)
clkbuf_leaf_24_clk/X                     10     11        (VIOLATED)
clkbuf_leaf_57_clk/X                     10     11        (VIOLATED)
clkbuf_leaf_61_clk/X                     10     11        (VIOLATED)
fanout43/X                               10     11        (VIOLATED)



===========================================================================
report_parasitic_annotation -report_unannotated
============================================================================
Found 66 unannotated drivers.
 _3745__156/LO
 clkload0/X
 clkload1/Y
 clkload10/Y
 clkload11/Y
 clkload12/Y
 clkload13/Y
 clkload14/Y
 clkload15/Y
 clkload16/Y
 clkload17/Y
 clkload18/Y
 clkload19/Y
 clkload2/Y
 clkload20/Y
 clkload21/X
 clkload22/Y
 clkload23/Y
 clkload24/Y
 clkload25/Y
 clkload26/Y
 clkload27/Y
 clkload28/Y
 clkload29/Y
 clkload3/Y
 clkload30/Y
 clkload31/Y
 clkload32/Y
 clkload33/Y
 clkload34/Y
 clkload35/X
 clkload36/Y
 clkload37/Y
 clkload38/Y
 clkload39/Y
 clkload4/Y
 clkload40/Y
 clkload41/Y
 clkload42/Y
 clkload43/Y
 clkload44/Y
 clkload45/Y
 clkload46/Y
 clkload47/Y
 clkload48/Y
 clkload49/Y
 clkload5/Y
 clkload50/Y
 clkload51/Y
 clkload52/Y
 clkload53/Y
 clkload54/Y
 clkload55/Y
 clkload56/Y
 clkload57/Y
 clkload58/Y
 clkload59/Y
 clkload6/X
 clkload60/Y
 clkload61/Y
 clkload62/Y
 clkload63/Y
 clkload64/Y
 clkload7/Y
 clkload8/Y
 clkload9/X
Found 0 partially unannotated drivers.

===========================================================================
max slew violation count 24
max fanout violation count 34
max cap violation count 0
============================================================================

===========================================================================
check_setup -verbose -unconstrained_endpoints -multiple_clock -no_clock -no_input_delay -loops -generated_clocks
===========================================================================
Warning: There is 1 unconstrained endpoint.
  _3745_/D
