Clock: clk
Sources: clk 
Generated: no
Virtual: yes
Propagated: no
Period: 10.000000

===========================================================================
report_clock_properties
============================================================================
Clock                   Period          Waveform
----------------------------------------------------
clk                  10.000000    0.000000  5.000000

===========================================================================
report_clock_latency
============================================================================
Clock clk
rise -> rise
    min     max
0.000000 0.000000 source latency
0.901889         network latency _3373_/CLK
        1.260539 network latency _3308_/CLK
---------------
0.901889 1.260539 latency
        0.358650 skew

fall -> fall
    min     max
0.000000 0.000000 source latency
0.800124         network latency _3373_/CLK
        1.138885 network latency _3308_/CLK
---------------
0.800124 1.138885 latency
        0.338761 skew



===========================================================================
report_clock_min_period
============================================================================
clk period_min = 10.77 fmax = 92.81
