
===========================================================================
 report_power
============================================================================
======================= max_ss_100C_1v60 Corner ===================================

Group                    Internal    Switching      Leakage        Total
                            Power        Power        Power        Power (Watts)
------------------------------------------------------------------------
Sequential           2.062930e-03 1.257826e-05 1.079942e-05 2.086308e-03  53.6%
Combinational        2.370666e-05 2.172360e-05 1.300480e-05 5.843506e-05   1.5%
Clock                8.505840e-04 8.989042e-04 1.405435e-06 1.750894e-03  44.9%
Macro                0.000000e+00 0.000000e+00 0.000000e+00 0.000000e+00   0.0%
Pad                  0.000000e+00 0.000000e+00 0.000000e+00 0.000000e+00   0.0%
------------------------------------------------------------------------
Total                2.937222e-03 9.332061e-04 2.520923e-05 3.895638e-03 100.0%
                            75.4%        24.0%         0.6%

