146. Printing statistics.

=== top_basys3_rdm6300 ===

   Number of wires:               2694
   Number of wire bits:           3333
   Number of public wires:          89
   Number of public wire bits:     687
   Number of ports:                  3
   Number of port bits:              3
   Number of memories:               0
   Number of memory bits:            0
   Number of processes:              0
   Number of cells:               3314
     $_ANDNOT_                     727
     $_AND_                        122
     $_DFFE_PN0P_                  387
     $_DFFE_PN1P_                    1
     $_DFFE_PP_                    256
     $_DFF_PN0_                     12
     $_DFF_PN1_                      4
     $_DFF_P_                        4
     $_MUX_                        359
     $_NAND_                       167
     $_NOR_                        114
     $_NOT_                        105
     $_ORNOT_                      133
     $_OR_                         634
     $_XNOR_                        78
     $_XOR_                        211

   Area for cell type $_NOT_ is unknown!
   Area for cell type $_AND_ is unknown!
   Area for cell type $_NAND_ is unknown!
   Area for cell type $_OR_ is unknown!
   Area for cell type $_NOR_ is unknown!
   Area for cell type $_XOR_ is unknown!
   Area for cell type $_XNOR_ is unknown!
   Area for cell type $_ANDNOT_ is unknown!
   Area for cell type $_ORNOT_ is unknown!
   Area for cell type $_MUX_ is unknown!
   Area for cell type $_DFF_P_ is unknown!
   Area for cell type $_DFFE_PP_ is unknown!
   Area for cell type $_DFF_PN0_ is unknown!
   Area for cell type $_DFF_PN1_ is unknown!
   Area for cell type $_DFFE_PN0P_ is unknown!
   Area for cell type $_DFFE_PN1P_ is unknown!

