Reading OpenROAD database at '/home/hiepthai/Desktop/uart-fifo-rfid-asic/rdm6300_asic_fpga_modular/runs/RUN_2026-08-25_11-50-18/43-openroad-detailedrouting/top_basys3_rdm6300.odb'…
Reading library file at '/home/hiepthai/.volare/volare/sky130/versions/0fe599b2afb6708d281543108caf8310912f54af/sky130A/libs.ref/sky130_fd_sc_hd/lib/sky130_fd_sc_hd__tt_025C_1v80.lib'…
Reading design constraints file at '/nix/store/ss2cw3sxbrwwx9jl0rrppbw4kgcmgi2n-python3-3.11.9-env/lib/python3.11/site-packages/openlane/scripts/base.sdc'…
[INFO] Using clock clk…
[INFO] Setting output delay to: 2.0
[INFO] Setting input delay to: 2.0
[INFO] Setting load to: 0.033442
[INFO] Setting clock uncertainty to: 0.25
[INFO] Setting clock transition to: 0.1499999999999999944488848768742172978818416595458984375
[INFO] Setting timing derate to: 5%
%OL_CREATE_REPORT /home/hiepthai/Desktop/uart-fifo-rfid-asic/rdm6300_asic_fpga_modular/runs/RUN_2026-08-25_11-50-18/45-openroad-checkantennas-1/reports/antenna.rpt
Net: _0744_
  Pin:   _2397_/A1 (sky130_fd_sc_hd__mux2_1)
    Layer: mcon
      Partial area ratio:    0.23
      Required ratio:    3.00 (Gate area) 
      Cumulative area ratio:    0.23
      Required ratio:    0.00 (Cumulative area) 

    Layer: met1
      Partial area ratio:   27.38
      Required ratio:    0.00 (Gate area) 
      Cumulative area ratio:   27.38
      Required ratio:    0.00 (Cumulative area) 
      Partial area ratio:  135.44
      Required ratio:  400.00 (Side area) 
      Cumulative area ratio:  135.44
      Required ratio:    0.00 (Cumulative side area) 

    Layer: via
      Partial area ratio:    0.36
      Required ratio:    6.00 (Gate area) 
      Cumulative area ratio:    0.59
      Required ratio:    0.00 (Cumulative area) 

    Layer: met2
      Partial area ratio:   21.17
      Required ratio:    0.00 (Gate area) 
      Cumulative area ratio:   48.56
      Required ratio:    0.00 (Cumulative area) 
      Partial area ratio:  104.99
      Required ratio:  400.00 (Side area) 
      Cumulative area ratio:  240.43
      Required ratio:    0.00 (Cumulative side area) 

    Layer: via2
      Partial area ratio:    0.06
      Required ratio:    6.00 (Gate area) 
      Cumulative area ratio:    0.64
      Required ratio:    0.00 (Cumulative area) 

    Layer: met3
      Partial area ratio:   16.91
      Required ratio:    0.00 (Gate area) 
      Cumulative area ratio:   65.47
      Required ratio:    0.00 (Cumulative area) 
      Partial area ratio:   90.85
      Required ratio: 2778.20 (Side area) 
      Cumulative area ratio:  331.27
      Required ratio:    0.00 (Cumulative side area) 


  Pin:   _2722_/A1 (sky130_fd_sc_hd__mux2_1)
    Layer: mcon
      Partial area ratio:    0.23
      Required ratio:    3.00 (Gate area) 
      Cumulative area ratio:    0.23
      Required ratio:    0.00 (Cumulative area) 

    Layer: met1
      Partial area ratio:    1.36
      Required ratio:    0.00 (Gate area) 
      Cumulative area ratio:    1.36
      Required ratio:    0.00 (Cumulative area) 
      Partial area ratio:    6.19
      Required ratio:  400.00 (Side area) 
      Cumulative area ratio:    6.19
      Required ratio:    0.00 (Cumulative side area) 

    Layer: via
      Partial area ratio:    0.18
      Required ratio:    6.00 (Gate area) 
      Cumulative area ratio:    0.41
      Required ratio:    0.00 (Cumulative area) 

    Layer: met2
      Partial area ratio:   21.17
      Required ratio:    0.00 (Gate area) 
      Cumulative area ratio:   22.54
      Required ratio:    0.00 (Cumulative area) 
      Partial area ratio:  104.99
      Required ratio:  400.00 (Side area) 
      Cumulative area ratio:  111.18
      Required ratio:    0.00 (Cumulative side area) 

    Layer: via2
      Partial area ratio:    0.06
      Required ratio:    6.00 (Gate area) 
      Cumulative area ratio:    0.46
      Required ratio:    0.00 (Cumulative area) 

    Layer: met3
      Partial area ratio:   16.91
      Required ratio:    0.00 (Gate area) 
      Cumulative area ratio:   39.45
      Required ratio:    0.00 (Cumulative area) 
      Partial area ratio:   90.85
      Required ratio: 2778.20 (Side area) 
      Cumulative area ratio:  202.02
      Required ratio:    0.00 (Cumulative side area) 


  Pin:   _2731_/A0 (sky130_fd_sc_hd__mux2_1)
    Layer: li1
      Partial area ratio:    0.01
      Required ratio:    0.00 (Gate area) 
      Cumulative area ratio:    0.01
      Required ratio:    0.00 (Cumulative area) 
      Partial area ratio:    0.28
      Required ratio:   75.00 (Side area) 
      Cumulative area ratio:    0.28
      Required ratio:    0.00 (Cumulative side area) 

    Layer: mcon
      Partial area ratio:    0.23
      Required ratio:    3.00 (Gate area) 
      Cumulative area ratio:    0.23
      Required ratio:    0.00 (Cumulative area) 

    Layer: met1
      Partial area ratio:    7.50
      Required ratio:    0.00 (Gate area) 
      Cumulative area ratio:    7.50
      Required ratio:    0.00 (Cumulative area) 
      Partial area ratio:   36.86
      Required ratio:  400.00 (Side area) 
      Cumulative area ratio:   37.14
      Required ratio:    0.00 (Cumulative side area) 

    Layer: via
      Partial area ratio:    0.18
      Required ratio:    6.00 (Gate area) 
      Cumulative area ratio:    0.41
      Required ratio:    0.00 (Cumulative area) 

    Layer: met2
      Partial area ratio:   21.17
      Required ratio:    0.00 (Gate area) 
      Cumulative area ratio:   28.68
      Required ratio:    0.00 (Cumulative area) 
      Partial area ratio:  104.99
      Required ratio:  400.00 (Side area) 
      Cumulative area ratio:  142.12
      Required ratio:    0.00 (Cumulative side area) 

    Layer: via2
      Partial area ratio:    0.06
      Required ratio:    6.00 (Gate area) 
      Cumulative area ratio:    0.46
      Required ratio:    0.00 (Cumulative area) 

    Layer: met3
      Partial area ratio:   16.91
      Required ratio:    0.00 (Gate area) 
      Cumulative area ratio:   45.59
      Required ratio:    0.00 (Cumulative area) 
      Partial area ratio:   90.85
      Required ratio: 2778.20 (Side area) 
      Cumulative area ratio:  232.97
      Required ratio:    0.00 (Cumulative side area) 


  Pin:   _2797_/A1 (sky130_fd_sc_hd__mux2_1)
    Layer: mcon
      Partial area ratio:    0.23
      Required ratio:    3.00 (Gate area) 
      Cumulative area ratio:    0.23
      Required ratio:    0.00 (Cumulative area) 

    Layer: met1
      Partial area ratio:   86.48
      Required ratio:    0.00 (Gate area) 
      Cumulative area ratio:   86.48
      Required ratio:    0.00 (Cumulative area) 
      Partial area ratio:  430.94
      Required ratio:  400.00 (Side area) (VIOLATED)
      Cumulative area ratio:  430.94
      Required ratio:    0.00 (Cumulative side area) 

    Layer: via
      Partial area ratio:    0.36
      Required ratio:    6.00 (Gate area) 
      Cumulative area ratio:    0.59
      Required ratio:    0.00 (Cumulative area) 

    Layer: met2
      Partial area ratio:   21.17
      Required ratio:    0.00 (Gate area) 
      Cumulative area ratio:  107.66
      Required ratio:    0.00 (Cumulative area) 
      Partial area ratio:  104.99
      Required ratio:  400.00 (Side area) 
      Cumulative area ratio:  535.93
      Required ratio:    0.00 (Cumulative side area) 

    Layer: via2
      Partial area ratio:    0.06
      Required ratio:    6.00 (Gate area) 
      Cumulative area ratio:    0.64
      Required ratio:    0.00 (Cumulative area) 

    Layer: met3
      Partial area ratio:   16.91
      Required ratio:    0.00 (Gate area) 
      Cumulative area ratio:  124.57
      Required ratio:    0.00 (Cumulative area) 
      Partial area ratio:   90.85
      Required ratio: 2778.20 (Side area) 
      Cumulative area ratio:  626.77
      Required ratio:    0.00 (Cumulative side area) 


  Pin:   fanout42/A (sky130_fd_sc_hd__clkbuf_4)
    Layer: mcon
      Partial area ratio:    0.14
      Required ratio:    3.00 (Gate area) 
      Cumulative area ratio:    0.14
      Required ratio:    0.00 (Cumulative area) 

    Layer: met1
      Partial area ratio:    1.60
      Required ratio:    0.00 (Gate area) 
      Cumulative area ratio:    1.60
      Required ratio:    0.00 (Cumulative area) 
      Partial area ratio:    7.13
      Required ratio:  400.00 (Side area) 
      Cumulative area ratio:    7.13
      Required ratio:    0.00 (Cumulative side area) 

    Layer: via
      Partial area ratio:    0.21
      Required ratio:    6.00 (Gate area) 
      Cumulative area ratio:    0.35
      Required ratio:    0.00 (Cumulative area) 

    Layer: met2
      Partial area ratio:   21.17
      Required ratio:    0.00 (Gate area) 
      Cumulative area ratio:   22.77
      Required ratio:    0.00 (Cumulative area) 
      Partial area ratio:  104.99
      Required ratio:  400.00 (Side area) 
      Cumulative area ratio:  112.12
      Required ratio:    0.00 (Cumulative side area) 

    Layer: via2
      Partial area ratio:    0.06
      Required ratio:    6.00 (Gate area) 
      Cumulative area ratio:    0.40
      Required ratio:    0.00 (Cumulative area) 

    Layer: met3
      Partial area ratio:   16.91
      Required ratio:    0.00 (Gate area) 
      Cumulative area ratio:   39.68
      Required ratio:    0.00 (Cumulative area) 
      Partial area ratio:   90.85
      Required ratio: 2778.20 (Side area) 
      Cumulative area ratio:  202.96
      Required ratio:    0.00 (Cumulative side area) 



[INFO ANT-0002] Found 1 net violations.
[INFO ANT-0001] Found 1 pin violations.
%OL_END_REPORT
