Clock: clk
Sources: clk 
Generated: no
Virtual: yes
Propagated: no
Period: 10.000000

===========================================================================
report_clock_properties
============================================================================
Clock                   Period          Waveform
----------------------------------------------------
clk                  10.000000    0.000000  5.000000

===========================================================================
report_clock_latency
============================================================================
Clock clk
rise -> rise
    min     max
0.000000 0.000000 source latency
0.372722         network latency _3373_/CLK
        0.519687 network latency _3433_/CLK
---------------
0.372722 0.519687 latency
        0.146965 skew

fall -> fall
    min     max
0.000000 0.000000 source latency
0.315882         network latency _3373_/CLK
        0.453701 network latency _3433_/CLK
---------------
0.315882 0.453701 latency
        0.137819 skew



===========================================================================
report_clock_min_period
============================================================================
clk period_min = 3.28 fmax = 304.74
