
===========================================================================
report_checks -unconstrained
===========================================================================
======================= nom_tt_025C_1v80 Corner ===================================

Startpoint: _3748_ (rising edge-triggered flip-flop clocked by clk)
Endpoint: _3622_ (recovery check against rising-edge clock clk)
Path Group: asynchronous
Path Type: max

Fanout         Cap        Slew       Delay        Time   Description
---------------------------------------------------------------------------------------------
                                  0.000000    0.000000   clock clk (rise edge)
                                  0.000000    0.000000   clock source latency
     1    0.024380    0.115235    0.079492    0.079492 ^ clk (in)
                                                         clk (net)
                      0.115241    0.000000    0.079492 ^ clkbuf_0_clk/A (sky130_fd_sc_hd__clkbuf_16)
     8    0.125857    0.139220    0.227432    0.306925 ^ clkbuf_0_clk/X (sky130_fd_sc_hd__clkbuf_16)
                                                         clknet_0_clk (net)
                      0.139629    0.006057    0.312981 ^ clkbuf_3_1__f_clk/A (sky130_fd_sc_hd__clkbuf_16)
    10    0.074804    0.092078    0.200289    0.513270 ^ clkbuf_3_1__f_clk/X (sky130_fd_sc_hd__clkbuf_16)
                                                         clknet_3_1__leaf_clk (net)
                      0.092186    0.002818    0.516089 ^ clkbuf_leaf_4_clk/A (sky130_fd_sc_hd__clkbuf_8)
     8    0.038661    0.079754    0.172261    0.688350 ^ clkbuf_leaf_4_clk/X (sky130_fd_sc_hd__clkbuf_8)
                                                         clknet_leaf_4_clk (net)
                      0.079760    0.000760    0.689110 ^ _3748_/CLK (sky130_fd_sc_hd__dfxtp_2)
     1    0.002714    0.029479    0.316027    1.005138 ^ _3748_/Q (sky130_fd_sc_hd__dfxtp_2)
                                                         rst_n (net)
                      0.029479    0.000080    1.005218 ^ hold1/A (sky130_fd_sc_hd__dlygate4sd3_1)
     4    0.038146    0.377737    0.773942    1.779161 ^ hold1/X (sky130_fd_sc_hd__dlygate4sd3_1)
                                                         net157 (net)
                      0.377737    0.000406    1.779567 ^ fanout114/A (sky130_fd_sc_hd__buf_2)
     5    0.048165    0.236327    0.330157    2.109724 ^ fanout114/X (sky130_fd_sc_hd__buf_2)
                                                         net114 (net)
                      0.236327    0.001017    2.110740 ^ fanout113/A (sky130_fd_sc_hd__buf_2)
     6    0.046822    0.228990    0.296453    2.407193 ^ fanout113/X (sky130_fd_sc_hd__buf_2)
                                                         net113 (net)
                      0.228992    0.000561    2.407754 ^ fanout108/A (sky130_fd_sc_hd__clkbuf_2)
     5    0.032556    0.180797    0.256019    2.663774 ^ fanout108/X (sky130_fd_sc_hd__clkbuf_2)
                                                         net108 (net)
                      0.180797    0.000416    2.664190 ^ fanout107/A (sky130_fd_sc_hd__clkbuf_4)
    10    0.050156    0.156886    0.264743    2.928933 ^ fanout107/X (sky130_fd_sc_hd__clkbuf_4)
                                                         net107 (net)
                      0.156895    0.001396    2.930330 ^ fanout106/A (sky130_fd_sc_hd__clkbuf_4)
    10    0.047354    0.149448    0.251779    3.182109 ^ fanout106/X (sky130_fd_sc_hd__clkbuf_4)
                                                         net106 (net)
                      0.149471    0.001852    3.183961 ^ _3622_/RESET_B (sky130_fd_sc_hd__dfrtp_2)
                                              3.183961   data arrival time

                                 10.000000   10.000000   clock clk (rise edge)
                                  0.000000   10.000000   clock source latency
     1    0.024380    0.115235    0.079492   10.079493 ^ clk (in)
                                                         clk (net)
                      0.115241    0.000000   10.079493 ^ clkbuf_0_clk/A (sky130_fd_sc_hd__clkbuf_16)
     8    0.125857    0.139220    0.227432   10.306925 ^ clkbuf_0_clk/X (sky130_fd_sc_hd__clkbuf_16)
                                                         clknet_0_clk (net)
                      0.139428    0.004364   10.311288 ^ clkbuf_3_3__f_clk/A (sky130_fd_sc_hd__clkbuf_16)
     9    0.076034    0.093599    0.200919   10.512207 ^ clkbuf_3_3__f_clk/X (sky130_fd_sc_hd__clkbuf_16)
                                                         clknet_3_3__leaf_clk (net)
                      0.093765    0.002615   10.514822 ^ clkbuf_leaf_40_clk/A (sky130_fd_sc_hd__clkbuf_8)
     9    0.032623    0.070432    0.165695   10.680517 ^ clkbuf_leaf_40_clk/X (sky130_fd_sc_hd__clkbuf_8)
                                                         clknet_leaf_40_clk (net)
                      0.070432    0.000349   10.680866 ^ _3622_/CLK (sky130_fd_sc_hd__dfrtp_2)
                                 -0.250000   10.430866   clock uncertainty
                                  0.000000   10.430866   clock reconvergence pessimism
                                  0.195951   10.626818   library recovery time
                                             10.626818   data required time
---------------------------------------------------------------------------------------------
                                             10.626818   data required time
                                             -3.183961   data arrival time
---------------------------------------------------------------------------------------------
                                              7.442857   slack (MET)


Startpoint: _3662_ (rising edge-triggered flip-flop clocked by clk)
Endpoint: _3552_ (rising edge-triggered flip-flop clocked by clk)
Path Group: clk
Path Type: max

Fanout         Cap        Slew       Delay        Time   Description
---------------------------------------------------------------------------------------------
                                  0.000000    0.000000   clock clk (rise edge)
                                  0.000000    0.000000   clock source latency
     1    0.024380    0.115235    0.079492    0.079492 ^ clk (in)
                                                         clk (net)
                      0.115241    0.000000    0.079492 ^ clkbuf_0_clk/A (sky130_fd_sc_hd__clkbuf_16)
     8    0.125857    0.139220    0.227432    0.306925 ^ clkbuf_0_clk/X (sky130_fd_sc_hd__clkbuf_16)
                                                         clknet_0_clk (net)
                      0.139672    0.006361    0.313286 ^ clkbuf_3_5__f_clk/A (sky130_fd_sc_hd__clkbuf_16)
     9    0.077359    0.094845    0.202062    0.515348 ^ clkbuf_3_5__f_clk/X (sky130_fd_sc_hd__clkbuf_16)
                                                         clknet_3_5__leaf_clk (net)
                      0.094953    0.002852    0.518200 ^ clkbuf_leaf_19_clk/A (sky130_fd_sc_hd__clkbuf_8)
     9    0.046893    0.092901    0.183327    0.701526 ^ clkbuf_leaf_19_clk/X (sky130_fd_sc_hd__clkbuf_8)
                                                         clknet_leaf_19_clk (net)
                      0.092906    0.000782    0.702309 ^ _3662_/CLK (sky130_fd_sc_hd__dfrtp_2)
     4    0.029346    0.151940    0.449637    1.151946 ^ _3662_/Q (sky130_fd_sc_hd__dfrtp_2)
                                                         u_rx_fifo.rd_ptr[0] (net)
                      0.151940    0.000454    1.152399 ^ fanout154/A (sky130_fd_sc_hd__clkbuf_4)
     8    0.047432    0.149695    0.250056    1.402456 ^ fanout154/X (sky130_fd_sc_hd__clkbuf_4)
                                                         net154 (net)
                      0.149732    0.002301    1.404757 ^ _1674_/S0 (sky130_fd_sc_hd__mux4_1)
     1    0.003676    0.090141    0.570423    1.975180 v _1674_/X (sky130_fd_sc_hd__mux4_1)
                                                         _0741_ (net)
                      0.090141    0.000113    1.975292 v _1675_/A1 (sky130_fd_sc_hd__mux2_2)
     2    0.018835    0.088044    0.333071    2.308364 v _1675_/X (sky130_fd_sc_hd__mux2_2)
                                                         _0742_ (net)
                      0.088056    0.001047    2.309410 v _1677_/B1 (sky130_fd_sc_hd__a22o_2)
     5    0.050746    0.143471    0.333875    2.643285 v _1677_/X (sky130_fd_sc_hd__a22o_2)
                                                         _0744_ (net)
                      0.143485    0.001767    2.645052 v fanout42/A (sky130_fd_sc_hd__clkbuf_4)
    10    0.060658    0.124047    0.264263    2.909316 v fanout42/X (sky130_fd_sc_hd__clkbuf_4)
                                                         net42 (net)
                      0.124078    0.001942    2.911257 v _1728_/A (sky130_fd_sc_hd__or4b_1)
     2    0.004424    0.093176    0.552225    3.463482 v _1728_/X (sky130_fd_sc_hd__or4b_1)
                                                         _0795_ (net)
                      0.093176    0.000089    3.463571 v _1750_/B (sky130_fd_sc_hd__or4b_1)
     2    0.005360    0.098373    0.533474    3.997046 v _1750_/X (sky130_fd_sc_hd__or4b_1)
                                                         _0815_ (net)
                      0.098373    0.000073    3.997119 v _1789_/B (sky130_fd_sc_hd__or2_2)
     4    0.021402    0.101318    0.355378    4.352497 v _1789_/X (sky130_fd_sc_hd__or2_2)
                                                         _0846_ (net)
                      0.101321    0.000746    4.353243 v _2468_/B (sky130_fd_sc_hd__nor2_1)
     2    0.008967    0.177125    0.178514    4.531756 ^ _2468_/Y (sky130_fd_sc_hd__nor2_1)
                                                         _1191_ (net)
                      0.177126    0.000290    4.532046 ^ fanout14/A (sky130_fd_sc_hd__buf_4)
     5    0.037402    0.111481    0.203517    4.735563 ^ fanout14/X (sky130_fd_sc_hd__buf_4)
                                                         net14 (net)
                      0.111481    0.000376    4.735939 ^ fanout13/A (sky130_fd_sc_hd__clkbuf_4)
     9    0.045803    0.144479    0.232647    4.968585 ^ fanout13/X (sky130_fd_sc_hd__clkbuf_4)
                                                         net13 (net)
                      0.144479    0.000611    4.969197 ^ fanout12/A (sky130_fd_sc_hd__buf_4)
    10    0.047545    0.137353    0.214931    5.184128 ^ fanout12/X (sky130_fd_sc_hd__buf_4)
                                                         net12 (net)
                      0.137368    0.001495    5.185623 ^ _2636_/S (sky130_fd_sc_hd__mux2_1)
     1    0.003343    0.058511    0.337001    5.522624 v _2636_/X (sky130_fd_sc_hd__mux2_1)
                                                         _0379_ (net)
                      0.058511    0.000102    5.522727 v _3552_/D (sky130_fd_sc_hd__dfrtp_1)
                                              5.522727   data arrival time

                                 10.000000   10.000000   clock clk (rise edge)
                                  0.000000   10.000000   clock source latency
     1    0.024380    0.115235    0.079492   10.079493 ^ clk (in)
                                                         clk (net)
                      0.115241    0.000000   10.079493 ^ clkbuf_0_clk/A (sky130_fd_sc_hd__clkbuf_16)
     8    0.125857    0.139220    0.227432   10.306925 ^ clkbuf_0_clk/X (sky130_fd_sc_hd__clkbuf_16)
                                                         clknet_0_clk (net)
                      0.139428    0.004364   10.311288 ^ clkbuf_3_3__f_clk/A (sky130_fd_sc_hd__clkbuf_16)
     9    0.076034    0.093599    0.200919   10.512207 ^ clkbuf_3_3__f_clk/X (sky130_fd_sc_hd__clkbuf_16)
                                                         clknet_3_3__leaf_clk (net)
                      0.093765    0.002615   10.514822 ^ clkbuf_leaf_40_clk/A (sky130_fd_sc_hd__clkbuf_8)
     9    0.032623    0.070432    0.165695   10.680517 ^ clkbuf_leaf_40_clk/X (sky130_fd_sc_hd__clkbuf_8)
                                                         clknet_leaf_40_clk (net)
                      0.070433    0.000472   10.680989 ^ _3552_/CLK (sky130_fd_sc_hd__dfrtp_1)
                                 -0.250000   10.430989   clock uncertainty
                                  0.000000   10.430989   clock reconvergence pessimism
                                 -0.114340   10.316648   library setup time
                                             10.316648   data required time
---------------------------------------------------------------------------------------------
                                             10.316648   data required time
                                             -5.522727   data arrival time
---------------------------------------------------------------------------------------------
                                              4.793922   slack (MET)




===========================================================================
report_checks --slack_max -0.01
============================================================================
======================= nom_tt_025C_1v80 Corner ===================================

No paths found.


===========================================================================
 report_check_types -max_slew -max_cap -max_fanout -violators
============================================================================
======================= nom_tt_025C_1v80 Corner ===================================

max fanout

Pin                                   Limit Fanout  Slack
---------------------------------------------------------
clkbuf_leaf_17_clk/X                     10     19     -9 (VIOLATED)
clkbuf_leaf_21_clk/X                     10     18     -8 (VIOLATED)
clkbuf_leaf_33_clk/X                     10     17     -7 (VIOLATED)
clkbuf_leaf_18_clk/X                     10     16     -6 (VIOLATED)
clkbuf_leaf_1_clk/X                      10     16     -6 (VIOLATED)
clkbuf_leaf_59_clk/X                     10     16     -6 (VIOLATED)
clkbuf_leaf_60_clk/X                     10     16     -6 (VIOLATED)
clkbuf_leaf_7_clk/X                      10     16     -6 (VIOLATED)
clkbuf_leaf_13_clk/X                     10     15     -5 (VIOLATED)
clkbuf_leaf_14_clk/X                     10     15     -5 (VIOLATED)
clkbuf_leaf_38_clk/X                     10     15     -5 (VIOLATED)
clkbuf_leaf_58_clk/X                     10     15     -5 (VIOLATED)
clkbuf_leaf_63_clk/X                     10     15     -5 (VIOLATED)
clkbuf_leaf_16_clk/X                     10     14     -4 (VIOLATED)
clkbuf_leaf_26_clk/X                     10     14     -4 (VIOLATED)
clkbuf_leaf_46_clk/X                     10     14     -4 (VIOLATED)
clkbuf_leaf_56_clk/X                     10     14     -4 (VIOLATED)
clkbuf_leaf_62_clk/X                     10     14     -4 (VIOLATED)
clkbuf_leaf_8_clk/X                      10     14     -4 (VIOLATED)
clkbuf_leaf_10_clk/X                     10     13     -3 (VIOLATED)
clkbuf_leaf_11_clk/X                     10     13     -3 (VIOLATED)
clkbuf_leaf_27_clk/X                     10     13     -3 (VIOLATED)
clkbuf_leaf_28_clk/X                     10     13     -3 (VIOLATED)
clkbuf_leaf_36_clk/X                     10     13     -3 (VIOLATED)
clkbuf_leaf_45_clk/X                     10     13     -3 (VIOLATED)
clkbuf_leaf_65_clk/X                     10     13     -3 (VIOLATED)
clkbuf_leaf_12_clk/X                     10     12     -2 (VIOLATED)
clkbuf_leaf_15_clk/X                     10     12     -2 (VIOLATED)
clkbuf_leaf_35_clk/X                     10     12     -2 (VIOLATED)
clkbuf_leaf_43_clk/X                     10     12     -2 (VIOLATED)
clkbuf_leaf_24_clk/X                     10     11        (VIOLATED)
clkbuf_leaf_57_clk/X                     10     11        (VIOLATED)
clkbuf_leaf_61_clk/X                     10     11        (VIOLATED)
fanout43/X                               10     11        (VIOLATED)



===========================================================================
report_parasitic_annotation -report_unannotated
============================================================================
Found 66 unannotated drivers.
 _3745__156/LO
 clkload0/X
 clkload1/Y
 clkload10/Y
 clkload11/Y
 clkload12/Y
 clkload13/Y
 clkload14/Y
 clkload15/Y
 clkload16/Y
 clkload17/Y
 clkload18/Y
 clkload19/Y
 clkload2/Y
 clkload20/Y
 clkload21/X
 clkload22/Y
 clkload23/Y
 clkload24/Y
 clkload25/Y
 clkload26/Y
 clkload27/Y
 clkload28/Y
 clkload29/Y
 clkload3/Y
 clkload30/Y
 clkload31/Y
 clkload32/Y
 clkload33/Y
 clkload34/Y
 clkload35/X
 clkload36/Y
 clkload37/Y
 clkload38/Y
 clkload39/Y
 clkload4/Y
 clkload40/Y
 clkload41/Y
 clkload42/Y
 clkload43/Y
 clkload44/Y
 clkload45/Y
 clkload46/Y
 clkload47/Y
 clkload48/Y
 clkload49/Y
 clkload5/Y
 clkload50/Y
 clkload51/Y
 clkload52/Y
 clkload53/Y
 clkload54/Y
 clkload55/Y
 clkload56/Y
 clkload57/Y
 clkload58/Y
 clkload59/Y
 clkload6/X
 clkload60/Y
 clkload61/Y
 clkload62/Y
 clkload63/Y
 clkload64/Y
 clkload7/Y
 clkload8/Y
 clkload9/X
Found 0 partially unannotated drivers.

===========================================================================
max slew violation count 0
max fanout violation count 34
max cap violation count 0
============================================================================

===========================================================================
check_setup -verbose -unconstrained_endpoints -multiple_clock -no_clock -no_input_delay -loops -generated_clocks
===========================================================================
Warning: There is 1 unconstrained endpoint.
  _3745_/D
