Clock: clk
Sources: clk 
Generated: no
Virtual: yes
Propagated: no
Period: 10.000000

===========================================================================
report_clock_properties
============================================================================
Clock                   Period          Waveform
----------------------------------------------------
clk                  10.000000    0.000000  5.000000

===========================================================================
report_clock_latency
============================================================================
Clock clk
rise -> rise
    min     max
0.000000 0.000000 source latency
0.514724         network latency _3373_/CLK
        0.718542 network latency _3308_/CLK
---------------
0.514724 0.718542 latency
        0.203818 skew

fall -> fall
    min     max
0.000000 0.000000 source latency
0.443563         network latency _3373_/CLK
        0.635640 network latency _3308_/CLK
---------------
0.443563 0.635640 latency
        0.192077 skew



===========================================================================
report_clock_min_period
============================================================================
clk period_min = 5.21 fmax = 192.08
