Reading OpenROAD database at '/home/hiepthai/Desktop/uart-fifo-rfid-asic/rdm6300_asic_fpga_modular/runs/RUN_2026-08-25_11-50-18/15-odb-setpowerconnections/top_basys3_rdm6300.odb'…
Reading library file at '/home/hiepthai/.volare/volare/sky130/versions/0fe599b2afb6708d281543108caf8310912f54af/sky130A/libs.ref/sky130_fd_sc_hd/lib/sky130_fd_sc_hd__tt_025C_1v80.lib'…
Reading design constraints file at '/nix/store/ss2cw3sxbrwwx9jl0rrppbw4kgcmgi2n-python3-3.11.9-env/lib/python3.11/site-packages/openlane/scripts/base.sdc'…
[INFO] Using clock clk…
[INFO] Setting output delay to: 2.0
[INFO] Setting input delay to: 2.0
[INFO] Setting load to: 0.033442
[INFO] Setting clock uncertainty to: 0.25
[INFO] Setting clock transition to: 0.1499999999999999944488848768742172978818416595458984375
[INFO] Setting timing derate to: 5%
Setting global connections for newly added cells…
[INFO] Setting global connections...
Updating metrics…
Cell type report:                       Count       Area
  Inverter                                 44     165.16
  Sequential cell                         664   16145.48
  Multi-Input combinational cell         1544   16660.98
  Total                                  2252   32971.62
Writing OpenROAD database to '/home/hiepthai/Desktop/uart-fifo-rfid-asic/rdm6300_asic_fpga_modular/runs/RUN_2026-08-25_11-50-18/17-openroad-cutrows/top_basys3_rdm6300.odb'…
Writing layout to '/home/hiepthai/Desktop/uart-fifo-rfid-asic/rdm6300_asic_fpga_modular/runs/RUN_2026-08-25_11-50-18/17-openroad-cutrows/top_basys3_rdm6300.def'…
