Reading OpenROAD database at '/home/hiepthai/Desktop/uart-fifo-rfid-asic/rdm6300_asic_fpga_modular/runs/RUN_2026-08-25_11-50-18/41-openroad-repairantennas/1-diodeinsertion/top_basys3_rdm6300.odb'…
Reading library file at '/home/hiepthai/.volare/volare/sky130/versions/0fe599b2afb6708d281543108caf8310912f54af/sky130A/libs.ref/sky130_fd_sc_hd/lib/sky130_fd_sc_hd__tt_025C_1v80.lib'…
Reading design constraints file at '/nix/store/ss2cw3sxbrwwx9jl0rrppbw4kgcmgi2n-python3-3.11.9-env/lib/python3.11/site-packages/openlane/scripts/base.sdc'…
[INFO] Using clock clk…
[INFO] Setting output delay to: 2.0
[INFO] Setting input delay to: 2.0
[INFO] Setting load to: 0.033442
[INFO] Setting clock uncertainty to: 0.25
[INFO] Setting clock transition to: 0.1499999999999999944488848768742172978818416595458984375
[INFO] Setting timing derate to: 5%
[INFO ORD-0030] Using 4 thread(s).
[INFO DRT-0149] Reading tech and libs.
[WARNING DRT-0349] LEF58_ENCLOSURE with no CUTCLASS is not supported. Skipping for layer mcon
[WARNING DRT-0349] LEF58_ENCLOSURE with no CUTCLASS is not supported. Skipping for layer mcon
[WARNING DRT-0349] LEF58_ENCLOSURE with no CUTCLASS is not supported. Skipping for layer via
[WARNING DRT-0349] LEF58_ENCLOSURE with no CUTCLASS is not supported. Skipping for layer via
[WARNING DRT-0349] LEF58_ENCLOSURE with no CUTCLASS is not supported. Skipping for layer via2
[WARNING DRT-0349] LEF58_ENCLOSURE with no CUTCLASS is not supported. Skipping for layer via2
[WARNING DRT-0349] LEF58_ENCLOSURE with no CUTCLASS is not supported. Skipping for layer via3
[WARNING DRT-0349] LEF58_ENCLOSURE with no CUTCLASS is not supported. Skipping for layer via3
[WARNING DRT-0349] LEF58_ENCLOSURE with no CUTCLASS is not supported. Skipping for layer via4
[WARNING DRT-0349] LEF58_ENCLOSURE with no CUTCLASS is not supported. Skipping for layer via4

Units:                1000
Number of layers:     13
Number of macros:     441
Number of vias:       29
Number of viarulegen: 25

[INFO DRT-0150] Reading design.

Design:                   top_basys3_rdm6300
Die area:                 ( 0 0 ) ( 267835 278555 )
Number of track patterns: 12
Number of DEF vias:       0
Number of components:     4148
Number of terminals:      5
Number of snets:          2
Number of nets:           2983

[INFO DRT-0167] List of default vias:
  Layer via
    default via: M1M2_PR
  Layer via2
    default via: M2M3_PR
  Layer via3
    default via: M3M4_PR
  Layer via4
    default via: M4M5_PR
[INFO DRT-0162] Library cell analysis.
[INFO DRT-0163] Instance analysis.
[INFO DRT-0164] Number of unique instances = 311.
[INFO DRT-0168] Init region query.
[INFO DRT-0024]   Complete FR_MASTERSLICE.
[INFO DRT-0024]   Complete licon.
[INFO DRT-0024]   Complete li1.
[INFO DRT-0024]   Complete mcon.
[INFO DRT-0024]   Complete met1.
[INFO DRT-0024]   Complete via.
[INFO DRT-0024]   Complete met2.
[INFO DRT-0024]   Complete via2.
[INFO DRT-0024]   Complete met3.
[INFO DRT-0024]   Complete via3.
[INFO DRT-0024]   Complete met4.
[INFO DRT-0024]   Complete via4.
[INFO DRT-0024]   Complete met5.
[INFO DRT-0033] FR_MASTERSLICE shape region query size = 0.
[INFO DRT-0033] licon shape region query size = 0.
[INFO DRT-0033] li1 shape region query size = 124155.
[INFO DRT-0033] mcon shape region query size = 0.
[INFO DRT-0033] met1 shape region query size = 17341.
[INFO DRT-0033] via shape region query size = 950.
[INFO DRT-0033] met2 shape region query size = 571.
[INFO DRT-0033] via2 shape region query size = 760.
[INFO DRT-0033] met3 shape region query size = 572.
[INFO DRT-0033] via3 shape region query size = 760.
[INFO DRT-0033] met4 shape region query size = 206.
[INFO DRT-0033] via4 shape region query size = 8.
[INFO DRT-0033] met5 shape region query size = 16.
[INFO DRT-0165] Start pin access.
[INFO DRT-0076]   Complete 1000 pins.
[INFO DRT-0078]   Complete 1119 pins.
[INFO DRT-0079]   Complete 100 unique inst patterns.
[INFO DRT-0079]   Complete 200 unique inst patterns.
[INFO DRT-0079]   Complete 300 unique inst patterns.
[INFO DRT-0081]   Complete 305 unique inst patterns.
[INFO DRT-0084]   Complete 1704 groups.
#scanned instances     = 4148
#unique  instances     = 311
#stdCellGenAp          = 8573
#stdCellValidPlanarAp  = 88
#stdCellValidViaAp     = 6598
#stdCellPinNoAp        = 0
#stdCellPinCnt         = 10183
#instTermValidViaApCnt = 0
#macroGenAp            = 0
#macroValidPlanarAp    = 0
#macroValidViaAp       = 0
#macroNoAp             = 0
[INFO DRT-0166] Complete pin access.
[INFO DRT-0267] cpu time = 00:00:35, elapsed time = 00:00:09, memory = 160.64 (MB), peak = 160.15 (MB)

[INFO DRT-0157] Number of guides:     21463

[INFO DRT-0169] Post process guides.
[INFO DRT-0176] GCELLGRID X 0 DO 38 STEP 6900 ;
[INFO DRT-0177] GCELLGRID Y 0 DO 40 STEP 6900 ;
[INFO DRT-0028]   Complete FR_MASTERSLICE.
[INFO DRT-0028]   Complete licon.
[INFO DRT-0028]   Complete li1.
[INFO DRT-0028]   Complete mcon.
[INFO DRT-0028]   Complete met1.
[INFO DRT-0028]   Complete via.
[INFO DRT-0028]   Complete met2.
[INFO DRT-0028]   Complete via2.
[INFO DRT-0028]   Complete met3.
[INFO DRT-0028]   Complete via3.
[INFO DRT-0028]   Complete met4.
[INFO DRT-0028]   Complete via4.
[INFO DRT-0028]   Complete met5.
[INFO DRT-0178] Init guide query.
[INFO DRT-0035]   Complete FR_MASTERSLICE (guide).
[INFO DRT-0035]   Complete licon (guide).
[INFO DRT-0035]   Complete li1 (guide).
[INFO DRT-0035]   Complete mcon (guide).
[INFO DRT-0035]   Complete met1 (guide).
[INFO DRT-0035]   Complete via (guide).
[INFO DRT-0035]   Complete met2 (guide).
[INFO DRT-0035]   Complete via2 (guide).
[INFO DRT-0035]   Complete met3 (guide).
[INFO DRT-0035]   Complete via3 (guide).
[INFO DRT-0035]   Complete met4 (guide).
[INFO DRT-0035]   Complete via4 (guide).
[INFO DRT-0035]   Complete met5 (guide).
[INFO DRT-0036] FR_MASTERSLICE guide region query size = 0.
[INFO DRT-0036] licon guide region query size = 0.
[INFO DRT-0036] li1 guide region query size = 7717.
[INFO DRT-0036] mcon guide region query size = 0.
[INFO DRT-0036] met1 guide region query size = 6082.
[INFO DRT-0036] via guide region query size = 0.
[INFO DRT-0036] met2 guide region query size = 3075.
[INFO DRT-0036] via2 guide region query size = 0.
[INFO DRT-0036] met3 guide region query size = 70.
[INFO DRT-0036] via3 guide region query size = 0.
[INFO DRT-0036] met4 guide region query size = 11.
[INFO DRT-0036] via4 guide region query size = 0.
[INFO DRT-0036] met5 guide region query size = 0.
[INFO DRT-0179] Init gr pin query.
[INFO DRT-0245] skipped writing guide updates to database.
[INFO DRT-0185] Post process initialize RPin region query.
[INFO DRT-0181] Start track assignment.
[INFO DRT-0184] Done with 10803 vertical wires in 1 frboxes and 6152 horizontal wires in 1 frboxes.
[INFO DRT-0186] Done with 877 vertical wires in 1 frboxes and 1952 horizontal wires in 1 frboxes.
[INFO DRT-0182] Complete track assignment.
[INFO DRT-0267] cpu time = 00:00:02, elapsed time = 00:00:00, memory = 195.43 (MB), peak = 194.77 (MB)
[INFO DRT-0187] Start routing data preparation.
[INFO DRT-0267] cpu time = 00:00:00, elapsed time = 00:00:00, memory = 197.76 (MB), peak = 197.15 (MB)
[INFO DRT-0194] Start detail routing.
[INFO DRT-0195] Start 0th optimization iteration.
    Completing 10% with 0 violations.
    elapsed time = 00:00:00, memory = 294.12 (MB).
    Completing 20% with 0 violations.
    elapsed time = 00:00:01, memory = 290.17 (MB).
    Completing 30% with 182 violations.
    elapsed time = 00:00:02, memory = 311.86 (MB).
    Completing 40% with 182 violations.
    elapsed time = 00:00:03, memory = 336.31 (MB).
    Completing 50% with 182 violations.
    elapsed time = 00:00:03, memory = 337.53 (MB).
    Completing 60% with 363 violations.
    elapsed time = 00:00:04, memory = 367.83 (MB).
    Completing 70% with 363 violations.
    elapsed time = 00:00:06, memory = 367.83 (MB).
    Completing 80% with 574 violations.
    elapsed time = 00:00:06, memory = 352.39 (MB).
    Completing 90% with 574 violations.
    elapsed time = 00:00:07, memory = 357.56 (MB).
    Completing 100% with 807 violations.
    elapsed time = 00:00:08, memory = 357.56 (MB).
[INFO DRT-0199]   Number of violations = 1040.
Viol/Layer         li1   mcon   met1    via   met2   met3
Cut Spacing          0      1      0      0      0      0
Metal Spacing       26      0    215      0     35      0
Min Hole             0      0      8      0      0      0
Recheck              0      0    178      0     54      1
Short                0      0    485      1     36      0
[INFO DRT-0267] cpu time = 00:00:28, elapsed time = 00:00:08, memory = 681.58 (MB), peak = 681.01 (MB)
Total wire length = 72806 um.
Total wire length on LAYER li1 = 0 um.
Total wire length on LAYER met1 = 36673 um.
Total wire length on LAYER met2 = 33123 um.
Total wire length on LAYER met3 = 2556 um.
Total wire length on LAYER met4 = 452 um.
Total wire length on LAYER met5 = 0 um.
Total number of vias = 20723.
Up-via summary (total 20723):

------------------------
 FR_MASTERSLICE        0
            li1     9775
           met1    10765
           met2      164
           met3       19
           met4        0
------------------------
                   20723


[INFO DRT-0195] Start 1st optimization iteration.
    Completing 10% with 1040 violations.
    elapsed time = 00:00:00, memory = 689.21 (MB).
    Completing 20% with 1040 violations.
    elapsed time = 00:00:01, memory = 696.07 (MB).
    Completing 30% with 887 violations.
    elapsed time = 00:00:02, memory = 696.07 (MB).
    Completing 40% with 887 violations.
    elapsed time = 00:00:02, memory = 696.07 (MB).
    Completing 50% with 887 violations.
    elapsed time = 00:00:03, memory = 696.07 (MB).
    Completing 60% with 711 violations.
    elapsed time = 00:00:04, memory = 723.86 (MB).
    Completing 70% with 711 violations.
    elapsed time = 00:00:05, memory = 696.07 (MB).
    Completing 80% with 491 violations.
    elapsed time = 00:00:06, memory = 696.07 (MB).
    Completing 90% with 491 violations.
    elapsed time = 00:00:06, memory = 696.07 (MB).
    Completing 100% with 298 violations.
    elapsed time = 00:00:07, memory = 696.07 (MB).
[INFO DRT-0199]   Number of violations = 298.
Viol/Layer        met1   met2
Metal Spacing       62     24
Min Hole             5      0
Short              196     11
[INFO DRT-0267] cpu time = 00:00:25, elapsed time = 00:00:07, memory = 699.07 (MB), peak = 723.26 (MB)
Total wire length = 72175 um.
Total wire length on LAYER li1 = 0 um.
Total wire length on LAYER met1 = 36411 um.
Total wire length on LAYER met2 = 32761 um.
Total wire length on LAYER met3 = 2553 um.
Total wire length on LAYER met4 = 450 um.
Total wire length on LAYER met5 = 0 um.
Total number of vias = 20513.
Up-via summary (total 20513):

------------------------
 FR_MASTERSLICE        0
            li1     9774
           met1    10555
           met2      165
           met3       19
           met4        0
------------------------
                   20513


[INFO DRT-0195] Start 2nd optimization iteration.
    Completing 10% with 298 violations.
    elapsed time = 00:00:00, memory = 699.07 (MB).
    Completing 20% with 298 violations.
    elapsed time = 00:00:00, memory = 699.07 (MB).
    Completing 30% with 298 violations.
    elapsed time = 00:00:01, memory = 699.07 (MB).
    Completing 40% with 283 violations.
    elapsed time = 00:00:01, memory = 699.07 (MB).
    Completing 50% with 283 violations.
    elapsed time = 00:00:02, memory = 732.52 (MB).
    Completing 60% with 281 violations.
    elapsed time = 00:00:04, memory = 699.07 (MB).
    Completing 70% with 281 violations.
    elapsed time = 00:00:05, memory = 699.07 (MB).
    Completing 80% with 281 violations.
    elapsed time = 00:00:05, memory = 699.07 (MB).
    Completing 90% with 246 violations.
    elapsed time = 00:00:07, memory = 705.62 (MB).
    Completing 100% with 256 violations.
    elapsed time = 00:00:08, memory = 705.62 (MB).
[INFO DRT-0199]   Number of violations = 256.
Viol/Layer        met1   met2
Metal Spacing       55     14
Min Hole             7      0
Short              169     11
[INFO DRT-0267] cpu time = 00:00:26, elapsed time = 00:00:08, memory = 705.62 (MB), peak = 732.12 (MB)
Total wire length = 72048 um.
Total wire length on LAYER li1 = 0 um.
Total wire length on LAYER met1 = 36331 um.
Total wire length on LAYER met2 = 32719 um.
Total wire length on LAYER met3 = 2549 um.
Total wire length on LAYER met4 = 447 um.
Total wire length on LAYER met5 = 0 um.
Total number of vias = 20439.
Up-via summary (total 20439):

------------------------
 FR_MASTERSLICE        0
            li1     9774
           met1    10479
           met2      167
           met3       19
           met4        0
------------------------
                   20439


[INFO DRT-0195] Start 3rd optimization iteration.
    Completing 10% with 256 violations.
    elapsed time = 00:00:00, memory = 705.62 (MB).
    Completing 20% with 256 violations.
    elapsed time = 00:00:00, memory = 705.62 (MB).
    Completing 30% with 201 violations.
    elapsed time = 00:00:01, memory = 705.62 (MB).
    Completing 40% with 201 violations.
    elapsed time = 00:00:01, memory = 705.62 (MB).
    Completing 50% with 201 violations.
    elapsed time = 00:00:02, memory = 705.62 (MB).
    Completing 60% with 172 violations.
    elapsed time = 00:00:02, memory = 738.85 (MB).
    Completing 70% with 172 violations.
    elapsed time = 00:00:03, memory = 738.85 (MB).
    Completing 80% with 94 violations.
    elapsed time = 00:00:04, memory = 712.59 (MB).
    Completing 90% with 94 violations.
    elapsed time = 00:00:04, memory = 712.59 (MB).
    Completing 100% with 44 violations.
    elapsed time = 00:00:05, memory = 712.59 (MB).
[INFO DRT-0199]   Number of violations = 44.
Viol/Layer        met1   met2
Metal Spacing       17      4
Min Hole             1      0
Short               22      0
[INFO DRT-0267] cpu time = 00:00:15, elapsed time = 00:00:05, memory = 712.59 (MB), peak = 738.34 (MB)
Total wire length = 71999 um.
Total wire length on LAYER li1 = 0 um.
Total wire length on LAYER met1 = 35556 um.
Total wire length on LAYER met2 = 32825 um.
Total wire length on LAYER met3 = 3144 um.
Total wire length on LAYER met4 = 473 um.
Total wire length on LAYER met5 = 0 um.
Total number of vias = 20623.
Up-via summary (total 20623):

------------------------
 FR_MASTERSLICE        0
            li1     9774
           met1    10549
           met2      279
           met3       21
           met4        0
------------------------
                   20623


[INFO DRT-0195] Start 4th optimization iteration.
    Completing 10% with 44 violations.
    elapsed time = 00:00:00, memory = 712.59 (MB).
    Completing 20% with 44 violations.
    elapsed time = 00:00:00, memory = 712.59 (MB).
    Completing 30% with 44 violations.
    elapsed time = 00:00:00, memory = 712.59 (MB).
    Completing 40% with 44 violations.
    elapsed time = 00:00:00, memory = 712.59 (MB).
    Completing 50% with 44 violations.
    elapsed time = 00:00:00, memory = 712.59 (MB).
    Completing 60% with 35 violations.
    elapsed time = 00:00:00, memory = 712.59 (MB).
    Completing 70% with 35 violations.
    elapsed time = 00:00:00, memory = 712.59 (MB).
    Completing 80% with 34 violations.
    elapsed time = 00:00:00, memory = 712.59 (MB).
    Completing 90% with 34 violations.
    elapsed time = 00:00:00, memory = 712.59 (MB).
    Completing 100% with 0 violations.
    elapsed time = 00:00:00, memory = 712.59 (MB).
[INFO DRT-0199]   Number of violations = 0.
[INFO DRT-0267] cpu time = 00:00:03, elapsed time = 00:00:00, memory = 712.59 (MB), peak = 738.34 (MB)
Total wire length = 71990 um.
Total wire length on LAYER li1 = 0 um.
Total wire length on LAYER met1 = 35467 um.
Total wire length on LAYER met2 = 32799 um.
Total wire length on LAYER met3 = 3250 um.
Total wire length on LAYER met4 = 473 um.
Total wire length on LAYER met5 = 0 um.
Total number of vias = 20639.
Up-via summary (total 20639):

------------------------
 FR_MASTERSLICE        0
            li1     9774
           met1    10548
           met2      296
           met3       21
           met4        0
------------------------
                   20639


[INFO DRT-0198] Complete detail routing.
Total wire length = 71990 um.
Total wire length on LAYER li1 = 0 um.
Total wire length on LAYER met1 = 35467 um.
Total wire length on LAYER met2 = 32799 um.
Total wire length on LAYER met3 = 3250 um.
Total wire length on LAYER met4 = 473 um.
Total wire length on LAYER met5 = 0 um.
Total number of vias = 20639.
Up-via summary (total 20639):

------------------------
 FR_MASTERSLICE        0
            li1     9774
           met1    10548
           met2      296
           met3       21
           met4        0
------------------------
                   20639


[INFO DRT-0267] cpu time = 00:01:39, elapsed time = 00:00:32, memory = 712.59 (MB), peak = 738.34 (MB)

[INFO DRT-0180] Post processing.
Setting global connections for newly added cells…
[INFO] Setting global connections...
Updating metrics…
Cell type report:                       Count       Area
  Fill cell                               188     705.68
  Tap cell                                912    1141.09
  Antenna cell                              2       5.00
  Clock buffer                             80    1189.89
  Timing Repair Buffer                    654    5930.69
  Inverter                                 44     165.16
  Clock inverter                           60     675.65
  Sequential cell                         664   15411.03
  Multi-Input combinational cell         1544   15253.38
  Total                                  4148   40477.57
Writing OpenROAD database to '/home/hiepthai/Desktop/uart-fifo-rfid-asic/rdm6300_asic_fpga_modular/runs/RUN_2026-08-25_11-50-18/43-openroad-detailedrouting/top_basys3_rdm6300.odb'…
Writing netlist to '/home/hiepthai/Desktop/uart-fifo-rfid-asic/rdm6300_asic_fpga_modular/runs/RUN_2026-08-25_11-50-18/43-openroad-detailedrouting/top_basys3_rdm6300.nl.v'…
Writing powered netlist to '/home/hiepthai/Desktop/uart-fifo-rfid-asic/rdm6300_asic_fpga_modular/runs/RUN_2026-08-25_11-50-18/43-openroad-detailedrouting/top_basys3_rdm6300.pnl.v'…
Writing layout to '/home/hiepthai/Desktop/uart-fifo-rfid-asic/rdm6300_asic_fpga_modular/runs/RUN_2026-08-25_11-50-18/43-openroad-detailedrouting/top_basys3_rdm6300.def'…
Writing timing constraints to '/home/hiepthai/Desktop/uart-fifo-rfid-asic/rdm6300_asic_fpga_modular/runs/RUN_2026-08-25_11-50-18/43-openroad-detailedrouting/top_basys3_rdm6300.sdc'…
