
===========================================================================
report_checks -unconstrained
===========================================================================
======================= min_tt_025C_1v80 Corner ===================================

Startpoint: _3748_ (rising edge-triggered flip-flop clocked by clk)
Endpoint: _3622_ (recovery check against rising-edge clock clk)
Path Group: asynchronous
Path Type: max

Fanout         Cap        Slew       Delay        Time   Description
---------------------------------------------------------------------------------------------
                                  0.000000    0.000000   clock clk (rise edge)
                                  0.000000    0.000000   clock source latency
     1    0.023234    0.110088    0.075757    0.075757 ^ clk (in)
                                                         clk (net)
                      0.110090    0.000000    0.075757 ^ clkbuf_0_clk/A (sky130_fd_sc_hd__clkbuf_16)
     8    0.120109    0.133646    0.222810    0.298567 ^ clkbuf_0_clk/X (sky130_fd_sc_hd__clkbuf_16)
                                                         clknet_0_clk (net)
                      0.133893    0.003938    0.302505 ^ clkbuf_3_1__f_clk/A (sky130_fd_sc_hd__clkbuf_16)
    10    0.071223    0.088618    0.196588    0.499093 ^ clkbuf_3_1__f_clk/X (sky130_fd_sc_hd__clkbuf_16)
                                                         clknet_3_1__leaf_clk (net)
                      0.088648    0.001540    0.500633 ^ clkbuf_leaf_4_clk/A (sky130_fd_sc_hd__clkbuf_8)
     8    0.038010    0.078817    0.170447    0.671080 ^ clkbuf_leaf_4_clk/X (sky130_fd_sc_hd__clkbuf_8)
                                                         clknet_leaf_4_clk (net)
                      0.078817    0.000304    0.671384 ^ _3748_/CLK (sky130_fd_sc_hd__dfxtp_2)
     1    0.002638    0.029235    0.315344    0.986728 ^ _3748_/Q (sky130_fd_sc_hd__dfxtp_2)
                                                         rst_n (net)
                      0.029235    0.000031    0.986759 ^ hold1/A (sky130_fd_sc_hd__dlygate4sd3_1)
     4    0.034978    0.347708    0.753444    1.740204 ^ hold1/X (sky130_fd_sc_hd__dlygate4sd3_1)
                                                         net157 (net)
                      0.347708    0.000083    1.740287 ^ fanout114/A (sky130_fd_sc_hd__buf_2)
     5    0.045060    0.221508    0.315686    2.055973 ^ fanout114/X (sky130_fd_sc_hd__buf_2)
                                                         net114 (net)
                      0.221508    0.000339    2.056312 ^ fanout113/A (sky130_fd_sc_hd__buf_2)
     6    0.043444    0.213854    0.282228    2.338541 ^ fanout113/X (sky130_fd_sc_hd__buf_2)
                                                         net113 (net)
                      0.213854    0.000143    2.338684 ^ fanout108/A (sky130_fd_sc_hd__clkbuf_2)
     5    0.030872    0.171921    0.246478    2.585162 ^ fanout108/X (sky130_fd_sc_hd__clkbuf_2)
                                                         net108 (net)
                      0.171921    0.000109    2.585271 ^ fanout107/A (sky130_fd_sc_hd__clkbuf_4)
    10    0.048540    0.152846    0.259190    2.844460 ^ fanout107/X (sky130_fd_sc_hd__clkbuf_4)
                                                         net107 (net)
                      0.152846    0.000655    2.845116 ^ fanout106/A (sky130_fd_sc_hd__clkbuf_4)
    10    0.046212    0.146091    0.248578    3.093693 ^ fanout106/X (sky130_fd_sc_hd__clkbuf_4)
                                                         net106 (net)
                      0.146095    0.001011    3.094704 ^ _3622_/RESET_B (sky130_fd_sc_hd__dfrtp_2)
                                              3.094704   data arrival time

                                 10.000000   10.000000   clock clk (rise edge)
                                  0.000000   10.000000   clock source latency
     1    0.023234    0.110088    0.075757   10.075757 ^ clk (in)
                                                         clk (net)
                      0.110090    0.000000   10.075757 ^ clkbuf_0_clk/A (sky130_fd_sc_hd__clkbuf_16)
     8    0.120109    0.133646    0.222810   10.298568 ^ clkbuf_0_clk/X (sky130_fd_sc_hd__clkbuf_16)
                                                         clknet_0_clk (net)
                      0.133793    0.002655   10.301223 ^ clkbuf_3_3__f_clk/A (sky130_fd_sc_hd__clkbuf_16)
     9    0.072658    0.089957    0.197484   10.498706 ^ clkbuf_3_3__f_clk/X (sky130_fd_sc_hd__clkbuf_16)
                                                         clknet_3_3__leaf_clk (net)
                      0.089976    0.001355   10.500062 ^ clkbuf_leaf_40_clk/A (sky130_fd_sc_hd__clkbuf_8)
     9    0.031782    0.069087    0.163435   10.663497 ^ clkbuf_leaf_40_clk/X (sky130_fd_sc_hd__clkbuf_8)
                                                         clknet_leaf_40_clk (net)
                      0.069087    0.000075   10.663571 ^ _3622_/CLK (sky130_fd_sc_hd__dfrtp_2)
                                 -0.250000   10.413571   clock uncertainty
                                  0.000000   10.413571   clock reconvergence pessimism
                                  0.196535   10.610106   library recovery time
                                             10.610106   data required time
---------------------------------------------------------------------------------------------
                                             10.610106   data required time
                                             -3.094704   data arrival time
---------------------------------------------------------------------------------------------
                                              7.515402   slack (MET)


Startpoint: _3662_ (rising edge-triggered flip-flop clocked by clk)
Endpoint: _3552_ (rising edge-triggered flip-flop clocked by clk)
Path Group: clk
Path Type: max

Fanout         Cap        Slew       Delay        Time   Description
---------------------------------------------------------------------------------------------
                                  0.000000    0.000000   clock clk (rise edge)
                                  0.000000    0.000000   clock source latency
     1    0.023234    0.110088    0.075757    0.075757 ^ clk (in)
                                                         clk (net)
                      0.110090    0.000000    0.075757 ^ clkbuf_0_clk/A (sky130_fd_sc_hd__clkbuf_16)
     8    0.120109    0.133646    0.222810    0.298567 ^ clkbuf_0_clk/X (sky130_fd_sc_hd__clkbuf_16)
                                                         clknet_0_clk (net)
                      0.133907    0.004085    0.302652 ^ clkbuf_3_5__f_clk/A (sky130_fd_sc_hd__clkbuf_16)
     9    0.073656    0.090895    0.198353    0.501005 ^ clkbuf_3_5__f_clk/X (sky130_fd_sc_hd__clkbuf_16)
                                                         clknet_3_5__leaf_clk (net)
                      0.090919    0.001426    0.502431 ^ clkbuf_leaf_19_clk/A (sky130_fd_sc_hd__clkbuf_8)
     9    0.045920    0.091262    0.180985    0.683417 ^ clkbuf_leaf_19_clk/X (sky130_fd_sc_hd__clkbuf_8)
                                                         clknet_leaf_19_clk (net)
                      0.091262    0.000303    0.683719 ^ _3662_/CLK (sky130_fd_sc_hd__dfrtp_2)
     4    0.027655    0.144376    0.443547    1.127266 ^ _3662_/Q (sky130_fd_sc_hd__dfrtp_2)
                                                         u_rx_fifo.rd_ptr[0] (net)
                      0.144376    0.000158    1.127425 ^ fanout154/A (sky130_fd_sc_hd__clkbuf_4)
     8    0.045495    0.144083    0.244126    1.371551 ^ fanout154/X (sky130_fd_sc_hd__clkbuf_4)
                                                         net154 (net)
                      0.144091    0.001250    1.372801 ^ _1674_/S0 (sky130_fd_sc_hd__mux4_1)
     1    0.003435    0.089041    0.567154    1.939955 v _1674_/X (sky130_fd_sc_hd__mux4_1)
                                                         _0741_ (net)
                      0.089041    0.000044    1.939999 v _1675_/A1 (sky130_fd_sc_hd__mux2_2)
     2    0.017950    0.085907    0.330445    2.270444 v _1675_/X (sky130_fd_sc_hd__mux2_2)
                                                         _0742_ (net)
                      0.085911    0.000699    2.271144 v _1677_/B1 (sky130_fd_sc_hd__a22o_2)
     5    0.046348    0.133439    0.326383    2.597527 v _1677_/X (sky130_fd_sc_hd__a22o_2)
                                                         _0744_ (net)
                      0.133439    0.000690    2.598217 v fanout42/A (sky130_fd_sc_hd__clkbuf_4)
    10    0.055967    0.115513    0.254363    2.852580 v fanout42/X (sky130_fd_sc_hd__clkbuf_4)
                                                         net42 (net)
                      0.115519    0.000956    2.853537 v _1728_/A (sky130_fd_sc_hd__or4b_1)
     2    0.004364    0.092835    0.548967    3.402503 v _1728_/X (sky130_fd_sc_hd__or4b_1)
                                                         _0795_ (net)
                      0.092835    0.000026    3.402529 v _1750_/B (sky130_fd_sc_hd__or4b_1)
     2    0.005177    0.097302    0.531722    3.934251 v _1750_/X (sky130_fd_sc_hd__or4b_1)
                                                         _0815_ (net)
                      0.097302    0.000017    3.934268 v _1789_/B (sky130_fd_sc_hd__or2_2)
     4    0.020224    0.098431    0.351855    4.286123 v _1789_/X (sky130_fd_sc_hd__or2_2)
                                                         _0846_ (net)
                      0.098431    0.000417    4.286540 v _2468_/B (sky130_fd_sc_hd__nor2_1)
     2    0.008563    0.170368    0.172542    4.459081 ^ _2468_/Y (sky130_fd_sc_hd__nor2_1)
                                                         _1191_ (net)
                      0.170368    0.000135    4.459216 ^ fanout14/A (sky130_fd_sc_hd__buf_4)
     5    0.034942    0.104597    0.197752    4.656968 ^ fanout14/X (sky130_fd_sc_hd__buf_4)
                                                         net14 (net)
                      0.104597    0.000064    4.657032 ^ fanout13/A (sky130_fd_sc_hd__clkbuf_4)
     9    0.044133    0.140163    0.227066    4.884098 ^ fanout13/X (sky130_fd_sc_hd__clkbuf_4)
                                                         net13 (net)
                      0.140163    0.000206    4.884303 ^ fanout12/A (sky130_fd_sc_hd__buf_4)
    10    0.045801    0.132664    0.210919    5.095222 ^ fanout12/X (sky130_fd_sc_hd__buf_4)
                                                         net12 (net)
                      0.132666    0.000747    5.095969 ^ _2636_/S (sky130_fd_sc_hd__mux2_1)
     1    0.003187    0.057494    0.334885    5.430854 v _2636_/X (sky130_fd_sc_hd__mux2_1)
                                                         _0379_ (net)
                      0.057494    0.000037    5.430891 v _3552_/D (sky130_fd_sc_hd__dfrtp_1)
                                              5.430891   data arrival time

                                 10.000000   10.000000   clock clk (rise edge)
                                  0.000000   10.000000   clock source latency
     1    0.023234    0.110088    0.075757   10.075757 ^ clk (in)
                                                         clk (net)
                      0.110090    0.000000   10.075757 ^ clkbuf_0_clk/A (sky130_fd_sc_hd__clkbuf_16)
     8    0.120109    0.133646    0.222810   10.298568 ^ clkbuf_0_clk/X (sky130_fd_sc_hd__clkbuf_16)
                                                         clknet_0_clk (net)
                      0.133793    0.002655   10.301223 ^ clkbuf_3_3__f_clk/A (sky130_fd_sc_hd__clkbuf_16)
     9    0.072658    0.089957    0.197484   10.498706 ^ clkbuf_3_3__f_clk/X (sky130_fd_sc_hd__clkbuf_16)
                                                         clknet_3_3__leaf_clk (net)
                      0.089976    0.001355   10.500062 ^ clkbuf_leaf_40_clk/A (sky130_fd_sc_hd__clkbuf_8)
     9    0.031782    0.069087    0.163435   10.663497 ^ clkbuf_leaf_40_clk/X (sky130_fd_sc_hd__clkbuf_8)
                                                         clknet_leaf_40_clk (net)
                      0.069087    0.000152   10.663649 ^ _3552_/CLK (sky130_fd_sc_hd__dfrtp_1)
                                 -0.250000   10.413649   clock uncertainty
                                  0.000000   10.413649   clock reconvergence pessimism
                                 -0.114206   10.299443   library setup time
                                             10.299443   data required time
---------------------------------------------------------------------------------------------
                                             10.299443   data required time
                                             -5.430891   data arrival time
---------------------------------------------------------------------------------------------
                                              4.868552   slack (MET)




===========================================================================
report_checks --slack_max -0.01
============================================================================
======================= min_tt_025C_1v80 Corner ===================================

No paths found.


===========================================================================
 report_check_types -max_slew -max_cap -max_fanout -violators
============================================================================
======================= min_tt_025C_1v80 Corner ===================================

max fanout

Pin                                   Limit Fanout  Slack
---------------------------------------------------------
clkbuf_leaf_17_clk/X                     10     19     -9 (VIOLATED)
clkbuf_leaf_21_clk/X                     10     18     -8 (VIOLATED)
clkbuf_leaf_33_clk/X                     10     17     -7 (VIOLATED)
clkbuf_leaf_18_clk/X                     10     16     -6 (VIOLATED)
clkbuf_leaf_1_clk/X                      10     16     -6 (VIOLATED)
clkbuf_leaf_59_clk/X                     10     16     -6 (VIOLATED)
clkbuf_leaf_60_clk/X                     10     16     -6 (VIOLATED)
clkbuf_leaf_7_clk/X                      10     16     -6 (VIOLATED)
clkbuf_leaf_13_clk/X                     10     15     -5 (VIOLATED)
clkbuf_leaf_14_clk/X                     10     15     -5 (VIOLATED)
clkbuf_leaf_38_clk/X                     10     15     -5 (VIOLATED)
clkbuf_leaf_58_clk/X                     10     15     -5 (VIOLATED)
clkbuf_leaf_63_clk/X                     10     15     -5 (VIOLATED)
clkbuf_leaf_16_clk/X                     10     14     -4 (VIOLATED)
clkbuf_leaf_26_clk/X                     10     14     -4 (VIOLATED)
clkbuf_leaf_46_clk/X                     10     14     -4 (VIOLATED)
clkbuf_leaf_56_clk/X                     10     14     -4 (VIOLATED)
clkbuf_leaf_62_clk/X                     10     14     -4 (VIOLATED)
clkbuf_leaf_8_clk/X                      10     14     -4 (VIOLATED)
clkbuf_leaf_10_clk/X                     10     13     -3 (VIOLATED)
clkbuf_leaf_11_clk/X                     10     13     -3 (VIOLATED)
clkbuf_leaf_27_clk/X                     10     13     -3 (VIOLATED)
clkbuf_leaf_28_clk/X                     10     13     -3 (VIOLATED)
clkbuf_leaf_36_clk/X                     10     13     -3 (VIOLATED)
clkbuf_leaf_45_clk/X                     10     13     -3 (VIOLATED)
clkbuf_leaf_65_clk/X                     10     13     -3 (VIOLATED)
clkbuf_leaf_12_clk/X                     10     12     -2 (VIOLATED)
clkbuf_leaf_15_clk/X                     10     12     -2 (VIOLATED)
clkbuf_leaf_35_clk/X                     10     12     -2 (VIOLATED)
clkbuf_leaf_43_clk/X                     10     12     -2 (VIOLATED)
clkbuf_leaf_24_clk/X                     10     11        (VIOLATED)
clkbuf_leaf_57_clk/X                     10     11        (VIOLATED)
clkbuf_leaf_61_clk/X                     10     11        (VIOLATED)
fanout43/X                               10     11        (VIOLATED)



===========================================================================
report_parasitic_annotation -report_unannotated
============================================================================
Found 66 unannotated drivers.
 _3745__156/LO
 clkload0/X
 clkload1/Y
 clkload10/Y
 clkload11/Y
 clkload12/Y
 clkload13/Y
 clkload14/Y
 clkload15/Y
 clkload16/Y
 clkload17/Y
 clkload18/Y
 clkload19/Y
 clkload2/Y
 clkload20/Y
 clkload21/X
 clkload22/Y
 clkload23/Y
 clkload24/Y
 clkload25/Y
 clkload26/Y
 clkload27/Y
 clkload28/Y
 clkload29/Y
 clkload3/Y
 clkload30/Y
 clkload31/Y
 clkload32/Y
 clkload33/Y
 clkload34/Y
 clkload35/X
 clkload36/Y
 clkload37/Y
 clkload38/Y
 clkload39/Y
 clkload4/Y
 clkload40/Y
 clkload41/Y
 clkload42/Y
 clkload43/Y
 clkload44/Y
 clkload45/Y
 clkload46/Y
 clkload47/Y
 clkload48/Y
 clkload49/Y
 clkload5/Y
 clkload50/Y
 clkload51/Y
 clkload52/Y
 clkload53/Y
 clkload54/Y
 clkload55/Y
 clkload56/Y
 clkload57/Y
 clkload58/Y
 clkload59/Y
 clkload6/X
 clkload60/Y
 clkload61/Y
 clkload62/Y
 clkload63/Y
 clkload64/Y
 clkload7/Y
 clkload8/Y
 clkload9/X
Found 0 partially unannotated drivers.

===========================================================================
max slew violation count 0
max fanout violation count 34
max cap violation count 0
============================================================================

===========================================================================
check_setup -verbose -unconstrained_endpoints -multiple_clock -no_clock -no_input_delay -loops -generated_clocks
===========================================================================
Warning: There is 1 unconstrained endpoint.
  _3745_/D
