Clock: clk
Sources: clk 
Generated: no
Virtual: yes
Propagated: no
Period: 10.000000

===========================================================================
report_clock_properties
============================================================================
Clock                   Period          Waveform
----------------------------------------------------
clk                  10.000000    0.000000  5.000000

===========================================================================
report_clock_latency
============================================================================
Clock clk
rise -> rise
    min     max
0.000000 0.000000 source latency
0.499682         network latency _3373_/CLK
        0.697983 network latency _3308_/CLK
---------------
0.499682 0.697983 latency
        0.198301 skew

fall -> fall
    min     max
0.000000 0.000000 source latency
0.433344         network latency _3373_/CLK
        0.621125 network latency _3308_/CLK
---------------
0.433344 0.621125 latency
        0.187781 skew



===========================================================================
report_clock_min_period
============================================================================
clk period_min = 5.13 fmax = 194.88
