
===========================================================================
 report_power
============================================================================
======================= min_tt_025C_1v80 Corner ===================================

Group                    Internal    Switching      Leakage        Total
                            Power        Power        Power        Power (Watts)
------------------------------------------------------------------------
Sequential           2.684657e-03 1.527310e-05 7.511908e-09 2.699938e-03  55.3%
Combinational        2.951645e-05 2.608152e-05 1.215004e-08 5.561012e-05   1.1%
Clock                1.035403e-03 1.095294e-03 5.817594e-09 2.130702e-03  43.6%
Macro                0.000000e+00 0.000000e+00 0.000000e+00 0.000000e+00   0.0%
Pad                  0.000000e+00 0.000000e+00 0.000000e+00 0.000000e+00   0.0%
------------------------------------------------------------------------
Total                3.749576e-03 1.136648e-03 2.547936e-08 4.886250e-03 100.0%
                            76.7%        23.3%         0.0%

