Copyright 1986-2022 Xilinx, Inc. All Rights Reserved. Copyright 2022-2025 Advanced Micro Devices, Inc. All Rights Reserved.
---------------------------------------------------------------------------------------------------------------------------------------------
| Tool Version : Vivado v.2025.1 (win64) Build 6140274 Thu May 22 00:12:29 MDT 2025
| Date         : Fri Oct  2 13:03:29 2026
| Host         : thaituanhiep running 64-bit major release  (build 9200)
| Command      : report_timing_summary -file ./timing_summary.rpt
| Design       : top_basys3_picorv32_rdm6300
| Device       : 7a35t-cpg236
| Speed File   : -1  PRODUCTION 1.23 2018-06-13
| Design State : Routed
---------------------------------------------------------------------------------------------------------------------------------------------

Timing Summary Report

------------------------------------------------------------------------------------------------
| Timer Settings
| --------------
------------------------------------------------------------------------------------------------

  Enable Multi Corner Analysis               :  Yes
  Enable Pessimism Removal                   :  Yes
  Pessimism Removal Resolution               :  Nearest Common Node
  Enable Input Delay Default Clock           :  No
  Enable Preset / Clear Arcs                 :  No
  Disable Flight Delays                      :  No
  Ignore I/O Paths                           :  No
  Timing Early Launch at Borrowing Latches   :  No
  Borrow Time for Max Delay Exceptions       :  Yes
  Merge Timing Exceptions                    :  Yes
  Inter-SLR Compensation                     :  Conservative

  Corner  Analyze    Analyze    
  Name    Max Paths  Min Paths  
  ------  ---------  ---------  
  Slow    Yes        Yes        
  Fast    Yes        Yes        


------------------------------------------------------------------------------------------------
| Report Methodology
| ------------------
------------------------------------------------------------------------------------------------

No report available as report_methodology has not been run prior. Run report_methodology on the current design for the summary of methodology violations.



check_timing report

Table of Contents
-----------------
1. checking no_clock (0)
2. checking constant_clock (0)
3. checking pulse_width_clock (0)
4. checking unconstrained_internal_endpoints (0)
5. checking no_input_delay (7)
6. checking no_output_delay (32)
7. checking multiple_clock (0)
8. checking generated_clocks (0)
9. checking loops (0)
10. checking partial_input_delay (0)
11. checking partial_output_delay (0)
12. checking latch_loops (0)

1. checking no_clock (0)
------------------------
 There are 0 register/latch pins with no clock.


2. checking constant_clock (0)
------------------------------
 There are 0 register/latch pins with constant_clock.


3. checking pulse_width_clock (0)
---------------------------------
 There are 0 register/latch pins which need pulse_width check


4. checking unconstrained_internal_endpoints (0)
------------------------------------------------
 There are 0 pins that are not constrained for maximum delay.

 There are 0 pins that are not constrained for maximum delay due to constant clock.


5. checking no_input_delay (7)
------------------------------
 There are 7 input ports with no input delay specified. (HIGH)

 There are 0 input ports with no input delay but user has a false path constraint.


6. checking no_output_delay (32)
--------------------------------
 There are 32 ports with no output delay specified. (HIGH)

 There are 0 ports with no output delay but user has a false path constraint

 There are 0 ports with no output delay but with a timing clock defined on it or propagating through it


7. checking multiple_clock (0)
------------------------------
 There are 0 register/latch pins with multiple clocks.


8. checking generated_clocks (0)
--------------------------------
 There are 0 generated clocks that are not connected to a clock source.


9. checking loops (0)
---------------------
 There are 0 combinational loops in the design.


10. checking partial_input_delay (0)
------------------------------------
 There are 0 input ports with partial input delay specified.


11. checking partial_output_delay (0)
-------------------------------------
 There are 0 ports with partial output delay specified.


12. checking latch_loops (0)
----------------------------
 There are 0 combinational latch loops in the design through latch input



------------------------------------------------------------------------------------------------
| Design Timing Summary
| ---------------------
------------------------------------------------------------------------------------------------

    WNS(ns)      TNS(ns)  TNS Failing Endpoints  TNS Total Endpoints      WHS(ns)      THS(ns)  THS Failing Endpoints  THS Total Endpoints     WPWS(ns)     TPWS(ns)  TPWS Failing Endpoints  TPWS Total Endpoints  
    -------      -------  ---------------------  -------------------      -------      -------  ---------------------  -------------------     --------     --------  ----------------------  --------------------  
      6.158        0.000                      0                 4670        0.040        0.000                      0                 4670        4.500        0.000                       0                  1685  


All user specified timing constraints are met.


------------------------------------------------------------------------------------------------
| Clock Summary
| -------------
------------------------------------------------------------------------------------------------

Clock        Waveform(ns)       Period(ns)      Frequency(MHz)
-----        ------------       ----------      --------------
sys_clk_pin  {0.000 5.000}      10.000          100.000         
  clk_50     {0.000 10.000}     20.000          50.000          


------------------------------------------------------------------------------------------------
| Intra Clock Table
| -----------------
------------------------------------------------------------------------------------------------

Clock             WNS(ns)      TNS(ns)  TNS Failing Endpoints  TNS Total Endpoints      WHS(ns)      THS(ns)  THS Failing Endpoints  THS Total Endpoints     WPWS(ns)     TPWS(ns)  TPWS Failing Endpoints  TPWS Total Endpoints  
-----             -------      -------  ---------------------  -------------------      -------      -------  ---------------------  -------------------     --------     --------  ----------------------  --------------------  
sys_clk_pin         8.892        0.000                      0                    1        0.280        0.000                      0                    1        4.500        0.000                       0                     2  
  clk_50            6.158        0.000                      0                 4143        0.040        0.000                      0                 4143        8.750        0.000                       0                  1683  


------------------------------------------------------------------------------------------------
| Inter Clock Table
| -----------------
------------------------------------------------------------------------------------------------

From Clock    To Clock          WNS(ns)      TNS(ns)  TNS Failing Endpoints  TNS Total Endpoints      WHS(ns)      THS(ns)  THS Failing Endpoints  THS Total Endpoints  
----------    --------          -------      -------  ---------------------  -------------------      -------      -------  ---------------------  -------------------  


------------------------------------------------------------------------------------------------
| Other Path Groups Table
| -----------------------
------------------------------------------------------------------------------------------------

Path Group         From Clock         To Clock               WNS(ns)      TNS(ns)  TNS Failing Endpoints  TNS Total Endpoints      WHS(ns)      THS(ns)  THS Failing Endpoints  THS Total Endpoints  
----------         ----------         --------               -------      -------  ---------------------  -------------------      -------      -------  ---------------------  -------------------  
**async_default**  clk_50             clk_50                  11.097        0.000                      0                  526        0.760        0.000                      0                  526  


------------------------------------------------------------------------------------------------
| Timing Details
| --------------
------------------------------------------------------------------------------------------------


---------------------------------------------------------------------------------------------------
From Clock:  sys_clk_pin
  To Clock:  sys_clk_pin

Setup :            0  Failing Endpoints,  Worst Slack        8.892ns,  Total Violation        0.000ns
Hold  :            0  Failing Endpoints,  Worst Slack        0.280ns,  Total Violation        0.000ns
PW    :            0  Failing Endpoints,  Worst Slack        4.500ns,  Total Violation        0.000ns
---------------------------------------------------------------------------------------------------


Max Delay Paths
--------------------------------------------------------------------------------------
Slack (MET) :             8.892ns  (required time - arrival time)
  Source:                 clk_50_reg_reg/C
                            (rising edge-triggered cell FDRE clocked by sys_clk_pin  {rise@0.000ns fall@5.000ns period=10.000ns})
  Destination:            clk_50_reg_reg/D
                            (rising edge-triggered cell FDRE clocked by sys_clk_pin  {rise@0.000ns fall@5.000ns period=10.000ns})
  Path Group:             sys_clk_pin
  Path Type:              Setup (Max at Slow Process Corner)
  Requirement:            10.000ns  (sys_clk_pin rise@10.000ns - sys_clk_pin rise@0.000ns)
  Data Path Delay:        1.102ns  (logic 0.580ns (52.641%)  route 0.522ns (47.359%))
  Logic Levels:           1  (LUT1=1)
  Clock Path Skew:        0.000ns (DCD - SCD + CPR)
    Destination Clock Delay (DCD):    4.787ns = ( 14.787 - 10.000 ) 
    Source Clock Delay      (SCD):    5.087ns
    Clock Pessimism Removal (CPR):    0.300ns
  Clock Uncertainty:      0.035ns  ((TSJ^2 + TIJ^2)^1/2 + DJ) / 2 + PE
    Total System Jitter     (TSJ):    0.071ns
    Total Input Jitter      (TIJ):    0.000ns
    Discrete Jitter          (DJ):    0.000ns
    Phase Error              (PE):    0.000ns

    Location             Delay type                Incr(ns)  Path(ns)    Netlist Resource(s)
  -------------------------------------------------------------------    -------------------
                         (clock sys_clk_pin rise edge)
                                                      0.000     0.000 r  
    W5                                                0.000     0.000 r  clk (IN)
                         net (fo=0)                   0.000     0.000    clk
    W5                   IBUF (Prop_ibuf_I_O)         1.458     1.458 r  clk_IBUF_inst/O
                         net (fo=1, routed)           1.967     3.425    clk_IBUF
    BUFGCTRL_X0Y1        BUFG (Prop_bufg_I_O)         0.096     3.521 r  clk_IBUF_BUFG_inst/O
                         net (fo=1, routed)           1.566     5.087    clk_IBUF_BUFG
    SLICE_X36Y47         FDRE                                         r  clk_50_reg_reg/C
  -------------------------------------------------------------------    -------------------
    SLICE_X36Y47         FDRE (Prop_fdre_C_Q)         0.456     5.543 f  clk_50_reg_reg/Q
                         net (fo=2, routed)           0.522     6.065    clk_50_reg
    SLICE_X36Y47         LUT1 (Prop_lut1_I0_O)        0.124     6.189 r  clk_50_reg_i_1/O
                         net (fo=1, routed)           0.000     6.189    clk_50_reg_i_1_n_0
    SLICE_X36Y47         FDRE                                         r  clk_50_reg_reg/D
  -------------------------------------------------------------------    -------------------

                         (clock sys_clk_pin rise edge)
                                                     10.000    10.000 r  
    W5                                                0.000    10.000 r  clk (IN)
                         net (fo=0)                   0.000    10.000    clk
    W5                   IBUF (Prop_ibuf_I_O)         1.388    11.388 r  clk_IBUF_inst/O
                         net (fo=1, routed)           1.862    13.250    clk_IBUF
    BUFGCTRL_X0Y1        BUFG (Prop_bufg_I_O)         0.091    13.341 r  clk_IBUF_BUFG_inst/O
                         net (fo=1, routed)           1.446    14.787    clk_IBUF_BUFG
    SLICE_X36Y47         FDRE                                         r  clk_50_reg_reg/C
                         clock pessimism              0.300    15.087    
                         clock uncertainty           -0.035    15.052    
    SLICE_X36Y47         FDRE (Setup_fdre_C_D)        0.029    15.081    clk_50_reg_reg
  -------------------------------------------------------------------
                         required time                         15.081    
                         arrival time                          -6.189    
  -------------------------------------------------------------------
                         slack                                  8.892    





Min Delay Paths
--------------------------------------------------------------------------------------
Slack (MET) :             0.280ns  (arrival time - required time)
  Source:                 clk_50_reg_reg/C
                            (rising edge-triggered cell FDRE clocked by sys_clk_pin  {rise@0.000ns fall@5.000ns period=10.000ns})
  Destination:            clk_50_reg_reg/D
                            (rising edge-triggered cell FDRE clocked by sys_clk_pin  {rise@0.000ns fall@5.000ns period=10.000ns})
  Path Group:             sys_clk_pin
  Path Type:              Hold (Min at Fast Process Corner)
  Requirement:            0.000ns  (sys_clk_pin rise@0.000ns - sys_clk_pin rise@0.000ns)
  Data Path Delay:        0.371ns  (logic 0.186ns (50.162%)  route 0.185ns (49.838%))
  Logic Levels:           1  (LUT1=1)
  Clock Path Skew:        0.000ns (DCD - SCD - CPR)
    Destination Clock Delay (DCD):    1.960ns
    Source Clock Delay      (SCD):    1.447ns
    Clock Pessimism Removal (CPR):    0.513ns

    Location             Delay type                Incr(ns)  Path(ns)    Netlist Resource(s)
  -------------------------------------------------------------------    -------------------
                         (clock sys_clk_pin rise edge)
                                                      0.000     0.000 r  
    W5                                                0.000     0.000 r  clk (IN)
                         net (fo=0)                   0.000     0.000    clk
    W5                   IBUF (Prop_ibuf_I_O)         0.226     0.226 r  clk_IBUF_inst/O
                         net (fo=1, routed)           0.631     0.858    clk_IBUF
    BUFGCTRL_X0Y1        BUFG (Prop_bufg_I_O)         0.026     0.884 r  clk_IBUF_BUFG_inst/O
                         net (fo=1, routed)           0.564     1.447    clk_IBUF_BUFG
    SLICE_X36Y47         FDRE                                         r  clk_50_reg_reg/C
  -------------------------------------------------------------------    -------------------
    SLICE_X36Y47         FDRE (Prop_fdre_C_Q)         0.141     1.588 f  clk_50_reg_reg/Q
                         net (fo=2, routed)           0.185     1.773    clk_50_reg
    SLICE_X36Y47         LUT1 (Prop_lut1_I0_O)        0.045     1.818 r  clk_50_reg_i_1/O
                         net (fo=1, routed)           0.000     1.818    clk_50_reg_i_1_n_0
    SLICE_X36Y47         FDRE                                         r  clk_50_reg_reg/D
  -------------------------------------------------------------------    -------------------

                         (clock sys_clk_pin rise edge)
                                                      0.000     0.000 r  
    W5                                                0.000     0.000 r  clk (IN)
                         net (fo=0)                   0.000     0.000    clk
    W5                   IBUF (Prop_ibuf_I_O)         0.414     0.414 r  clk_IBUF_inst/O
                         net (fo=1, routed)           0.685     1.099    clk_IBUF
    BUFGCTRL_X0Y1        BUFG (Prop_bufg_I_O)         0.029     1.128 r  clk_IBUF_BUFG_inst/O
                         net (fo=1, routed)           0.833     1.960    clk_IBUF_BUFG
    SLICE_X36Y47         FDRE                                         r  clk_50_reg_reg/C
                         clock pessimism             -0.513     1.447    
    SLICE_X36Y47         FDRE (Hold_fdre_C_D)         0.091     1.538    clk_50_reg_reg
  -------------------------------------------------------------------
                         required time                         -1.538    
                         arrival time                           1.818    
  -------------------------------------------------------------------
                         slack                                  0.280    





Pulse Width Checks
--------------------------------------------------------------------------------------
Clock Name:         sys_clk_pin
Waveform(ns):       { 0.000 5.000 }
Period(ns):         10.000
Sources:            { clk }

Check Type        Corner  Lib Pin  Reference Pin  Required(ns)  Actual(ns)  Slack(ns)  Location       Pin
Min Period        n/a     BUFG/I   n/a            2.155         10.000      7.845      BUFGCTRL_X0Y1  clk_IBUF_BUFG_inst/I
Low Pulse Width   Slow    FDRE/C   n/a            0.500         5.000       4.500      SLICE_X36Y47   clk_50_reg_reg/C
High Pulse Width  Slow    FDRE/C   n/a            0.500         5.000       4.500      SLICE_X36Y47   clk_50_reg_reg/C



---------------------------------------------------------------------------------------------------
From Clock:  clk_50
  To Clock:  clk_50

Setup :            0  Failing Endpoints,  Worst Slack        6.158ns,  Total Violation        0.000ns
Hold  :            0  Failing Endpoints,  Worst Slack        0.040ns,  Total Violation        0.000ns
PW    :            0  Failing Endpoints,  Worst Slack        8.750ns,  Total Violation        0.000ns
---------------------------------------------------------------------------------------------------


Max Delay Paths
--------------------------------------------------------------------------------------
Slack (MET) :             6.158ns  (required time - arrival time)
  Source:                 u_soc_core/u_spimemio/xfer/dummy_count_reg[3]/C
                            (rising edge-triggered cell FDRE clocked by clk_50  {rise@0.000ns fall@10.000ns period=20.000ns})
  Destination:            u_soc_core/u_spimemio/xfer_io1_90_reg/D
                            (falling edge-triggered cell FDRE clocked by clk_50  {rise@0.000ns fall@10.000ns period=20.000ns})
  Path Group:             clk_50
  Path Type:              Setup (Max at Slow Process Corner)
  Requirement:            10.000ns  (clk_50 fall@10.000ns - clk_50 rise@0.000ns)
  Data Path Delay:        3.515ns  (logic 1.016ns (28.902%)  route 2.499ns (71.098%))
  Logic Levels:           2  (LUT4=1 LUT5=1)
  Clock Path Skew:        -0.023ns (DCD - SCD + CPR)
    Destination Clock Delay (DCD):    7.234ns = ( 17.234 - 10.000 ) 
    Source Clock Delay      (SCD):    7.804ns
    Clock Pessimism Removal (CPR):    0.547ns
  Clock Uncertainty:      0.035ns  ((TSJ^2 + TIJ^2)^1/2 + DJ) / 2 + PE
    Total System Jitter     (TSJ):    0.071ns
    Total Input Jitter      (TIJ):    0.000ns
    Discrete Jitter          (DJ):    0.000ns
    Phase Error              (PE):    0.000ns

    Location             Delay type                Incr(ns)  Path(ns)    Netlist Resource(s)
  -------------------------------------------------------------------    -------------------
                         (clock clk_50 rise edge)     0.000     0.000 r  
    W5                                                0.000     0.000 r  clk (IN)
                         net (fo=0)                   0.000     0.000    clk
    W5                   IBUF (Prop_ibuf_I_O)         1.458     1.458 r  clk_IBUF_inst/O
                         net (fo=1, routed)           1.967     3.425    clk_IBUF
    BUFGCTRL_X0Y1        BUFG (Prop_bufg_I_O)         0.096     3.521 r  clk_IBUF_BUFG_inst/O
                         net (fo=1, routed)           1.566     5.087    clk_IBUF_BUFG
    SLICE_X36Y47         FDRE (Prop_fdre_C_Q)         0.456     5.543 r  clk_50_reg_reg/Q
                         net (fo=2, routed)           0.596     6.139    clk_50_reg
    BUFGCTRL_X0Y0        BUFG (Prop_bufg_I_O)         0.096     6.235 r  u_bufg_clk50/O
                         net (fo=1683, routed)        1.569     7.804    u_soc_core/u_spimemio/xfer/clk_50
    SLICE_X50Y39         FDRE                                         r  u_soc_core/u_spimemio/xfer/dummy_count_reg[3]/C
  -------------------------------------------------------------------    -------------------
    SLICE_X50Y39         FDRE (Prop_fdre_C_Q)         0.518     8.322 f  u_soc_core/u_spimemio/xfer/dummy_count_reg[3]/Q
                         net (fo=7, routed)           0.845     9.168    u_soc_core/u_spimemio/xfer/sel0[6]
    SLICE_X50Y38         LUT4 (Prop_lut4_I0_O)        0.148     9.316 r  u_soc_core/u_spimemio/xfer/xfer_io1_90_i_2/O
                         net (fo=8, routed)           0.966    10.282    u_soc_core/u_spimemio/xfer/xfer_io1_90_i_2_n_0
    SLICE_X52Y39         LUT5 (Prop_lut5_I0_O)        0.350    10.632 r  u_soc_core/u_spimemio/xfer/xfer_io1_90_i_1/O
                         net (fo=2, routed)           0.688    11.320    u_soc_core/u_spimemio/xfer_io1_do
    SLICE_X53Y43         FDRE                                         r  u_soc_core/u_spimemio/xfer_io1_90_reg/D
  -------------------------------------------------------------------    -------------------

                         (clock clk_50 fall edge)    10.000    10.000 r  
    W5                                                0.000    10.000 r  clk (IN)
                         net (fo=0)                   0.000    10.000    clk
    W5                   IBUF (Prop_ibuf_I_O)         1.388    11.388 r  clk_IBUF_inst/O
                         net (fo=1, routed)           1.862    13.250    clk_IBUF
    BUFGCTRL_X0Y1        BUFG (Prop_bufg_I_O)         0.091    13.341 r  clk_IBUF_BUFG_inst/O
                         net (fo=1, routed)           1.446    14.787    clk_IBUF_BUFG
    SLICE_X36Y47         FDRE (Prop_fdre_C_Q)         0.367    15.154 f  clk_50_reg_reg/Q
                         net (fo=2, routed)           0.537    15.691    clk_50_reg
    BUFGCTRL_X0Y0        BUFG (Prop_bufg_I_O)         0.091    15.782 f  u_bufg_clk50/O
                         net (fo=1683, routed)        1.452    17.234    u_soc_core/u_spimemio/clk_50
    SLICE_X53Y43         FDRE                                         r  u_soc_core/u_spimemio/xfer_io1_90_reg/C  (IS_INVERTED)
                         clock pessimism              0.547    17.781    
                         clock uncertainty           -0.035    17.746    
    SLICE_X53Y43         FDRE (Setup_fdre_C_D)       -0.268    17.478    u_soc_core/u_spimemio/xfer_io1_90_reg
  -------------------------------------------------------------------
                         required time                         17.478    
                         arrival time                         -11.320    
  -------------------------------------------------------------------
                         slack                                  6.158    





Min Delay Paths
--------------------------------------------------------------------------------------
Slack (MET) :             0.040ns  (arrival time - required time)
  Source:                 u_soc_core/u_rdm6300_mmio/u_rdm_decoder/tag_raw_reg[27]/C
                            (rising edge-triggered cell FDCE clocked by clk_50  {rise@0.000ns fall@10.000ns period=20.000ns})
  Destination:            u_soc_core/u_rdm6300_mmio/rfid_tag_lo_reg[27]/D
                            (rising edge-triggered cell FDCE clocked by clk_50  {rise@0.000ns fall@10.000ns period=20.000ns})
  Path Group:             clk_50
  Path Type:              Hold (Min at Fast Process Corner)
  Requirement:            0.000ns  (clk_50 rise@0.000ns - clk_50 rise@0.000ns)
  Data Path Delay:        0.322ns  (logic 0.148ns (45.995%)  route 0.174ns (54.005%))
  Logic Levels:           0  
  Clock Path Skew:        0.272ns (DCD - SCD - CPR)
    Destination Clock Delay (DCD):    3.250ns
    Source Clock Delay      (SCD):    2.403ns
    Clock Pessimism Removal (CPR):    0.574ns

    Location             Delay type                Incr(ns)  Path(ns)    Netlist Resource(s)
  -------------------------------------------------------------------    -------------------
                         (clock clk_50 rise edge)     0.000     0.000 r  
    W5                                                0.000     0.000 r  clk (IN)
                         net (fo=0)                   0.000     0.000    clk
    W5                   IBUF (Prop_ibuf_I_O)         0.226     0.226 r  clk_IBUF_inst/O
                         net (fo=1, routed)           0.631     0.858    clk_IBUF
    BUFGCTRL_X0Y1        BUFG (Prop_bufg_I_O)         0.026     0.884 r  clk_IBUF_BUFG_inst/O
                         net (fo=1, routed)           0.564     1.447    clk_IBUF_BUFG
    SLICE_X36Y47         FDRE (Prop_fdre_C_Q)         0.141     1.588 r  clk_50_reg_reg/Q
                         net (fo=2, routed)           0.228     1.816    clk_50_reg
    BUFGCTRL_X0Y0        BUFG (Prop_bufg_I_O)         0.026     1.842 r  u_bufg_clk50/O
                         net (fo=1683, routed)        0.562     2.403    u_soc_core/u_rdm6300_mmio/u_rdm_decoder/clk_50
    SLICE_X42Y52         FDCE                                         r  u_soc_core/u_rdm6300_mmio/u_rdm_decoder/tag_raw_reg[27]/C
  -------------------------------------------------------------------    -------------------
    SLICE_X42Y52         FDCE (Prop_fdce_C_Q)         0.148     2.551 r  u_soc_core/u_rdm6300_mmio/u_rdm_decoder/tag_raw_reg[27]/Q
                         net (fo=1, routed)           0.174     2.725    u_soc_core/u_rdm6300_mmio/u_rdm_decoder_n_22
    SLICE_X42Y49         FDCE                                         r  u_soc_core/u_rdm6300_mmio/rfid_tag_lo_reg[27]/D
  -------------------------------------------------------------------    -------------------

                         (clock clk_50 rise edge)     0.000     0.000 r  
    W5                                                0.000     0.000 r  clk (IN)
                         net (fo=0)                   0.000     0.000    clk
    W5                   IBUF (Prop_ibuf_I_O)         0.414     0.414 r  clk_IBUF_inst/O
                         net (fo=1, routed)           0.685     1.099    clk_IBUF
    BUFGCTRL_X0Y1        BUFG (Prop_bufg_I_O)         0.029     1.128 r  clk_IBUF_BUFG_inst/O
                         net (fo=1, routed)           0.833     1.960    clk_IBUF_BUFG
    SLICE_X36Y47         FDRE (Prop_fdre_C_Q)         0.175     2.135 r  clk_50_reg_reg/Q
                         net (fo=2, routed)           0.252     2.387    clk_50_reg
    BUFGCTRL_X0Y0        BUFG (Prop_bufg_I_O)         0.029     2.416 r  u_bufg_clk50/O
                         net (fo=1683, routed)        0.834     3.250    u_soc_core/u_rdm6300_mmio/clk_50
    SLICE_X42Y49         FDCE                                         r  u_soc_core/u_rdm6300_mmio/rfid_tag_lo_reg[27]/C
                         clock pessimism             -0.574     2.675    
    SLICE_X42Y49         FDCE (Hold_fdce_C_D)         0.010     2.685    u_soc_core/u_rdm6300_mmio/rfid_tag_lo_reg[27]
  -------------------------------------------------------------------
                         required time                         -2.685    
                         arrival time                           2.725    
  -------------------------------------------------------------------
                         slack                                  0.040    





Pulse Width Checks
--------------------------------------------------------------------------------------
Clock Name:         clk_50
Waveform(ns):       { 0.000 10.000 }
Period(ns):         20.000
Sources:            { u_bufg_clk50/O }

Check Type        Corner  Lib Pin             Reference Pin  Required(ns)  Actual(ns)  Slack(ns)  Location      Pin
Min Period        n/a     RAMB18E1/CLKARDCLK  n/a            2.944         20.000      17.056     RAMB18_X1Y16  u_soc_core/u_data_sram/mem_reg/CLKARDCLK
Low Pulse Width   Slow    RAMD32/CLK          n/a            1.250         10.000      8.750      SLICE_X34Y37  u_soc_core/u_cpu/cpuregs_reg_r1_0_31_0_5/RAMA/CLK
High Pulse Width  Slow    RAMD32/CLK          n/a            1.250         10.000      8.750      SLICE_X34Y37  u_soc_core/u_cpu/cpuregs_reg_r1_0_31_0_5/RAMA/CLK



---------------------------------------------------------------------------------------------------
Path Group:  **async_default**
From Clock:  clk_50
  To Clock:  clk_50

Setup :            0  Failing Endpoints,  Worst Slack       11.097ns,  Total Violation        0.000ns
Hold  :            0  Failing Endpoints,  Worst Slack        0.760ns,  Total Violation        0.000ns
---------------------------------------------------------------------------------------------------


Max Delay Paths
--------------------------------------------------------------------------------------
Slack (MET) :             11.097ns  (required time - arrival time)
  Source:                 por_cnt_reg[2]/C
                            (rising edge-triggered cell FDRE clocked by clk_50  {rise@0.000ns fall@10.000ns period=20.000ns})
  Destination:            u_soc_core/u_rdm6300_mmio/u_rdm_decoder/timeout_count_reg[1]/CLR
                            (recovery check against rising-edge clock clk_50  {rise@0.000ns fall@10.000ns period=20.000ns})
  Path Group:             **async_default**
  Path Type:              Recovery (Max at Slow Process Corner)
  Requirement:            20.000ns  (clk_50 rise@20.000ns - clk_50 rise@0.000ns)
  Data Path Delay:        8.341ns  (logic 0.897ns (10.755%)  route 7.444ns (89.245%))
  Logic Levels:           2  (LUT2=1 LUT6=1)
  Clock Path Skew:        -0.122ns (DCD - SCD + CPR)
    Destination Clock Delay (DCD):    7.225ns = ( 27.225 - 20.000 ) 
    Source Clock Delay      (SCD):    7.799ns
    Clock Pessimism Removal (CPR):    0.453ns
  Clock Uncertainty:      0.035ns  ((TSJ^2 + TIJ^2)^1/2 + DJ) / 2 + PE
    Total System Jitter     (TSJ):    0.071ns
    Total Input Jitter      (TIJ):    0.000ns
    Discrete Jitter          (DJ):    0.000ns
    Phase Error              (PE):    0.000ns

    Location             Delay type                Incr(ns)  Path(ns)    Netlist Resource(s)
  -------------------------------------------------------------------    -------------------
                         (clock clk_50 rise edge)     0.000     0.000 r  
    W5                                                0.000     0.000 r  clk (IN)
                         net (fo=0)                   0.000     0.000    clk
    W5                   IBUF (Prop_ibuf_I_O)         1.458     1.458 r  clk_IBUF_inst/O
                         net (fo=1, routed)           1.967     3.425    clk_IBUF
    BUFGCTRL_X0Y1        BUFG (Prop_bufg_I_O)         0.096     3.521 r  clk_IBUF_BUFG_inst/O
                         net (fo=1, routed)           1.566     5.087    clk_IBUF_BUFG
    SLICE_X36Y47         FDRE (Prop_fdre_C_Q)         0.456     5.543 r  clk_50_reg_reg/Q
                         net (fo=2, routed)           0.596     6.139    clk_50_reg
    BUFGCTRL_X0Y0        BUFG (Prop_bufg_I_O)         0.096     6.235 r  u_bufg_clk50/O
                         net (fo=1683, routed)        1.564     7.799    clk_50
    SLICE_X8Y36          FDRE                                         r  por_cnt_reg[2]/C
  -------------------------------------------------------------------    -------------------
    SLICE_X8Y36          FDRE (Prop_fdre_C_Q)         0.478     8.277 r  por_cnt_reg[2]/Q
                         net (fo=6, routed)           0.852     9.130    u_soc_core/u_cpu/Q[2]
    SLICE_X8Y37          LUT6 (Prop_lut6_I4_O)        0.295     9.425 r  u_soc_core/u_cpu/FSM_sequential_mem_state[1]_i_5/O
                         net (fo=1, routed)           0.423     9.848    u_soc_core/u_cpu/por_done
    SLICE_X8Y36          LUT2 (Prop_lut2_I0_O)        0.124     9.972 f  u_soc_core/u_cpu/FSM_sequential_mem_state[1]_i_3/O
                         net (fo=874, routed)         6.168    16.140    u_soc_core/u_rdm6300_mmio/u_rdm_decoder/decoded_payload_reg[39]_0
    SLICE_X55Y51         FDCE                                         f  u_soc_core/u_rdm6300_mmio/u_rdm_decoder/timeout_count_reg[1]/CLR
  -------------------------------------------------------------------    -------------------

                         (clock clk_50 rise edge)    20.000    20.000 r  
    W5                                                0.000    20.000 r  clk (IN)
                         net (fo=0)                   0.000    20.000    clk
    W5                   IBUF (Prop_ibuf_I_O)         1.388    21.388 r  clk_IBUF_inst/O
                         net (fo=1, routed)           1.862    23.250    clk_IBUF
    BUFGCTRL_X0Y1        BUFG (Prop_bufg_I_O)         0.091    23.341 r  clk_IBUF_BUFG_inst/O
                         net (fo=1, routed)           1.446    24.787    clk_IBUF_BUFG
    SLICE_X36Y47         FDRE (Prop_fdre_C_Q)         0.367    25.154 r  clk_50_reg_reg/Q
                         net (fo=2, routed)           0.537    25.691    clk_50_reg
    BUFGCTRL_X0Y0        BUFG (Prop_bufg_I_O)         0.091    25.782 r  u_bufg_clk50/O
                         net (fo=1683, routed)        1.443    27.225    u_soc_core/u_rdm6300_mmio/u_rdm_decoder/clk_50
    SLICE_X55Y51         FDCE                                         r  u_soc_core/u_rdm6300_mmio/u_rdm_decoder/timeout_count_reg[1]/C
                         clock pessimism              0.453    27.678    
                         clock uncertainty           -0.035    27.642    
    SLICE_X55Y51         FDCE (Recov_fdce_C_CLR)     -0.405    27.237    u_soc_core/u_rdm6300_mmio/u_rdm_decoder/timeout_count_reg[1]
  -------------------------------------------------------------------
                         required time                         27.237    
                         arrival time                         -16.140    
  -------------------------------------------------------------------
                         slack                                 11.097    





Min Delay Paths
--------------------------------------------------------------------------------------
Slack (MET) :             0.760ns  (arrival time - required time)
  Source:                 por_cnt_reg[3]/C
                            (rising edge-triggered cell FDRE clocked by clk_50  {rise@0.000ns fall@10.000ns period=20.000ns})
  Destination:            u_snoop_tx/low_count_reg[0]/CLR
                            (removal check against rising-edge clock clk_50  {rise@0.000ns fall@10.000ns period=20.000ns})
  Path Group:             **async_default**
  Path Type:              Removal (Min at Fast Process Corner)
  Requirement:            0.000ns  (clk_50 rise@0.000ns - clk_50 rise@0.000ns)
  Data Path Delay:        0.940ns  (logic 0.254ns (27.034%)  route 0.686ns (72.966%))
  Logic Levels:           2  (LUT2=1 LUT6=1)
  Clock Path Skew:        0.272ns (DCD - SCD - CPR)
    Destination Clock Delay (DCD):    3.251ns
    Source Clock Delay      (SCD):    2.404ns
    Clock Pessimism Removal (CPR):    0.574ns

    Location             Delay type                Incr(ns)  Path(ns)    Netlist Resource(s)
  -------------------------------------------------------------------    -------------------
                         (clock clk_50 rise edge)     0.000     0.000 r  
    W5                                                0.000     0.000 r  clk (IN)
                         net (fo=0)                   0.000     0.000    clk
    W5                   IBUF (Prop_ibuf_I_O)         0.226     0.226 r  clk_IBUF_inst/O
                         net (fo=1, routed)           0.631     0.858    clk_IBUF
    BUFGCTRL_X0Y1        BUFG (Prop_bufg_I_O)         0.026     0.884 r  clk_IBUF_BUFG_inst/O
                         net (fo=1, routed)           0.564     1.447    clk_IBUF_BUFG
    SLICE_X36Y47         FDRE (Prop_fdre_C_Q)         0.141     1.588 r  clk_50_reg_reg/Q
                         net (fo=2, routed)           0.228     1.816    clk_50_reg
    BUFGCTRL_X0Y0        BUFG (Prop_bufg_I_O)         0.026     1.842 r  u_bufg_clk50/O
                         net (fo=1683, routed)        0.563     2.404    clk_50
    SLICE_X8Y37          FDRE                                         r  por_cnt_reg[3]/C
  -------------------------------------------------------------------    -------------------
    SLICE_X8Y37          FDRE (Prop_fdre_C_Q)         0.164     2.568 r  por_cnt_reg[3]/Q
                         net (fo=5, routed)           0.146     2.715    u_soc_core/u_cpu/Q[3]
    SLICE_X8Y37          LUT6 (Prop_lut6_I5_O)        0.045     2.760 r  u_soc_core/u_cpu/FSM_sequential_mem_state[1]_i_5/O
                         net (fo=1, routed)           0.143     2.903    u_soc_core/u_cpu/por_done
    SLICE_X8Y36          LUT2 (Prop_lut2_I0_O)        0.045     2.948 f  u_soc_core/u_cpu/FSM_sequential_mem_state[1]_i_3/O
                         net (fo=874, routed)         0.396     3.344    u_snoop_tx/FSM_sequential_state_reg[2]_0
    SLICE_X9Y51          FDCE                                         f  u_snoop_tx/low_count_reg[0]/CLR
  -------------------------------------------------------------------    -------------------

                         (clock clk_50 rise edge)     0.000     0.000 r  
    W5                                                0.000     0.000 r  clk (IN)
                         net (fo=0)                   0.000     0.000    clk
    W5                   IBUF (Prop_ibuf_I_O)         0.414     0.414 r  clk_IBUF_inst/O
                         net (fo=1, routed)           0.685     1.099    clk_IBUF
    BUFGCTRL_X0Y1        BUFG (Prop_bufg_I_O)         0.029     1.128 r  clk_IBUF_BUFG_inst/O
                         net (fo=1, routed)           0.833     1.960    clk_IBUF_BUFG
    SLICE_X36Y47         FDRE (Prop_fdre_C_Q)         0.175     2.135 r  clk_50_reg_reg/Q
                         net (fo=2, routed)           0.252     2.387    clk_50_reg
    BUFGCTRL_X0Y0        BUFG (Prop_bufg_I_O)         0.029     2.416 r  u_bufg_clk50/O
                         net (fo=1683, routed)        0.834     3.251    u_snoop_tx/clk_50
    SLICE_X9Y51          FDCE                                         r  u_snoop_tx/low_count_reg[0]/C
                         clock pessimism             -0.574     2.676    
    SLICE_X9Y51          FDCE (Remov_fdce_C_CLR)     -0.092     2.584    u_snoop_tx/low_count_reg[0]
  -------------------------------------------------------------------
                         required time                         -2.584    
                         arrival time                           3.344    
  -------------------------------------------------------------------
                         slack                                  0.760    





