Copyright 1986-2022 Xilinx, Inc. All Rights Reserved. Copyright 2022-2025 Advanced Micro Devices, Inc. All Rights Reserved.
---------------------------------------------------------------------------------------------------------------------------------------------
| Tool Version : Vivado v.2025.1 (win64) Build 6140274 Thu May 22 00:12:29 MDT 2025
| Date         : Sat Oct  3 08:04:13 2026
| Host         : thaituanhiep running 64-bit major release  (build 9200)
| Command      : report_timing_summary -file ./timing_summary.rpt
| Design       : top_basys3_picorv32_rdm6300
| Device       : 7a35t-cpg236
| Speed File   : -1  PRODUCTION 1.23 2018-06-13
| Design State : Routed
---------------------------------------------------------------------------------------------------------------------------------------------

Timing Summary Report

------------------------------------------------------------------------------------------------
| Timer Settings
| --------------
------------------------------------------------------------------------------------------------

  Enable Multi Corner Analysis               :  Yes
  Enable Pessimism Removal                   :  Yes
  Pessimism Removal Resolution               :  Nearest Common Node
  Enable Input Delay Default Clock           :  No
  Enable Preset / Clear Arcs                 :  No
  Disable Flight Delays                      :  No
  Ignore I/O Paths                           :  No
  Timing Early Launch at Borrowing Latches   :  No
  Borrow Time for Max Delay Exceptions       :  Yes
  Merge Timing Exceptions                    :  Yes
  Inter-SLR Compensation                     :  Conservative

  Corner  Analyze    Analyze    
  Name    Max Paths  Min Paths  
  ------  ---------  ---------  
  Slow    Yes        Yes        
  Fast    Yes        Yes        


------------------------------------------------------------------------------------------------
| Report Methodology
| ------------------
------------------------------------------------------------------------------------------------

No report available as report_methodology has not been run prior. Run report_methodology on the current design for the summary of methodology violations.



check_timing report

Table of Contents
-----------------
1. checking no_clock (0)
2. checking constant_clock (0)
3. checking pulse_width_clock (0)
4. checking unconstrained_internal_endpoints (0)
5. checking no_input_delay (7)
6. checking no_output_delay (32)
7. checking multiple_clock (0)
8. checking generated_clocks (0)
9. checking loops (0)
10. checking partial_input_delay (0)
11. checking partial_output_delay (0)
12. checking latch_loops (0)

1. checking no_clock (0)
------------------------
 There are 0 register/latch pins with no clock.


2. checking constant_clock (0)
------------------------------
 There are 0 register/latch pins with constant_clock.


3. checking pulse_width_clock (0)
---------------------------------
 There are 0 register/latch pins which need pulse_width check


4. checking unconstrained_internal_endpoints (0)
------------------------------------------------
 There are 0 pins that are not constrained for maximum delay.

 There are 0 pins that are not constrained for maximum delay due to constant clock.


5. checking no_input_delay (7)
------------------------------
 There are 7 input ports with no input delay specified. (HIGH)

 There are 0 input ports with no input delay but user has a false path constraint.


6. checking no_output_delay (32)
--------------------------------
 There are 32 ports with no output delay specified. (HIGH)

 There are 0 ports with no output delay but user has a false path constraint

 There are 0 ports with no output delay but with a timing clock defined on it or propagating through it


7. checking multiple_clock (0)
------------------------------
 There are 0 register/latch pins with multiple clocks.


8. checking generated_clocks (0)
--------------------------------
 There are 0 generated clocks that are not connected to a clock source.


9. checking loops (0)
---------------------
 There are 0 combinational loops in the design.


10. checking partial_input_delay (0)
------------------------------------
 There are 0 input ports with partial input delay specified.


11. checking partial_output_delay (0)
-------------------------------------
 There are 0 ports with partial output delay specified.


12. checking latch_loops (0)
----------------------------
 There are 0 combinational latch loops in the design through latch input



------------------------------------------------------------------------------------------------
| Design Timing Summary
| ---------------------
------------------------------------------------------------------------------------------------

    WNS(ns)      TNS(ns)  TNS Failing Endpoints  TNS Total Endpoints      WHS(ns)      THS(ns)  THS Failing Endpoints  THS Total Endpoints     WPWS(ns)     TPWS(ns)  TPWS Failing Endpoints  TPWS Total Endpoints  
    -------      -------  ---------------------  -------------------      -------      -------  ---------------------  -------------------     --------     --------  ----------------------  --------------------  
      6.469        0.000                      0                 4827        0.045        0.000                      0                 4827        4.500        0.000                       0                  1749  


All user specified timing constraints are met.


------------------------------------------------------------------------------------------------
| Clock Summary
| -------------
------------------------------------------------------------------------------------------------

Clock        Waveform(ns)       Period(ns)      Frequency(MHz)
-----        ------------       ----------      --------------
sys_clk_pin  {0.000 5.000}      10.000          100.000         
  clk_50     {0.000 10.000}     20.000          50.000          


------------------------------------------------------------------------------------------------
| Intra Clock Table
| -----------------
------------------------------------------------------------------------------------------------

Clock             WNS(ns)      TNS(ns)  TNS Failing Endpoints  TNS Total Endpoints      WHS(ns)      THS(ns)  THS Failing Endpoints  THS Total Endpoints     WPWS(ns)     TPWS(ns)  TPWS Failing Endpoints  TPWS Total Endpoints  
-----             -------      -------  ---------------------  -------------------      -------      -------  ---------------------  -------------------     --------     --------  ----------------------  --------------------  
sys_clk_pin         8.892        0.000                      0                    1        0.280        0.000                      0                    1        4.500        0.000                       0                     2  
  clk_50            6.469        0.000                      0                 4614        0.045        0.000                      0                 4614        8.750        0.000                       0                  1747  


------------------------------------------------------------------------------------------------
| Inter Clock Table
| -----------------
------------------------------------------------------------------------------------------------

From Clock    To Clock          WNS(ns)      TNS(ns)  TNS Failing Endpoints  TNS Total Endpoints      WHS(ns)      THS(ns)  THS Failing Endpoints  THS Total Endpoints  
----------    --------          -------      -------  ---------------------  -------------------      -------      -------  ---------------------  -------------------  


------------------------------------------------------------------------------------------------
| Other Path Groups Table
| -----------------------
------------------------------------------------------------------------------------------------

Path Group         From Clock         To Clock               WNS(ns)      TNS(ns)  TNS Failing Endpoints  TNS Total Endpoints      WHS(ns)      THS(ns)  THS Failing Endpoints  THS Total Endpoints  
----------         ----------         --------               -------      -------  ---------------------  -------------------      -------      -------  ---------------------  -------------------  
**async_default**  clk_50             clk_50                  11.664        0.000                      0                  212        0.893        0.000                      0                  212  


------------------------------------------------------------------------------------------------
| Timing Details
| --------------
------------------------------------------------------------------------------------------------


---------------------------------------------------------------------------------------------------
From Clock:  sys_clk_pin
  To Clock:  sys_clk_pin

Setup :            0  Failing Endpoints,  Worst Slack        8.892ns,  Total Violation        0.000ns
Hold  :            0  Failing Endpoints,  Worst Slack        0.280ns,  Total Violation        0.000ns
PW    :            0  Failing Endpoints,  Worst Slack        4.500ns,  Total Violation        0.000ns
---------------------------------------------------------------------------------------------------


Max Delay Paths
--------------------------------------------------------------------------------------
Slack (MET) :             8.892ns  (required time - arrival time)
  Source:                 clk_50_reg_reg/C
                            (rising edge-triggered cell FDRE clocked by sys_clk_pin  {rise@0.000ns fall@5.000ns period=10.000ns})
  Destination:            clk_50_reg_reg/D
                            (rising edge-triggered cell FDRE clocked by sys_clk_pin  {rise@0.000ns fall@5.000ns period=10.000ns})
  Path Group:             sys_clk_pin
  Path Type:              Setup (Max at Slow Process Corner)
  Requirement:            10.000ns  (sys_clk_pin rise@10.000ns - sys_clk_pin rise@0.000ns)
  Data Path Delay:        1.102ns  (logic 0.580ns (52.641%)  route 0.522ns (47.359%))
  Logic Levels:           1  (LUT1=1)
  Clock Path Skew:        0.000ns (DCD - SCD + CPR)
    Destination Clock Delay (DCD):    4.786ns = ( 14.786 - 10.000 ) 
    Source Clock Delay      (SCD):    5.086ns
    Clock Pessimism Removal (CPR):    0.300ns
  Clock Uncertainty:      0.035ns  ((TSJ^2 + TIJ^2)^1/2 + DJ) / 2 + PE
    Total System Jitter     (TSJ):    0.071ns
    Total Input Jitter      (TIJ):    0.000ns
    Discrete Jitter          (DJ):    0.000ns
    Phase Error              (PE):    0.000ns

    Location             Delay type                Incr(ns)  Path(ns)    Netlist Resource(s)
  -------------------------------------------------------------------    -------------------
                         (clock sys_clk_pin rise edge)
                                                      0.000     0.000 r  
    W5                                                0.000     0.000 r  clk (IN)
                         net (fo=0)                   0.000     0.000    clk
    W5                   IBUF (Prop_ibuf_I_O)         1.458     1.458 r  clk_IBUF_inst/O
                         net (fo=1, routed)           1.967     3.425    clk_IBUF
    BUFGCTRL_X0Y1        BUFG (Prop_bufg_I_O)         0.096     3.521 r  clk_IBUF_BUFG_inst/O
                         net (fo=1, routed)           1.565     5.086    clk_IBUF_BUFG
    SLICE_X36Y46         FDRE                                         r  clk_50_reg_reg/C
  -------------------------------------------------------------------    -------------------
    SLICE_X36Y46         FDRE (Prop_fdre_C_Q)         0.456     5.542 f  clk_50_reg_reg/Q
                         net (fo=2, routed)           0.522     6.064    clk_50_reg
    SLICE_X36Y46         LUT1 (Prop_lut1_I0_O)        0.124     6.188 r  clk_50_reg_i_1/O
                         net (fo=1, routed)           0.000     6.188    clk_50_reg_i_1_n_0
    SLICE_X36Y46         FDRE                                         r  clk_50_reg_reg/D
  -------------------------------------------------------------------    -------------------

                         (clock sys_clk_pin rise edge)
                                                     10.000    10.000 r  
    W5                                                0.000    10.000 r  clk (IN)
                         net (fo=0)                   0.000    10.000    clk
    W5                   IBUF (Prop_ibuf_I_O)         1.388    11.388 r  clk_IBUF_inst/O
                         net (fo=1, routed)           1.862    13.250    clk_IBUF
    BUFGCTRL_X0Y1        BUFG (Prop_bufg_I_O)         0.091    13.341 r  clk_IBUF_BUFG_inst/O
                         net (fo=1, routed)           1.445    14.786    clk_IBUF_BUFG
    SLICE_X36Y46         FDRE                                         r  clk_50_reg_reg/C
                         clock pessimism              0.300    15.086    
                         clock uncertainty           -0.035    15.051    
    SLICE_X36Y46         FDRE (Setup_fdre_C_D)        0.029    15.080    clk_50_reg_reg
  -------------------------------------------------------------------
                         required time                         15.080    
                         arrival time                          -6.188    
  -------------------------------------------------------------------
                         slack                                  8.892    





Min Delay Paths
--------------------------------------------------------------------------------------
Slack (MET) :             0.280ns  (arrival time - required time)
  Source:                 clk_50_reg_reg/C
                            (rising edge-triggered cell FDRE clocked by sys_clk_pin  {rise@0.000ns fall@5.000ns period=10.000ns})
  Destination:            clk_50_reg_reg/D
                            (rising edge-triggered cell FDRE clocked by sys_clk_pin  {rise@0.000ns fall@5.000ns period=10.000ns})
  Path Group:             sys_clk_pin
  Path Type:              Hold (Min at Fast Process Corner)
  Requirement:            0.000ns  (sys_clk_pin rise@0.000ns - sys_clk_pin rise@0.000ns)
  Data Path Delay:        0.371ns  (logic 0.186ns (50.162%)  route 0.185ns (49.838%))
  Logic Levels:           1  (LUT1=1)
  Clock Path Skew:        0.000ns (DCD - SCD - CPR)
    Destination Clock Delay (DCD):    1.959ns
    Source Clock Delay      (SCD):    1.446ns
    Clock Pessimism Removal (CPR):    0.513ns

    Location             Delay type                Incr(ns)  Path(ns)    Netlist Resource(s)
  -------------------------------------------------------------------    -------------------
                         (clock sys_clk_pin rise edge)
                                                      0.000     0.000 r  
    W5                                                0.000     0.000 r  clk (IN)
                         net (fo=0)                   0.000     0.000    clk
    W5                   IBUF (Prop_ibuf_I_O)         0.226     0.226 r  clk_IBUF_inst/O
                         net (fo=1, routed)           0.631     0.858    clk_IBUF
    BUFGCTRL_X0Y1        BUFG (Prop_bufg_I_O)         0.026     0.884 r  clk_IBUF_BUFG_inst/O
                         net (fo=1, routed)           0.563     1.446    clk_IBUF_BUFG
    SLICE_X36Y46         FDRE                                         r  clk_50_reg_reg/C
  -------------------------------------------------------------------    -------------------
    SLICE_X36Y46         FDRE (Prop_fdre_C_Q)         0.141     1.587 f  clk_50_reg_reg/Q
                         net (fo=2, routed)           0.185     1.772    clk_50_reg
    SLICE_X36Y46         LUT1 (Prop_lut1_I0_O)        0.045     1.817 r  clk_50_reg_i_1/O
                         net (fo=1, routed)           0.000     1.817    clk_50_reg_i_1_n_0
    SLICE_X36Y46         FDRE                                         r  clk_50_reg_reg/D
  -------------------------------------------------------------------    -------------------

                         (clock sys_clk_pin rise edge)
                                                      0.000     0.000 r  
    W5                                                0.000     0.000 r  clk (IN)
                         net (fo=0)                   0.000     0.000    clk
    W5                   IBUF (Prop_ibuf_I_O)         0.414     0.414 r  clk_IBUF_inst/O
                         net (fo=1, routed)           0.685     1.099    clk_IBUF
    BUFGCTRL_X0Y1        BUFG (Prop_bufg_I_O)         0.029     1.128 r  clk_IBUF_BUFG_inst/O
                         net (fo=1, routed)           0.832     1.959    clk_IBUF_BUFG
    SLICE_X36Y46         FDRE                                         r  clk_50_reg_reg/C
                         clock pessimism             -0.513     1.446    
    SLICE_X36Y46         FDRE (Hold_fdre_C_D)         0.091     1.537    clk_50_reg_reg
  -------------------------------------------------------------------
                         required time                         -1.537    
                         arrival time                           1.817    
  -------------------------------------------------------------------
                         slack                                  0.280    





Pulse Width Checks
--------------------------------------------------------------------------------------
Clock Name:         sys_clk_pin
Waveform(ns):       { 0.000 5.000 }
Period(ns):         10.000
Sources:            { clk }

Check Type        Corner  Lib Pin  Reference Pin  Required(ns)  Actual(ns)  Slack(ns)  Location       Pin
Min Period        n/a     BUFG/I   n/a            2.155         10.000      7.845      BUFGCTRL_X0Y1  clk_IBUF_BUFG_inst/I
Low Pulse Width   Slow    FDRE/C   n/a            0.500         5.000       4.500      SLICE_X36Y46   clk_50_reg_reg/C
High Pulse Width  Slow    FDRE/C   n/a            0.500         5.000       4.500      SLICE_X36Y46   clk_50_reg_reg/C



---------------------------------------------------------------------------------------------------
From Clock:  clk_50
  To Clock:  clk_50

Setup :            0  Failing Endpoints,  Worst Slack        6.469ns,  Total Violation        0.000ns
Hold  :            0  Failing Endpoints,  Worst Slack        0.045ns,  Total Violation        0.000ns
PW    :            0  Failing Endpoints,  Worst Slack        8.750ns,  Total Violation        0.000ns
---------------------------------------------------------------------------------------------------


Max Delay Paths
--------------------------------------------------------------------------------------
Slack (MET) :             6.469ns  (required time - arrival time)
  Source:                 u_soc_core/u_spimemio/xfer/dummy_count_reg[0]/C
                            (rising edge-triggered cell FDRE clocked by clk_50  {rise@0.000ns fall@10.000ns period=20.000ns})
  Destination:            u_soc_core/u_spimemio/xfer_io1_90_reg/D
                            (falling edge-triggered cell FDRE clocked by clk_50  {rise@0.000ns fall@10.000ns period=20.000ns})
  Path Group:             clk_50
  Path Type:              Setup (Max at Slow Process Corner)
  Requirement:            10.000ns  (clk_50 fall@10.000ns - clk_50 rise@0.000ns)
  Data Path Delay:        3.218ns  (logic 1.022ns (31.759%)  route 2.196ns (68.241%))
  Logic Levels:           2  (LUT4=1 LUT5=1)
  Clock Path Skew:        -0.034ns (DCD - SCD + CPR)
    Destination Clock Delay (DCD):    7.342ns = ( 17.342 - 10.000 ) 
    Source Clock Delay      (SCD):    7.932ns
    Clock Pessimism Removal (CPR):    0.556ns
  Clock Uncertainty:      0.035ns  ((TSJ^2 + TIJ^2)^1/2 + DJ) / 2 + PE
    Total System Jitter     (TSJ):    0.071ns
    Total Input Jitter      (TIJ):    0.000ns
    Discrete Jitter          (DJ):    0.000ns
    Phase Error              (PE):    0.000ns

    Location             Delay type                Incr(ns)  Path(ns)    Netlist Resource(s)
  -------------------------------------------------------------------    -------------------
                         (clock clk_50 rise edge)     0.000     0.000 r  
    W5                                                0.000     0.000 r  clk (IN)
                         net (fo=0)                   0.000     0.000    clk
    W5                   IBUF (Prop_ibuf_I_O)         1.458     1.458 r  clk_IBUF_inst/O
                         net (fo=1, routed)           1.967     3.425    clk_IBUF
    BUFGCTRL_X0Y1        BUFG (Prop_bufg_I_O)         0.096     3.521 r  clk_IBUF_BUFG_inst/O
                         net (fo=1, routed)           1.565     5.086    clk_IBUF_BUFG
    SLICE_X36Y46         FDRE (Prop_fdre_C_Q)         0.456     5.542 r  clk_50_reg_reg/Q
                         net (fo=2, routed)           0.736     6.278    clk_50_reg
    BUFGCTRL_X0Y0        BUFG (Prop_bufg_I_O)         0.096     6.374 r  u_bufg_clk50/O
                         net (fo=1747, routed)        1.558     7.932    u_soc_core/u_spimemio/xfer/clk_50
    SLICE_X10Y31         FDRE                                         r  u_soc_core/u_spimemio/xfer/dummy_count_reg[0]/C
  -------------------------------------------------------------------    -------------------
    SLICE_X10Y31         FDRE (Prop_fdre_C_Q)         0.518     8.450 f  u_soc_core/u_spimemio/xfer/dummy_count_reg[0]/Q
                         net (fo=8, routed)           0.848     9.298    u_soc_core/u_spimemio/xfer/sel0[3]
    SLICE_X11Y33         LUT4 (Prop_lut4_I3_O)        0.152     9.450 r  u_soc_core/u_spimemio/xfer/xfer_io1_90_i_2/O
                         net (fo=8, routed)           0.811    10.261    u_soc_core/u_spimemio/xfer/xfer_io1_90_i_2_n_0
    SLICE_X12Y32         LUT5 (Prop_lut5_I0_O)        0.352    10.613 r  u_soc_core/u_spimemio/xfer/xfer_io1_90_i_1/O
                         net (fo=2, routed)           0.537    11.150    u_soc_core/u_spimemio/xfer_n_1
    SLICE_X12Y34         FDRE                                         r  u_soc_core/u_spimemio/xfer_io1_90_reg/D
  -------------------------------------------------------------------    -------------------

                         (clock clk_50 fall edge)    10.000    10.000 r  
    W5                                                0.000    10.000 r  clk (IN)
                         net (fo=0)                   0.000    10.000    clk
    W5                   IBUF (Prop_ibuf_I_O)         1.388    11.388 r  clk_IBUF_inst/O
                         net (fo=1, routed)           1.862    13.250    clk_IBUF
    BUFGCTRL_X0Y1        BUFG (Prop_bufg_I_O)         0.091    13.341 r  clk_IBUF_BUFG_inst/O
                         net (fo=1, routed)           1.445    14.786    clk_IBUF_BUFG
    SLICE_X36Y46         FDRE (Prop_fdre_C_Q)         0.367    15.153 f  clk_50_reg_reg/Q
                         net (fo=2, routed)           0.654    15.807    clk_50_reg
    BUFGCTRL_X0Y0        BUFG (Prop_bufg_I_O)         0.091    15.898 f  u_bufg_clk50/O
                         net (fo=1747, routed)        1.444    17.342    u_soc_core/u_spimemio/clk_50
    SLICE_X12Y34         FDRE                                         r  u_soc_core/u_spimemio/xfer_io1_90_reg/C  (IS_INVERTED)
                         clock pessimism              0.556    17.898    
                         clock uncertainty           -0.035    17.863    
    SLICE_X12Y34         FDRE (Setup_fdre_C_D)       -0.244    17.619    u_soc_core/u_spimemio/xfer_io1_90_reg
  -------------------------------------------------------------------
                         required time                         17.619    
                         arrival time                         -11.150    
  -------------------------------------------------------------------
                         slack                                  6.469    





Min Delay Paths
--------------------------------------------------------------------------------------
Slack (MET) :             0.045ns  (arrival time - required time)
  Source:                 u_soc_core/u_cpu/mem_wdata_reg[15]/C
                            (rising edge-triggered cell FDRE clocked by clk_50  {rise@0.000ns fall@10.000ns period=20.000ns})
  Destination:            u_soc_core/u_data_sram/mem_reg/DIADI[15]
                            (rising edge-triggered cell RAMB18E1 clocked by clk_50  {rise@0.000ns fall@10.000ns period=20.000ns})
  Path Group:             clk_50
  Path Type:              Hold (Min at Fast Process Corner)
  Requirement:            0.000ns  (clk_50 rise@0.000ns - clk_50 rise@0.000ns)
  Data Path Delay:        0.259ns  (logic 0.141ns (54.445%)  route 0.118ns (45.555%))
  Logic Levels:           0  
  Clock Path Skew:        0.058ns (DCD - SCD - CPR)
    Destination Clock Delay (DCD):    3.349ns
    Source Clock Delay      (SCD):    2.453ns
    Clock Pessimism Removal (CPR):    0.837ns

    Location             Delay type                Incr(ns)  Path(ns)    Netlist Resource(s)
  -------------------------------------------------------------------    -------------------
                         (clock clk_50 rise edge)     0.000     0.000 r  
    W5                                                0.000     0.000 r  clk (IN)
                         net (fo=0)                   0.000     0.000    clk
    W5                   IBUF (Prop_ibuf_I_O)         0.226     0.226 r  clk_IBUF_inst/O
                         net (fo=1, routed)           0.631     0.858    clk_IBUF
    BUFGCTRL_X0Y1        BUFG (Prop_bufg_I_O)         0.026     0.884 r  clk_IBUF_BUFG_inst/O
                         net (fo=1, routed)           0.563     1.446    clk_IBUF_BUFG
    SLICE_X36Y46         FDRE (Prop_fdre_C_Q)         0.141     1.587 r  clk_50_reg_reg/Q
                         net (fo=2, routed)           0.282     1.869    clk_50_reg
    BUFGCTRL_X0Y0        BUFG (Prop_bufg_I_O)         0.026     1.895 r  u_bufg_clk50/O
                         net (fo=1747, routed)        0.559     2.453    u_soc_core/u_cpu/clk_50
    SLICE_X9Y18          FDRE                                         r  u_soc_core/u_cpu/mem_wdata_reg[15]/C
  -------------------------------------------------------------------    -------------------
    SLICE_X9Y18          FDRE (Prop_fdre_C_Q)         0.141     2.594 r  u_soc_core/u_cpu/mem_wdata_reg[15]/Q
                         net (fo=5, routed)           0.118     2.712    u_soc_core/u_data_sram/D[15]
    RAMB18_X0Y6          RAMB18E1                                     r  u_soc_core/u_data_sram/mem_reg/DIADI[15]
  -------------------------------------------------------------------    -------------------

                         (clock clk_50 rise edge)     0.000     0.000 r  
    W5                                                0.000     0.000 r  clk (IN)
                         net (fo=0)                   0.000     0.000    clk
    W5                   IBUF (Prop_ibuf_I_O)         0.414     0.414 r  clk_IBUF_inst/O
                         net (fo=1, routed)           0.685     1.099    clk_IBUF
    BUFGCTRL_X0Y1        BUFG (Prop_bufg_I_O)         0.029     1.128 r  clk_IBUF_BUFG_inst/O
                         net (fo=1, routed)           0.832     1.959    clk_IBUF_BUFG
    SLICE_X36Y46         FDRE (Prop_fdre_C_Q)         0.175     2.134 r  clk_50_reg_reg/Q
                         net (fo=2, routed)           0.315     2.449    clk_50_reg
    BUFGCTRL_X0Y0        BUFG (Prop_bufg_I_O)         0.029     2.478 r  u_bufg_clk50/O
                         net (fo=1747, routed)        0.871     3.349    u_soc_core/u_data_sram/clk_50
    RAMB18_X0Y6          RAMB18E1                                     r  u_soc_core/u_data_sram/mem_reg/CLKBWRCLK
                         clock pessimism             -0.837     2.512    
    RAMB18_X0Y6          RAMB18E1 (Hold_ramb18e1_CLKBWRCLK_DIADI[15])
                                                      0.155     2.667    u_soc_core/u_data_sram/mem_reg
  -------------------------------------------------------------------
                         required time                         -2.667    
                         arrival time                           2.712    
  -------------------------------------------------------------------
                         slack                                  0.045    





Pulse Width Checks
--------------------------------------------------------------------------------------
Clock Name:         clk_50
Waveform(ns):       { 0.000 10.000 }
Period(ns):         20.000
Sources:            { u_bufg_clk50/O }

Check Type        Corner  Lib Pin             Reference Pin  Required(ns)  Actual(ns)  Slack(ns)  Location     Pin
Min Period        n/a     RAMB18E1/CLKARDCLK  n/a            2.944         20.000      17.056     RAMB18_X0Y6  u_soc_core/u_data_sram/mem_reg/CLKARDCLK
Low Pulse Width   Slow    RAMD32/CLK          n/a            1.250         10.000      8.750      SLICE_X2Y9   u_soc_core/u_cpu/cpuregs_reg_r1_0_31_0_5/RAMA/CLK
High Pulse Width  Slow    RAMD32/CLK          n/a            1.250         10.000      8.750      SLICE_X2Y9   u_soc_core/u_cpu/cpuregs_reg_r1_0_31_0_5/RAMA/CLK



---------------------------------------------------------------------------------------------------
Path Group:  **async_default**
From Clock:  clk_50
  To Clock:  clk_50

Setup :            0  Failing Endpoints,  Worst Slack       11.664ns,  Total Violation        0.000ns
Hold  :            0  Failing Endpoints,  Worst Slack        0.893ns,  Total Violation        0.000ns
---------------------------------------------------------------------------------------------------


Max Delay Paths
--------------------------------------------------------------------------------------
Slack (MET) :             11.664ns  (required time - arrival time)
  Source:                 por_cnt_reg[0]/C
                            (rising edge-triggered cell FDRE clocked by clk_50  {rise@0.000ns fall@10.000ns period=20.000ns})
  Destination:            u_snoop_tx/sample_div_count_reg[13]/CLR
                            (recovery check against rising-edge clock clk_50  {rise@0.000ns fall@10.000ns period=20.000ns})
  Path Group:             **async_default**
  Path Type:              Recovery (Max at Slow Process Corner)
  Requirement:            20.000ns  (clk_50 rise@20.000ns - clk_50 rise@0.000ns)
  Data Path Delay:        7.803ns  (logic 0.766ns (9.817%)  route 7.037ns (90.183%))
  Logic Levels:           2  (LUT2=1 LUT6=1)
  Clock Path Skew:        -0.179ns (DCD - SCD + CPR)
    Destination Clock Delay (DCD):    7.350ns = ( 27.350 - 20.000 ) 
    Source Clock Delay      (SCD):    8.013ns
    Clock Pessimism Removal (CPR):    0.484ns
  Clock Uncertainty:      0.035ns  ((TSJ^2 + TIJ^2)^1/2 + DJ) / 2 + PE
    Total System Jitter     (TSJ):    0.071ns
    Total Input Jitter      (TIJ):    0.000ns
    Discrete Jitter          (DJ):    0.000ns
    Phase Error              (PE):    0.000ns

    Location             Delay type                Incr(ns)  Path(ns)    Netlist Resource(s)
  -------------------------------------------------------------------    -------------------
                         (clock clk_50 rise edge)     0.000     0.000 r  
    W5                                                0.000     0.000 r  clk (IN)
                         net (fo=0)                   0.000     0.000    clk
    W5                   IBUF (Prop_ibuf_I_O)         1.458     1.458 r  clk_IBUF_inst/O
                         net (fo=1, routed)           1.967     3.425    clk_IBUF
    BUFGCTRL_X0Y1        BUFG (Prop_bufg_I_O)         0.096     3.521 r  clk_IBUF_BUFG_inst/O
                         net (fo=1, routed)           1.565     5.086    clk_IBUF_BUFG
    SLICE_X36Y46         FDRE (Prop_fdre_C_Q)         0.456     5.542 r  clk_50_reg_reg/Q
                         net (fo=2, routed)           0.736     6.278    clk_50_reg
    BUFGCTRL_X0Y0        BUFG (Prop_bufg_I_O)         0.096     6.374 r  u_bufg_clk50/O
                         net (fo=1747, routed)        1.639     8.013    clk_50
    SLICE_X2Y1           FDRE                                         r  por_cnt_reg[0]/C
  -------------------------------------------------------------------    -------------------
    SLICE_X2Y1           FDRE (Prop_fdre_C_Q)         0.518     8.531 f  por_cnt_reg[0]/Q
                         net (fo=8, routed)           0.713     9.245    u_soc_core/u_cpu/Q[0]
    SLICE_X2Y1           LUT6 (Prop_lut6_I2_O)        0.124     9.369 r  u_soc_core/u_cpu/FSM_sequential_mem_state[1]_i_5/O
                         net (fo=1, routed)           0.306     9.675    u_soc_core/u_cpu/por_done
    SLICE_X2Y2           LUT2 (Prop_lut2_I0_O)        0.124     9.799 f  u_soc_core/u_cpu/FSM_sequential_mem_state[1]_i_3/O
                         net (fo=659, routed)         6.017    15.816    u_snoop_tx/FSM_sequential_state_reg[2]_0
    SLICE_X50Y6          FDCE                                         f  u_snoop_tx/sample_div_count_reg[13]/CLR
  -------------------------------------------------------------------    -------------------

                         (clock clk_50 rise edge)    20.000    20.000 r  
    W5                                                0.000    20.000 r  clk (IN)
                         net (fo=0)                   0.000    20.000    clk
    W5                   IBUF (Prop_ibuf_I_O)         1.388    21.388 r  clk_IBUF_inst/O
                         net (fo=1, routed)           1.862    23.250    clk_IBUF
    BUFGCTRL_X0Y1        BUFG (Prop_bufg_I_O)         0.091    23.341 r  clk_IBUF_BUFG_inst/O
                         net (fo=1, routed)           1.445    24.786    clk_IBUF_BUFG
    SLICE_X36Y46         FDRE (Prop_fdre_C_Q)         0.367    25.153 r  clk_50_reg_reg/Q
                         net (fo=2, routed)           0.654    25.807    clk_50_reg
    BUFGCTRL_X0Y0        BUFG (Prop_bufg_I_O)         0.091    25.898 r  u_bufg_clk50/O
                         net (fo=1747, routed)        1.452    27.350    u_snoop_tx/clk_50
    SLICE_X50Y6          FDCE                                         r  u_snoop_tx/sample_div_count_reg[13]/C
                         clock pessimism              0.484    27.834    
                         clock uncertainty           -0.035    27.799    
    SLICE_X50Y6          FDCE (Recov_fdce_C_CLR)     -0.319    27.480    u_snoop_tx/sample_div_count_reg[13]
  -------------------------------------------------------------------
                         required time                         27.480    
                         arrival time                         -15.816    
  -------------------------------------------------------------------
                         slack                                 11.664    





Min Delay Paths
--------------------------------------------------------------------------------------
Slack (MET) :             0.893ns  (arrival time - required time)
  Source:                 por_cnt_reg[3]/C
                            (rising edge-triggered cell FDRE clocked by clk_50  {rise@0.000ns fall@10.000ns period=20.000ns})
  Destination:            u_soc_core/u_soc_gpio_mmio/heartbeat_cnt_reg[4]/CLR
                            (removal check against rising-edge clock clk_50  {rise@0.000ns fall@10.000ns period=20.000ns})
  Path Group:             **async_default**
  Path Type:              Removal (Min at Fast Process Corner)
  Requirement:            0.000ns  (clk_50 rise@0.000ns - clk_50 rise@0.000ns)
  Data Path Delay:        0.817ns  (logic 0.254ns (31.106%)  route 0.563ns (68.894%))
  Logic Levels:           2  (LUT2=1 LUT6=1)
  Clock Path Skew:        0.016ns (DCD - SCD - CPR)
    Destination Clock Delay (DCD):    3.345ns
    Source Clock Delay      (SCD):    2.490ns
    Clock Pessimism Removal (CPR):    0.838ns

    Location             Delay type                Incr(ns)  Path(ns)    Netlist Resource(s)
  -------------------------------------------------------------------    -------------------
                         (clock clk_50 rise edge)     0.000     0.000 r  
    W5                                                0.000     0.000 r  clk (IN)
                         net (fo=0)                   0.000     0.000    clk
    W5                   IBUF (Prop_ibuf_I_O)         0.226     0.226 r  clk_IBUF_inst/O
                         net (fo=1, routed)           0.631     0.858    clk_IBUF
    BUFGCTRL_X0Y1        BUFG (Prop_bufg_I_O)         0.026     0.884 r  clk_IBUF_BUFG_inst/O
                         net (fo=1, routed)           0.563     1.446    clk_IBUF_BUFG
    SLICE_X36Y46         FDRE (Prop_fdre_C_Q)         0.141     1.587 r  clk_50_reg_reg/Q
                         net (fo=2, routed)           0.282     1.869    clk_50_reg
    BUFGCTRL_X0Y0        BUFG (Prop_bufg_I_O)         0.026     1.895 r  u_bufg_clk50/O
                         net (fo=1747, routed)        0.596     2.490    clk_50
    SLICE_X2Y1           FDRE                                         r  por_cnt_reg[3]/C
  -------------------------------------------------------------------    -------------------
    SLICE_X2Y1           FDRE (Prop_fdre_C_Q)         0.164     2.654 r  por_cnt_reg[3]/Q
                         net (fo=5, routed)           0.167     2.822    u_soc_core/u_cpu/Q[3]
    SLICE_X2Y1           LUT6 (Prop_lut6_I5_O)        0.045     2.867 r  u_soc_core/u_cpu/FSM_sequential_mem_state[1]_i_5/O
                         net (fo=1, routed)           0.110     2.977    u_soc_core/u_cpu/por_done
    SLICE_X2Y2           LUT2 (Prop_lut2_I0_O)        0.045     3.022 f  u_soc_core/u_cpu/FSM_sequential_mem_state[1]_i_3/O
                         net (fo=659, routed)         0.285     3.307    u_soc_core/u_soc_gpio_mmio/heartbeat_cnt_reg[25]_0
    SLICE_X0Y1           FDCE                                         f  u_soc_core/u_soc_gpio_mmio/heartbeat_cnt_reg[4]/CLR
  -------------------------------------------------------------------    -------------------

                         (clock clk_50 rise edge)     0.000     0.000 r  
    W5                                                0.000     0.000 r  clk (IN)
                         net (fo=0)                   0.000     0.000    clk
    W5                   IBUF (Prop_ibuf_I_O)         0.414     0.414 r  clk_IBUF_inst/O
                         net (fo=1, routed)           0.685     1.099    clk_IBUF
    BUFGCTRL_X0Y1        BUFG (Prop_bufg_I_O)         0.029     1.128 r  clk_IBUF_BUFG_inst/O
                         net (fo=1, routed)           0.832     1.959    clk_IBUF_BUFG
    SLICE_X36Y46         FDRE (Prop_fdre_C_Q)         0.175     2.134 r  clk_50_reg_reg/Q
                         net (fo=2, routed)           0.315     2.449    clk_50_reg
    BUFGCTRL_X0Y0        BUFG (Prop_bufg_I_O)         0.029     2.478 r  u_bufg_clk50/O
                         net (fo=1747, routed)        0.867     3.345    u_soc_core/u_soc_gpio_mmio/clk_50
    SLICE_X0Y1           FDCE                                         r  u_soc_core/u_soc_gpio_mmio/heartbeat_cnt_reg[4]/C
                         clock pessimism             -0.838     2.506    
    SLICE_X0Y1           FDCE (Remov_fdce_C_CLR)     -0.092     2.414    u_soc_core/u_soc_gpio_mmio/heartbeat_cnt_reg[4]
  -------------------------------------------------------------------
                         required time                         -2.414    
                         arrival time                           3.307    
  -------------------------------------------------------------------
                         slack                                  0.893    





