Clock: clk
Sources: clk 
Generated: no
Virtual: no
Propagated: no
Period: 10.000000

===========================================================================
report_clock_properties
============================================================================
Clock                   Period          Waveform
----------------------------------------------------
clk                  10.000000    0.000000  5.000000

===========================================================================
report_clock_latency
============================================================================
Clock clk
rise -> rise
    min     max
0.000000 0.000000 source latency
3.033613         network latency _3175_/CLK
        3.033613 network latency _3175_/CLK
---------------
3.033613 3.033613 latency
        0.000000 skew

fall -> fall
    min     max
0.000000 0.000000 source latency
1.307457         network latency _3175_/CLK
        1.307457 network latency _3175_/CLK
---------------
1.307457 1.307457 latency
        0.000000 skew



===========================================================================
report_clock_min_period
============================================================================
clk period_min = 5.58 fmax = 179.18
