Reading OpenROAD database at '/home/hiepthai/Desktop/uart-fifo-rfid-asic/rdm6300_asic_fpga_modular/runs/RUN_2026-08-25_11-45-20/20-openroad-generatepdn/top_basys3_rdm6300.odb'…
Reading library file at '/home/hiepthai/.volare/volare/sky130/versions/0fe599b2afb6708d281543108caf8310912f54af/sky130A/libs.ref/sky130_fd_sc_hd/lib/sky130_fd_sc_hd__tt_025C_1v80.lib'…
Reading design constraints file at '/nix/store/ss2cw3sxbrwwx9jl0rrppbw4kgcmgi2n-python3-3.11.9-env/lib/python3.11/site-packages/openlane/scripts/base.sdc'…
[INFO] Using clock clk…
[INFO] Setting output delay to: 2.0
[INFO] Setting input delay to: 2.0
[INFO] Setting load to: 0.033442
[INFO] Setting clock uncertainty to: 0.25
[INFO] Setting clock transition to: 0.1499999999999999944488848768742172978818416595458984375
[INFO] Setting timing derate to: 5%
+ global_placement -density 0.61979 -skip_io -pad_right 0 -pad_left 0 -init_wirelength_coef 0.25
[INFO GPL-0002] DBU: 1000
[INFO GPL-0003] SiteSize: (  0.460  2.720 ) um
[INFO GPL-0004] CoreBBox: (  5.520 10.880 ) ( 262.200 266.560 ) um
[INFO GPL-0006] NumInstances:              3352
[INFO GPL-0007] NumPlaceInstances:         2252
[INFO GPL-0008] NumFixedInstances:         1100
[INFO GPL-0009] NumDummyInstances:            0
[INFO GPL-0010] NumNets:                   2254
[INFO GPL-0011] NumPins:                   8660
[INFO GPL-0012] DieBBox:  (  0.000  0.000 ) ( 267.835 278.555 ) um
[INFO GPL-0013] CoreBBox: (  5.520 10.880 ) ( 262.200 266.560 ) um
[INFO GPL-0016] CoreArea:             65627.942 um^2
[INFO GPL-0017] NonPlaceInstsArea:     1846.771 um^2
[INFO GPL-0018] PlaceInstsArea:       32971.622 um^2
[INFO GPL-0019] Util:                    51.695 %
[INFO GPL-0020] StdInstsArea:         32971.622 um^2
[INFO GPL-0021] MacroInstsArea:           0.000 um^2
[INFO GPL-0031] FillerInit:NumGCells:      2704
[INFO GPL-0032] FillerInit:NumGNets:       2254
[INFO GPL-0033] FillerInit:NumGPins:       8660
[INFO GPL-0023] TargetDensity:            0.620
[INFO GPL-0024] AvrgPlaceInstArea:       14.641 um^2
[INFO GPL-0025] IdealBinArea:            23.623 um^2
[INFO GPL-0026] IdealBinCnt:               2778
[INFO GPL-0027] TotalBinArea:         65627.942 um^2
[INFO GPL-0028] BinCnt:        32     32
[INFO GPL-0029] BinSize: (  8.022  7.990 )
[INFO GPL-0030] NumBins: 1024
[NesterovSolve] Iter:    1 overflow: 0.995 HPWL: 7546856
[NesterovSolve] Iter:   10 overflow: 0.990 HPWL: 5404760
[NesterovSolve] Iter:   20 overflow: 0.990 HPWL: 5359628
[NesterovSolve] Iter:   30 overflow: 0.990 HPWL: 5351208
[NesterovSolve] Iter:   40 overflow: 0.990 HPWL: 5342550
[NesterovSolve] Iter:   50 overflow: 0.990 HPWL: 5333148
[NesterovSolve] Iter:   60 overflow: 0.990 HPWL: 5325212
[NesterovSolve] Iter:   70 overflow: 0.990 HPWL: 5318316
[NesterovSolve] Iter:   80 overflow: 0.990 HPWL: 5316311
[NesterovSolve] Iter:   90 overflow: 0.990 HPWL: 5324939
[NesterovSolve] Iter:  100 overflow: 0.987 HPWL: 5369411
[NesterovSolve] Iter:  110 overflow: 0.985 HPWL: 5475484
[NesterovSolve] Iter:  120 overflow: 0.980 HPWL: 5662602
[NesterovSolve] Iter:  130 overflow: 0.974 HPWL: 5965780
[NesterovSolve] Iter:  140 overflow: 0.965 HPWL: 6386126
[NesterovSolve] Iter:  150 overflow: 0.954 HPWL: 6950083
[NesterovSolve] Iter:  160 overflow: 0.939 HPWL: 7705471
[NesterovSolve] Iter:  170 overflow: 0.912 HPWL: 8696075
[NesterovSolve] Iter:  180 overflow: 0.890 HPWL: 10154548
[NesterovSolve] Iter:  190 overflow: 0.853 HPWL: 12162124
[NesterovSolve] Iter:  200 overflow: 0.817 HPWL: 14226385
[NesterovSolve] Iter:  210 overflow: 0.783 HPWL: 16090675
[NesterovSolve] Iter:  220 overflow: 0.751 HPWL: 17955671
[NesterovSolve] Iter:  230 overflow: 0.710 HPWL: 20165662
[NesterovSolve] Iter:  240 overflow: 0.676 HPWL: 22537664
[NesterovSolve] Iter:  250 overflow: 0.634 HPWL: 24594360
[NesterovSolve] Iter:  260 overflow: 0.586 HPWL: 26397221
[NesterovSolve] Iter:  270 overflow: 0.543 HPWL: 27845138
[NesterovSolve] Iter:  280 overflow: 0.497 HPWL: 28883536
[NesterovSolve] Iter:  290 overflow: 0.450 HPWL: 29937430
[NesterovSolve] Iter:  300 overflow: 0.398 HPWL: 30779121
[NesterovSolve] Iter:  310 overflow: 0.352 HPWL: 31195541
[NesterovSolve] Iter:  320 overflow: 0.313 HPWL: 31462062
[NesterovSolve] Iter:  330 overflow: 0.282 HPWL: 31811092
[NesterovSolve] Iter:  340 overflow: 0.252 HPWL: 31927993
[NesterovSolve] Iter:  350 overflow: 0.220 HPWL: 32079778
[NesterovSolve] Iter:  360 overflow: 0.190 HPWL: 32194224
[NesterovSolve] Iter:  370 overflow: 0.166 HPWL: 32402762
[NesterovSolve] Iter:  380 overflow: 0.142 HPWL: 32625912
[NesterovSolve] Iter:  390 overflow: 0.118 HPWL: 32854619
[NesterovSolve] Finished with Overflow: 0.099162
[INFO] Setting RC values…
Setting global connections for newly added cells…
[INFO] Setting global connections...
Updating metrics…
Cell type report:                       Count       Area
  Fill cell                               188     705.68
  Tap cell                                912    1141.09
  Inverter                                 44     165.16
  Sequential cell                         664   16145.48
  Multi-Input combinational cell         1544   16660.98
  Total                                  3352   34818.39
Writing OpenROAD database to '/home/hiepthai/Desktop/uart-fifo-rfid-asic/rdm6300_asic_fpga_modular/runs/RUN_2026-08-25_11-45-20/23-openroad-globalplacementskipio/top_basys3_rdm6300.odb'…
Writing netlist to '/home/hiepthai/Desktop/uart-fifo-rfid-asic/rdm6300_asic_fpga_modular/runs/RUN_2026-08-25_11-45-20/23-openroad-globalplacementskipio/top_basys3_rdm6300.nl.v'…
Writing powered netlist to '/home/hiepthai/Desktop/uart-fifo-rfid-asic/rdm6300_asic_fpga_modular/runs/RUN_2026-08-25_11-45-20/23-openroad-globalplacementskipio/top_basys3_rdm6300.pnl.v'…
Writing layout to '/home/hiepthai/Desktop/uart-fifo-rfid-asic/rdm6300_asic_fpga_modular/runs/RUN_2026-08-25_11-45-20/23-openroad-globalplacementskipio/top_basys3_rdm6300.def'…
Writing timing constraints to '/home/hiepthai/Desktop/uart-fifo-rfid-asic/rdm6300_asic_fpga_modular/runs/RUN_2026-08-25_11-45-20/23-openroad-globalplacementskipio/top_basys3_rdm6300.sdc'…
