Reading OpenROAD database at '/home/hiepthai/Desktop/uart-fifo-rfid-asic/rdm6300_asic_fpga_modular/runs/RUN_2026-08-25_11-50-18/31-openroad-repairdesignpostgpl/top_basys3_rdm6300.odb'…
Reading library file at '/home/hiepthai/.volare/volare/sky130/versions/0fe599b2afb6708d281543108caf8310912f54af/sky130A/libs.ref/sky130_fd_sc_hd/lib/sky130_fd_sc_hd__tt_025C_1v80.lib'…
Reading design constraints file at '/nix/store/ss2cw3sxbrwwx9jl0rrppbw4kgcmgi2n-python3-3.11.9-env/lib/python3.11/site-packages/openlane/scripts/base.sdc'…
[INFO] Using clock clk…
[INFO] Setting output delay to: 2.0
[INFO] Setting input delay to: 2.0
[INFO] Setting load to: 0.033442
[INFO] Setting clock uncertainty to: 0.25
[INFO] Setting clock transition to: 0.1499999999999999944488848768742172978818416595458984375
[INFO] Setting timing derate to: 5%
Placement Analysis
---------------------------------
total displacement          0.0 u
average displacement        0.0 u
max displacement            0.0 u
original HPWL           51020.6 u
legalized HPWL          52752.4 u
delta HPWL                    3 %

[INFO DPL-0020] Mirrored 789 instances
[INFO DPL-0021] HPWL before           52752.4 u
[INFO DPL-0022] HPWL after            51020.6 u
[INFO DPL-0023] HPWL delta               -3.3 %
Setting global connections for newly added cells…
[INFO] Setting global connections...
Updating metrics…
Cell type report:                       Count       Area
  Fill cell                               188     705.68
  Tap cell                                912    1141.09
  Timing Repair Buffer                    155     925.89
  Inverter                                 44     165.16
  Sequential cell                         664   15411.03
  Multi-Input combinational cell         1544   15253.38
  Total                                  3507   33602.23
Writing OpenROAD database to '/home/hiepthai/Desktop/uart-fifo-rfid-asic/rdm6300_asic_fpga_modular/runs/RUN_2026-08-25_11-50-18/33-openroad-detailedplacement/top_basys3_rdm6300.odb'…
Writing netlist to '/home/hiepthai/Desktop/uart-fifo-rfid-asic/rdm6300_asic_fpga_modular/runs/RUN_2026-08-25_11-50-18/33-openroad-detailedplacement/top_basys3_rdm6300.nl.v'…
Writing powered netlist to '/home/hiepthai/Desktop/uart-fifo-rfid-asic/rdm6300_asic_fpga_modular/runs/RUN_2026-08-25_11-50-18/33-openroad-detailedplacement/top_basys3_rdm6300.pnl.v'…
Writing layout to '/home/hiepthai/Desktop/uart-fifo-rfid-asic/rdm6300_asic_fpga_modular/runs/RUN_2026-08-25_11-50-18/33-openroad-detailedplacement/top_basys3_rdm6300.def'…
Writing timing constraints to '/home/hiepthai/Desktop/uart-fifo-rfid-asic/rdm6300_asic_fpga_modular/runs/RUN_2026-08-25_11-50-18/33-openroad-detailedplacement/top_basys3_rdm6300.sdc'…
