Clock: clk
Sources: clk 
Generated: no
Virtual: no
Propagated: no
Period: 10.000000

===========================================================================
report_clock_properties
============================================================================
Clock                   Period          Waveform
----------------------------------------------------
clk                  10.000000    0.000000  5.000000

===========================================================================
report_clock_latency
============================================================================
Clock clk
rise -> rise
    min     max
0.000000 0.000000 source latency
3.797726         network latency _3175_/CLK
        3.797726 network latency _3175_/CLK
---------------
3.797726 3.797726 latency
        0.000000 skew

fall -> fall
    min     max
0.000000 0.000000 source latency
1.845314         network latency _3175_/CLK
        1.845314 network latency _3175_/CLK
---------------
1.845314 1.845314 latency
        0.000000 skew



===========================================================================
report_clock_min_period
============================================================================
clk period_min = 7.74 fmax = 129.21
