┏━━━━━━━━━━━━━━━━━━━━━━┳━━━━━━━━━━┳━━━━━━━━━━┳━━━━━━━━━━┳━━━━━━━━━━┳━━━━━━━━━━━┳━━━━━━━━━━┳━━━━━━━━━━━┳━━━━━━━━━━┳━━━━━━━━━━━┳━━━━━━━━━━┳━━━━━━━━━━━┳━━━━━━━━━━┓
┃                      ┃ Hold     ┃ Reg to   ┃          ┃          ┃ of which  ┃ Setup    ┃           ┃          ┃           ┃ of which ┃           ┃          ┃
┃                      ┃ Worst    ┃ Reg      ┃          ┃ Hold Vio ┃ reg to    ┃ Worst    ┃ Reg to    ┃ Setup    ┃ Setup Vio ┃ reg to   ┃ Max Cap   ┃ Max Slew ┃
┃ Corner/Group         ┃ Slack    ┃ Paths    ┃ Hold TNS ┃ Count    ┃ reg       ┃ Slack    ┃ Reg Paths ┃ TNS      ┃ Count     ┃ reg      ┃ Violatio… ┃ Violati… ┃
┡━━━━━━━━━━━━━━━━━━━━━━╇━━━━━━━━━━╇━━━━━━━━━━╇━━━━━━━━━━╇━━━━━━━━━━╇━━━━━━━━━━━╇━━━━━━━━━━╇━━━━━━━━━━━╇━━━━━━━━━━╇━━━━━━━━━━━╇━━━━━━━━━━╇━━━━━━━━━━━╇━━━━━━━━━━┩
│ Overall              │ 0.1096   │ 0.1096   │ 0.0000   │ 0        │ 0         │ -0.7747  │ -0.7747   │ -25.0053 │ 189       │ 189      │ 0         │ 24       │
│ nom_tt_025C_1v80     │ 0.3079   │ 0.3079   │ 0.0000   │ 0        │ 0         │ 4.7939   │ 4.7939    │ 0.0000   │ 0         │ 0        │ 0         │ 0        │
│ nom_ss_100C_1v60     │ 0.8153   │ 0.8627   │ 0.0000   │ 0        │ 0         │ -0.6417  │ -0.6417   │ -16.2667 │ 57        │ 57       │ 0         │ 24       │
│ nom_ff_n40C_1v95     │ 0.1119   │ 0.1119   │ 0.0000   │ 0        │ 0         │ 6.7685   │ 6.7685    │ 0.0000   │ 0         │ 0        │ 0         │ 0        │
│ min_tt_025C_1v80     │ 0.3045   │ 0.3045   │ 0.0000   │ 0        │ 0         │ 4.8686   │ 4.8686    │ 0.0000   │ 0         │ 0        │ 0         │ 0        │
│ min_ss_100C_1v60     │ 0.8318   │ 0.8581   │ 0.0000   │ 0        │ 0         │ -0.5059  │ -0.5059   │ -9.4549  │ 49        │ 49       │ 0         │ 15       │
│ min_ff_n40C_1v95     │ 0.1096   │ 0.1096   │ 0.0000   │ 0        │ 0         │ 6.7948   │ 6.8198    │ 0.0000   │ 0         │ 0        │ 0         │ 0        │
│ max_tt_025C_1v80     │ 0.3119   │ 0.3119   │ 0.0000   │ 0        │ 0         │ 4.7212   │ 4.7212    │ 0.0000   │ 0         │ 0        │ 0         │ 0        │
│ max_ss_100C_1v60     │ 0.8007   │ 0.8694   │ 0.0000   │ 0        │ 0         │ -0.7747  │ -0.7747   │ -25.0053 │ 83        │ 83       │ 0         │ 24       │
│ max_ff_n40C_1v95     │ 0.1146   │ 0.1146   │ 0.0000   │ 0        │ 0         │ 6.7185   │ 6.7185    │ 0.0000   │ 0         │ 0        │ 0         │ 0        │
└──────────────────────┴──────────┴──────────┴──────────┴──────────┴───────────┴──────────┴───────────┴──────────┴───────────┴──────────┴───────────┴──────────┘
