Starting…
Running 'Verilator.Lint' at 'runs/RUN_2026-08-25_11-45-20/01-verilator-lint'…
Logging subprocess to [repr.filename]'runs/RUN_2026-08-25_11-45-20/01-verilator-lint/verilator-lint.log'[/repr.filename]…
Running 'Checker.LintTimingConstructs' at 'runs/RUN_2026-08-25_11-45-20/02-checker-linttimingconstructs'…
Check for Lint Timing Errors clear.
Running 'Checker.LintErrors' at 'runs/RUN_2026-08-25_11-45-20/03-checker-linterrors'…
Check for Lint errors clear.
Running 'Checker.LintWarnings' at 'runs/RUN_2026-08-25_11-45-20/04-checker-lintwarnings'…
481 Lint warnings found.
Running 'Yosys.JsonHeader' at 'runs/RUN_2026-08-25_11-45-20/05-yosys-jsonheader'…
Logging subprocess to [repr.filename]'runs/RUN_2026-08-25_11-45-20/05-yosys-jsonheader/yosys-jsonheader.log'[/repr.filename]…
Running 'Yosys.Synthesis' at 'runs/RUN_2026-08-25_11-45-20/06-yosys-synthesis'…
Logging subprocess to [repr.filename]'runs/RUN_2026-08-25_11-45-20/06-yosys-synthesis/yosys-synthesis.log'[/repr.filename]…
Parsing synthesis checks…
Running 'Checker.YosysUnmappedCells' at 'runs/RUN_2026-08-25_11-45-20/07-checker-yosysunmappedcells'…
Check for Unmapped Yosys instances clear.
Running 'Checker.YosysSynthChecks' at 'runs/RUN_2026-08-25_11-45-20/08-checker-yosyssynthchecks'…
Check for Yosys check errors clear.
Running 'Checker.NetlistAssignStatements' at 'runs/RUN_2026-08-25_11-45-20/09-checker-netlistassignstatements'…
Running 'OpenROAD.CheckSDCFiles' at 'runs/RUN_2026-08-25_11-45-20/10-openroad-checksdcfiles'…
'PNR_SDC_FILE' is not defined. Using generic fallback SDC for OpenROAD PnR steps.
'SIGNOFF_SDC_FILE' is not defined. Using generic fallback SDC for OpenROAD PnR steps.
Running 'OpenROAD.CheckMacroInstances' at 'runs/RUN_2026-08-25_11-45-20/11-openroad-checkmacroinstances'…
No macros found, skipping instance check…
Running 'OpenROAD.STAPrePNR' at 'runs/RUN_2026-08-25_11-45-20/12-openroad-staprepnr'…
Starting STA for the nom_tt_025C_1v80 timing corner…
Starting STA for the nom_ss_100C_1v60 timing corner…
Starting STA for the nom_ff_n40C_1v95 timing corner…
Skipping corner min_tt_025C_1v80 for STA (identical to nom_tt_025C_1v80 at this stage)…
Skipping corner min_ss_100C_1v60 for STA (identical to nom_ss_100C_1v60 at this stage)…
Logging subprocess to [repr.filename]'runs/RUN_2026-08-25_11-45-20/12-openroad-staprepnr/nom_tt_025C_1v80/sta.log'[/repr.filename]…
Skipping corner min_ff_n40C_1v95 for STA (identical to nom_ff_n40C_1v95 at this stage)…
Logging subprocess to [repr.filename]'runs/RUN_2026-08-25_11-45-20/12-openroad-staprepnr/nom_ss_100C_1v60/sta.log'[/repr.filename]…
Skipping corner max_tt_025C_1v80 for STA (identical to nom_tt_025C_1v80 at this stage)…
Logging subprocess to [repr.filename]'runs/RUN_2026-08-25_11-45-20/12-openroad-staprepnr/nom_ff_n40C_1v95/sta.log'[/repr.filename]…
Skipping corner max_ss_100C_1v60 for STA (identical to nom_ss_100C_1v60 at this stage)…
Skipping corner max_ff_n40C_1v95 for STA (identical to nom_ff_n40C_1v95 at this stage)…
Finished STA for the nom_tt_025C_1v80 timing corner.
Finished STA for the nom_ff_n40C_1v95 timing corner.
Finished STA for the nom_ss_100C_1v60 timing corner.
Running 'OpenROAD.Floorplan' at 'runs/RUN_2026-08-25_11-45-20/13-openroad-floorplan'…
Logging subprocess to [repr.filename]'runs/RUN_2026-08-25_11-45-20/13-openroad-floorplan/openroad-floorplan.log'[/repr.filename]…
Running 'Odb.CheckMacroAntennaProperties' at 'runs/RUN_2026-08-25_11-45-20/14-odb-checkmacroantennaproperties'…
No cells provided, skipping…
Running 'Odb.SetPowerConnections' at 'runs/RUN_2026-08-25_11-45-20/15-odb-setpowerconnections'…
Logging subprocess to [repr.filename]'runs/RUN_2026-08-25_11-45-20/15-odb-setpowerconnections/odb-setpowerconnections.log'[/repr.filename]…
Running 'Odb.ManualMacroPlacement' at 'runs/RUN_2026-08-25_11-45-20/16-odb-manualmacroplacement'…
No instances found, skipping 'Odb.ManualMacroPlacement'…
Running 'OpenROAD.CutRows' at 'runs/RUN_2026-08-25_11-45-20/17-openroad-cutrows'…
Logging subprocess to [repr.filename]'runs/RUN_2026-08-25_11-45-20/17-openroad-cutrows/openroad-cutrows.log'[/repr.filename]…
Running 'OpenROAD.TapEndcapInsertion' at 'runs/RUN_2026-08-25_11-45-20/18-openroad-tapendcapinsertion'…
Logging subprocess to [repr.filename]'runs/RUN_2026-08-25_11-45-20/18-openroad-tapendcapinsertion/openroad-tapendcapinsertion.log'[/repr.filename]…
Running 'Odb.AddPDNObstructions' at 'runs/RUN_2026-08-25_11-45-20/19-odb-addpdnobstructions'…
'PDN_OBSTRUCTIONS' is not defined. Skipping 'Odb.AddPDNObstructions'…
Running 'OpenROAD.GeneratePDN' at 'runs/RUN_2026-08-25_11-45-20/20-openroad-generatepdn'…
'FP_PDN_CFG' not explicitly set, setting it to /nix/store/ss2cw3sxbrwwx9jl0rrppbw4kgcmgi2n-python3-3.11.9-env/lib/python3.11/site-packages/openlane/scripts/openroad/common/pdn_cfg.tcl…
Logging subprocess to [repr.filename]'runs/RUN_2026-08-25_11-45-20/20-openroad-generatepdn/openroad-generatepdn.log'[/repr.filename]…
Running 'Odb.RemovePDNObstructions' at 'runs/RUN_2026-08-25_11-45-20/21-odb-removepdnobstructions'…
'PDN_OBSTRUCTIONS' is not defined. Skipping 'Odb.RemovePDNObstructions'…
Running 'Odb.AddRoutingObstructions' at 'runs/RUN_2026-08-25_11-45-20/22-odb-addroutingobstructions'…
'ROUTING_OBSTRUCTIONS' is not defined. Skipping 'Odb.AddRoutingObstructions'…
Running 'OpenROAD.GlobalPlacementSkipIO' at 'runs/RUN_2026-08-25_11-45-20/23-openroad-globalplacementskipio'…
'PL_TARGET_DENSITY_PCT' not explicitly set, using dynamically calculated target density: 61.97900…
Logging subprocess to [repr.filename]'runs/RUN_2026-08-25_11-45-20/23-openroad-globalplacementskipio/openroad-globalplacementskipio.log'[/repr.filename]…
Running 'OpenROAD.IOPlacement' at 'runs/RUN_2026-08-25_11-45-20/24-openroad-ioplacement'…
FP_PIN_ORDER_CFG is set. Skipping 'OpenROAD.IOPlacement'…
Running 'Odb.CustomIOPlacement' at 'runs/RUN_2026-08-25_11-45-20/25-odb-customioplacement'…
Logging subprocess to [repr.filename]'runs/RUN_2026-08-25_11-45-20/25-odb-customioplacement/odb-customioplacement.log'[/repr.filename]…
frame_timeout_error not found in design but found in config.
rst_n not found in design but found in config.
tx_fifo_full not found in design but found in config.
rdm_uart_rx not found in design but found in config.
invalid_hex_error not found in design but found in config.
uart_framing_error not found in design but found in config.
host_uart_tx not found in design but found in config.
rx_fifo_overflow not found in design but found in config.
rx_fifo_full not found in design but found in config.
tx_fifo_overflow not found in design but found in config.
card_event not found in design but found in config.
frame_error not found in design but found in config.
checksum_error not found in design but found in config.
tag_raw\[\d+\] not found in design but found in config.
uart_break_detect not found in design but found in config.
rdm6300_rx_i not found in config but found in design.
uart_tx_o not found in config but found in design.
Subprocess had a non-zero exit.
Last 10 line(s):
[WARNING] tx_fifo_overflow not found in design but found in config.
[WARNING] card_event not found in design but found in config.
[WARNING] frame_error not found in design but found in config.
[WARNING] checksum_error not found in design but found in config.
[WARNING] tag_raw\[\d+\] not found in design but found in config.
[WARNING] uart_break_detect not found in design but found in config.
[ERROR] rdm6300_rx_i not found in config but found in design.
[ERROR] uart_tx_o not found in config but found in design.
Top-level design name: top_basys3_rdm6300
Critical mismatches found.

Full log file: 'runs/RUN_2026-08-25_11-45-20/25-odb-customioplacement/odb-customioplacement.log'
