
===========================================================================
report_checks -unconstrained
===========================================================================
======================= nom_ss_100C_1v60 Corner ===================================

Startpoint: _3748_ (rising edge-triggered flip-flop clocked by clk)
Endpoint: _3622_ (recovery check against rising-edge clock clk)
Path Group: asynchronous
Path Type: max

Fanout         Cap        Slew       Delay        Time   Description
---------------------------------------------------------------------------------------------
                                  0.000000    0.000000   clock clk (rise edge)
                                  0.000000    0.000000   clock source latency
     1    0.024380    0.180517    0.123881    0.123881 ^ clk (in)
                                                         clk (net)
                      0.180520    0.000000    0.123881 ^ clkbuf_0_clk/A (sky130_fd_sc_hd__clkbuf_16)
     8    0.125857    0.212424    0.391611    0.515491 ^ clkbuf_0_clk/X (sky130_fd_sc_hd__clkbuf_16)
                                                         clknet_0_clk (net)
                      0.212773    0.006067    0.521558 ^ clkbuf_3_1__f_clk/A (sky130_fd_sc_hd__clkbuf_16)
    10    0.074744    0.140761    0.352754    0.874312 ^ clkbuf_3_1__f_clk/X (sky130_fd_sc_hd__clkbuf_16)
                                                         clknet_3_1__leaf_clk (net)
                      0.140827    0.002820    0.877131 ^ clkbuf_leaf_4_clk/A (sky130_fd_sc_hd__clkbuf_8)
     8    0.037425    0.123452    0.305176    1.182308 ^ clkbuf_leaf_4_clk/X (sky130_fd_sc_hd__clkbuf_8)
                                                         clknet_leaf_4_clk (net)
                      0.123454    0.000735    1.183043 ^ _3748_/CLK (sky130_fd_sc_hd__dfxtp_2)
     1    0.002616    0.051682    0.656883    1.839926 ^ _3748_/Q (sky130_fd_sc_hd__dfxtp_2)
                                                         rst_n (net)
                      0.051682    0.000077    1.840003 ^ hold1/A (sky130_fd_sc_hd__dlygate4sd3_1)
     4    0.037994    0.583598    1.423529    3.263532 ^ hold1/X (sky130_fd_sc_hd__dlygate4sd3_1)
                                                         net157 (net)
                      0.583598    0.000404    3.263936 ^ fanout114/A (sky130_fd_sc_hd__buf_2)
     5    0.047656    0.372647    0.625639    3.889575 ^ fanout114/X (sky130_fd_sc_hd__buf_2)
                                                         net114 (net)
                      0.372647    0.001009    3.890584 ^ fanout113/A (sky130_fd_sc_hd__buf_2)
     6    0.046720    0.365902    0.537007    4.427591 ^ fanout113/X (sky130_fd_sc_hd__buf_2)
                                                         net113 (net)
                      0.365902    0.000560    4.428151 ^ fanout108/A (sky130_fd_sc_hd__clkbuf_2)
     5    0.031081    0.270078    0.459132    4.887282 ^ fanout108/X (sky130_fd_sc_hd__clkbuf_2)
                                                         net108 (net)
                      0.270078    0.000401    4.887684 ^ fanout107/A (sky130_fd_sc_hd__clkbuf_4)
    10    0.046877    0.235181    0.459337    5.347021 ^ fanout107/X (sky130_fd_sc_hd__clkbuf_4)
                                                         net107 (net)
                      0.235184    0.001306    5.348326 ^ fanout106/A (sky130_fd_sc_hd__clkbuf_4)
    10    0.043720    0.220954    0.434663    5.782990 ^ fanout106/X (sky130_fd_sc_hd__clkbuf_4)
                                                         net106 (net)
                      0.220963    0.001711    5.784700 ^ _3622_/RESET_B (sky130_fd_sc_hd__dfrtp_2)
                                              5.784700   data arrival time

                                 10.000000   10.000000   clock clk (rise edge)
                                  0.000000   10.000000   clock source latency
     1    0.024380    0.180517    0.123880   10.123880 ^ clk (in)
                                                         clk (net)
                      0.180520    0.000000   10.123880 ^ clkbuf_0_clk/A (sky130_fd_sc_hd__clkbuf_16)
     8    0.125857    0.212424    0.391610   10.515491 ^ clkbuf_0_clk/X (sky130_fd_sc_hd__clkbuf_16)
                                                         clknet_0_clk (net)
                      0.212525    0.004368   10.519859 ^ clkbuf_3_3__f_clk/A (sky130_fd_sc_hd__clkbuf_16)
     9    0.075753    0.142147    0.353516   10.873375 ^ clkbuf_3_3__f_clk/X (sky130_fd_sc_hd__clkbuf_16)
                                                         clknet_3_3__leaf_clk (net)
                      0.142199    0.002609   10.875985 ^ clkbuf_leaf_40_clk/A (sky130_fd_sc_hd__clkbuf_8)
     9    0.031568    0.109573    0.295108   11.171093 ^ clkbuf_leaf_40_clk/X (sky130_fd_sc_hd__clkbuf_8)
                                                         clknet_leaf_40_clk (net)
                      0.109573    0.000338   11.171431 ^ _3622_/CLK (sky130_fd_sc_hd__dfrtp_2)
                                 -0.250000   10.921431   clock uncertainty
                                  0.000000   10.921431   clock reconvergence pessimism
                                  0.393432   11.314862   library recovery time
                                             11.314862   data required time
---------------------------------------------------------------------------------------------
                                             11.314862   data required time
                                             -5.784700   data arrival time
---------------------------------------------------------------------------------------------
                                              5.530162   slack (MET)


Startpoint: _3662_ (rising edge-triggered flip-flop clocked by clk)
Endpoint: _3552_ (rising edge-triggered flip-flop clocked by clk)
Path Group: clk
Path Type: max

Fanout         Cap        Slew       Delay        Time   Description
---------------------------------------------------------------------------------------------
                                  0.000000    0.000000   clock clk (rise edge)
                                  0.000000    0.000000   clock source latency
     1    0.024380    0.180517    0.123881    0.123881 ^ clk (in)
                                                         clk (net)
                      0.180520    0.000000    0.123881 ^ clkbuf_0_clk/A (sky130_fd_sc_hd__clkbuf_16)
     8    0.125857    0.212424    0.391611    0.515491 ^ clkbuf_0_clk/X (sky130_fd_sc_hd__clkbuf_16)
                                                         clknet_0_clk (net)
                      0.212800    0.006372    0.521863 ^ clkbuf_3_5__f_clk/A (sky130_fd_sc_hd__clkbuf_16)
     9    0.077078    0.143990    0.355162    0.877025 ^ clkbuf_3_5__f_clk/X (sky130_fd_sc_hd__clkbuf_16)
                                                         clknet_3_5__leaf_clk (net)
                      0.144056    0.002849    0.879874 ^ clkbuf_leaf_19_clk/A (sky130_fd_sc_hd__clkbuf_8)
     9    0.045951    0.144138    0.322482    1.202356 ^ clkbuf_leaf_19_clk/X (sky130_fd_sc_hd__clkbuf_8)
                                                         clknet_leaf_19_clk (net)
                      0.144139    0.000761    1.203118 ^ _3662_/CLK (sky130_fd_sc_hd__dfrtp_2)
     4    0.029258    0.247212    0.880394    2.083512 ^ _3662_/Q (sky130_fd_sc_hd__dfrtp_2)
                                                         u_rx_fifo.rd_ptr[0] (net)
                      0.247216    0.001463    2.084975 ^ fanout153/A (sky130_fd_sc_hd__buf_6)
    10    0.065902    0.216379    0.367005    2.451980 ^ fanout153/X (sky130_fd_sc_hd__buf_6)
                                                         net153 (net)
                      0.216482    0.004398    2.456378 ^ _1673_/S0 (sky130_fd_sc_hd__mux4_1)
     1    0.008187    0.214798    1.362927    3.819305 v _1673_/X (sky130_fd_sc_hd__mux4_1)
                                                         _0740_ (net)
                      0.214798    0.000367    3.819672 v _1675_/A0 (sky130_fd_sc_hd__mux2_2)
     2    0.019046    0.166814    0.705283    4.524955 v _1675_/X (sky130_fd_sc_hd__mux2_2)
                                                         _0742_ (net)
                      0.166814    0.001061    4.526016 v _1677_/B1 (sky130_fd_sc_hd__a22o_2)
     5    0.050600    0.265139    0.627133    5.153149 v _1677_/X (sky130_fd_sc_hd__a22o_2)
                                                         _0744_ (net)
                      0.265147    0.001763    5.154912 v fanout42/A (sky130_fd_sc_hd__clkbuf_4)
    10    0.060249    0.222393    0.480804    5.635716 v fanout42/X (sky130_fd_sc_hd__clkbuf_4)
                                                         net42 (net)
                      0.222406    0.001930    5.637646 v _1728_/A (sky130_fd_sc_hd__or4b_1)
     2    0.004415    0.200439    1.292351    6.929997 v _1728_/X (sky130_fd_sc_hd__or4b_1)
                                                         _0795_ (net)
                      0.200439    0.000088    6.930085 v _1750_/B (sky130_fd_sc_hd__or4b_1)
     2    0.005352    0.209964    1.265102    8.195187 v _1750_/X (sky130_fd_sc_hd__or4b_1)
                                                         _0815_ (net)
                      0.209964    0.000073    8.195260 v _1789_/B (sky130_fd_sc_hd__or2_2)
     4    0.021495    0.199966    0.810975    9.006235 v _1789_/X (sky130_fd_sc_hd__or2_2)
                                                         _0846_ (net)
                      0.199967    0.000750    9.006985 v _2468_/B (sky130_fd_sc_hd__nor2_1)
     2    0.008932    0.296425    0.320049    9.327034 ^ _2468_/Y (sky130_fd_sc_hd__nor2_1)
                                                         _1191_ (net)
                      0.296425    0.000289    9.327322 ^ fanout14/A (sky130_fd_sc_hd__buf_4)
     5    0.037038    0.177119    0.388378    9.715700 ^ fanout14/X (sky130_fd_sc_hd__buf_4)
                                                         net14 (net)
                      0.177119    0.000372    9.716073 ^ fanout13/A (sky130_fd_sc_hd__clkbuf_4)
     9    0.044648    0.224994    0.410781   10.126853 ^ fanout13/X (sky130_fd_sc_hd__clkbuf_4)
                                                         net13 (net)
                      0.224994    0.000596   10.127449 ^ fanout12/A (sky130_fd_sc_hd__buf_4)
    10    0.046693    0.216674    0.389811   10.517261 ^ fanout12/X (sky130_fd_sc_hd__buf_4)
                                                         net12 (net)
                      0.216680    0.001460   10.518721 ^ _2636_/S (sky130_fd_sc_hd__mux2_1)
     1    0.003232    0.114439    0.759939   11.278659 v _2636_/X (sky130_fd_sc_hd__mux2_1)
                                                         _0379_ (net)
                      0.114439    0.000099   11.278758 v _3552_/D (sky130_fd_sc_hd__dfrtp_1)
                                             11.278758   data arrival time

                                 10.000000   10.000000   clock clk (rise edge)
                                  0.000000   10.000000   clock source latency
     1    0.024380    0.180517    0.123880   10.123880 ^ clk (in)
                                                         clk (net)
                      0.180520    0.000000   10.123880 ^ clkbuf_0_clk/A (sky130_fd_sc_hd__clkbuf_16)
     8    0.125857    0.212424    0.391610   10.515491 ^ clkbuf_0_clk/X (sky130_fd_sc_hd__clkbuf_16)
                                                         clknet_0_clk (net)
                      0.212525    0.004368   10.519859 ^ clkbuf_3_3__f_clk/A (sky130_fd_sc_hd__clkbuf_16)
     9    0.075753    0.142147    0.353516   10.873375 ^ clkbuf_3_3__f_clk/X (sky130_fd_sc_hd__clkbuf_16)
                                                         clknet_3_3__leaf_clk (net)
                      0.142199    0.002609   10.875985 ^ clkbuf_leaf_40_clk/A (sky130_fd_sc_hd__clkbuf_8)
     9    0.031568    0.109573    0.295108   11.171093 ^ clkbuf_leaf_40_clk/X (sky130_fd_sc_hd__clkbuf_8)
                                                         clknet_leaf_40_clk (net)
                      0.109574    0.000455   11.171548 ^ _3552_/CLK (sky130_fd_sc_hd__dfrtp_1)
                                 -0.250000   10.921548   clock uncertainty
                                  0.000000   10.921548   clock reconvergence pessimism
                                 -0.284538   10.637010   library setup time
                                             10.637010   data required time
---------------------------------------------------------------------------------------------
                                             10.637010   data required time
                                            -11.278758   data arrival time
---------------------------------------------------------------------------------------------
                                             -0.641748   slack (VIOLATED)




===========================================================================
report_checks --slack_max -0.01
============================================================================
======================= nom_ss_100C_1v60 Corner ===================================

Startpoint: _3662_ (rising edge-triggered flip-flop clocked by clk)
Endpoint: _3552_ (rising edge-triggered flip-flop clocked by clk)
Path Group: clk
Path Type: max

Fanout         Cap        Slew       Delay        Time   Description
---------------------------------------------------------------------------------------------
                                  0.000000    0.000000   clock clk (rise edge)
                                  0.000000    0.000000   clock source latency
     1    0.024380    0.180517    0.123881    0.123881 ^ clk (in)
                                                         clk (net)
                      0.180520    0.000000    0.123881 ^ clkbuf_0_clk/A (sky130_fd_sc_hd__clkbuf_16)
     8    0.125857    0.212424    0.391611    0.515491 ^ clkbuf_0_clk/X (sky130_fd_sc_hd__clkbuf_16)
                                                         clknet_0_clk (net)
                      0.212800    0.006372    0.521863 ^ clkbuf_3_5__f_clk/A (sky130_fd_sc_hd__clkbuf_16)
     9    0.077078    0.143990    0.355162    0.877025 ^ clkbuf_3_5__f_clk/X (sky130_fd_sc_hd__clkbuf_16)
                                                         clknet_3_5__leaf_clk (net)
                      0.144056    0.002849    0.879874 ^ clkbuf_leaf_19_clk/A (sky130_fd_sc_hd__clkbuf_8)
     9    0.045951    0.144138    0.322482    1.202356 ^ clkbuf_leaf_19_clk/X (sky130_fd_sc_hd__clkbuf_8)
                                                         clknet_leaf_19_clk (net)
                      0.144139    0.000761    1.203118 ^ _3662_/CLK (sky130_fd_sc_hd__dfrtp_2)
     4    0.029258    0.247212    0.880394    2.083512 ^ _3662_/Q (sky130_fd_sc_hd__dfrtp_2)
                                                         u_rx_fifo.rd_ptr[0] (net)
                      0.247216    0.001463    2.084975 ^ fanout153/A (sky130_fd_sc_hd__buf_6)
    10    0.065902    0.216379    0.367005    2.451980 ^ fanout153/X (sky130_fd_sc_hd__buf_6)
                                                         net153 (net)
                      0.216482    0.004398    2.456378 ^ _1673_/S0 (sky130_fd_sc_hd__mux4_1)
     1    0.008187    0.214798    1.362927    3.819305 v _1673_/X (sky130_fd_sc_hd__mux4_1)
                                                         _0740_ (net)
                      0.214798    0.000367    3.819672 v _1675_/A0 (sky130_fd_sc_hd__mux2_2)
     2    0.019046    0.166814    0.705283    4.524955 v _1675_/X (sky130_fd_sc_hd__mux2_2)
                                                         _0742_ (net)
                      0.166814    0.001061    4.526016 v _1677_/B1 (sky130_fd_sc_hd__a22o_2)
     5    0.050600    0.265139    0.627133    5.153149 v _1677_/X (sky130_fd_sc_hd__a22o_2)
                                                         _0744_ (net)
                      0.265147    0.001763    5.154912 v fanout42/A (sky130_fd_sc_hd__clkbuf_4)
    10    0.060249    0.222393    0.480804    5.635716 v fanout42/X (sky130_fd_sc_hd__clkbuf_4)
                                                         net42 (net)
                      0.222406    0.001930    5.637646 v _1728_/A (sky130_fd_sc_hd__or4b_1)
     2    0.004415    0.200439    1.292351    6.929997 v _1728_/X (sky130_fd_sc_hd__or4b_1)
                                                         _0795_ (net)
                      0.200439    0.000088    6.930085 v _1750_/B (sky130_fd_sc_hd__or4b_1)
     2    0.005352    0.209964    1.265102    8.195187 v _1750_/X (sky130_fd_sc_hd__or4b_1)
                                                         _0815_ (net)
                      0.209964    0.000073    8.195260 v _1789_/B (sky130_fd_sc_hd__or2_2)
     4    0.021495    0.199966    0.810975    9.006235 v _1789_/X (sky130_fd_sc_hd__or2_2)
                                                         _0846_ (net)
                      0.199967    0.000750    9.006985 v _2468_/B (sky130_fd_sc_hd__nor2_1)
     2    0.008932    0.296425    0.320049    9.327034 ^ _2468_/Y (sky130_fd_sc_hd__nor2_1)
                                                         _1191_ (net)
                      0.296425    0.000289    9.327322 ^ fanout14/A (sky130_fd_sc_hd__buf_4)
     5    0.037038    0.177119    0.388378    9.715700 ^ fanout14/X (sky130_fd_sc_hd__buf_4)
                                                         net14 (net)
                      0.177119    0.000372    9.716073 ^ fanout13/A (sky130_fd_sc_hd__clkbuf_4)
     9    0.044648    0.224994    0.410781   10.126853 ^ fanout13/X (sky130_fd_sc_hd__clkbuf_4)
                                                         net13 (net)
                      0.224994    0.000596   10.127449 ^ fanout12/A (sky130_fd_sc_hd__buf_4)
    10    0.046693    0.216674    0.389811   10.517261 ^ fanout12/X (sky130_fd_sc_hd__buf_4)
                                                         net12 (net)
                      0.216680    0.001460   10.518721 ^ _2636_/S (sky130_fd_sc_hd__mux2_1)
     1    0.003232    0.114439    0.759939   11.278659 v _2636_/X (sky130_fd_sc_hd__mux2_1)
                                                         _0379_ (net)
                      0.114439    0.000099   11.278758 v _3552_/D (sky130_fd_sc_hd__dfrtp_1)
                                             11.278758   data arrival time

                                 10.000000   10.000000   clock clk (rise edge)
                                  0.000000   10.000000   clock source latency
     1    0.024380    0.180517    0.123880   10.123880 ^ clk (in)
                                                         clk (net)
                      0.180520    0.000000   10.123880 ^ clkbuf_0_clk/A (sky130_fd_sc_hd__clkbuf_16)
     8    0.125857    0.212424    0.391610   10.515491 ^ clkbuf_0_clk/X (sky130_fd_sc_hd__clkbuf_16)
                                                         clknet_0_clk (net)
                      0.212525    0.004368   10.519859 ^ clkbuf_3_3__f_clk/A (sky130_fd_sc_hd__clkbuf_16)
     9    0.075753    0.142147    0.353516   10.873375 ^ clkbuf_3_3__f_clk/X (sky130_fd_sc_hd__clkbuf_16)
                                                         clknet_3_3__leaf_clk (net)
                      0.142199    0.002609   10.875985 ^ clkbuf_leaf_40_clk/A (sky130_fd_sc_hd__clkbuf_8)
     9    0.031568    0.109573    0.295108   11.171093 ^ clkbuf_leaf_40_clk/X (sky130_fd_sc_hd__clkbuf_8)
                                                         clknet_leaf_40_clk (net)
                      0.109574    0.000455   11.171548 ^ _3552_/CLK (sky130_fd_sc_hd__dfrtp_1)
                                 -0.250000   10.921548   clock uncertainty
                                  0.000000   10.921548   clock reconvergence pessimism
                                 -0.284538   10.637010   library setup time
                                             10.637010   data required time
---------------------------------------------------------------------------------------------
                                             10.637010   data required time
                                            -11.278758   data arrival time
---------------------------------------------------------------------------------------------
                                             -0.641748   slack (VIOLATED)




===========================================================================
 report_check_types -max_slew -max_cap -max_fanout -violators
============================================================================
======================= nom_ss_100C_1v60 Corner ===================================

max slew

Pin                                        Limit        Slew       Slack
------------------------------------------------------------------------
_2747_/Y                                0.750000    0.847438   -0.097438 (VIOLATED)
_2753_/C1                               0.750000    0.847438   -0.097438 (VIOLATED)
_2759_/A2                               0.750000    0.847438   -0.097438 (VIOLATED)
_2471_/Y                                0.750000    0.837141   -0.087141 (VIOLATED)
_2486_/A2                               0.750000    0.837141   -0.087141 (VIOLATED)
max_cap48/A                             0.750000    0.837141   -0.087141 (VIOLATED)
_2564_/Y                                0.750000    0.807669   -0.057669 (VIOLATED)
_2579_/A2                               0.750000    0.807669   -0.057669 (VIOLATED)
max_cap46/A                             0.750000    0.807669   -0.057669 (VIOLATED)
_2490_/Y                                0.750000    0.805781   -0.055781 (VIOLATED)
_2505_/A2                               0.750000    0.805781   -0.055781 (VIOLATED)
max_cap47/A                             0.750000    0.805781   -0.055781 (VIOLATED)
_2639_/Y                                0.750000    0.778868   -0.028868 (VIOLATED)
_2647_/C1                               0.750000    0.778868   -0.028868 (VIOLATED)
max_cap45/A                             0.750000    0.778868   -0.028868 (VIOLATED)
_1880_/B1                               0.750000    0.761942   -0.011942 (VIOLATED)
_1886_/B1                               0.750000    0.761941   -0.011941 (VIOLATED)
_1893_/B1                               0.750000    0.761940   -0.011940 (VIOLATED)
_1911_/B1                               0.750000    0.761939   -0.011939 (VIOLATED)
_1898_/B1                               0.750000    0.761938   -0.011939 (VIOLATED)
_1914_/B1                               0.750000    0.761938   -0.011938 (VIOLATED)
_1872_/Y                                0.750000    0.761936   -0.011936 (VIOLATED)
_1877_/A2                               0.750000    0.761936   -0.011936 (VIOLATED)
_1906_/B1                               0.750000    0.761936   -0.011936 (VIOLATED)

max fanout

Pin                                   Limit Fanout  Slack
---------------------------------------------------------
clkbuf_leaf_17_clk/X                     10     19     -9 (VIOLATED)
clkbuf_leaf_21_clk/X                     10     18     -8 (VIOLATED)
clkbuf_leaf_33_clk/X                     10     17     -7 (VIOLATED)
clkbuf_leaf_18_clk/X                     10     16     -6 (VIOLATED)
clkbuf_leaf_1_clk/X                      10     16     -6 (VIOLATED)
clkbuf_leaf_59_clk/X                     10     16     -6 (VIOLATED)
clkbuf_leaf_60_clk/X                     10     16     -6 (VIOLATED)
clkbuf_leaf_7_clk/X                      10     16     -6 (VIOLATED)
clkbuf_leaf_13_clk/X                     10     15     -5 (VIOLATED)
clkbuf_leaf_14_clk/X                     10     15     -5 (VIOLATED)
clkbuf_leaf_38_clk/X                     10     15     -5 (VIOLATED)
clkbuf_leaf_58_clk/X                     10     15     -5 (VIOLATED)
clkbuf_leaf_63_clk/X                     10     15     -5 (VIOLATED)
clkbuf_leaf_16_clk/X                     10     14     -4 (VIOLATED)
clkbuf_leaf_26_clk/X                     10     14     -4 (VIOLATED)
clkbuf_leaf_46_clk/X                     10     14     -4 (VIOLATED)
clkbuf_leaf_56_clk/X                     10     14     -4 (VIOLATED)
clkbuf_leaf_62_clk/X                     10     14     -4 (VIOLATED)
clkbuf_leaf_8_clk/X                      10     14     -4 (VIOLATED)
clkbuf_leaf_10_clk/X                     10     13     -3 (VIOLATED)
clkbuf_leaf_11_clk/X                     10     13     -3 (VIOLATED)
clkbuf_leaf_27_clk/X                     10     13     -3 (VIOLATED)
clkbuf_leaf_28_clk/X                     10     13     -3 (VIOLATED)
clkbuf_leaf_36_clk/X                     10     13     -3 (VIOLATED)
clkbuf_leaf_45_clk/X                     10     13     -3 (VIOLATED)
clkbuf_leaf_65_clk/X                     10     13     -3 (VIOLATED)
clkbuf_leaf_12_clk/X                     10     12     -2 (VIOLATED)
clkbuf_leaf_15_clk/X                     10     12     -2 (VIOLATED)
clkbuf_leaf_35_clk/X                     10     12     -2 (VIOLATED)
clkbuf_leaf_43_clk/X                     10     12     -2 (VIOLATED)
clkbuf_leaf_24_clk/X                     10     11        (VIOLATED)
clkbuf_leaf_57_clk/X                     10     11        (VIOLATED)
clkbuf_leaf_61_clk/X                     10     11        (VIOLATED)
fanout43/X                               10     11        (VIOLATED)



===========================================================================
report_parasitic_annotation -report_unannotated
============================================================================
Found 66 unannotated drivers.
 _3745__156/LO
 clkload0/X
 clkload1/Y
 clkload10/Y
 clkload11/Y
 clkload12/Y
 clkload13/Y
 clkload14/Y
 clkload15/Y
 clkload16/Y
 clkload17/Y
 clkload18/Y
 clkload19/Y
 clkload2/Y
 clkload20/Y
 clkload21/X
 clkload22/Y
 clkload23/Y
 clkload24/Y
 clkload25/Y
 clkload26/Y
 clkload27/Y
 clkload28/Y
 clkload29/Y
 clkload3/Y
 clkload30/Y
 clkload31/Y
 clkload32/Y
 clkload33/Y
 clkload34/Y
 clkload35/X
 clkload36/Y
 clkload37/Y
 clkload38/Y
 clkload39/Y
 clkload4/Y
 clkload40/Y
 clkload41/Y
 clkload42/Y
 clkload43/Y
 clkload44/Y
 clkload45/Y
 clkload46/Y
 clkload47/Y
 clkload48/Y
 clkload49/Y
 clkload5/Y
 clkload50/Y
 clkload51/Y
 clkload52/Y
 clkload53/Y
 clkload54/Y
 clkload55/Y
 clkload56/Y
 clkload57/Y
 clkload58/Y
 clkload59/Y
 clkload6/X
 clkload60/Y
 clkload61/Y
 clkload62/Y
 clkload63/Y
 clkload64/Y
 clkload7/Y
 clkload8/Y
 clkload9/X
Found 0 partially unannotated drivers.

===========================================================================
max slew violation count 24
max fanout violation count 34
max cap violation count 0
============================================================================

===========================================================================
check_setup -verbose -unconstrained_endpoints -multiple_clock -no_clock -no_input_delay -loops -generated_clocks
===========================================================================
Warning: There is 1 unconstrained endpoint.
  _3745_/D
