Clock: clk
Sources: clk 
Generated: no
Virtual: yes
Propagated: no
Period: 10.000000

===========================================================================
report_clock_properties
============================================================================
Clock                   Period          Waveform
----------------------------------------------------
clk                  10.000000    0.000000  5.000000

===========================================================================
report_clock_latency
============================================================================
Clock clk
rise -> rise
    min     max
0.000000 0.000000 source latency
0.875879         network latency _3373_/CLK
        1.227914 network latency _3308_/CLK
---------------
0.875879 1.227914 latency
        0.352035 skew

fall -> fall
    min     max
0.000000 0.000000 source latency
0.781292         network latency _3373_/CLK
        1.114735 network latency _3308_/CLK
---------------
0.781292 1.114735 latency
        0.333443 skew



===========================================================================
report_clock_min_period
============================================================================
clk period_min = 10.64 fmax = 93.97
