
===========================================================================
 report_power
============================================================================
======================= nom_ss_100C_1v60 Corner ===================================

Group                    Internal    Switching      Leakage        Total
                            Power        Power        Power        Power (Watts)
------------------------------------------------------------------------
Sequential           2.063062e-03 1.221258e-05 1.079942e-05 2.086074e-03  54.0%
Combinational        2.369821e-05 2.102357e-05 1.300480e-05 5.772658e-05   1.5%
Clock                8.507301e-04 8.707149e-04 1.405435e-06 1.722850e-03  44.6%
Macro                0.000000e+00 0.000000e+00 0.000000e+00 0.000000e+00   0.0%
Pad                  0.000000e+00 0.000000e+00 0.000000e+00 0.000000e+00   0.0%
------------------------------------------------------------------------
Total                2.937490e-03 9.039511e-04 2.520923e-05 3.866651e-03 100.0%
                            76.0%        23.4%         0.7%

