
===========================================================================
report_checks -unconstrained
===========================================================================
======================= nom_tt_025C_1v80 Corner ===================================

Startpoint: _3748_ (rising edge-triggered flip-flop clocked by clk)
Endpoint: _3481_ (recovery check against rising-edge clock clk)
Path Group: asynchronous
Path Type: max

Fanout         Cap        Slew       Delay        Time   Description
---------------------------------------------------------------------------------------------
                                  0.000000    0.000000   clock clk (rise edge)
                                  0.000000    0.000000   clock source latency
     1    0.019448    0.093245    0.064099    0.064099 ^ clk (in)
                                                         clk (net)
                      0.093252    0.000000    0.064099 ^ clkbuf_0_clk/A (sky130_fd_sc_hd__clkbuf_16)
     8    0.097741    0.113745    0.202091    0.266190 ^ clkbuf_0_clk/X (sky130_fd_sc_hd__clkbuf_16)
                                                         clknet_0_clk (net)
                      0.113762    0.001432    0.267622 ^ clkbuf_3_1__f_clk/A (sky130_fd_sc_hd__clkbuf_16)
    10    0.058422    0.076625    0.180878    0.448500 ^ clkbuf_3_1__f_clk/X (sky130_fd_sc_hd__clkbuf_16)
                                                         clknet_3_1__leaf_clk (net)
                      0.076625    0.000393    0.448894 ^ clkbuf_leaf_4_clk/A (sky130_fd_sc_hd__clkbuf_8)
     8    0.035591    0.074976    0.163184    0.612078 ^ clkbuf_leaf_4_clk/X (sky130_fd_sc_hd__clkbuf_8)
                                                         clknet_leaf_4_clk (net)
                      0.074976    0.000069    0.612147 ^ _3748_/CLK (sky130_fd_sc_hd__dfxtp_2)
     4    0.023579    0.125506    0.390257    1.002404 ^ _3748_/Q (sky130_fd_sc_hd__dfxtp_2)
                                                         rst_n (net)
                      0.125506    0.000137    1.002541 ^ fanout114/A (sky130_fd_sc_hd__buf_2)
     5    0.030074    0.150955    0.213779    1.216320 ^ fanout114/X (sky130_fd_sc_hd__buf_2)
                                                         net114 (net)
                      0.150955    0.000224    1.216545 ^ fanout113/A (sky130_fd_sc_hd__buf_2)
     6    0.030380    0.152557    0.221349    1.437893 ^ fanout113/X (sky130_fd_sc_hd__buf_2)
                                                         net113 (net)
                      0.152557    0.000044    1.437937 ^ fanout108/A (sky130_fd_sc_hd__clkbuf_2)
     5    0.023287    0.132109    0.203350    1.641288 ^ fanout108/X (sky130_fd_sc_hd__clkbuf_2)
                                                         net108 (net)
                      0.132109    0.000041    1.641329 ^ fanout107/A (sky130_fd_sc_hd__clkbuf_4)
    10    0.042254    0.134868    0.233612    1.874941 ^ fanout107/X (sky130_fd_sc_hd__clkbuf_4)
                                                         net107 (net)
                      0.134868    0.000078    1.875020 ^ fanout106/A (sky130_fd_sc_hd__clkbuf_4)
    10    0.042276    0.134850    0.234886    2.109905 ^ fanout106/X (sky130_fd_sc_hd__clkbuf_4)
                                                         net106 (net)
                      0.134850    0.000157    2.110062 ^ _3481_/RESET_B (sky130_fd_sc_hd__dfrtp_2)
                                              2.110062   data arrival time

                                 10.000000   10.000000   clock clk (rise edge)
                                  0.000000   10.000000   clock source latency
     1    0.019448    0.093245    0.064099   10.064099 ^ clk (in)
                                                         clk (net)
                      0.093252    0.000000   10.064099 ^ clkbuf_0_clk/A (sky130_fd_sc_hd__clkbuf_16)
     8    0.097741    0.113745    0.202091   10.266190 ^ clkbuf_0_clk/X (sky130_fd_sc_hd__clkbuf_16)
                                                         clknet_0_clk (net)
                      0.113753    0.001099   10.267288 ^ clkbuf_3_3__f_clk/A (sky130_fd_sc_hd__clkbuf_16)
     9    0.060929    0.078945    0.182728   10.450016 ^ clkbuf_3_3__f_clk/X (sky130_fd_sc_hd__clkbuf_16)
                                                         clknet_3_3__leaf_clk (net)
                      0.078946    0.000456   10.450472 ^ clkbuf_leaf_40_clk/A (sky130_fd_sc_hd__clkbuf_8)
     9    0.028701    0.064301    0.155628   10.606099 ^ clkbuf_leaf_40_clk/X (sky130_fd_sc_hd__clkbuf_8)
                                                         clknet_leaf_40_clk (net)
                      0.064301    0.000029   10.606129 ^ _3481_/CLK (sky130_fd_sc_hd__dfrtp_2)
                                 -0.250000   10.356129   clock uncertainty
                                  0.000000   10.356129   clock reconvergence pessimism
                                  0.198386   10.554514   library recovery time
                                             10.554514   data required time
---------------------------------------------------------------------------------------------
                                             10.554514   data required time
                                             -2.110062   data arrival time
---------------------------------------------------------------------------------------------
                                              8.444451   slack (MET)


Startpoint: _3662_ (rising edge-triggered flip-flop clocked by clk)
Endpoint: _3552_ (rising edge-triggered flip-flop clocked by clk)
Path Group: clk
Path Type: max

Fanout         Cap        Slew       Delay        Time   Description
---------------------------------------------------------------------------------------------
                                  0.000000    0.000000   clock clk (rise edge)
                                  0.000000    0.000000   clock source latency
     1    0.019448    0.093245    0.064099    0.064099 ^ clk (in)
                                                         clk (net)
                      0.093252    0.000000    0.064099 ^ clkbuf_0_clk/A (sky130_fd_sc_hd__clkbuf_16)
     8    0.097741    0.113745    0.202091    0.266190 ^ clkbuf_0_clk/X (sky130_fd_sc_hd__clkbuf_16)
                                                         clknet_0_clk (net)
                      0.113769    0.001631    0.267821 ^ clkbuf_3_5__f_clk/A (sky130_fd_sc_hd__clkbuf_16)
     9    0.059811    0.077902    0.181943    0.449764 ^ clkbuf_3_5__f_clk/X (sky130_fd_sc_hd__clkbuf_16)
                                                         clknet_3_5__leaf_clk (net)
                      0.077902    0.000144    0.449908 ^ clkbuf_leaf_19_clk/A (sky130_fd_sc_hd__clkbuf_8)
     9    0.042844    0.086354    0.172528    0.622436 ^ clkbuf_leaf_19_clk/X (sky130_fd_sc_hd__clkbuf_8)
                                                         clknet_leaf_19_clk (net)
                      0.086354    0.000096    0.622532 ^ _3662_/CLK (sky130_fd_sc_hd__dfrtp_2)
     4    0.016375    0.095069    0.403380    1.025912 ^ _3662_/Q (sky130_fd_sc_hd__dfrtp_2)
                                                         u_rx_fifo.rd_ptr[0] (net)
                      0.095069    0.000199    1.026110 ^ fanout153/A (sky130_fd_sc_hd__buf_4)
    10    0.052877    0.151009    0.209635    1.235745 ^ fanout153/X (sky130_fd_sc_hd__buf_4)
                                                         net153 (net)
                      0.151009    0.000606    1.236351 ^ _1673_/S0 (sky130_fd_sc_hd__mux4_1)
     1    0.004985    0.096497    0.582423    1.818774 v _1673_/X (sky130_fd_sc_hd__mux4_1)
                                                         _0740_ (net)
                      0.096497    0.000051    1.818825 v _1675_/A0 (sky130_fd_sc_hd__mux2_2)
     2    0.014440    0.078104    0.320675    2.139500 v _1675_/X (sky130_fd_sc_hd__mux2_2)
                                                         _0742_ (net)
                      0.078104    0.000307    2.139807 v _1677_/B1 (sky130_fd_sc_hd__a22o_2)
     5    0.029253    0.101747    0.289510    2.429317 v _1677_/X (sky130_fd_sc_hd__a22o_2)
                                                         _0744_ (net)
                      0.101747    0.000443    2.429759 v fanout42/A (sky130_fd_sc_hd__clkbuf_4)
    10    0.037177    0.084522    0.212860    2.642619 v fanout42/X (sky130_fd_sc_hd__clkbuf_4)
                                                         net42 (net)
                      0.084522    0.000128    2.642748 v _1728_/A (sky130_fd_sc_hd__or4b_1)
     2    0.004265    0.095016    0.538199    3.180947 v _1728_/X (sky130_fd_sc_hd__or4b_1)
                                                         _0795_ (net)
                      0.095016    0.000005    3.180952 v _1750_/B (sky130_fd_sc_hd__or4b_1)
     2    0.004352    0.095529    0.524829    3.705781 v _1750_/X (sky130_fd_sc_hd__or4b_1)
                                                         _0815_ (net)
                      0.095529    0.000002    3.705783 v _1789_/B (sky130_fd_sc_hd__or2_2)
     4    0.015231    0.087399    0.337308    4.043090 v _1789_/X (sky130_fd_sc_hd__or2_2)
                                                         _0846_ (net)
                      0.087399    0.000189    4.043280 v _2468_/B (sky130_fd_sc_hd__nor2_1)
     2    0.006593    0.142035    0.144196    4.187476 ^ _2468_/Y (sky130_fd_sc_hd__nor2_1)
                                                         _1191_ (net)
                      0.142035    0.000028    4.187504 ^ fanout14/A (sky130_fd_sc_hd__clkbuf_2)
     5    0.024638    0.139074    0.205340    4.392844 ^ fanout14/X (sky130_fd_sc_hd__clkbuf_2)
                                                         net14 (net)
                      0.139074    0.000014    4.392858 ^ fanout13/A (sky130_fd_sc_hd__clkbuf_4)
     9    0.037505    0.121672    0.226136    4.618994 ^ fanout13/X (sky130_fd_sc_hd__clkbuf_4)
                                                         net13 (net)
                      0.121672    0.000060    4.619054 ^ fanout12/A (sky130_fd_sc_hd__clkbuf_4)
    10    0.039424    0.126838    0.224424    4.843477 ^ fanout12/X (sky130_fd_sc_hd__clkbuf_4)
                                                         net12 (net)
                      0.126838    0.000285    4.843762 ^ _2636_/S (sky130_fd_sc_hd__mux2_1)
     1    0.002674    0.056042    0.329226    5.172988 v _2636_/X (sky130_fd_sc_hd__mux2_1)
                                                         _0379_ (net)
                      0.056042    0.000010    5.172998 v _3552_/D (sky130_fd_sc_hd__dfrtp_1)
                                              5.172998   data arrival time

                                 10.000000   10.000000   clock clk (rise edge)
                                  0.000000   10.000000   clock source latency
     1    0.019448    0.093245    0.064099   10.064099 ^ clk (in)
                                                         clk (net)
                      0.093252    0.000000   10.064099 ^ clkbuf_0_clk/A (sky130_fd_sc_hd__clkbuf_16)
     8    0.097741    0.113745    0.202091   10.266190 ^ clkbuf_0_clk/X (sky130_fd_sc_hd__clkbuf_16)
                                                         clknet_0_clk (net)
                      0.113753    0.001099   10.267288 ^ clkbuf_3_3__f_clk/A (sky130_fd_sc_hd__clkbuf_16)
     9    0.060929    0.078945    0.182728   10.450016 ^ clkbuf_3_3__f_clk/X (sky130_fd_sc_hd__clkbuf_16)
                                                         clknet_3_3__leaf_clk (net)
                      0.078946    0.000456   10.450472 ^ clkbuf_leaf_40_clk/A (sky130_fd_sc_hd__clkbuf_8)
     9    0.028701    0.064301    0.155628   10.606099 ^ clkbuf_leaf_40_clk/X (sky130_fd_sc_hd__clkbuf_8)
                                                         clknet_leaf_40_clk (net)
                      0.064301    0.000024   10.606123 ^ _3552_/CLK (sky130_fd_sc_hd__dfrtp_1)
                                 -0.250000   10.356123   clock uncertainty
                                  0.000000   10.356123   clock reconvergence pessimism
                                 -0.114669   10.241454   library setup time
                                             10.241454   data required time
---------------------------------------------------------------------------------------------
                                             10.241454   data required time
                                             -5.172998   data arrival time
---------------------------------------------------------------------------------------------
                                              5.068456   slack (MET)




===========================================================================
report_checks --slack_max -0.01
============================================================================
======================= nom_tt_025C_1v80 Corner ===================================

No paths found.


===========================================================================
 report_check_types -max_slew -max_cap -max_fanout -violators
============================================================================
======================= nom_tt_025C_1v80 Corner ===================================

max fanout

Pin                                   Limit Fanout  Slack
---------------------------------------------------------
clkbuf_leaf_17_clk/X                     10     19     -9 (VIOLATED)
clkbuf_leaf_21_clk/X                     10     18     -8 (VIOLATED)
clkbuf_leaf_33_clk/X                     10     17     -7 (VIOLATED)
clkbuf_leaf_18_clk/X                     10     16     -6 (VIOLATED)
clkbuf_leaf_1_clk/X                      10     16     -6 (VIOLATED)
clkbuf_leaf_59_clk/X                     10     16     -6 (VIOLATED)
clkbuf_leaf_60_clk/X                     10     16     -6 (VIOLATED)
clkbuf_leaf_7_clk/X                      10     16     -6 (VIOLATED)
clkbuf_leaf_13_clk/X                     10     15     -5 (VIOLATED)
clkbuf_leaf_14_clk/X                     10     15     -5 (VIOLATED)
clkbuf_leaf_38_clk/X                     10     15     -5 (VIOLATED)
clkbuf_leaf_58_clk/X                     10     15     -5 (VIOLATED)
clkbuf_leaf_63_clk/X                     10     15     -5 (VIOLATED)
clkbuf_leaf_16_clk/X                     10     14     -4 (VIOLATED)
clkbuf_leaf_26_clk/X                     10     14     -4 (VIOLATED)
clkbuf_leaf_46_clk/X                     10     14     -4 (VIOLATED)
clkbuf_leaf_56_clk/X                     10     14     -4 (VIOLATED)
clkbuf_leaf_62_clk/X                     10     14     -4 (VIOLATED)
clkbuf_leaf_8_clk/X                      10     14     -4 (VIOLATED)
clkbuf_leaf_10_clk/X                     10     13     -3 (VIOLATED)
clkbuf_leaf_11_clk/X                     10     13     -3 (VIOLATED)
clkbuf_leaf_27_clk/X                     10     13     -3 (VIOLATED)
clkbuf_leaf_28_clk/X                     10     13     -3 (VIOLATED)
clkbuf_leaf_36_clk/X                     10     13     -3 (VIOLATED)
clkbuf_leaf_45_clk/X                     10     13     -3 (VIOLATED)
clkbuf_leaf_65_clk/X                     10     13     -3 (VIOLATED)
clkbuf_leaf_12_clk/X                     10     12     -2 (VIOLATED)
clkbuf_leaf_15_clk/X                     10     12     -2 (VIOLATED)
clkbuf_leaf_35_clk/X                     10     12     -2 (VIOLATED)
clkbuf_leaf_43_clk/X                     10     12     -2 (VIOLATED)
clkbuf_leaf_24_clk/X                     10     11        (VIOLATED)
clkbuf_leaf_57_clk/X                     10     11        (VIOLATED)
clkbuf_leaf_61_clk/X                     10     11        (VIOLATED)



===========================================================================
report_parasitic_annotation -report_unannotated
============================================================================
Found 66 unannotated drivers.
 _3745__156/LO
 clkload0/X
 clkload1/Y
 clkload10/Y
 clkload11/Y
 clkload12/Y
 clkload13/Y
 clkload14/Y
 clkload15/Y
 clkload16/Y
 clkload17/Y
 clkload18/Y
 clkload19/Y
 clkload2/Y
 clkload20/Y
 clkload21/X
 clkload22/Y
 clkload23/Y
 clkload24/Y
 clkload25/Y
 clkload26/Y
 clkload27/Y
 clkload28/Y
 clkload29/Y
 clkload3/Y
 clkload30/Y
 clkload31/Y
 clkload32/Y
 clkload33/Y
 clkload34/Y
 clkload35/X
 clkload36/Y
 clkload37/Y
 clkload38/Y
 clkload39/Y
 clkload4/Y
 clkload40/Y
 clkload41/Y
 clkload42/Y
 clkload43/Y
 clkload44/Y
 clkload45/Y
 clkload46/Y
 clkload47/Y
 clkload48/Y
 clkload49/Y
 clkload5/Y
 clkload50/Y
 clkload51/Y
 clkload52/Y
 clkload53/Y
 clkload54/Y
 clkload55/Y
 clkload56/Y
 clkload57/Y
 clkload58/Y
 clkload59/Y
 clkload6/X
 clkload60/Y
 clkload61/Y
 clkload62/Y
 clkload63/Y
 clkload64/Y
 clkload7/Y
 clkload8/Y
 clkload9/X
Found 0 partially unannotated drivers.

===========================================================================
max slew violation count 0
Writing metric design__max_slew_violation__count__corner:nom_tt_025C_1v80: 0
max fanout violation count 33
Writing metric design__max_fanout_violation__count__corner:nom_tt_025C_1v80: 33
max cap violation count 0
Writing metric design__max_cap_violation__count__corner:nom_tt_025C_1v80: 0
============================================================================

===========================================================================
check_setup -verbose -unconstrained_endpoints -multiple_clock -no_clock -no_input_delay -loops -generated_clocks
===========================================================================
Warning: There is 1 unconstrained endpoint.
  _3745_/D
