Clock: clk
Sources: clk 
Generated: no
Virtual: yes
Propagated: no
Period: 10.000000

===========================================================================
report_clock_properties
============================================================================
Clock                   Period          Waveform
----------------------------------------------------
clk                  10.000000    0.000000  5.000000

===========================================================================
report_clock_latency
============================================================================
Clock clk
rise -> rise
    min     max
0.000000 0.000000 source latency
0.448947         network latency _3373_/CLK
        0.625307 network latency _3433_/CLK
---------------
0.448947 0.625307 latency
        0.176360 skew

fall -> fall
    min     max
0.000000 0.000000 source latency
0.399210         network latency _3373_/CLK
        0.569612 network latency _3433_/CLK
---------------
0.399210 0.569612 latency
        0.170401 skew



===========================================================================
report_clock_min_period
============================================================================
clk period_min = 4.93 fmax = 202.78
