
===========================================================================
 report_power
============================================================================
======================= nom_tt_025C_1v80 Corner ===================================

Group                    Internal    Switching      Leakage        Total
                            Power        Power        Power        Power (Watts)
------------------------------------------------------------------------
Sequential           2.684925e-03 1.396403e-05 7.511908e-09 2.698896e-03  57.0%
Combinational        2.250237e-05 2.040225e-05 8.699540e-09 4.291332e-05   0.9%
Clock                1.033470e-03 9.573569e-04 1.521246e-09 1.990828e-03  42.1%
Macro                0.000000e+00 0.000000e+00 0.000000e+00 0.000000e+00   0.0%
Pad                  0.000000e+00 0.000000e+00 0.000000e+00 0.000000e+00   0.0%
------------------------------------------------------------------------
Total                3.740896e-03 9.917233e-04 1.773289e-08 4.732637e-03 100.0%
                            79.0%        21.0%         0.0%
Writing metric power__internal__total: 0.0037408957723528147
Writing metric power__switching__total: 0.0009917232673615217
Writing metric power__leakage__total: 1.7732892487742902e-8
Writing metric power__total: 0.004732636734843254

