
===========================================================================
report_checks -unconstrained
===========================================================================
======================= nom_tt_025C_1v80 Corner ===================================

Startpoint: _3748_ (rising edge-triggered flip-flop clocked by clk)
Endpoint: _3481_ (recovery check against rising-edge clock clk)
Path Group: asynchronous
Path Type: max

Fanout         Cap        Slew       Delay        Time   Description
---------------------------------------------------------------------------------------------
                                  0.000000    0.000000   clock clk (rise edge)
                                  0.000000    0.000000   clock source latency
     1    0.019448    0.093245    0.064099    0.064099 ^ clk (in)
                                                         clk (net)
                      0.093252    0.000000    0.064099 ^ clkbuf_0_clk/A (sky130_fd_sc_hd__clkbuf_16)
     8    0.097741    0.113745    0.202091    0.266190 ^ clkbuf_0_clk/X (sky130_fd_sc_hd__clkbuf_16)
                                                         clknet_0_clk (net)
                      0.113762    0.001432    0.267622 ^ clkbuf_3_1__f_clk/A (sky130_fd_sc_hd__clkbuf_16)
    10    0.058422    0.076625    0.180878    0.448500 ^ clkbuf_3_1__f_clk/X (sky130_fd_sc_hd__clkbuf_16)
                                                         clknet_3_1__leaf_clk (net)
                      0.076625    0.000393    0.448894 ^ clkbuf_leaf_4_clk/A (sky130_fd_sc_hd__clkbuf_8)
     8    0.035591    0.074976    0.163184    0.612078 ^ clkbuf_leaf_4_clk/X (sky130_fd_sc_hd__clkbuf_8)
                                                         clknet_leaf_4_clk (net)
                      0.074976    0.000069    0.612147 ^ _3748_/CLK (sky130_fd_sc_hd__dfxtp_2)
     1    0.002567    0.029001    0.313620    0.925767 ^ _3748_/Q (sky130_fd_sc_hd__dfxtp_2)
                                                         rst_n (net)
                      0.029001    0.000010    0.925777 ^ hold1/A (sky130_fd_sc_hd__dlygate4sd3_1)
     4    0.023152    0.236194    0.675234    1.601011 ^ hold1/X (sky130_fd_sc_hd__dlygate4sd3_1)
                                                         net157 (net)
                      0.236194    0.000034    1.601045 ^ fanout114/A (sky130_fd_sc_hd__buf_2)
     5    0.030221    0.152023    0.244218    1.845263 ^ fanout114/X (sky130_fd_sc_hd__buf_2)
                                                         net114 (net)
                      0.152023    0.000211    1.845473 ^ fanout113/A (sky130_fd_sc_hd__buf_2)
     6    0.030039    0.150967    0.220525    2.065998 ^ fanout113/X (sky130_fd_sc_hd__buf_2)
                                                         net113 (net)
                      0.150967    0.000039    2.066037 ^ fanout108/A (sky130_fd_sc_hd__clkbuf_2)
     5    0.023747    0.134482    0.204618    2.270654 ^ fanout108/X (sky130_fd_sc_hd__clkbuf_2)
                                                         net108 (net)
                      0.134482    0.000011    2.270665 ^ fanout107/A (sky130_fd_sc_hd__clkbuf_4)
    10    0.042438    0.135405    0.234772    2.505438 ^ fanout107/X (sky130_fd_sc_hd__clkbuf_4)
                                                         net107 (net)
                      0.135405    0.000157    2.505595 ^ fanout106/A (sky130_fd_sc_hd__clkbuf_4)
    10    0.043412    0.138052    0.237332    2.742927 ^ fanout106/X (sky130_fd_sc_hd__clkbuf_4)
                                                         net106 (net)
                      0.138052    0.000382    2.743309 ^ _3481_/RESET_B (sky130_fd_sc_hd__dfrtp_2)
                                              2.743309   data arrival time

                                 10.000000   10.000000   clock clk (rise edge)
                                  0.000000   10.000000   clock source latency
     1    0.019448    0.093245    0.064099   10.064099 ^ clk (in)
                                                         clk (net)
                      0.093252    0.000000   10.064099 ^ clkbuf_0_clk/A (sky130_fd_sc_hd__clkbuf_16)
     8    0.097741    0.113745    0.202091   10.266190 ^ clkbuf_0_clk/X (sky130_fd_sc_hd__clkbuf_16)
                                                         clknet_0_clk (net)
                      0.113753    0.001099   10.267288 ^ clkbuf_3_3__f_clk/A (sky130_fd_sc_hd__clkbuf_16)
     9    0.060929    0.078945    0.182728   10.450016 ^ clkbuf_3_3__f_clk/X (sky130_fd_sc_hd__clkbuf_16)
                                                         clknet_3_3__leaf_clk (net)
                      0.078946    0.000456   10.450472 ^ clkbuf_leaf_40_clk/A (sky130_fd_sc_hd__clkbuf_8)
     9    0.028701    0.064301    0.155628   10.606099 ^ clkbuf_leaf_40_clk/X (sky130_fd_sc_hd__clkbuf_8)
                                                         clknet_leaf_40_clk (net)
                      0.064301    0.000029   10.606129 ^ _3481_/CLK (sky130_fd_sc_hd__dfrtp_2)
                                 -0.250000   10.356129   clock uncertainty
                                  0.000000   10.356129   clock reconvergence pessimism
                                  0.197433   10.553562   library recovery time
                                             10.553562   data required time
---------------------------------------------------------------------------------------------
                                             10.553562   data required time
                                             -2.743309   data arrival time
---------------------------------------------------------------------------------------------
                                              7.810253   slack (MET)


Startpoint: _3662_ (rising edge-triggered flip-flop clocked by clk)
Endpoint: _3552_ (rising edge-triggered flip-flop clocked by clk)
Path Group: clk
Path Type: max

Fanout         Cap        Slew       Delay        Time   Description
---------------------------------------------------------------------------------------------
                                  0.000000    0.000000   clock clk (rise edge)
                                  0.000000    0.000000   clock source latency
     1    0.019448    0.093245    0.064099    0.064099 ^ clk (in)
                                                         clk (net)
                      0.093252    0.000000    0.064099 ^ clkbuf_0_clk/A (sky130_fd_sc_hd__clkbuf_16)
     8    0.097741    0.113745    0.202091    0.266190 ^ clkbuf_0_clk/X (sky130_fd_sc_hd__clkbuf_16)
                                                         clknet_0_clk (net)
                      0.113769    0.001631    0.267821 ^ clkbuf_3_5__f_clk/A (sky130_fd_sc_hd__clkbuf_16)
     9    0.059811    0.077902    0.181943    0.449764 ^ clkbuf_3_5__f_clk/X (sky130_fd_sc_hd__clkbuf_16)
                                                         clknet_3_5__leaf_clk (net)
                      0.077902    0.000144    0.449908 ^ clkbuf_leaf_19_clk/A (sky130_fd_sc_hd__clkbuf_8)
     9    0.042844    0.086354    0.172528    0.622436 ^ clkbuf_leaf_19_clk/X (sky130_fd_sc_hd__clkbuf_8)
                                                         clknet_leaf_19_clk (net)
                      0.086354    0.000096    0.622532 ^ _3662_/CLK (sky130_fd_sc_hd__dfrtp_2)
     4    0.021084    0.115475    0.419503    1.042035 ^ _3662_/Q (sky130_fd_sc_hd__dfrtp_2)
                                                         u_rx_fifo.rd_ptr[0] (net)
                      0.115475    0.000030    1.042065 ^ fanout154/A (sky130_fd_sc_hd__clkbuf_4)
     8    0.037381    0.121144    0.217805    1.259869 ^ fanout154/X (sky130_fd_sc_hd__clkbuf_4)
                                                         net154 (net)
                      0.121144    0.000278    1.260147 ^ _1674_/S0 (sky130_fd_sc_hd__mux4_1)
     1    0.002589    0.084974    0.551655    1.811802 v _1674_/X (sky130_fd_sc_hd__mux4_1)
                                                         _0741_ (net)
                      0.084974    0.000010    1.811812 v _1675_/A1 (sky130_fd_sc_hd__mux2_2)
     2    0.014340    0.077947    0.319337    2.131148 v _1675_/X (sky130_fd_sc_hd__mux2_2)
                                                         _0742_ (net)
                      0.077947    0.000304    2.131453 v _1677_/B1 (sky130_fd_sc_hd__a22o_2)
     5    0.029253    0.101745    0.289452    2.420905 v _1677_/X (sky130_fd_sc_hd__a22o_2)
                                                         _0744_ (net)
                      0.101746    0.000443    2.421347 v fanout42/A (sky130_fd_sc_hd__clkbuf_4)
    10    0.037177    0.084522    0.212860    2.634207 v fanout42/X (sky130_fd_sc_hd__clkbuf_4)
                                                         net42 (net)
                      0.084522    0.000128    2.634335 v _1728_/A (sky130_fd_sc_hd__or4b_1)
     2    0.004265    0.095016    0.538199    3.172534 v _1728_/X (sky130_fd_sc_hd__or4b_1)
                                                         _0795_ (net)
                      0.095016    0.000005    3.172539 v _1750_/B (sky130_fd_sc_hd__or4b_1)
     2    0.004352    0.095529    0.524829    3.697368 v _1750_/X (sky130_fd_sc_hd__or4b_1)
                                                         _0815_ (net)
                      0.095529    0.000002    3.697370 v _1789_/B (sky130_fd_sc_hd__or2_2)
     4    0.015231    0.087399    0.337307    4.034677 v _1789_/X (sky130_fd_sc_hd__or2_2)
                                                         _0846_ (net)
                      0.087399    0.000189    4.034866 v _2468_/B (sky130_fd_sc_hd__nor2_1)
     2    0.006806    0.145586    0.146823    4.181690 ^ _2468_/Y (sky130_fd_sc_hd__nor2_1)
                                                         _1191_ (net)
                      0.145586    0.000030    4.181719 ^ fanout14/A (sky130_fd_sc_hd__buf_4)
     5    0.024609    0.077903    0.172117    4.353837 ^ fanout14/X (sky130_fd_sc_hd__buf_4)
                                                         net14 (net)
                      0.077903    0.000018    4.353855 ^ fanout13/A (sky130_fd_sc_hd__clkbuf_4)
     9    0.037801    0.122288    0.204348    4.558202 ^ fanout13/X (sky130_fd_sc_hd__clkbuf_4)
                                                         net13 (net)
                      0.122288    0.000053    4.558256 ^ fanout12/A (sky130_fd_sc_hd__buf_4)
    10    0.039410    0.115835    0.194166    4.752422 ^ fanout12/X (sky130_fd_sc_hd__buf_4)
                                                         net12 (net)
                      0.115835    0.000285    4.752707 ^ _2636_/S (sky130_fd_sc_hd__mux2_1)
     1    0.002674    0.056025    0.326855    5.079563 v _2636_/X (sky130_fd_sc_hd__mux2_1)
                                                         _0379_ (net)
                      0.056025    0.000010    5.079573 v _3552_/D (sky130_fd_sc_hd__dfrtp_1)
                                              5.079573   data arrival time

                                 10.000000   10.000000   clock clk (rise edge)
                                  0.000000   10.000000   clock source latency
     1    0.019448    0.093245    0.064099   10.064099 ^ clk (in)
                                                         clk (net)
                      0.093252    0.000000   10.064099 ^ clkbuf_0_clk/A (sky130_fd_sc_hd__clkbuf_16)
     8    0.097741    0.113745    0.202091   10.266190 ^ clkbuf_0_clk/X (sky130_fd_sc_hd__clkbuf_16)
                                                         clknet_0_clk (net)
                      0.113753    0.001099   10.267288 ^ clkbuf_3_3__f_clk/A (sky130_fd_sc_hd__clkbuf_16)
     9    0.060929    0.078945    0.182728   10.450016 ^ clkbuf_3_3__f_clk/X (sky130_fd_sc_hd__clkbuf_16)
                                                         clknet_3_3__leaf_clk (net)
                      0.078946    0.000456   10.450472 ^ clkbuf_leaf_40_clk/A (sky130_fd_sc_hd__clkbuf_8)
     9    0.028701    0.064301    0.155628   10.606099 ^ clkbuf_leaf_40_clk/X (sky130_fd_sc_hd__clkbuf_8)
                                                         clknet_leaf_40_clk (net)
                      0.064301    0.000024   10.606123 ^ _3552_/CLK (sky130_fd_sc_hd__dfrtp_1)
                                 -0.250000   10.356123   clock uncertainty
                                  0.000000   10.356123   clock reconvergence pessimism
                                 -0.114662   10.241462   library setup time
                                             10.241462   data required time
---------------------------------------------------------------------------------------------
                                             10.241462   data required time
                                             -5.079573   data arrival time
---------------------------------------------------------------------------------------------
                                              5.161889   slack (MET)




===========================================================================
report_checks --slack_max -0.01
============================================================================
======================= nom_tt_025C_1v80 Corner ===================================

No paths found.


===========================================================================
 report_check_types -max_slew -max_cap -max_fanout -violators
============================================================================
======================= nom_tt_025C_1v80 Corner ===================================

max fanout

Pin                                   Limit Fanout  Slack
---------------------------------------------------------
clkbuf_leaf_17_clk/X                     10     19     -9 (VIOLATED)
clkbuf_leaf_21_clk/X                     10     18     -8 (VIOLATED)
clkbuf_leaf_33_clk/X                     10     17     -7 (VIOLATED)
clkbuf_leaf_18_clk/X                     10     16     -6 (VIOLATED)
clkbuf_leaf_1_clk/X                      10     16     -6 (VIOLATED)
clkbuf_leaf_59_clk/X                     10     16     -6 (VIOLATED)
clkbuf_leaf_60_clk/X                     10     16     -6 (VIOLATED)
clkbuf_leaf_7_clk/X                      10     16     -6 (VIOLATED)
clkbuf_leaf_13_clk/X                     10     15     -5 (VIOLATED)
clkbuf_leaf_14_clk/X                     10     15     -5 (VIOLATED)
clkbuf_leaf_38_clk/X                     10     15     -5 (VIOLATED)
clkbuf_leaf_58_clk/X                     10     15     -5 (VIOLATED)
clkbuf_leaf_63_clk/X                     10     15     -5 (VIOLATED)
clkbuf_leaf_16_clk/X                     10     14     -4 (VIOLATED)
clkbuf_leaf_26_clk/X                     10     14     -4 (VIOLATED)
clkbuf_leaf_46_clk/X                     10     14     -4 (VIOLATED)
clkbuf_leaf_56_clk/X                     10     14     -4 (VIOLATED)
clkbuf_leaf_62_clk/X                     10     14     -4 (VIOLATED)
clkbuf_leaf_8_clk/X                      10     14     -4 (VIOLATED)
clkbuf_leaf_10_clk/X                     10     13     -3 (VIOLATED)
clkbuf_leaf_11_clk/X                     10     13     -3 (VIOLATED)
clkbuf_leaf_27_clk/X                     10     13     -3 (VIOLATED)
clkbuf_leaf_28_clk/X                     10     13     -3 (VIOLATED)
clkbuf_leaf_36_clk/X                     10     13     -3 (VIOLATED)
clkbuf_leaf_45_clk/X                     10     13     -3 (VIOLATED)
clkbuf_leaf_65_clk/X                     10     13     -3 (VIOLATED)
clkbuf_leaf_12_clk/X                     10     12     -2 (VIOLATED)
clkbuf_leaf_15_clk/X                     10     12     -2 (VIOLATED)
clkbuf_leaf_35_clk/X                     10     12     -2 (VIOLATED)
clkbuf_leaf_43_clk/X                     10     12     -2 (VIOLATED)
clkbuf_leaf_24_clk/X                     10     11        (VIOLATED)
clkbuf_leaf_57_clk/X                     10     11        (VIOLATED)
clkbuf_leaf_61_clk/X                     10     11        (VIOLATED)



===========================================================================
report_parasitic_annotation -report_unannotated
============================================================================
Found 66 unannotated drivers.
 _3745__156/LO
 clkload0/X
 clkload1/Y
 clkload10/Y
 clkload11/Y
 clkload12/Y
 clkload13/Y
 clkload14/Y
 clkload15/Y
 clkload16/Y
 clkload17/Y
 clkload18/Y
 clkload19/Y
 clkload2/Y
 clkload20/Y
 clkload21/X
 clkload22/Y
 clkload23/Y
 clkload24/Y
 clkload25/Y
 clkload26/Y
 clkload27/Y
 clkload28/Y
 clkload29/Y
 clkload3/Y
 clkload30/Y
 clkload31/Y
 clkload32/Y
 clkload33/Y
 clkload34/Y
 clkload35/X
 clkload36/Y
 clkload37/Y
 clkload38/Y
 clkload39/Y
 clkload4/Y
 clkload40/Y
 clkload41/Y
 clkload42/Y
 clkload43/Y
 clkload44/Y
 clkload45/Y
 clkload46/Y
 clkload47/Y
 clkload48/Y
 clkload49/Y
 clkload5/Y
 clkload50/Y
 clkload51/Y
 clkload52/Y
 clkload53/Y
 clkload54/Y
 clkload55/Y
 clkload56/Y
 clkload57/Y
 clkload58/Y
 clkload59/Y
 clkload6/X
 clkload60/Y
 clkload61/Y
 clkload62/Y
 clkload63/Y
 clkload64/Y
 clkload7/Y
 clkload8/Y
 clkload9/X
Found 0 partially unannotated drivers.

===========================================================================
max slew violation count 0
Writing metric design__max_slew_violation__count__corner:nom_tt_025C_1v80: 0
max fanout violation count 33
Writing metric design__max_fanout_violation__count__corner:nom_tt_025C_1v80: 33
max cap violation count 0
Writing metric design__max_cap_violation__count__corner:nom_tt_025C_1v80: 0
============================================================================

===========================================================================
check_setup -verbose -unconstrained_endpoints -multiple_clock -no_clock -no_input_delay -loops -generated_clocks
===========================================================================
Warning: There is 1 unconstrained endpoint.
  _3745_/D
