
===========================================================================
report_checks -unconstrained
===========================================================================
======================= max_tt_025C_1v80 Corner ===================================

Startpoint: _3748_ (rising edge-triggered flip-flop clocked by clk)
Endpoint: _3622_ (recovery check against rising-edge clock clk)
Path Group: asynchronous
Path Type: max

Fanout         Cap        Slew       Delay        Time   Description
---------------------------------------------------------------------------------------------
                                  0.000000    0.000000   clock clk (rise edge)
                                  0.000000    0.000000   clock source latency
     1    0.025328    0.119493    0.082695    0.082695 ^ clk (in)
                                                         clk (net)
                      0.119507    0.000000    0.082695 ^ clkbuf_0_clk/A (sky130_fd_sc_hd__clkbuf_16)
     8    0.132469    0.145420    0.231382    0.314077 ^ clkbuf_0_clk/X (sky130_fd_sc_hd__clkbuf_16)
                                                         clknet_0_clk (net)
                      0.146466    0.009866    0.323942 ^ clkbuf_3_1__f_clk/A (sky130_fd_sc_hd__clkbuf_16)
    10    0.077888    0.095612    0.203017    0.526960 ^ clkbuf_3_1__f_clk/X (sky130_fd_sc_hd__clkbuf_16)
                                                         clknet_3_1__leaf_clk (net)
                      0.096255    0.005904    0.532863 ^ clkbuf_leaf_4_clk/A (sky130_fd_sc_hd__clkbuf_8)
     8    0.039414    0.080933    0.173929    0.706792 ^ clkbuf_leaf_4_clk/X (sky130_fd_sc_hd__clkbuf_8)
                                                         clknet_leaf_4_clk (net)
                      0.080981    0.001838    0.708631 ^ _3748_/CLK (sky130_fd_sc_hd__dfxtp_2)
     1    0.002804    0.029760    0.316856    1.025486 ^ _3748_/Q (sky130_fd_sc_hd__dfxtp_2)
                                                         rst_n (net)
                      0.029760    0.000195    1.025681 ^ hold1/A (sky130_fd_sc_hd__dlygate4sd3_1)
     4    0.040345    0.398807    0.787218    1.812899 ^ hold1/X (sky130_fd_sc_hd__dlygate4sd3_1)
                                                         net157 (net)
                      0.398807    0.001017    1.813916 ^ fanout114/A (sky130_fd_sc_hd__buf_2)
     5    0.050726    0.248586    0.341092    2.155008 ^ fanout114/X (sky130_fd_sc_hd__buf_2)
                                                         net114 (net)
                      0.248691    0.001921    2.156929 ^ fanout113/A (sky130_fd_sc_hd__buf_2)
     6    0.049881    0.244831    0.307435    2.464364 ^ fanout113/X (sky130_fd_sc_hd__buf_2)
                                                         net113 (net)
                      0.244841    0.001376    2.465740 ^ fanout108/A (sky130_fd_sc_hd__clkbuf_2)
     5    0.034000    0.187394    0.264110    2.729850 ^ fanout108/X (sky130_fd_sc_hd__clkbuf_2)
                                                         net108 (net)
                      0.187402    0.001000    2.730850 ^ fanout107/A (sky130_fd_sc_hd__clkbuf_4)
    10    0.051476    0.160225    0.267395    2.998245 ^ fanout107/X (sky130_fd_sc_hd__clkbuf_4)
                                                         net107 (net)
                      0.160321    0.003274    3.001519 ^ fanout106/A (sky130_fd_sc_hd__clkbuf_4)
    10    0.048596    0.152500    0.254158    3.255678 ^ fanout106/X (sky130_fd_sc_hd__clkbuf_4)
                                                         net106 (net)
                      0.152716    0.004062    3.259740 ^ _3622_/RESET_B (sky130_fd_sc_hd__dfrtp_2)
                                              3.259740   data arrival time

                                 10.000000   10.000000   clock clk (rise edge)
                                  0.000000   10.000000   clock source latency
     1    0.025328    0.119493    0.082695   10.082695 ^ clk (in)
                                                         clk (net)
                      0.119507    0.000000   10.082695 ^ clkbuf_0_clk/A (sky130_fd_sc_hd__clkbuf_16)
     8    0.132469    0.145420    0.231382   10.314077 ^ clkbuf_0_clk/X (sky130_fd_sc_hd__clkbuf_16)
                                                         clknet_0_clk (net)
                      0.146005    0.007445   10.321522 ^ clkbuf_3_3__f_clk/A (sky130_fd_sc_hd__clkbuf_16)
     9    0.079340    0.097092    0.203407   10.524929 ^ clkbuf_3_3__f_clk/X (sky130_fd_sc_hd__clkbuf_16)
                                                         clknet_3_3__leaf_clk (net)
                      0.097629    0.005785   10.530713 ^ clkbuf_leaf_40_clk/A (sky130_fd_sc_hd__clkbuf_8)
     9    0.033472    0.071653    0.167826   10.698539 ^ clkbuf_leaf_40_clk/X (sky130_fd_sc_hd__clkbuf_8)
                                                         clknet_leaf_40_clk (net)
                      0.071662    0.000853   10.699392 ^ _3622_/CLK (sky130_fd_sc_hd__dfrtp_2)
                                 -0.250000   10.449392   clock uncertainty
                                  0.000000   10.449392   clock reconvergence pessimism
                                  0.195371   10.644764   library recovery time
                                             10.644764   data required time
---------------------------------------------------------------------------------------------
                                             10.644764   data required time
                                             -3.259740   data arrival time
---------------------------------------------------------------------------------------------
                                              7.385024   slack (MET)


Startpoint: _3662_ (rising edge-triggered flip-flop clocked by clk)
Endpoint: _3552_ (rising edge-triggered flip-flop clocked by clk)
Path Group: clk
Path Type: max

Fanout         Cap        Slew       Delay        Time   Description
---------------------------------------------------------------------------------------------
                                  0.000000    0.000000   clock clk (rise edge)
                                  0.000000    0.000000   clock source latency
     1    0.025328    0.119493    0.082695    0.082695 ^ clk (in)
                                                         clk (net)
                      0.119507    0.000000    0.082695 ^ clkbuf_0_clk/A (sky130_fd_sc_hd__clkbuf_16)
     8    0.132469    0.145420    0.231382    0.314077 ^ clkbuf_0_clk/X (sky130_fd_sc_hd__clkbuf_16)
                                                         clknet_0_clk (net)
                      0.146535    0.010175    0.324252 ^ clkbuf_3_5__f_clk/A (sky130_fd_sc_hd__clkbuf_16)
     9    0.080408    0.098118    0.204400    0.528652 ^ clkbuf_3_5__f_clk/X (sky130_fd_sc_hd__clkbuf_16)
                                                         clknet_3_5__leaf_clk (net)
                      0.098805    0.006555    0.535207 ^ clkbuf_leaf_19_clk/A (sky130_fd_sc_hd__clkbuf_8)
     9    0.047942    0.094389    0.185321    0.720528 ^ clkbuf_leaf_19_clk/X (sky130_fd_sc_hd__clkbuf_8)
                                                         clknet_leaf_19_clk (net)
                      0.094426    0.001784    0.722312 ^ _3662_/CLK (sky130_fd_sc_hd__dfrtp_2)
     4    0.030578    0.157571    0.453834    1.176147 ^ _3662_/Q (sky130_fd_sc_hd__dfrtp_2)
                                                         u_rx_fifo.rd_ptr[0] (net)
                      0.157613    0.002496    1.178643 ^ fanout153/A (sky130_fd_sc_hd__buf_6)
    10    0.070631    0.144682    0.203325    1.381968 ^ fanout153/X (sky130_fd_sc_hd__buf_6)
                                                         net153 (net)
                      0.145491    0.008769    1.390737 ^ _1673_/S0 (sky130_fd_sc_hd__mux4_1)
     1    0.008664    0.117350    0.613943    2.004680 v _1673_/X (sky130_fd_sc_hd__mux4_1)
                                                         _0740_ (net)
                      0.117350    0.000715    2.005395 v _1675_/A0 (sky130_fd_sc_hd__mux2_2)
     2    0.020068    0.091040    0.342816    2.348211 v _1675_/X (sky130_fd_sc_hd__mux2_2)
                                                         _0742_ (net)
                      0.091086    0.001912    2.350123 v _1677_/B1 (sky130_fd_sc_hd__a22o_2)
     5    0.053999    0.151066    0.338050    2.688173 v _1677_/X (sky130_fd_sc_hd__a22o_2)
                                                         _0744_ (net)
                      0.151364    0.004347    2.692520 v fanout42/A (sky130_fd_sc_hd__clkbuf_4)
    10    0.064516    0.132373    0.270421    2.962941 v fanout42/X (sky130_fd_sc_hd__clkbuf_4)
                                                         net42 (net)
                      0.132656    0.004406    2.967347 v _1728_/A (sky130_fd_sc_hd__or4b_1)
     2    0.004503    0.093630    0.555662    3.523008 v _1728_/X (sky130_fd_sc_hd__or4b_1)
                                                         _0795_ (net)
                      0.093630    0.000240    3.523248 v _1750_/B (sky130_fd_sc_hd__or4b_1)
     2    0.005587    0.099773    0.535631    4.058879 v _1750_/X (sky130_fd_sc_hd__or4b_1)
                                                         _0815_ (net)
                      0.099773    0.000179    4.059058 v _1789_/B (sky130_fd_sc_hd__or2_2)
     4    0.022435    0.104089    0.358353    4.417411 v _1789_/X (sky130_fd_sc_hd__or2_2)
                                                         _0846_ (net)
                      0.104110    0.001472    4.418883 v _2468_/B (sky130_fd_sc_hd__nor2_1)
     2    0.009411    0.184591    0.184809    4.603692 ^ _2468_/Y (sky130_fd_sc_hd__nor2_1)
                                                         _1191_ (net)
                      0.184595    0.000666    4.604358 ^ fanout14/A (sky130_fd_sc_hd__buf_4)
     5    0.039907    0.118178    0.208761    4.813119 ^ fanout14/X (sky130_fd_sc_hd__buf_4)
                                                         net14 (net)
                      0.118190    0.000981    4.814100 ^ fanout13/A (sky130_fd_sc_hd__clkbuf_4)
     9    0.047135    0.148231    0.236590    5.050690 ^ fanout13/X (sky130_fd_sc_hd__clkbuf_4)
                                                         net13 (net)
                      0.148311    0.001334    5.052024 ^ fanout12/A (sky130_fd_sc_hd__buf_4)
    10    0.049625    0.142378    0.218746    5.270770 ^ fanout12/X (sky130_fd_sc_hd__buf_4)
                                                         net12 (net)
                      0.142543    0.003352    5.274122 ^ _2636_/S (sky130_fd_sc_hd__mux2_1)
     1    0.003547    0.059783    0.339555    5.613677 v _2636_/X (sky130_fd_sc_hd__mux2_1)
                                                         _0379_ (net)
                      0.059783    0.000216    5.613894 v _3552_/D (sky130_fd_sc_hd__dfrtp_1)
                                              5.613894   data arrival time

                                 10.000000   10.000000   clock clk (rise edge)
                                  0.000000   10.000000   clock source latency
     1    0.025328    0.119493    0.082695   10.082695 ^ clk (in)
                                                         clk (net)
                      0.119507    0.000000   10.082695 ^ clkbuf_0_clk/A (sky130_fd_sc_hd__clkbuf_16)
     8    0.132469    0.145420    0.231382   10.314077 ^ clkbuf_0_clk/X (sky130_fd_sc_hd__clkbuf_16)
                                                         clknet_0_clk (net)
                      0.146005    0.007445   10.321522 ^ clkbuf_3_3__f_clk/A (sky130_fd_sc_hd__clkbuf_16)
     9    0.079340    0.097092    0.203407   10.524929 ^ clkbuf_3_3__f_clk/X (sky130_fd_sc_hd__clkbuf_16)
                                                         clknet_3_3__leaf_clk (net)
                      0.097629    0.005785   10.530713 ^ clkbuf_leaf_40_clk/A (sky130_fd_sc_hd__clkbuf_8)
     9    0.033472    0.071653    0.167826   10.698539 ^ clkbuf_leaf_40_clk/X (sky130_fd_sc_hd__clkbuf_8)
                                                         clknet_leaf_40_clk (net)
                      0.071673    0.001140   10.699678 ^ _3552_/CLK (sky130_fd_sc_hd__dfrtp_1)
                                 -0.250000   10.449678   clock uncertainty
                                  0.000000   10.449678   clock reconvergence pessimism
                                 -0.114610   10.335068   library setup time
                                             10.335068   data required time
---------------------------------------------------------------------------------------------
                                             10.335068   data required time
                                             -5.613894   data arrival time
---------------------------------------------------------------------------------------------
                                              4.721175   slack (MET)




===========================================================================
report_checks --slack_max -0.01
============================================================================
======================= max_tt_025C_1v80 Corner ===================================

No paths found.


===========================================================================
 report_check_types -max_slew -max_cap -max_fanout -violators
============================================================================
======================= max_tt_025C_1v80 Corner ===================================

max fanout

Pin                                   Limit Fanout  Slack
---------------------------------------------------------
clkbuf_leaf_17_clk/X                     10     19     -9 (VIOLATED)
clkbuf_leaf_21_clk/X                     10     18     -8 (VIOLATED)
clkbuf_leaf_33_clk/X                     10     17     -7 (VIOLATED)
clkbuf_leaf_18_clk/X                     10     16     -6 (VIOLATED)
clkbuf_leaf_1_clk/X                      10     16     -6 (VIOLATED)
clkbuf_leaf_59_clk/X                     10     16     -6 (VIOLATED)
clkbuf_leaf_60_clk/X                     10     16     -6 (VIOLATED)
clkbuf_leaf_7_clk/X                      10     16     -6 (VIOLATED)
clkbuf_leaf_13_clk/X                     10     15     -5 (VIOLATED)
clkbuf_leaf_14_clk/X                     10     15     -5 (VIOLATED)
clkbuf_leaf_38_clk/X                     10     15     -5 (VIOLATED)
clkbuf_leaf_58_clk/X                     10     15     -5 (VIOLATED)
clkbuf_leaf_63_clk/X                     10     15     -5 (VIOLATED)
clkbuf_leaf_16_clk/X                     10     14     -4 (VIOLATED)
clkbuf_leaf_26_clk/X                     10     14     -4 (VIOLATED)
clkbuf_leaf_46_clk/X                     10     14     -4 (VIOLATED)
clkbuf_leaf_56_clk/X                     10     14     -4 (VIOLATED)
clkbuf_leaf_62_clk/X                     10     14     -4 (VIOLATED)
clkbuf_leaf_8_clk/X                      10     14     -4 (VIOLATED)
clkbuf_leaf_10_clk/X                     10     13     -3 (VIOLATED)
clkbuf_leaf_11_clk/X                     10     13     -3 (VIOLATED)
clkbuf_leaf_27_clk/X                     10     13     -3 (VIOLATED)
clkbuf_leaf_28_clk/X                     10     13     -3 (VIOLATED)
clkbuf_leaf_36_clk/X                     10     13     -3 (VIOLATED)
clkbuf_leaf_45_clk/X                     10     13     -3 (VIOLATED)
clkbuf_leaf_65_clk/X                     10     13     -3 (VIOLATED)
clkbuf_leaf_12_clk/X                     10     12     -2 (VIOLATED)
clkbuf_leaf_15_clk/X                     10     12     -2 (VIOLATED)
clkbuf_leaf_35_clk/X                     10     12     -2 (VIOLATED)
clkbuf_leaf_43_clk/X                     10     12     -2 (VIOLATED)
clkbuf_leaf_24_clk/X                     10     11        (VIOLATED)
clkbuf_leaf_57_clk/X                     10     11        (VIOLATED)
clkbuf_leaf_61_clk/X                     10     11        (VIOLATED)
fanout43/X                               10     11        (VIOLATED)



===========================================================================
report_parasitic_annotation -report_unannotated
============================================================================
Found 66 unannotated drivers.
 _3745__156/LO
 clkload0/X
 clkload1/Y
 clkload10/Y
 clkload11/Y
 clkload12/Y
 clkload13/Y
 clkload14/Y
 clkload15/Y
 clkload16/Y
 clkload17/Y
 clkload18/Y
 clkload19/Y
 clkload2/Y
 clkload20/Y
 clkload21/X
 clkload22/Y
 clkload23/Y
 clkload24/Y
 clkload25/Y
 clkload26/Y
 clkload27/Y
 clkload28/Y
 clkload29/Y
 clkload3/Y
 clkload30/Y
 clkload31/Y
 clkload32/Y
 clkload33/Y
 clkload34/Y
 clkload35/X
 clkload36/Y
 clkload37/Y
 clkload38/Y
 clkload39/Y
 clkload4/Y
 clkload40/Y
 clkload41/Y
 clkload42/Y
 clkload43/Y
 clkload44/Y
 clkload45/Y
 clkload46/Y
 clkload47/Y
 clkload48/Y
 clkload49/Y
 clkload5/Y
 clkload50/Y
 clkload51/Y
 clkload52/Y
 clkload53/Y
 clkload54/Y
 clkload55/Y
 clkload56/Y
 clkload57/Y
 clkload58/Y
 clkload59/Y
 clkload6/X
 clkload60/Y
 clkload61/Y
 clkload62/Y
 clkload63/Y
 clkload64/Y
 clkload7/Y
 clkload8/Y
 clkload9/X
Found 0 partially unannotated drivers.

===========================================================================
max slew violation count 0
max fanout violation count 34
max cap violation count 0
============================================================================

===========================================================================
check_setup -verbose -unconstrained_endpoints -multiple_clock -no_clock -no_input_delay -loops -generated_clocks
===========================================================================
Warning: There is 1 unconstrained endpoint.
  _3745_/D
