Clock: clk
Sources: clk 
Generated: no
Virtual: yes
Propagated: no
Period: 10.000000

===========================================================================
report_clock_properties
============================================================================
Clock                   Period          Waveform
----------------------------------------------------
clk                  10.000000    0.000000  5.000000

===========================================================================
report_clock_latency
============================================================================
Clock clk
rise -> rise
    min     max
0.000000 0.000000 source latency
0.530781         network latency _3373_/CLK
        0.740858 network latency _3433_/CLK
---------------
0.530781 0.740858 latency
        0.210078 skew

fall -> fall
    min     max
0.000000 0.000000 source latency
0.455431         network latency _3373_/CLK
        0.652113 network latency _3433_/CLK
---------------
0.455431 0.652113 latency
        0.196682 skew



===========================================================================
report_clock_min_period
============================================================================
clk period_min = 5.28 fmax = 189.44
