
===========================================================================
 report_power
============================================================================
======================= max_tt_025C_1v80 Corner ===================================

Group                    Internal    Switching      Leakage        Total
                            Power        Power        Power        Power (Watts)
------------------------------------------------------------------------
Sequential           2.684786e-03 1.621574e-05 7.511908e-09 2.701009e-03  54.4%
Combinational        2.955466e-05 2.795123e-05 1.215004e-08 5.751805e-05   1.2%
Clock                1.036075e-03 1.166512e-03 5.817594e-09 2.202593e-03  44.4%
Macro                0.000000e+00 0.000000e+00 0.000000e+00 0.000000e+00   0.0%
Pad                  0.000000e+00 0.000000e+00 0.000000e+00 0.000000e+00   0.0%
------------------------------------------------------------------------
Total                3.750416e-03 1.210679e-03 2.547936e-08 4.961120e-03 100.0%
                            75.6%        24.4%         0.0%

