
Magic 8.3 revision 489 - Compiled on Thu Aug 22 13:45:15 UTC 2024.
Starting magic under Tcl interpreter
Using the terminal as the console.
Using NULL graphics device.
Processing system .magicrc file
Sourcing design .magicrc for technology sky130A ...
2 Magic internal units = 1 Lambda
Input style sky130(): scaleFactor=2, multiplier=2
The following types are not handled by extraction and will be treated as non-electrical types:
    ubm 
Scaled tech values by 2 / 1 to match internal grid scaling
Loading sky130A Device Generator Menu ...
Loading "/nix/store/ss2cw3sxbrwwx9jl0rrppbw4kgcmgi2n-python3-3.11.9-env/lib/python3.11/site-packages/openlane/scripts/magic/wrapper.tcl" from command line.
> lef read /home/hiepthai/.volare/volare/sky130/versions/0fe599b2afb6708d281543108caf8310912f54af/sky130A/libs.ref/sky130_fd_sc_hd/techlef/sky130_fd_sc_hd__nom.tlef
Reading LEF data from file /home/hiepthai/.volare/volare/sky130/versions/0fe599b2afb6708d281543108caf8310912f54af/sky130A/libs.ref/sky130_fd_sc_hd/techlef/sky130_fd_sc_hd__nom.tlef.
This action cannot be undone.
LEF read, Line 82 (Message): Unknown keyword "ANTENNAMODEL" in LEF file; ignoring.
LEF read, Line 83 (Message): Unknown keyword "ANTENNADIFFSIDEAREARATIO" in LEF file; ignoring.
LEF read, Line 116 (Message): Unknown keyword "MINENCLOSEDAREA" in LEF file; ignoring.
LEF read, Line 118 (Message): Unknown keyword "ANTENNAMODEL" in LEF file; ignoring.
LEF read, Line 119 (Message): Unknown keyword "ANTENNADIFFSIDEAREARATIO" in LEF file; ignoring.
LEF read, Line 125 (Message): Unknown keyword "MAXIMUMDENSITY" in LEF file; ignoring.
LEF read, Line 126 (Message): Unknown keyword "DENSITYCHECKWINDOW" in LEF file; ignoring.
LEF read, Line 127 (Message): Unknown keyword "DENSITYCHECKSTEP" in LEF file; ignoring.
LEF read, Line 160 (Message): Unknown keyword "MINENCLOSEDAREA" in LEF file; ignoring.
LEF read, Line 168 (Message): Unknown keyword "ANTENNAMODEL" in LEF file; ignoring.
LEF read, Line 169 (Message): Unknown keyword "ANTENNADIFFSIDEAREARATIO" in LEF file; ignoring.
LEF read, Line 171 (Message): Unknown keyword "MAXIMUMDENSITY" in LEF file; ignoring.
LEF read, Line 172 (Message): Unknown keyword "DENSITYCHECKWINDOW" in LEF file; ignoring.
LEF read, Line 173 (Message): Unknown keyword "DENSITYCHECKSTEP" in LEF file; ignoring.
LEF read, Line 210 (Message): Unknown keyword "ANTENNAMODEL" in LEF file; ignoring.
LEF read, Line 211 (Message): Unknown keyword "ANTENNADIFFSIDEAREARATIO" in LEF file; ignoring.
LEF read, Line 213 (Message): Unknown keyword "MAXIMUMDENSITY" in LEF file; ignoring.
LEF read, Line 214 (Message): Unknown keyword "DENSITYCHECKWINDOW" in LEF file; ignoring.
LEF read, Line 215 (Message): Unknown keyword "DENSITYCHECKSTEP" in LEF file; ignoring.
LEF read, Line 252 (Message): Unknown keyword "ANTENNAMODEL" in LEF file; ignoring.
LEF read, Line 253 (Message): Unknown keyword "ANTENNADIFFSIDEAREARATIO" in LEF file; ignoring.
LEF read, Line 255 (Message): Unknown keyword "MAXIMUMDENSITY" in LEF file; ignoring.
LEF read, Line 256 (Message): Unknown keyword "DENSITYCHECKWINDOW" in LEF file; ignoring.
LEF read, Line 257 (Message): Unknown keyword "DENSITYCHECKSTEP" in LEF file; ignoring.
LEF read, Line 294 (Message): Unknown keyword "ANTENNAMODEL" in LEF file; ignoring.
LEF read, Line 295 (Message): Unknown keyword "ANTENNADIFFSIDEAREARATIO" in LEF file; ignoring.
LEF read: Processed 801 lines.
> lef read /home/hiepthai/.volare/volare/sky130/versions/0fe599b2afb6708d281543108caf8310912f54af/sky130A/libs.ref/sky130_fd_sc_hd/lef/sky130_ef_sc_hd.lef
Reading LEF data from file /home/hiepthai/.volare/volare/sky130/versions/0fe599b2afb6708d281543108caf8310912f54af/sky130A/libs.ref/sky130_fd_sc_hd/lef/sky130_ef_sc_hd.lef.
This action cannot be undone.
LEF read: Processed 278 lines.
> lef read /home/hiepthai/.volare/volare/sky130/versions/0fe599b2afb6708d281543108caf8310912f54af/sky130A/libs.ref/sky130_fd_sc_hd/lef/sky130_fd_sc_hd.lef
Reading LEF data from file /home/hiepthai/.volare/volare/sky130/versions/0fe599b2afb6708d281543108caf8310912f54af/sky130A/libs.ref/sky130_fd_sc_hd/lef/sky130_fd_sc_hd.lef.
This action cannot be undone.
LEF read: Processed 56536 lines.
> def read /home/hiepthai/Desktop/uart-fifo-rfid-asic/rdm6300_asic_fpga_modular/runs/RUN_2026-08-25_11-50-18/52-odb-cellfrequencytables/top_basys3_rdm6300.def -noblockage -labels
Reading DEF data from file /home/hiepthai/Desktop/uart-fifo-rfid-asic/rdm6300_asic_fpga_modular/runs/RUN_2026-08-25_11-50-18/52-odb-cellfrequencytables/top_basys3_rdm6300.def.
This action cannot be undone.
  Processed 4 vias total.
  Processed 7661 subcell instances total.
  Processed 5 pins total.
  Processed 2 special nets total.
  Processed 2983 nets total.
DEF read: Processed 51846 lines.
Moving label "_0004_" from metal2 to via1 in cell top_basys3_rdm6300.
Moving label "_0034_" from metal1 to via1 in cell top_basys3_rdm6300.
Moving label "_0036_" from metal1 to via1 in cell top_basys3_rdm6300.
Moving label "_0039_" from metal1 to via1 in cell top_basys3_rdm6300.
Moving label "_0045_" from metal1 to via1 in cell top_basys3_rdm6300.
Moving label "_0060_" from metal1 to via1 in cell top_basys3_rdm6300.
Moving label "_0064_" from metal1 to via1 in cell top_basys3_rdm6300.
Moving label "_0066_" from metal1 to via1 in cell top_basys3_rdm6300.
Moving label "_0074_" from metal1 to via1 in cell top_basys3_rdm6300.
Moving label "_0083_" from metal1 to viali in cell top_basys3_rdm6300.
Moving label "_0086_" from metal1 to via1 in cell top_basys3_rdm6300.
Moving label "_0088_" from metal1 to via1 in cell top_basys3_rdm6300.
Moving label "_0095_" from metal1 to via1 in cell top_basys3_rdm6300.
Moving label "_0110_" from metal1 to via1 in cell top_basys3_rdm6300.
Moving label "_0119_" from metal1 to via1 in cell top_basys3_rdm6300.
Moving label "_0133_" from metal1 to via1 in cell top_basys3_rdm6300.
Moving label "_0149_" from metal1 to via1 in cell top_basys3_rdm6300.
Moving label "_0150_" from metal1 to via1 in cell top_basys3_rdm6300.
Moving label "_0156_" from metal1 to via1 in cell top_basys3_rdm6300.
Moving label "_0157_" from metal1 to via1 in cell top_basys3_rdm6300.
Moving label "_0161_" from metal1 to via1 in cell top_basys3_rdm6300.
Moving label "_0164_" from metal1 to via1 in cell top_basys3_rdm6300.
Moving label "_0176_" from metal1 to viali in cell top_basys3_rdm6300.
Moving label "_0180_" from metal1 to via1 in cell top_basys3_rdm6300.
Moving label "_0245_" from metal1 to via1 in cell top_basys3_rdm6300.
Moving label "_0246_" from metal1 to via1 in cell top_basys3_rdm6300.
Moving label "_0266_" from metal1 to via1 in cell top_basys3_rdm6300.
Moving label "_0300_" from metal1 to via1 in cell top_basys3_rdm6300.
Moving label "_0498_" from metal1 to via1 in cell top_basys3_rdm6300.
Moving label "_0501_" from metal1 to via1 in cell top_basys3_rdm6300.
Moving label "_0504_" from metal1 to via1 in cell top_basys3_rdm6300.
Moving label "_0564_" from metal1 to via1 in cell top_basys3_rdm6300.
Moving label "_0572_" from metal1 to via1 in cell top_basys3_rdm6300.
Moving label "_0577_" from metal1 to via1 in cell top_basys3_rdm6300.
Moving label "_0584_" from metal1 to via1 in cell top_basys3_rdm6300.
Moving label "_0592_" from metal1 to via1 in cell top_basys3_rdm6300.
Moving label "_0723_" from metal3 to via3 in cell top_basys3_rdm6300.
Moving label "_0743_" from metal2 to via2 in cell top_basys3_rdm6300.
Moving label "_0751_" from metal2 to via2 in cell top_basys3_rdm6300.
Moving label "_0802_" from metal2 to via2 in cell top_basys3_rdm6300.
Moving label "_0828_" from metal1 to via1 in cell top_basys3_rdm6300.
Moving label "_0896_" from metal1 to via1 in cell top_basys3_rdm6300.
Moving label "_0899_" from metal2 to via2 in cell top_basys3_rdm6300.
Moving label "_0913_" from metal2 to via2 in cell top_basys3_rdm6300.
Moving label "_0923_" from metal2 to via2 in cell top_basys3_rdm6300.
Moving label "_1051_" from metal2 to via1 in cell top_basys3_rdm6300.
Moving label "_1060_" from metal1 to via1 in cell top_basys3_rdm6300.
Moving label "_1165_" from metal1 to viali in cell top_basys3_rdm6300.
Moving label "_1215_" from metal2 to via2 in cell top_basys3_rdm6300.
Moving label "_1227_" from metal1 to viali in cell top_basys3_rdm6300.
Moving label "_1299_" from metal1 to via1 in cell top_basys3_rdm6300.
Moving label "_1417_" from metal1 to viali in cell top_basys3_rdm6300.
Moving label "_1498_" from metal2 to via1 in cell top_basys3_rdm6300.
Moving label "_1513_" from metal2 to via1 in cell top_basys3_rdm6300.
Moving label "clknet_leaf_19_clk" from metal2 to via1 in cell top_basys3_rdm6300.
Moving label "net153" from metal1 to viali in cell top_basys3_rdm6300.
Moving label "net155" from metal2 to via1 in cell top_basys3_rdm6300.
Moving label "net160" from metal1 to via1 in cell top_basys3_rdm6300.
Moving label "net20" from metal2 to via2 in cell top_basys3_rdm6300.
Moving label "net483" from metal2 to via1 in cell top_basys3_rdm6300.
Moving label "net486" from metal2 to via1 in cell top_basys3_rdm6300.
Moving label "tag_raw\[1\]" from metal2 to via2 in cell top_basys3_rdm6300.
Moving label "u_parser.u_decoder.ascii_buf\[1\]\[1\]" from metal1 to viali in cell top_basys3_rdm6300.
Moving label "u_parser.u_decoder.ascii_buf\[6\]\[1\]" from metal2 to via2 in cell top_basys3_rdm6300.
Moving label "u_parser.u_decoder.ascii_buf\[8\]\[1\]" from metal2 to via2 in cell top_basys3_rdm6300.
Moving label "u_parser.u_packet_encoder.tag_latched\[17\]" from metal1 to via1 in cell top_basys3_rdm6300.
Moving label "u_parser.u_packet_encoder.tag_latched\[27\]" from metal1 to via1 in cell top_basys3_rdm6300.
Moving label "u_parser.u_packet_encoder.tag_latched\[28\]" from metal1 to via1 in cell top_basys3_rdm6300.
Moving label "u_rx_fifo.mem\[10\]\[3\]" from metal1 to via1 in cell top_basys3_rdm6300.
Moving label "u_rx_fifo.mem\[10\]\[5\]" from metal1 to via1 in cell top_basys3_rdm6300.
Moving label "u_rx_fifo.mem\[12\]\[3\]" from metal1 to via1 in cell top_basys3_rdm6300.
Moving label "u_rx_fifo.mem\[14\]\[3\]" from metal1 to via1 in cell top_basys3_rdm6300.
Moving label "u_rx_fifo.mem\[14\]\[4\]" from metal1 to via1 in cell top_basys3_rdm6300.
Moving label "u_rx_fifo.mem\[2\]\[2\]" from metal1 to via1 in cell top_basys3_rdm6300.
Moving label "u_rx_fifo.mem\[2\]\[5\]" from metal1 to via1 in cell top_basys3_rdm6300.
Moving label "u_rx_fifo.mem\[6\]\[3\]" from metal1 to via1 in cell top_basys3_rdm6300.
Moving label "u_rx_fifo.mem\[6\]\[6\]" from metal1 to via1 in cell top_basys3_rdm6300.
Moving label "u_tx_fifo.mem\[10\]\[0\]" from metal1 to via1 in cell top_basys3_rdm6300.
Moving label "u_tx_fifo.mem\[10\]\[1\]" from metal1 to via1 in cell top_basys3_rdm6300.
Moving label "u_tx_fifo.mem\[10\]\[2\]" from metal1 to via1 in cell top_basys3_rdm6300.
Moving label "u_tx_fifo.mem\[10\]\[3\]" from metal1 to via1 in cell top_basys3_rdm6300.
Moving label "u_tx_fifo.mem\[14\]\[1\]" from metal1 to via1 in cell top_basys3_rdm6300.
Moving label "u_tx_fifo.mem\[14\]\[3\]" from metal1 to via1 in cell top_basys3_rdm6300.
Moving label "u_tx_fifo.mem\[2\]\[2\]" from metal1 to via1 in cell top_basys3_rdm6300.
Moving label "u_tx_fifo.mem\[2\]\[7\]" from metal1 to via1 in cell top_basys3_rdm6300.
Moving label "u_tx_fifo.mem\[6\]\[1\]" from metal1 to via1 in cell top_basys3_rdm6300.
Moving label "u_tx_fifo.mem\[7\]\[7\]" from metal1 to via1 in cell top_basys3_rdm6300.
Moving label "u_uart_rx.low_count\[16\]" from metal2 to via1 in cell top_basys3_rdm6300.
Moving label "u_uart_rx.low_count\[5\]" from metal2 to via1 in cell top_basys3_rdm6300.
Moving label "u_uart_rx.rx_shift\[4\]" from metal2 to via1 in cell top_basys3_rdm6300.
Moving label "u_uart_rx.sample_phase\[4\]" from metal2 to via1 in cell top_basys3_rdm6300.
Moving label "u_uart_rx.vote_ones\[1\]" from metal2 to via1 in cell top_basys3_rdm6300.
Moving label "u_uart_tx.tx_data\[0\]" from metal1 to via1 in cell top_basys3_rdm6300.
Processing top_basys3_rdm6300
Extracting sky130_ef_sc_hd__decap_12 into sky130_ef_sc_hd__decap_12.ext:
Extracting sky130_fd_sc_hd__decap_3 into sky130_fd_sc_hd__decap_3.ext:
Extracting sky130_fd_sc_hd__fill_1 into sky130_fd_sc_hd__fill_1.ext:
Extracting sky130_fd_sc_hd__decap_8 into sky130_fd_sc_hd__decap_8.ext:
Extracting sky130_fd_sc_hd__tapvpwrvgnd_1 into sky130_fd_sc_hd__tapvpwrvgnd_1.ext:
Extracting sky130_fd_sc_hd__mux2_1 into sky130_fd_sc_hd__mux2_1.ext:
Extracting sky130_fd_sc_hd__decap_6 into sky130_fd_sc_hd__decap_6.ext:
Extracting sky130_fd_sc_hd__dlygate4sd3_1 into sky130_fd_sc_hd__dlygate4sd3_1.ext:
Extracting sky130_fd_sc_hd__dfxtp_1 into sky130_fd_sc_hd__dfxtp_1.ext:
Extracting sky130_fd_sc_hd__dfrtp_2 into sky130_fd_sc_hd__dfrtp_2.ext:
Extracting sky130_fd_sc_hd__fill_2 into sky130_fd_sc_hd__fill_2.ext:
Extracting sky130_fd_sc_hd__nand2_1 into sky130_fd_sc_hd__nand2_1.ext:
Extracting sky130_fd_sc_hd__inv_2 into sky130_fd_sc_hd__inv_2.ext:
Extracting sky130_fd_sc_hd__o211a_1 into sky130_fd_sc_hd__o211a_1.ext:
Extracting sky130_fd_sc_hd__buf_2 into sky130_fd_sc_hd__buf_2.ext:
Extracting sky130_fd_sc_hd__and2_1 into sky130_fd_sc_hd__and2_1.ext:
Extracting sky130_fd_sc_hd__o21ai_1 into sky130_fd_sc_hd__o21ai_1.ext:
Extracting sky130_fd_sc_hd__dfrtp_1 into sky130_fd_sc_hd__dfrtp_1.ext:
Extracting sky130_fd_sc_hd__and3_1 into sky130_fd_sc_hd__and3_1.ext:
Extracting sky130_fd_sc_hd__nor2_1 into sky130_fd_sc_hd__nor2_1.ext:
Extracting sky130_fd_sc_hd__decap_4 into sky130_fd_sc_hd__decap_4.ext:
Extracting sky130_fd_sc_hd__clkbuf_4 into sky130_fd_sc_hd__clkbuf_4.ext:
Extracting sky130_fd_sc_hd__a211o_1 into sky130_fd_sc_hd__a211o_1.ext:
Extracting sky130_fd_sc_hd__or3b_1 into sky130_fd_sc_hd__or3b_1.ext:
Extracting sky130_fd_sc_hd__dfstp_1 into sky130_fd_sc_hd__dfstp_1.ext:
Extracting sky130_fd_sc_hd__or2_1 into sky130_fd_sc_hd__or2_1.ext:
Extracting sky130_fd_sc_hd__mux4_1 into sky130_fd_sc_hd__mux4_1.ext:
Extracting sky130_fd_sc_hd__xnor2_1 into sky130_fd_sc_hd__xnor2_1.ext:
Extracting sky130_fd_sc_hd__buf_4 into sky130_fd_sc_hd__buf_4.ext:
Extracting sky130_fd_sc_hd__o21a_1 into sky130_fd_sc_hd__o21a_1.ext:
Extracting sky130_fd_sc_hd__a31o_1 into sky130_fd_sc_hd__a31o_1.ext:
Extracting sky130_fd_sc_hd__o21ba_1 into sky130_fd_sc_hd__o21ba_1.ext:
Extracting sky130_fd_sc_hd__a21o_1 into sky130_fd_sc_hd__a21o_1.ext:
Extracting sky130_fd_sc_hd__clkinv_1 into sky130_fd_sc_hd__clkinv_1.ext:
Extracting sky130_fd_sc_hd__clkinv_4 into sky130_fd_sc_hd__clkinv_4.ext:
Extracting sky130_fd_sc_hd__or3_1 into sky130_fd_sc_hd__or3_1.ext:
Extracting sky130_fd_sc_hd__clkbuf_2 into sky130_fd_sc_hd__clkbuf_2.ext:
Extracting sky130_fd_sc_hd__clkbuf_8 into sky130_fd_sc_hd__clkbuf_8.ext:
Extracting sky130_fd_sc_hd__inv_6 into sky130_fd_sc_hd__inv_6.ext:
Extracting sky130_fd_sc_hd__nor3b_1 into sky130_fd_sc_hd__nor3b_1.ext:
Extracting sky130_fd_sc_hd__and2b_1 into sky130_fd_sc_hd__and2b_1.ext:
Extracting sky130_fd_sc_hd__a211oi_2 into sky130_fd_sc_hd__a211oi_2.ext:
Extracting sky130_fd_sc_hd__a2111o_1 into sky130_fd_sc_hd__a2111o_1.ext:
Extracting sky130_fd_sc_hd__dfrtp_4 into sky130_fd_sc_hd__dfrtp_4.ext:
Extracting sky130_fd_sc_hd__and4_1 into sky130_fd_sc_hd__and4_1.ext:
Extracting sky130_fd_sc_hd__a22o_1 into sky130_fd_sc_hd__a22o_1.ext:
Extracting sky130_fd_sc_hd__xor2_1 into sky130_fd_sc_hd__xor2_1.ext:
Extracting sky130_fd_sc_hd__a21boi_1 into sky130_fd_sc_hd__a21boi_1.ext:
Extracting sky130_fd_sc_hd__or4_1 into sky130_fd_sc_hd__or4_1.ext:
Extracting sky130_fd_sc_hd__bufinv_16 into sky130_fd_sc_hd__bufinv_16.ext:
Extracting sky130_fd_sc_hd__or4b_1 into sky130_fd_sc_hd__or4b_1.ext:
Extracting sky130_fd_sc_hd__nand2_2 into sky130_fd_sc_hd__nand2_2.ext:
Extracting sky130_fd_sc_hd__and2_2 into sky130_fd_sc_hd__and2_2.ext:
Extracting sky130_fd_sc_hd__nand2b_2 into sky130_fd_sc_hd__nand2b_2.ext:
Extracting sky130_fd_sc_hd__nand4_1 into sky130_fd_sc_hd__nand4_1.ext:
Extracting sky130_fd_sc_hd__clkinv_8 into sky130_fd_sc_hd__clkinv_8.ext:
Extracting sky130_fd_sc_hd__xnor2_2 into sky130_fd_sc_hd__xnor2_2.ext:
Extracting sky130_fd_sc_hd__a21oi_1 into sky130_fd_sc_hd__a21oi_1.ext:
Extracting sky130_fd_sc_hd__and4b_4 into sky130_fd_sc_hd__and4b_4.ext:
Extracting sky130_fd_sc_hd__nor2_4 into sky130_fd_sc_hd__nor2_4.ext:
Extracting sky130_fd_sc_hd__clkinv_2 into sky130_fd_sc_hd__clkinv_2.ext:
Extracting sky130_fd_sc_hd__a21bo_1 into sky130_fd_sc_hd__a21bo_1.ext:
Extracting sky130_fd_sc_hd__o22a_1 into sky130_fd_sc_hd__o22a_1.ext:
Extracting sky130_fd_sc_hd__or2_4 into sky130_fd_sc_hd__or2_4.ext:
Extracting sky130_fd_sc_hd__a32o_1 into sky130_fd_sc_hd__a32o_1.ext:
Extracting sky130_fd_sc_hd__nor3b_4 into sky130_fd_sc_hd__nor3b_4.ext:
Extracting sky130_fd_sc_hd__or2_2 into sky130_fd_sc_hd__or2_2.ext:
Extracting sky130_fd_sc_hd__a221o_1 into sky130_fd_sc_hd__a221o_1.ext:
Extracting sky130_fd_sc_hd__or3_4 into sky130_fd_sc_hd__or3_4.ext:
Extracting sky130_fd_sc_hd__or3b_2 into sky130_fd_sc_hd__or3b_2.ext:
Extracting sky130_fd_sc_hd__nand2b_1 into sky130_fd_sc_hd__nand2b_1.ext:
Extracting sky130_fd_sc_hd__o21ai_4 into sky130_fd_sc_hd__o21ai_4.ext:
Extracting sky130_fd_sc_hd__o21ai_2 into sky130_fd_sc_hd__o21ai_2.ext:
Extracting sky130_fd_sc_hd__o32a_1 into sky130_fd_sc_hd__o32a_1.ext:
Extracting sky130_fd_sc_hd__nand3b_4 into sky130_fd_sc_hd__nand3b_4.ext:
Extracting sky130_fd_sc_hd__or3b_4 into sky130_fd_sc_hd__or3b_4.ext:
Extracting sky130_fd_sc_hd__and3_2 into sky130_fd_sc_hd__and3_2.ext:
Extracting sky130_fd_sc_hd__nand3_4 into sky130_fd_sc_hd__nand3_4.ext:
Extracting sky130_fd_sc_hd__clkbuf_16 into sky130_fd_sc_hd__clkbuf_16.ext:
Extracting sky130_fd_sc_hd__o22a_2 into sky130_fd_sc_hd__o22a_2.ext:
Extracting sky130_fd_sc_hd__xor2_2 into sky130_fd_sc_hd__xor2_2.ext:
Extracting sky130_fd_sc_hd__inv_8 into sky130_fd_sc_hd__inv_8.ext:
Extracting sky130_fd_sc_hd__xor2_4 into sky130_fd_sc_hd__xor2_4.ext:
Extracting sky130_fd_sc_hd__xnor2_4 into sky130_fd_sc_hd__xnor2_4.ext:
Extracting sky130_fd_sc_hd__buf_1 into sky130_fd_sc_hd__buf_1.ext:
Extracting sky130_fd_sc_hd__clkinvlp_4 into sky130_fd_sc_hd__clkinvlp_4.ext:
Extracting sky130_fd_sc_hd__and3b_1 into sky130_fd_sc_hd__and3b_1.ext:
Extracting sky130_fd_sc_hd__o311a_1 into sky130_fd_sc_hd__o311a_1.ext:
Extracting sky130_fd_sc_hd__clkbuf_1 into sky130_fd_sc_hd__clkbuf_1.ext:
Extracting sky130_fd_sc_hd__o31a_1 into sky130_fd_sc_hd__o31a_1.ext:
Extracting sky130_fd_sc_hd__conb_1 into sky130_fd_sc_hd__conb_1.ext:
Extracting sky130_fd_sc_hd__a31oi_1 into sky130_fd_sc_hd__a31oi_1.ext:
Extracting sky130_fd_sc_hd__a2111oi_1 into sky130_fd_sc_hd__a2111oi_1.ext:
Extracting sky130_fd_sc_hd__dfxtp_2 into sky130_fd_sc_hd__dfxtp_2.ext:
Extracting sky130_fd_sc_hd__a311o_1 into sky130_fd_sc_hd__a311o_1.ext:
Extracting sky130_fd_sc_hd__o41a_1 into sky130_fd_sc_hd__o41a_1.ext:
Extracting sky130_fd_sc_hd__and4bb_1 into sky130_fd_sc_hd__and4bb_1.ext:
Extracting sky130_fd_sc_hd__diode_2 into sky130_fd_sc_hd__diode_2.ext:
Extracting sky130_fd_sc_hd__nor2_2 into sky130_fd_sc_hd__nor2_2.ext:
Extracting sky130_fd_sc_hd__inv_4 into sky130_fd_sc_hd__inv_4.ext:
Extracting sky130_fd_sc_hd__o221a_1 into sky130_fd_sc_hd__o221a_1.ext:
Extracting sky130_fd_sc_hd__o2111a_1 into sky130_fd_sc_hd__o2111a_1.ext:
Extracting sky130_fd_sc_hd__nand2b_4 into sky130_fd_sc_hd__nand2b_4.ext:
Extracting sky130_fd_sc_hd__a22oi_1 into sky130_fd_sc_hd__a22oi_1.ext:
Extracting sky130_fd_sc_hd__or4bb_1 into sky130_fd_sc_hd__or4bb_1.ext:
Extracting sky130_fd_sc_hd__a22o_2 into sky130_fd_sc_hd__a22o_2.ext:
Extracting sky130_fd_sc_hd__a22oi_4 into sky130_fd_sc_hd__a22oi_4.ext:
Extracting sky130_fd_sc_hd__nor3b_2 into sky130_fd_sc_hd__nor3b_2.ext:
Extracting sky130_fd_sc_hd__nand2_4 into sky130_fd_sc_hd__nand2_4.ext:
Extracting sky130_fd_sc_hd__nor4_1 into sky130_fd_sc_hd__nor4_1.ext:
Extracting sky130_fd_sc_hd__a41o_1 into sky130_fd_sc_hd__a41o_1.ext:
Extracting sky130_fd_sc_hd__o2bb2a_1 into sky130_fd_sc_hd__o2bb2a_1.ext:
Extracting sky130_fd_sc_hd__nor3_1 into sky130_fd_sc_hd__nor3_1.ext:
Extracting sky130_fd_sc_hd__buf_6 into sky130_fd_sc_hd__buf_6.ext:
Extracting sky130_fd_sc_hd__dfstp_2 into sky130_fd_sc_hd__dfstp_2.ext:
Extracting sky130_fd_sc_hd__nand3_1 into sky130_fd_sc_hd__nand3_1.ext:
Extracting sky130_fd_sc_hd__o21a_2 into sky130_fd_sc_hd__o21a_2.ext:
Extracting sky130_fd_sc_hd__inv_12 into sky130_fd_sc_hd__inv_12.ext:
Extracting sky130_fd_sc_hd__and4b_1 into sky130_fd_sc_hd__and4b_1.ext:
Extracting sky130_fd_sc_hd__mux2_2 into sky130_fd_sc_hd__mux2_2.ext:
Extracting sky130_fd_sc_hd__nor3_2 into sky130_fd_sc_hd__nor3_2.ext:
Extracting sky130_fd_sc_hd__o21bai_1 into sky130_fd_sc_hd__o21bai_1.ext:
Extracting sky130_fd_sc_hd__dlymetal6s2s_1 into sky130_fd_sc_hd__dlymetal6s2s_1.ext:
Extracting top_basys3_rdm6300 into top_basys3_rdm6300.ext:
exttospice finished.
Using technology "sky130A", version 1.0.493-0-g0fe599b
