152. Printing statistics.

=== top_basys3_rdm6300 ===

   Number of wires:               3338
   Number of wire bits:           3977
   Number of public wires:          89
   Number of public wire bits:     687
   Number of ports:                  3
   Number of port bits:              3
   Number of memories:               0
   Number of memory bits:            0
   Number of processes:              0
   Number of cells:               3958
     $_ANDNOT_                     727
     $_AND_                        122
     $_MUX_                       1003
     $_NAND_                       167
     $_NOR_                        114
     $_NOT_                        105
     $_ORNOT_                      133
     $_OR_                         634
     $_XNOR_                        78
     $_XOR_                        211
     sky130_fd_sc_hd__dfrtp_2      399
     sky130_fd_sc_hd__dfstp_2        5
     sky130_fd_sc_hd__dfxtp_2      260

   Area for cell type $_NOT_ is unknown!
   Area for cell type $_AND_ is unknown!
   Area for cell type $_NAND_ is unknown!
   Area for cell type $_OR_ is unknown!
   Area for cell type $_NOR_ is unknown!
   Area for cell type $_XOR_ is unknown!
   Area for cell type $_XNOR_ is unknown!
   Area for cell type $_ANDNOT_ is unknown!
   Area for cell type $_ORNOT_ is unknown!
   Area for cell type $_MUX_ is unknown!

   Chip area for module '\top_basys3_rdm6300': 16145.484800
     of which used for sequential elements: 16145.484800 (100.00%)

