160. Printing statistics.

=== top_basys3_rdm6300 ===

   Number of wires:               2254
   Number of wire bits:           2254
   Number of public wires:         666
   Number of public wire bits:     666
   Number of ports:                  3
   Number of port bits:              3
   Number of memories:               0
   Number of memory bits:            0
   Number of processes:              0
   Number of cells:               2252
     sky130_fd_sc_hd__a2111o_2       5
     sky130_fd_sc_hd__a2111oi_2      4
     sky130_fd_sc_hd__a211o_2       17
     sky130_fd_sc_hd__a211oi_2       1
     sky130_fd_sc_hd__a21bo_2        4
     sky130_fd_sc_hd__a21boi_2       6
     sky130_fd_sc_hd__a21o_2        28
     sky130_fd_sc_hd__a21oi_2       28
     sky130_fd_sc_hd__a221o_2       10
     sky130_fd_sc_hd__a22o_2        30
     sky130_fd_sc_hd__a22oi_2        2
     sky130_fd_sc_hd__a311o_2        1
     sky130_fd_sc_hd__a31o_2        35
     sky130_fd_sc_hd__a31oi_2       11
     sky130_fd_sc_hd__a32o_2         5
     sky130_fd_sc_hd__a41o_2         3
     sky130_fd_sc_hd__and2_2        72
     sky130_fd_sc_hd__and2b_2        5
     sky130_fd_sc_hd__and3_2        50
     sky130_fd_sc_hd__and3b_2        4
     sky130_fd_sc_hd__and4_2        18
     sky130_fd_sc_hd__and4b_2        3
     sky130_fd_sc_hd__and4bb_2       1
     sky130_fd_sc_hd__conb_1         1
     sky130_fd_sc_hd__dfrtp_2      399
     sky130_fd_sc_hd__dfstp_2        5
     sky130_fd_sc_hd__dfxtp_2      260
     sky130_fd_sc_hd__inv_2         44
     sky130_fd_sc_hd__mux2_1       532
     sky130_fd_sc_hd__mux4_2        66
     sky130_fd_sc_hd__nand2_2       55
     sky130_fd_sc_hd__nand2b_2      21
     sky130_fd_sc_hd__nand3_2        9
     sky130_fd_sc_hd__nand3b_2       4
     sky130_fd_sc_hd__nand4_2        2
     sky130_fd_sc_hd__nor2_2        91
     sky130_fd_sc_hd__nor3_2        11
     sky130_fd_sc_hd__nor3b_2        4
     sky130_fd_sc_hd__nor4_2         2
     sky130_fd_sc_hd__o2111a_2       2
     sky130_fd_sc_hd__o211a_2        9
     sky130_fd_sc_hd__o21a_2        57
     sky130_fd_sc_hd__o21ai_2       34
     sky130_fd_sc_hd__o21ba_2       10
     sky130_fd_sc_hd__o21bai_2       1
     sky130_fd_sc_hd__o221a_2        1
     sky130_fd_sc_hd__o22a_2         4
     sky130_fd_sc_hd__o2bb2a_2       1
     sky130_fd_sc_hd__o311a_2        2
     sky130_fd_sc_hd__o31a_2         8
     sky130_fd_sc_hd__o32a_2         4
     sky130_fd_sc_hd__o41a_2         9
     sky130_fd_sc_hd__or2_2         62
     sky130_fd_sc_hd__or3_2          8
     sky130_fd_sc_hd__or3b_2        14
     sky130_fd_sc_hd__or4_2          9
     sky130_fd_sc_hd__or4b_2        16
     sky130_fd_sc_hd__or4bb_2        1
     sky130_fd_sc_hd__xnor2_2      117
     sky130_fd_sc_hd__xor2_2        34

   Chip area for module '\top_basys3_rdm6300': 32971.622400
     of which used for sequential elements: 16145.484800 (48.97%)

