Clock: clk
Sources: clk 
Generated: no
Virtual: yes
Propagated: no
Period: 10.000000

===========================================================================
report_clock_properties
============================================================================
Clock                   Period          Waveform
----------------------------------------------------
clk                  10.000000    0.000000  5.000000

===========================================================================
report_clock_latency
============================================================================
Clock clk
rise -> rise
    min     max
0.000000 0.000000 source latency
0.455479         network latency _3373_/CLK
        0.641872 network latency _3773_/CLK
---------------
0.455479 0.641872 latency
        0.186393 skew

fall -> fall
    min     max
0.000000 0.000000 source latency
0.404139         network latency _3373_/CLK
        0.582263 network latency _3773_/CLK
---------------
0.404139 0.582263 latency
        0.178124 skew



===========================================================================
report_clock_min_period
============================================================================
clk period_min = 4.94 fmax = 202.42
